Copyright 1986-2019 Xilinx, Inc. All Rights Reserved.
---------------------------------------------------------------------------------------------------------------------------------
| Tool Version      : Vivado v.2019.1 (win64) Build 2552052 Fri May 24 14:49:42 MDT 2019
| Date              : Fri Jul  3 18:44:49 2026
| Host              : element running 64-bit major release  (build 9200)
| Command           : report_timing_summary -file <repo>/hw/results/funccode_w4a4/impl_alt/timing_route.rpt
| Design            : kan_top
| Device            : xczu7ev-ffvc1156
| Speed File        : -2  PRODUCTION 1.25 05-09-2019
| Temperature Grade : E
---------------------------------------------------------------------------------------------------------------------------------

Timing Summary Report

------------------------------------------------------------------------------------------------
| Timer Settings
| --------------
------------------------------------------------------------------------------------------------

  Enable Multi Corner Analysis               :  Yes
  Enable Pessimism Removal                   :  Yes
  Pessimism Removal Resolution               :  Nearest Common Node
  Enable Input Delay Default Clock           :  No
  Enable Preset / Clear Arcs                 :  No
  Disable Flight Delays                      :  No
  Ignore I/O Paths                           :  No
  Timing Early Launch at Borrowing Latches   :  No
  Borrow Time for Max Delay Exceptions       :  Yes

  Corner  Analyze    Analyze    
  Name    Max Paths  Min Paths  
  ------  ---------  ---------  
  Slow    Yes        Yes        
  Fast    Yes        Yes        



check_timing report

Table of Contents
-----------------
1. checking no_clock
2. checking constant_clock
3. checking pulse_width_clock
4. checking unconstrained_internal_endpoints
5. checking no_input_delay
6. checking no_output_delay
7. checking multiple_clock
8. checking generated_clocks
9. checking loops
10. checking partial_input_delay
11. checking partial_output_delay
12. checking latch_loops

1. checking no_clock
--------------------
 There are 0 register/latch pins with no clock.


2. checking constant_clock
--------------------------
 There are 0 register/latch pins with constant_clock.


3. checking pulse_width_clock
-----------------------------
 There are 0 register/latch pins which need pulse_width check


4. checking unconstrained_internal_endpoints
--------------------------------------------
 There are 0 pins that are not constrained for maximum delay.

 There are 0 pins that are not constrained for maximum delay due to constant clock.


5. checking no_input_delay
--------------------------
 There are 6 input ports with no input delay specified. (HIGH)

 There are 0 input ports with no input delay but user has a false path constraint.


6. checking no_output_delay
---------------------------
 There are 52 ports with no output delay specified. (HIGH)

 There are 0 ports with no output delay but user has a false path constraint

 There are 0 ports with no output delay but with a timing clock defined on it or propagating through it


7. checking multiple_clock
--------------------------
 There are 0 register/latch pins with multiple clocks.


8. checking generated_clocks
----------------------------
 There are 0 generated clocks that are not connected to a clock source.


9. checking loops
-----------------
 There are 0 combinational loops in the design.


10. checking partial_input_delay
--------------------------------
 There are 0 input ports with partial input delay specified.


11. checking partial_output_delay
---------------------------------
 There are 0 ports with partial output delay specified.


12. checking latch_loops
------------------------
 There are 0 combinational latch loops in the design through latch input



------------------------------------------------------------------------------------------------
| Design Timing Summary
| ---------------------
------------------------------------------------------------------------------------------------

    WNS(ns)      TNS(ns)  TNS Failing Endpoints  TNS Total Endpoints      WHS(ns)      THS(ns)  THS Failing Endpoints  THS Total Endpoints     WPWS(ns)     TPWS(ns)  TPWS Failing Endpoints  TPWS Total Endpoints  
    -------      -------  ---------------------  -------------------      -------      -------  ---------------------  -------------------     --------     --------  ----------------------  --------------------  
      0.467        0.000                      0                15506        0.048        0.000                      0                15506        2.793        0.000                       0                  4968  


All user specified timing constraints are met.


------------------------------------------------------------------------------------------------
| Clock Summary
| -------------
------------------------------------------------------------------------------------------------

Clock   Waveform(ns)         Period(ns)      Frequency(MHz)
-----   ------------         ----------      --------------
ap_clk  {0.000 3.335}        6.670           149.925         


------------------------------------------------------------------------------------------------
| Intra Clock Table
| -----------------
------------------------------------------------------------------------------------------------

Clock             WNS(ns)      TNS(ns)  TNS Failing Endpoints  TNS Total Endpoints      WHS(ns)      THS(ns)  THS Failing Endpoints  THS Total Endpoints     WPWS(ns)     TPWS(ns)  TPWS Failing Endpoints  TPWS Total Endpoints  
-----             -------      -------  ---------------------  -------------------      -------      -------  ---------------------  -------------------     --------     --------  ----------------------  --------------------  
ap_clk              0.467        0.000                      0                15506        0.048        0.000                      0                15506        2.793        0.000                       0                  4968  


------------------------------------------------------------------------------------------------
| Inter Clock Table
| -----------------
------------------------------------------------------------------------------------------------

From Clock    To Clock          WNS(ns)      TNS(ns)  TNS Failing Endpoints  TNS Total Endpoints      WHS(ns)      THS(ns)  THS Failing Endpoints  THS Total Endpoints  
----------    --------          -------      -------  ---------------------  -------------------      -------      -------  ---------------------  -------------------  


------------------------------------------------------------------------------------------------
| Other Path Groups Table
| -----------------------
------------------------------------------------------------------------------------------------

Path Group    From Clock    To Clock          WNS(ns)      TNS(ns)  TNS Failing Endpoints  TNS Total Endpoints      WHS(ns)      THS(ns)  THS Failing Endpoints  THS Total Endpoints  
----------    ----------    --------          -------      -------  ---------------------  -------------------      -------      -------  ---------------------  -------------------  


------------------------------------------------------------------------------------------------
| Timing Details
| --------------
------------------------------------------------------------------------------------------------


---------------------------------------------------------------------------------------------------
From Clock:  ap_clk
  To Clock:  ap_clk

Setup :            0  Failing Endpoints,  Worst Slack        0.467ns,  Total Violation        0.000ns
Hold  :            0  Failing Endpoints,  Worst Slack        0.048ns,  Total Violation        0.000ns
PW    :            0  Failing Endpoints,  Worst Slack        2.793ns,  Total Violation        0.000ns
---------------------------------------------------------------------------------------------------


Max Delay Paths
--------------------------------------------------------------------------------------
Slack (MET) :             0.467ns  (required time - arrival time)
  Source:                 grp_layer0_fu_94/o_3_reg_7616_reg[1]/C
                            (rising edge-triggered cell FDRE clocked by ap_clk  {rise@0.000ns fall@3.335ns period=6.670ns})
  Destination:            grp_layer0_fu_94/tmp_5_reg_7626_reg[11]/D
                            (rising edge-triggered cell FDRE clocked by ap_clk  {rise@0.000ns fall@3.335ns period=6.670ns})
  Path Group:             ap_clk
  Path Type:              Setup (Max at Slow Process Corner)
  Requirement:            6.670ns  (ap_clk rise@6.670ns - ap_clk rise@0.000ns)
  Data Path Delay:        6.185ns  (logic 3.415ns (55.214%)  route 2.770ns (44.786%))
  Logic Levels:           20  (CARRY8=5 DSP_A_B_DATA=1 DSP_ALU=2 DSP_M_DATA=1 DSP_MULTIPLIER=1 DSP_OUTPUT=2 DSP_PREADD_DATA=1 LUT2=1 LUT4=1 LUT5=1 LUT6=2 MUXF7=1 MUXF8=1)
  Clock Path Skew:        -0.008ns (DCD - SCD + CPR)
    Destination Clock Delay (DCD):    0.020ns = ( 6.690 - 6.670 ) 
    Source Clock Delay      (SCD):    0.028ns
    Clock Pessimism Removal (CPR):    0.000ns
  Clock Uncertainty:      0.035ns  ((TSJ^2 + TIJ^2)^1/2 + DJ) / 2 + PE
    Total System Jitter     (TSJ):    0.071ns
    Total Input Jitter      (TIJ):    0.000ns
    Discrete Jitter          (DJ):    0.000ns
    Phase Error              (PE):    0.000ns

    Location             Delay type                Incr(ns)  Path(ns)    Netlist Resource(s)
  -------------------------------------------------------------------    -------------------
                         (clock ap_clk rise edge)     0.000     0.000 r  
                                                      0.000     0.000 r  ap_clk (IN)
                         net (fo=5043, unset)         0.028     0.028    grp_layer0_fu_94/ap_clk
    SLICE_X68Y58         FDRE                                         r  grp_layer0_fu_94/o_3_reg_7616_reg[1]/C
  -------------------------------------------------------------------    -------------------
    SLICE_X68Y58         FDRE (Prop_DFF_SLICEL_C_Q)
                                                      0.079     0.107 r  grp_layer0_fu_94/o_3_reg_7616_reg[1]/Q
                         net (fo=10, routed)          0.203     0.310    grp_layer0_fu_94/o_3_reg_7616_reg[1]
    SLICE_X68Y55         LUT5 (Prop_D6LUT_SLICEL_I0_O)
                                                      0.099     0.409 r  grp_layer0_fu_94/o_3_reg_7616[2]_i_3/O
                         net (fo=112, routed)         0.926     1.335    grp_layer0_fu_94/o_3_reg_7616[2]_i_3_n_1
    SLICE_X84Y5          LUT6 (Prop_A6LUT_SLICEM_I2_O)
                                                      0.100     1.435 f  grp_layer0_fu_94/mul_ln68_fu_4922_p2_i_267/O
                         net (fo=1, routed)           0.011     1.446    grp_layer0_fu_94/kan_top_mux_646_3mb6_U3/mux_2_7[14]
    SLICE_X84Y5          MUXF7 (Prop_F7MUX_AB_SLICEM_I1_O)
                                                      0.058     1.504 f  grp_layer0_fu_94/mul_ln68_fu_4922_p2_i_108/O
                         net (fo=1, routed)           0.000     1.504    grp_layer0_fu_94/kan_top_mux_646_3mb6_U3/mux_3_3[14]
    SLICE_X84Y5          MUXF8 (Prop_F8MUX_BOT_SLICEM_I1_O)
                                                      0.028     1.532 f  grp_layer0_fu_94/mul_ln68_fu_4922_p2_i_28/O
                         net (fo=1, routed)           0.325     1.857    grp_layer0_fu_94/kan_top_mux_646_3mb6_U3/mux_4_1[14]
    SLICE_X80Y8          LUT6 (Prop_F6LUT_SLICEL_I3_O)
                                                      0.097     1.954 f  grp_layer0_fu_94/mul_ln68_fu_4922_p2_i_3/O
                         net (fo=2, routed)           0.463     2.417    grp_layer0_fu_94/mul_ln68_fu_4922_p2/A[14]
    DSP48E2_X7Y8         DSP_A_B_DATA (Prop_DSP_A_B_DATA_DSP48E2_A[14]_A2_DATA[14])
                                                      0.192     2.609 r  grp_layer0_fu_94/mul_ln68_fu_4922_p2/DSP_A_B_DATA_INST/A2_DATA[14]
                         net (fo=1, routed)           0.000     2.609    grp_layer0_fu_94/mul_ln68_fu_4922_p2/DSP_A_B_DATA.A2_DATA<14>
    DSP48E2_X7Y8         DSP_PREADD_DATA (Prop_DSP_PREADD_DATA_DSP48E2_A2_DATA[14]_A2A1[14])
                                                      0.076     2.685 r  grp_layer0_fu_94/mul_ln68_fu_4922_p2/DSP_PREADD_DATA_INST/A2A1[14]
                         net (fo=1, routed)           0.000     2.685    grp_layer0_fu_94/mul_ln68_fu_4922_p2/DSP_PREADD_DATA.A2A1<14>
    DSP48E2_X7Y8         DSP_MULTIPLIER (Prop_DSP_MULTIPLIER_DSP48E2_A2A1[14]_U[34])
                                                      0.505     3.190 f  grp_layer0_fu_94/mul_ln68_fu_4922_p2/DSP_MULTIPLIER_INST/U[34]
                         net (fo=1, routed)           0.000     3.190    grp_layer0_fu_94/mul_ln68_fu_4922_p2/DSP_MULTIPLIER.U<34>
    DSP48E2_X7Y8         DSP_M_DATA (Prop_DSP_M_DATA_DSP48E2_U[34]_U_DATA[34])
                                                      0.047     3.237 r  grp_layer0_fu_94/mul_ln68_fu_4922_p2/DSP_M_DATA_INST/U_DATA[34]
                         net (fo=1, routed)           0.000     3.237    grp_layer0_fu_94/mul_ln68_fu_4922_p2/DSP_M_DATA.U_DATA<34>
    DSP48E2_X7Y8         DSP_ALU (Prop_DSP_ALU_DSP48E2_U_DATA[34]_ALU_OUT[47])
                                                      0.585     3.822 f  grp_layer0_fu_94/mul_ln68_fu_4922_p2/DSP_ALU_INST/ALU_OUT[47]
                         net (fo=1, routed)           0.000     3.822    grp_layer0_fu_94/mul_ln68_fu_4922_p2/DSP_ALU.ALU_OUT<47>
    DSP48E2_X7Y8         DSP_OUTPUT (Prop_DSP_OUTPUT_DSP48E2_ALU_OUT[47]_PCOUT[47])
                                                      0.122     3.944 r  grp_layer0_fu_94/mul_ln68_fu_4922_p2/DSP_OUTPUT_INST/PCOUT[47]
                         net (fo=1, routed)           0.014     3.958    grp_layer0_fu_94/mul_ln68_fu_4922_p2__0/PCIN[47]
    DSP48E2_X7Y9         DSP_ALU (Prop_DSP_ALU_DSP48E2_PCIN[47]_ALU_OUT[0])
                                                      0.546     4.504 f  grp_layer0_fu_94/mul_ln68_fu_4922_p2__0/DSP_ALU_INST/ALU_OUT[0]
                         net (fo=1, routed)           0.000     4.504    grp_layer0_fu_94/mul_ln68_fu_4922_p2__0/DSP_ALU.ALU_OUT<0>
    DSP48E2_X7Y9         DSP_OUTPUT (Prop_DSP_OUTPUT_DSP48E2_ALU_OUT[0]_P[0])
                                                      0.109     4.613 r  grp_layer0_fu_94/mul_ln68_fu_4922_p2__0/DSP_OUTPUT_INST/P[0]
                         net (fo=1, routed)           0.463     5.076    grp_layer0_fu_94/mul_ln68_fu_4922_p2__0_n_106
    SLICE_X71Y45         LUT2 (Prop_C6LUT_SLICEM_I1_O)
                                                      0.098     5.174 r  grp_layer0_fu_94/trunc_ln3_reg_7621[0]_i_55/O
                         net (fo=1, routed)           0.021     5.195    grp_layer0_fu_94/trunc_ln3_reg_7621[0]_i_55_n_1
    SLICE_X71Y45         CARRY8 (Prop_CARRY8_SLICEM_S[2]_CO[7])
                                                      0.161     5.356 r  grp_layer0_fu_94/trunc_ln3_reg_7621_reg[0]_i_14/CO[7]
                         net (fo=1, routed)           0.026     5.382    grp_layer0_fu_94/trunc_ln3_reg_7621_reg[0]_i_14_n_1
    SLICE_X71Y46         CARRY8 (Prop_CARRY8_SLICEM_CI_CO[7])
                                                      0.015     5.397 r  grp_layer0_fu_94/trunc_ln3_reg_7621_reg[0]_i_4/CO[7]
                         net (fo=1, routed)           0.026     5.423    grp_layer0_fu_94/trunc_ln3_reg_7621_reg[0]_i_4_n_1
    SLICE_X71Y47         CARRY8 (Prop_CARRY8_SLICEM_CI_O[3])
                                                      0.082     5.505 r  grp_layer0_fu_94/trunc_ln3_reg_7621_reg[2]_i_20/O[3]
                         net (fo=3, routed)           0.234     5.739    grp_layer0_fu_94/mul_ln68_fu_4922_p2__3[51]
    SLICE_X72Y50         LUT4 (Prop_E6LUT_SLICEL_I0_O)
                                                      0.147     5.886 r  grp_layer0_fu_94/trunc_ln3_reg_7621[2]_i_14/O
                         net (fo=1, routed)           0.007     5.893    grp_layer0_fu_94/trunc_ln3_reg_7621[2]_i_14_n_1
    SLICE_X72Y50         CARRY8 (Prop_CARRY8_SLICEL_S[4]_CO[7])
                                                      0.153     6.046 r  grp_layer0_fu_94/trunc_ln3_reg_7621_reg[2]_i_2/CO[7]
                         net (fo=1, routed)           0.026     6.072    grp_layer0_fu_94/trunc_ln3_reg_7621_reg[2]_i_2_n_1
    SLICE_X72Y51         CARRY8 (Prop_CARRY8_SLICEL_CI_O[5])
                                                      0.116     6.188 r  grp_layer0_fu_94/tmp_5_reg_7626_reg[6]_i_1/O[5]
                         net (fo=1, routed)           0.025     6.213    grp_layer0_fu_94/p_0_in__0[11]
    SLICE_X72Y51         FDRE                                         r  grp_layer0_fu_94/tmp_5_reg_7626_reg[11]/D
  -------------------------------------------------------------------    -------------------

                         (clock ap_clk rise edge)     6.670     6.670 r  
                                                      0.000     6.670 r  ap_clk (IN)
                         net (fo=5043, unset)         0.020     6.690    grp_layer0_fu_94/ap_clk
    SLICE_X72Y51         FDRE                                         r  grp_layer0_fu_94/tmp_5_reg_7626_reg[11]/C
                         clock pessimism              0.000     6.690    
                         clock uncertainty           -0.035     6.655    
    SLICE_X72Y51         FDRE (Setup_FFF_SLICEL_C_D)
                                                      0.025     6.680    grp_layer0_fu_94/tmp_5_reg_7626_reg[11]
  -------------------------------------------------------------------
                         required time                          6.680    
                         arrival time                          -6.213    
  -------------------------------------------------------------------
                         slack                                  0.467    





Min Delay Paths
--------------------------------------------------------------------------------------
Slack (MET) :             0.048ns  (arrival time - required time)
  Source:                 grp_layer0_fu_94/o3_0_reg_1597_reg[4]/C
                            (rising edge-triggered cell FDRE clocked by ap_clk  {rise@0.000ns fall@3.335ns period=6.670ns})
  Destination:            grp_layer0_fu_94/o3_0_reg_1597_reg[4]/D
                            (rising edge-triggered cell FDRE clocked by ap_clk  {rise@0.000ns fall@3.335ns period=6.670ns})
  Path Group:             ap_clk
  Path Type:              Hold (Min at Fast Process Corner)
  Requirement:            0.000ns  (ap_clk rise@0.000ns - ap_clk rise@0.000ns)
  Data Path Delay:        0.100ns  (logic 0.053ns (53.000%)  route 0.047ns (47.000%))
  Logic Levels:           1  (LUT6=1)
  Clock Path Skew:        0.006ns (DCD - SCD - CPR)
    Destination Clock Delay (DCD):    0.018ns
    Source Clock Delay      (SCD):    0.012ns
    Clock Pessimism Removal (CPR):    -0.000ns

    Location             Delay type                Incr(ns)  Path(ns)    Netlist Resource(s)
  -------------------------------------------------------------------    -------------------
                         (clock ap_clk rise edge)     0.000     0.000 r  
                                                      0.000     0.000 r  ap_clk (IN)
                         net (fo=5043, unset)         0.012     0.012    grp_layer0_fu_94/ap_clk
    SLICE_X68Y52         FDRE                                         r  grp_layer0_fu_94/o3_0_reg_1597_reg[4]/C
  -------------------------------------------------------------------    -------------------
    SLICE_X68Y52         FDRE (Prop_CFF_SLICEL_C_Q)
                                                      0.039     0.051 r  grp_layer0_fu_94/o3_0_reg_1597_reg[4]/Q
                         net (fo=6, routed)           0.030     0.081    grp_layer0_fu_94/o3_0_reg_1597[4]
    SLICE_X68Y52         LUT6 (Prop_C6LUT_SLICEL_I5_O)
                                                      0.014     0.095 r  grp_layer0_fu_94/o3_0_reg_1597[4]_i_1/O
                         net (fo=1, routed)           0.017     0.112    grp_layer0_fu_94/o_4_fu_3626_p2[4]
    SLICE_X68Y52         FDRE                                         r  grp_layer0_fu_94/o3_0_reg_1597_reg[4]/D
  -------------------------------------------------------------------    -------------------

                         (clock ap_clk rise edge)     0.000     0.000 r  
                                                      0.000     0.000 r  ap_clk (IN)
                         net (fo=5043, unset)         0.018     0.018    grp_layer0_fu_94/ap_clk
    SLICE_X68Y52         FDRE                                         r  grp_layer0_fu_94/o3_0_reg_1597_reg[4]/C
                         clock pessimism              0.000     0.018    
    SLICE_X68Y52         FDRE (Hold_CFF_SLICEL_C_D)
                                                      0.046     0.064    grp_layer0_fu_94/o3_0_reg_1597_reg[4]
  -------------------------------------------------------------------
                         required time                         -0.064    
                         arrival time                           0.112    
  -------------------------------------------------------------------
                         slack                                  0.048    





Pulse Width Checks
--------------------------------------------------------------------------------------
Clock Name:         ap_clk
Waveform(ns):       { 0.000 3.335 }
Period(ns):         6.670
Sources:            { ap_clk }

Check Type        Corner  Lib Pin             Reference Pin  Required(ns)  Actual(ns)  Slack(ns)  Location     Pin
Min Period        n/a     RAMB36E2/CLKARDCLK  n/a            1.355         6.670       5.315      RAMB36_X1Y7  grp_layer0_fu_94/q0_reg_1_1__0/CLKARDCLK
Low Pulse Width   Slow    RAMB36E2/CLKARDCLK  n/a            0.542         3.335       2.793      RAMB36_X1Y7  grp_layer0_fu_94/q0_reg_1_1__0/CLKARDCLK
High Pulse Width  Slow    RAMB36E2/CLKARDCLK  n/a            0.542         3.335       2.793      RAMB36_X1Y7  grp_layer0_fu_94/q0_reg_1_1__0/CLKARDCLK



