

================================================================
== Vivado HLS Report for 'exp_generic_double_s'
================================================================
* Date:           Thu Jul  9 19:47:09 2026

* Version:        2019.1 (Build 2552052 on Fri May 24 15:28:33 MDT 2019)
* Project:        gram_fp32
* Solution:       sol1
* Product family: zynquplus
* Target device:  xczu9eg-ffvb1156-2-e


================================================================
== Performance Estimates
================================================================
+ Timing (ns): 
    * Summary: 
    +--------+-------+----------+------------+
    |  Clock | Target| Estimated| Uncertainty|
    +--------+-------+----------+------------+
    |ap_clk  |   6.67|     5.756|        0.83|
    +--------+-------+----------+------------+

+ Latency (clock cycles): 
    * Summary: 
    +-----+-----+-----+-----+----------+
    |  Latency  |  Interval | Pipeline |
    | min | max | min | max |   Type   |
    +-----+-----+-----+-----+----------+
    |    8|    8|    1|    1| function |
    +-----+-----+-----+-----+----------+

    + Detail: 
        * Instance: 
        N/A

        * Loop: 
        N/A



================================================================
== Utilization Estimates
================================================================
* Summary: 
+-----------------+---------+-------+--------+--------+-----+
|       Name      | BRAM_18K| DSP48E|   FF   |   LUT  | URAM|
+-----------------+---------+-------+--------+--------+-----+
|DSP              |        -|      1|       -|       -|    -|
|Expression       |        -|     23|       0|    2555|    -|
|FIFO             |        -|      -|       -|       -|    -|
|Instance         |        -|      -|       -|       -|    -|
|Memory           |        5|      -|       0|       0|    -|
|Multiplexer      |        -|      -|       -|       -|    -|
|Register         |        2|      -|    1277|     257|    -|
+-----------------+---------+-------+--------+--------+-----+
|Total            |        7|     24|    1277|    2812|    0|
+-----------------+---------+-------+--------+--------+-----+
|Available        |     1824|   2520|  548160|  274080|    0|
+-----------------+---------+-------+--------+--------+-----+
|Utilization (%)  |    ~0   |   ~0  |   ~0   |       1|    0|
+-----------------+---------+-------+--------+--------+-----+

+ Detail: 
    * Instance: 
    N/A

    * DSP48E: 
    +-------------------------+----------------------+--------------+
    |         Instance        |        Module        |  Expression  |
    +-------------------------+----------------------+--------------+
    |kan_top_mac_muladeOg_U1  |kan_top_mac_muladeOg  | i0 * i1 + i2 |
    +-------------------------+----------------------+--------------+

    * Memory: 
    +------------------------+----------------------+---------+---+----+-----+------+-----+------+-------------+
    |         Memory         |        Module        | BRAM_18K| FF| LUT| URAM| Words| Bits| Banks| W*Bits*Banks|
    +------------------------+----------------------+---------+---+----+-----+------+-----+------+-------------+
    |table_exp_Z1_array_s_U  |exp_generic_doublbkb  |        2|  0|   0|    0|   256|   58|     1|        14848|
    |table_f_Z3_array_V_U    |exp_generic_doublcud  |        1|  0|   0|    0|   256|   26|     1|         6656|
    |table_f_Z2_array_V_U    |exp_generic_doubldEe  |        2|  0|   0|    0|   256|   42|     1|        10752|
    +------------------------+----------------------+---------+---+----+-----+------+-----+------+-------------+
    |Total                   |                      |        5|  0|   0|    0|   768|  126|     3|        32256|
    +------------------------+----------------------+---------+---+----+-----+------+-----+------+-------------+

    * FIFO: 
    N/A

    * Expression: 
    +---------------------------+----------+-------+---+-----+------------+------------+
    |       Variable Name       | Operation| DSP48E| FF| LUT | Bitwidth P0| Bitwidth P1|
    +---------------------------+----------+-------+---+-----+------------+------------+
    |r_V_15_fu_557_p2           |     *    |      4|  0|   72|          71|          13|
    |r_V_16_fu_693_p2           |     *    |      4|  0|   22|          36|          43|
    |r_V_17_fu_757_p2           |     *    |      6|  0|   20|          44|          49|
    |r_V_18_fu_833_p2           |     *    |      9|  0|   21|          50|          50|
    |add_ln1146_1_fu_914_p2     |     +    |      0|  0|  114|         107|         107|
    |add_ln657_2_fu_777_p2      |     +    |      0|  0|   51|          44|          44|
    |add_ln657_fu_713_p2        |     +    |      0|  0|   43|          36|          36|
    |add_ln805_fu_511_p2        |     +    |      0|  0|   20|           1|          13|
    |exp_Z1P_m_1_l_V_fu_799_p2  |     +    |      0|  0|   59|          52|          52|
    |exp_Z2P_m_1_V_fu_722_p2    |     +    |      0|  0|   51|          44|          44|
    |m_exp_fu_321_p2            |     +    |      0|  0|   19|          11|          12|
    |out_exp_V_fu_1014_p2       |     +    |      0|  0|   18|          10|          11|
    |r_exp_V_fu_928_p2          |     +    |      0|  0|   20|           2|          13|
    |ret_V_4_fu_664_p2          |     +    |      0|  0|   43|          36|          36|
    |ret_V_6_fu_876_p2          |     +    |      0|  0|   66|           5|          59|
    |ret_V_7_fu_908_p2          |     +    |      0|  0|  115|         108|         108|
    |e_frac_V_fu_335_p2         |     -    |      0|  0|   61|           1|          54|
    |ret_V_3_fu_587_p2          |     -    |      0|  0|   80|          73|          73|
    |sub_ln1311_fu_357_p2       |     -    |      0|  0|   18|          10|          11|
    |and_ln18_fu_311_p2         |    and   |      0|  0|    2|           1|           1|
    |and_ln209_fu_299_p2        |    and   |      0|  0|    2|           1|           1|
    |and_ln338_1_fu_1090_p2     |    and   |      0|  0|    2|           1|           1|
    |and_ln338_fu_1040_p2       |    and   |      0|  0|    2|           1|           1|
    |and_ln849_fu_1050_p2       |    and   |      0|  0|    2|           1|           1|
    |ap_block_pp0_stage0_11001  |    and   |      0|  0|    2|           1|           1|
    |sel_tmp16_fu_1118_p2       |    and   |      0|  0|    2|           1|           1|
    |sel_tmp5_fu_1062_p2        |    and   |      0|  0|    2|           1|           1|
    |tmp19_fu_1112_p2           |    and   |      0|  0|    2|           1|           1|
    |x_is_pinf_fu_844_p2        |    and   |      0|  0|    2|           1|           1|
    |r_V_4_fu_446_p2            |   ashr   |      0|  0|  179|          64|          64|
    |r_V_fu_403_p2              |   ashr   |      0|  0|  174|          61|          61|
    |icmp_ln338_1_fu_548_p2     |   icmp   |      0|  0|   50|          71|          71|
    |icmp_ln338_fu_375_p2       |   icmp   |      0|  0|   13|          12|           1|
    |icmp_ln805_fu_505_p2       |   icmp   |      0|  0|   20|          18|           1|
    |icmp_ln833_4_fu_305_p2     |   icmp   |      0|  0|   29|          52|           1|
    |icmp_ln833_fu_287_p2       |   icmp   |      0|  0|   13|          11|           2|
    |icmp_ln837_fu_293_p2       |   icmp   |      0|  0|   29|          52|           1|
    |icmp_ln849_fu_950_p2       |   icmp   |      0|  0|    9|           3|           1|
    |icmp_ln853_fu_976_p2       |   icmp   |      0|  0|   13|          13|          11|
    |or_ln214_1_fu_861_p2       |    or    |      0|  0|    2|           1|           1|
    |or_ln214_fu_849_p2         |    or    |      0|  0|    2|           1|           1|
    |or_ln338_fu_956_p2         |    or    |      0|  0|    2|           1|           1|
    |or_ln849_1_fu_1095_p2      |    or    |      0|  0|    2|           1|           1|
    |or_ln849_2_fu_1106_p2      |    or    |      0|  0|    2|           1|           1|
    |or_ln849_fu_1056_p2        |    or    |      0|  0|    2|           1|           1|
    |ap_return                  |  select  |      0|  0|   64|           1|           1|
    |m_exp_2_fu_367_p3          |  select  |      0|  0|   11|           1|          12|
    |r_V_13_fu_419_p3           |  select  |      0|  0|   79|           1|          71|
    |r_exp_V_2_fu_933_p3        |  select  |      0|  0|   13|           1|          13|
    |r_exp_V_3_fu_525_p3        |  select  |      0|  0|   13|           1|          13|
    |sel_tmp6_fu_1068_p3        |  select  |      0|  0|   64|           1|          64|
    |select_ln1322_fu_533_p3    |  select  |      0|  0|   64|           1|          64|
    |select_ln214_1_fu_865_p3   |  select  |      0|  0|   64|           1|          64|
    |select_ln214_2_fu_1076_p3  |  select  |      0|  0|   64|           1|          64|
    |select_ln214_fu_854_p3     |  select  |      0|  0|   63|           1|          63|
    |select_ln253_fu_341_p3     |  select  |      0|  0|   53|           1|          54|
    |select_ln339_fu_968_p3     |  select  |      0|  0|   63|           1|           1|
    |select_ln805_fu_517_p3     |  select  |      0|  0|   13|           1|          13|
    |tmp_V_4_fu_1002_p3         |  select  |      0|  0|   51|           1|          52|
    |r_V_1_fu_413_p2            |    shl   |      0|  0|  211|          71|          71|
    |r_V_3_fu_440_p2            |    shl   |      0|  0|  179|          64|          64|
    |ap_enable_pp0              |    xor   |      0|  0|    2|           1|           2|
    |xor_ln214_fu_1034_p2       |    xor   |      0|  0|    2|           1|           2|
    |xor_ln338_1_fu_1084_p2     |    xor   |      0|  0|    2|           1|           2|
    |xor_ln338_fu_1045_p2       |    xor   |      0|  0|    2|           1|           2|
    |xor_ln849_fu_1100_p2       |    xor   |      0|  0|    2|           1|           2|
    |xor_ln936_fu_839_p2        |    xor   |      0|  0|    2|           1|           2|
    +---------------------------+----------+-------+---+-----+------------+------------+
    |Total                      |          |     23|  0| 2555|        1269|        1754|
    +---------------------------+----------+-------+---+-----+------------+------------+

    * Multiplexer: 
    N/A

    * Register: 
    +-------------------------------+-----+----+-----+-----------+
    |              Name             |  FF | LUT| Bits| Const Bits|
    +-------------------------------+-----+----+-----+-----------+
    |Z2_V_reg_1213                  |    8|   0|    8|          0|
    |Z3_V_reg_1220                  |    8|   0|    8|          0|
    |Z3_V_reg_1220_pp0_iter4_reg    |    8|   0|    8|          0|
    |Z4_V_reg_1225                  |   35|   0|   35|          0|
    |add_ln657_2_reg_1273           |   44|   0|   44|          0|
    |and_ln18_reg_1155              |    1|   0|    1|          0|
    |and_ln209_reg_1148             |    1|   0|    1|          0|
    |ap_CS_fsm                      |    1|   0|    1|          0|
    |ap_enable_reg_pp0_iter1        |    1|   0|    1|          0|
    |ap_enable_reg_pp0_iter2        |    1|   0|    1|          0|
    |ap_enable_reg_pp0_iter3        |    1|   0|    1|          0|
    |ap_enable_reg_pp0_iter4        |    1|   0|    1|          0|
    |ap_enable_reg_pp0_iter5        |    1|   0|    1|          0|
    |ap_enable_reg_pp0_iter6        |    1|   0|    1|          0|
    |ap_enable_reg_pp0_iter7        |    1|   0|    1|          0|
    |ap_enable_reg_pp0_iter8        |    1|   0|    1|          0|
    |exp_Z1_V_reg_1278              |   58|   0|   58|          0|
    |exp_Z2P_m_1_V_reg_1256         |   44|   0|   44|          0|
    |icmp_ln338_1_reg_1198          |    1|   0|    1|          0|
    |icmp_ln338_reg_1178            |    1|   0|    1|          0|
    |isNeg_reg_1167                 |    1|   0|    1|          0|
    |m_diff_hi_V_reg_1208           |    8|   0|    8|          0|
    |m_exp_2_reg_1173               |   12|   0|   12|          0|
    |p_Result_19_reg_1143           |    1|   0|    1|          0|
    |p_Val2_17_reg_1246             |   26|   0|   26|          0|
    |r_V_13_reg_1186                |   71|   0|   71|          0|
    |r_V_13_reg_1186_pp0_iter2_reg  |   71|   0|   71|          0|
    |r_V_18_reg_1283                |  100|   0|  100|          0|
    |r_exp_V_3_reg_1191             |   13|   0|   13|          0|
    |ret_V_4_reg_1240               |   36|   0|   36|          0|
    |select_ln253_reg_1161          |   54|   0|   54|          0|
    |tmp_1_reg_1203                 |   71|   0|   71|          0|
    |tmp_3_reg_1262                 |   40|   0|   40|          0|
    |tmp_3_reg_1262_pp0_iter6_reg   |   40|   0|   40|          0|
    |Z2_V_reg_1213                  |   64|  32|    8|          0|
    |and_ln18_reg_1155              |   64|  32|    1|          0|
    |and_ln209_reg_1148             |   64|  32|    1|          0|
    |icmp_ln338_1_reg_1198          |   64|  32|    1|          0|
    |icmp_ln338_reg_1178            |   64|  32|    1|          0|
    |m_diff_hi_V_reg_1208           |   64|  32|    8|          0|
    |p_Result_19_reg_1143           |   64|  32|    1|          0|
    |r_exp_V_3_reg_1191             |   64|  32|   13|          0|
    |select_ln253_reg_1161          |    3|   1|   54|          0|
    +-------------------------------+-----+----+-----+-----------+
    |Total                          | 1277| 257|  850|          0|
    +-------------------------------+-----+----+-----+-----------+



================================================================
== Interface
================================================================
* Summary: 
+-----------+-----+-----+------------+---------------------+--------------+
| RTL Ports | Dir | Bits|  Protocol  |    Source Object    |    C Type    |
+-----------+-----+-----+------------+---------------------+--------------+
|ap_clk     |  in |    1| ap_ctrl_hs | exp_generic<double> | return value |
|ap_rst     |  in |    1| ap_ctrl_hs | exp_generic<double> | return value |
|ap_start   |  in |    1| ap_ctrl_hs | exp_generic<double> | return value |
|ap_done    | out |    1| ap_ctrl_hs | exp_generic<double> | return value |
|ap_idle    | out |    1| ap_ctrl_hs | exp_generic<double> | return value |
|ap_ready   | out |    1| ap_ctrl_hs | exp_generic<double> | return value |
|ap_return  | out |   64| ap_ctrl_hs | exp_generic<double> | return value |
|x          |  in |   64|   ap_none  |          x          |    scalar    |
+-----------+-----+-----+------------+---------------------+--------------+

