

================================================================
== Vivado HLS Report for 'generic_tanh_float_s'
================================================================
* Date:           Thu Jul  9 19:47:09 2026

* Version:        2019.1 (Build 2552052 on Fri May 24 15:28:33 MDT 2019)
* Project:        gram_fp32
* Solution:       sol1
* Product family: zynquplus
* Target device:  xczu9eg-ffvb1156-2-e


================================================================
== Performance Estimates
================================================================
+ Timing (ns): 
    * Summary: 
    +--------+-------+----------+------------+
    |  Clock | Target| Estimated| Uncertainty|
    +--------+-------+----------+------------+
    |ap_clk  |   6.67|     5.815|        0.83|
    +--------+-------+----------+------------+

+ Latency (clock cycles): 
    * Summary: 
    +-----+-----+-----+-----+---------+
    |  Latency  |  Interval | Pipeline|
    | min | max | min | max |   Type  |
    +-----+-----+-----+-----+---------+
    |    1|   44|    1|   44|   none  |
    +-----+-----+-----+-----+---------+

    + Detail: 
        * Instance: 
        +--------------------------------+----------------------+-----+-----+-----+-----+----------+
        |                                |                      |  Latency  |  Interval | Pipeline |
        |            Instance            |        Module        | min | max | min | max |   Type   |
        +--------------------------------+----------------------+-----+-----+-----+-----+----------+
        |grp_exp_generic_double_s_fu_89  |exp_generic_double_s  |    8|    8|    1|    1| function |
        +--------------------------------+----------------------+-----+-----+-----+-----+----------+

        * Loop: 
        N/A



================================================================
== Utilization Estimates
================================================================
* Summary: 
+-----------------+---------+-------+--------+--------+-----+
|       Name      | BRAM_18K| DSP48E|   FF   |   LUT  | URAM|
+-----------------+---------+-------+--------+--------+-----+
|DSP              |        -|      -|       -|       -|    -|
|Expression       |        -|      -|       0|     282|    -|
|FIFO             |        -|      -|       -|       -|    -|
|Instance         |        7|     32|    2823|    5044|    -|
|Memory           |        -|      -|       -|       -|    -|
|Multiplexer      |        -|      -|       -|     450|    -|
|Register         |        -|      -|     557|       -|    -|
+-----------------+---------+-------+--------+--------+-----+
|Total            |        7|     32|    3380|    5776|    0|
+-----------------+---------+-------+--------+--------+-----+
|Available        |     1824|   2520|  548160|  274080|    0|
+-----------------+---------+-------+--------+--------+-----+
|Utilization (%)  |    ~0   |      1|   ~0   |       2|    0|
+-----------------+---------+-------+--------+--------+-----+

+ Detail: 
    * Instance: 
    +--------------------------------+----------------------+---------+-------+------+------+-----+
    |            Instance            |        Module        | BRAM_18K| DSP48E|  FF  |  LUT | URAM|
    +--------------------------------+----------------------+---------+-------+------+------+-----+
    |grp_exp_generic_double_s_fu_89  |exp_generic_double_s  |        7|     24|  1277|  2812|    0|
    |kan_top_dadd_64nslbW_U13        |kan_top_dadd_64nslbW  |        0|      3|   445|   782|    0|
    |kan_top_faddfsub_fYi_U7         |kan_top_faddfsub_fYi  |        0|      2|   205|   208|    0|
    |kan_top_fcmp_32nskbM_U12        |kan_top_fcmp_32nskbM  |        0|      0|    66|    72|    0|
    |kan_top_fdiv_32nshbi_U9         |kan_top_fdiv_32nshbi  |        0|      0|   459|   799|    0|
    |kan_top_fmul_32nsg8j_U8         |kan_top_fmul_32nsg8j  |        0|      3|   143|   139|    0|
    |kan_top_fpext_32njbC_U11        |kan_top_fpext_32njbC  |        0|      0|   100|   138|    0|
    |kan_top_fptrunc_6ibs_U10        |kan_top_fptrunc_6ibs  |        0|      0|   128|    94|    0|
    +--------------------------------+----------------------+---------+-------+------+------+-----+
    |Total                           |                      |        7|     32|  2823|  5044|    0|
    +--------------------------------+----------------------+---------+-------+------+------+-----+

    * DSP48E: 
    N/A

    * Memory: 
    N/A

    * FIFO: 
    N/A

    * Expression: 
    +------------------------+----------+-------+---+----+------------+------------+
    |      Variable Name     | Operation| DSP48E| FF| LUT| Bitwidth P0| Bitwidth P1|
    +------------------------+----------+-------+---+----+------------+------------+
    |and_ln75_fu_208_p2      |    and   |      0|  0|   2|           1|           1|
    |grp_fu_134_p2           |   icmp   |      0|  0|  20|          23|           1|
    |icmp_ln833_1_fu_202_p2  |   icmp   |      0|  0|  11|           8|           7|
    |icmp_ln833_3_fu_257_p2  |   icmp   |      0|  0|  11|           8|           1|
    |icmp_ln833_fu_190_p2    |   icmp   |      0|  0|  11|           8|           2|
    |icmp_ln841_fu_263_p2    |   icmp   |      0|  0|  11|           8|           7|
    |icmp_ln849_1_fu_222_p2  |   icmp   |      0|  0|  11|           8|           7|
    |icmp_ln849_fu_196_p2    |   icmp   |      0|  0|  11|           8|           7|
    |select_ln67_fu_214_p3   |  select  |      0|  0|  31|           1|          30|
    |select_ln775_fu_297_p3  |  select  |      0|  0|  32|           1|          32|
    |x_2_fu_237_p3           |  select  |      0|  0|  32|           1|          32|
    |xor_ln112_fu_287_p2     |    xor   |      0|  0|  33|          32|          33|
    |xor_ln84_fu_227_p2      |    xor   |      0|  0|  33|          32|          33|
    |xor_ln95_fu_273_p2      |    xor   |      0|  0|  33|          32|          33|
    +------------------------+----------+-------+---+----+------------+------------+
    |Total                   |          |      0|  0| 282|         171|         226|
    +------------------------+----------+-------+---+----+------------+------------+

    * Multiplexer: 
    +-------------------+-----+-----------+-----+-----------+
    |        Name       | LUT | Input Size| Bits| Total Bits|
    +-------------------+-----+-----------+-----+-----------+
    |ap_NS_fsm          |  309|         69|    1|         69|
    |ap_return          |    9|          2|   32|         64|
    |expx_reg_58        |   15|          3|   32|         96|
    |grp_fu_100_opcode  |   15|          3|    2|          6|
    |grp_fu_100_p0      |   33|          6|   32|        192|
    |grp_fu_100_p1      |   27|          5|   32|        160|
    |grp_fu_112_p0      |   15|          3|   32|         96|
    |resultf_4_reg_72   |   27|          5|   32|        160|
    +-------------------+-----+-----------+-----+-----------+
    |Total              |  450|         96|  195|        843|
    +-------------------+-----+-----------+-----+-----------+

    * Register: 
    +---------------------------------------------+----+----+-----+-----------+
    |                     Name                    | FF | LUT| Bits| Const Bits|
    +---------------------------------------------+----+----+-----+-----------+
    |abst_in_reg_319                              |  31|   0|   32|          1|
    |ap_CS_fsm                                    |  68|   0|   68|          0|
    |ap_return_preg                               |  32|   0|   32|          0|
    |expx_reg_58                                  |  32|   0|   32|          0|
    |grp_exp_generic_double_s_fu_89_ap_start_reg  |   1|   0|    1|          0|
    |icmp_ln849_1_reg_344                         |   1|   0|    1|          0|
    |p_Result_5_reg_314                           |  31|   0|   32|          1|
    |p_Result_s_reg_304                           |   1|   0|    1|          0|
    |reg_139                                      |  32|   0|   32|          0|
    |resultf_1_reg_397                            |  32|   0|   32|          0|
    |resultf_4_reg_72                             |  32|   0|   32|          0|
    |tmp_21_reg_382                               |  32|   0|   32|          0|
    |tmp_V_reg_309                                |   8|   0|    8|          0|
    |tmp_i_59_reg_372                             |  64|   0|   64|          0|
    |tmp_i_reg_367                                |  64|   0|   64|          0|
    |tmp_s_reg_402                                |  32|   0|   32|          0|
    |x_2_reg_354                                  |  32|   0|   32|          0|
    |xor_ln95_reg_387                             |  32|   0|   32|          0|
    +---------------------------------------------+----+----+-----+-----------+
    |Total                                        | 557|   0|  559|          2|
    +---------------------------------------------+----+----+-----+-----------+



================================================================
== Interface
================================================================
* Summary: 
+-----------+-----+-----+------------+---------------------+--------------+
| RTL Ports | Dir | Bits|  Protocol  |    Source Object    |    C Type    |
+-----------+-----+-----+------------+---------------------+--------------+
|ap_clk     |  in |    1| ap_ctrl_hs | generic_tanh<float> | return value |
|ap_rst     |  in |    1| ap_ctrl_hs | generic_tanh<float> | return value |
|ap_start   |  in |    1| ap_ctrl_hs | generic_tanh<float> | return value |
|ap_done    | out |    1| ap_ctrl_hs | generic_tanh<float> | return value |
|ap_idle    | out |    1| ap_ctrl_hs | generic_tanh<float> | return value |
|ap_ready   | out |    1| ap_ctrl_hs | generic_tanh<float> | return value |
|ap_return  | out |   32| ap_ctrl_hs | generic_tanh<float> | return value |
|t_in       |  in |   32|   ap_none  |         t_in        |    scalar    |
+-----------+-----+-----+------------+---------------------+--------------+

