

================================================================
== Vivado HLS Report for 'kan_top'
================================================================
* Date:           Thu Jul  9 22:26:29 2026

* Version:        2019.1 (Build 2552052 on Fri May 24 15:28:33 MDT 2019)
* Project:        gram_fp32
* Solution:       sol1
* Product family: zynquplus
* Target device:  xczu9eg-ffvb1156-2-e


================================================================
== Performance Estimates
================================================================
+ Timing (ns): 
    * Summary: 
    +--------+-------+----------+------------+
    |  Clock | Target| Estimated| Uncertainty|
    +--------+-------+----------+------------+
    |ap_clk  |   6.67|     5.779|        0.83|
    +--------+-------+----------+------------+

+ Latency (clock cycles): 
    * Summary: 
    +--------+--------+--------+--------+---------+
    |     Latency     |     Interval    | Pipeline|
    |   min  |   max  |   min  |   max  |   Type  |
    +--------+--------+--------+--------+---------+
    |  289938|  289938|  289938|  289938|   none  |
    +--------+--------+--------+--------+---------+

    + Detail: 
        * Instance: 
        +------------------+--------+--------+--------+--------+--------+---------+
        |                  |        |     Latency     |     Interval    | Pipeline|
        |     Instance     | Module |   min  |   max  |   min  |   max  |   Type  |
        +------------------+--------+--------+--------+--------+--------+---------+
        |grp_layer0_fu_58  |layer0  |  280693|  280693|  280693|  280693|   none  |
        |grp_layer1_fu_80  |layer1  |    9242|    9242|    9242|    9242|   none  |
        +------------------+--------+--------+--------+--------+--------+---------+

        * Loop: 
        N/A



================================================================
== Utilization Estimates
================================================================
* Summary: 
+-----------------+---------+-------+--------+--------+-----+
|       Name      | BRAM_18K| DSP48E|   FF   |   LUT  | URAM|
+-----------------+---------+-------+--------+--------+-----+
|DSP              |        -|      -|       -|       -|    -|
|Expression       |        -|      -|       -|       -|    -|
|FIFO             |        -|      -|       -|       -|    -|
|Instance         |      468|     62|   15840|   17869|    0|
|Memory           |        1|      -|       0|       0|    0|
|Multiplexer      |        -|      -|       -|      66|    -|
|Register         |        -|      -|       6|       -|    -|
+-----------------+---------+-------+--------+--------+-----+
|Total            |      469|     62|   15846|   17935|    0|
+-----------------+---------+-------+--------+--------+-----+
|Available        |     1824|   2520|  548160|  274080|    0|
+-----------------+---------+-------+--------+--------+-----+
|Utilization (%)  |       25|      2|       2|       6|    0|
+-----------------+---------+-------+--------+--------+-----+

+ Detail: 
    * Instance: 
    +------------------+--------+---------+-------+------+------+-----+
    |     Instance     | Module | BRAM_18K| DSP48E|  FF  |  LUT | URAM|
    +------------------+--------+---------+-------+------+------+-----+
    |grp_layer0_fu_58  |layer0  |      458|     31|  9700|  9450|    0|
    |grp_layer1_fu_80  |layer1  |       10|     31|  6140|  8419|    0|
    +------------------+--------+---------+-------+------+------+-----+
    |Total             |        |      468|     62| 15840| 17869|    0|
    +------------------+--------+---------+-------+------+------+-----+

    * DSP48E: 
    N/A

    * Memory: 
    +----------+------------+---------+---+----+-----+------+-----+------+-------------+
    |  Memory  |   Module   | BRAM_18K| FF| LUT| URAM| Words| Bits| Banks| W*Bits*Banks|
    +----------+------------+---------+---+----+-----+------+-----+------+-------------+
    |hidden_U  |layer0_pre  |        1|  0|   0|    0|    64|   32|     1|         2048|
    +----------+------------+---------+---+----+-----+------+-----+------+-------------+
    |Total     |            |        1|  0|   0|    0|    64|   32|     1|         2048|
    +----------+------------+---------+---+----+-----+------+-----+------+-------------+

    * FIFO: 
    N/A

    * Expression: 
    N/A

    * Multiplexer: 
    +-----------------+----+-----------+-----+-----------+
    |       Name      | LUT| Input Size| Bits| Total Bits|
    +-----------------+----+-----------+-----+-----------+
    |ap_NS_fsm        |  27|          5|    1|          5|
    |hidden_address0  |  15|          3|    6|         18|
    |hidden_ce0       |  15|          3|    1|          3|
    |hidden_we0       |   9|          2|    1|          2|
    +-----------------+----+-----------+-----+-----------+
    |Total            |  66|         13|    9|         28|
    +-----------------+----+-----------+-----+-----------+

    * Register: 
    +-------------------------------+---+----+-----+-----------+
    |              Name             | FF| LUT| Bits| Const Bits|
    +-------------------------------+---+----+-----+-----------+
    |ap_CS_fsm                      |  4|   0|    4|          0|
    |grp_layer0_fu_58_ap_start_reg  |  1|   0|    1|          0|
    |grp_layer1_fu_80_ap_start_reg  |  1|   0|    1|          0|
    +-------------------------------+---+----+-----+-----------+
    |Total                          |  6|   0|    6|          0|
    +-------------------------------+---+----+-----+-----------+



================================================================
== Interface
================================================================
* Summary: 
+----------------+-----+-----+------------+--------------+--------------+
|    RTL Ports   | Dir | Bits|  Protocol  | Source Object|    C Type    |
+----------------+-----+-----+------------+--------------+--------------+
|ap_clk          |  in |    1| ap_ctrl_hs |    kan_top   | return value |
|ap_rst          |  in |    1| ap_ctrl_hs |    kan_top   | return value |
|ap_start        |  in |    1| ap_ctrl_hs |    kan_top   | return value |
|ap_done         | out |    1| ap_ctrl_hs |    kan_top   | return value |
|ap_idle         | out |    1| ap_ctrl_hs |    kan_top   | return value |
|ap_ready        | out |    1| ap_ctrl_hs |    kan_top   | return value |
|in_r_address0   | out |   10|  ap_memory |     in_r     |     array    |
|in_r_ce0        | out |    1|  ap_memory |     in_r     |     array    |
|in_r_q0         |  in |   32|  ap_memory |     in_r     |     array    |
|out_r_address0  | out |    4|  ap_memory |     out_r    |     array    |
|out_r_ce0       | out |    1|  ap_memory |     out_r    |     array    |
|out_r_we0       | out |    1|  ap_memory |     out_r    |     array    |
|out_r_d0        | out |   32|  ap_memory |     out_r    |     array    |
+----------------+-----+-----+------------+--------------+--------------+

