

================================================================
== Vivado HLS Report for 'layer1'
================================================================
* Date:           Thu Jul  9 22:26:28 2026

* Version:        2019.1 (Build 2552052 on Fri May 24 15:28:33 MDT 2019)
* Project:        gram_fp32
* Solution:       sol1
* Product family: zynquplus
* Target device:  xczu9eg-ffvb1156-2-e


================================================================
== Performance Estimates
================================================================
+ Timing (ns): 
    * Summary: 
    +--------+-------+----------+------------+
    |  Clock | Target| Estimated| Uncertainty|
    +--------+-------+----------+------------+
    |ap_clk  |   6.67|     5.779|        0.83|
    +--------+-------+----------+------------+

+ Latency (clock cycles): 
    * Summary: 
    +------+------+------+------+---------+
    |   Latency   |   Interval  | Pipeline|
    |  min |  max |  min |  max |   Type  |
    +------+------+------+------+---------+
    |  9242|  9242|  9242|  9242|   none  |
    +------+------+------+------+---------+

    + Detail: 
        * Instance: 
        +----------------------------------+-----------------------+-----+-----+-----+-----+---------+
        |                                  |                       |  Latency  |  Interval | Pipeline|
        |             Instance             |         Module        | min | max | min | max |   Type  |
        +----------------------------------+-----------------------+-----+-----+-----+-----+---------+
        |grp_gram_ln_silu_f32_10_s_fu_448  |gram_ln_silu_f32_10_s  |  189|  189|  189|  189|   none  |
        +----------------------------------+-----------------------+-----+-----+-----+-----+---------+

        * Loop: 
        +-------------+------+------+----------+-----------+-----------+------+----------+
        |             |   Latency   | Iteration|  Initiation Interval  | Trip |          |
        |  Loop Name  |  min |  max |  Latency |  achieved |   target  | Count| Pipelined|
        +-------------+------+------+----------+-----------+-----------+------+----------+
        |- INIT1      |    10|    10|         1|          1|          1|    10|    yes   |
        |- IN1        |  9024|  9024|       141|          -|          -|    64|    no    |
        | + GRAM_REC  |    18|    18|         9|          -|          -|     2|    no    |
        | + OUT1      |    61|    61|        26|          4|          1|    10|    yes   |
        |- PRE1       |    13|    13|         5|          1|          1|    10|    yes   |
        +-------------+------+------+----------+-----------+-----------+------+----------+



================================================================
== Utilization Estimates
================================================================
* Summary: 
+-----------------+---------+-------+--------+--------+-----+
|       Name      | BRAM_18K| DSP48E|   FF   |   LUT  | URAM|
+-----------------+---------+-------+--------+--------+-----+
|DSP              |        -|      -|       -|       -|    -|
|Expression       |        -|      -|       0|     270|    -|
|FIFO             |        -|      -|       -|       -|    -|
|Instance         |        0|     31|    4366|    7065|    -|
|Memory           |       10|      -|      64|       5|    0|
|Multiplexer      |        -|      -|       -|     919|    -|
|Register         |        0|      -|    1710|     160|    -|
+-----------------+---------+-------+--------+--------+-----+
|Total            |       10|     31|    6140|    8419|    0|
+-----------------+---------+-------+--------+--------+-----+
|Available        |     1824|   2520|  548160|  274080|    0|
+-----------------+---------+-------+--------+--------+-----+
|Utilization (%)  |    ~0   |      1|       1|       3|    0|
+-----------------+---------+-------+--------+--------+-----+

+ Detail: 
    * Instance: 
    +----------------------------------+-----------------------+---------+-------+------+------+-----+
    |             Instance             |         Module        | BRAM_18K| DSP48E|  FF  |  LUT | URAM|
    +----------------------------------+-----------------------+---------+-------+------+------+-----+
    |grp_gram_ln_silu_f32_10_s_fu_448  |gram_ln_silu_f32_10_s  |        0|     19|  3067|  4360|    0|
    |kan_top_fadd_32nsdEe_U53          |kan_top_fadd_32nsdEe   |        0|      0|   168|   434|    0|
    |kan_top_faddfsub_eOg_U52          |kan_top_faddfsub_eOg   |        0|      2|   205|   208|    0|
    |kan_top_fdiv_32nshbi_U55          |kan_top_fdiv_32nshbi   |        0|      0|   459|   799|    0|
    |kan_top_fexp_32nsjbC_U56          |kan_top_fexp_32nsjbC   |        0|      7|   324|   905|    0|
    |kan_top_fmul_32nsg8j_U54          |kan_top_fmul_32nsg8j   |        0|      3|   143|   139|    0|
    |kan_top_mux_104_3ncg_U57          |kan_top_mux_104_3ncg   |        0|      0|     0|    55|    0|
    |kan_top_mux_104_3ncg_U58          |kan_top_mux_104_3ncg   |        0|      0|     0|    55|    0|
    |kan_top_mux_104_3ncg_U59          |kan_top_mux_104_3ncg   |        0|      0|     0|    55|    0|
    |kan_top_mux_104_3ncg_U60          |kan_top_mux_104_3ncg   |        0|      0|     0|    55|    0|
    +----------------------------------+-----------------------+---------+-------+------+------+-----+
    |Total                             |                       |        0|     31|  4366|  7065|    0|
    +----------------------------------+-----------------------+---------+-------+------+------+-----+

    * DSP48E: 
    N/A

    * Memory: 
    +---------------+--------------------+---------+----+----+-----+------+-----+------+-------------+
    |     Memory    |       Module       | BRAM_18K| FF | LUT| URAM| Words| Bits| Banks| W*Bits*Banks|
    +---------------+--------------------+---------+----+----+-----+------+-----+------+-------------+
    |l1_weight_0_U  |layer1_l1_weight_0  |        2|   0|   0|    0|   640|   32|     1|        20480|
    |l1_weight_1_U  |layer1_l1_weight_1  |        2|   0|   0|    0|   640|   32|     1|        20480|
    |l1_weight_2_U  |layer1_l1_weight_2  |        2|   0|   0|    0|   640|   32|     1|        20480|
    |l1_weight_3_U  |layer1_l1_weight_3  |        2|   0|   0|    0|   640|   32|     1|        20480|
    |l1_weight_4_U  |layer1_l1_weight_4  |        2|   0|   0|    0|   640|   32|     1|        20480|
    |pre_U          |layer1_pre          |        0|  64|   5|    0|    10|   32|     1|          320|
    +---------------+--------------------+---------+----+----+-----+------+-----+------+-------------+
    |Total          |                    |       10|  64|   5|    0|  3210|  192|     6|       102720|
    +---------------+--------------------+---------+----+----+-----+------+-----+------+-------------+

    * FIFO: 
    N/A

    * Expression: 
    +-------------------------+----------+-------+---+----+------------+------------+
    |      Variable Name      | Operation| DSP48E| FF| LUT| Bitwidth P0| Bitwidth P1|
    +-------------------------+----------+-------+---+----+------------+------------+
    |add_ln80_fu_956_p2       |     +    |      0|  0|  17|          10|          10|
    |d_fu_884_p2              |     +    |      0|  0|  11|           1|           3|
    |i_fu_853_p2              |     +    |      0|  0|  15|           7|           1|
    |o_1_fu_1130_p2           |     +    |      0|  0|  12|           4|           1|
    |o_2_fu_942_p2            |     +    |      0|  0|  12|           4|           1|
    |o_fu_661_p2              |     +    |      0|  0|  12|           4|           1|
    |icmp_ln35_fu_868_p2      |   icmp   |      0|  0|   9|           3|           4|
    |icmp_ln36_fu_878_p2      |   icmp   |      0|  0|   9|           2|           3|
    |icmp_ln61_fu_655_p2      |   icmp   |      0|  0|   9|           4|           4|
    |icmp_ln67_fu_847_p2      |   icmp   |      0|  0|  11|           7|           8|
    |icmp_ln74_fu_936_p2      |   icmp   |      0|  0|   9|           4|           4|
    |icmp_ln88_fu_1124_p2     |   icmp   |      0|  0|   9|           4|           4|
    |b_3_5_fu_912_p3          |  select  |      0|  0|  32|           1|          32|
    |b_3_6_fu_919_p3          |  select  |      0|  0|  32|           1|          32|
    |select_ln36_fu_904_p3    |  select  |      0|  0|  32|           1|          30|
    |ap_enable_pp1            |    xor   |      0|  0|   2|           1|           2|
    |ap_enable_pp2            |    xor   |      0|  0|   2|           1|           2|
    |ap_enable_reg_pp2_iter1  |    xor   |      0|  0|   2|           2|           1|
    |xor_ln16_fu_893_p2       |    xor   |      0|  0|  33|          32|          33|
    +-------------------------+----------+-------+---+----+------------+------------+
    |Total                    |          |      0|  0| 270|          93|         176|
    +-------------------------+----------+-------+---+----+------------+------------+

    * Multiplexer: 
    +-------------------------------+-----+-----------+-----+-----------+
    |              Name             | LUT | Input Size| Bits| Total Bits|
    +-------------------------------+-----+-----------+-----+-----------+
    |acc_b_9_1_fu_254               |    9|          2|   32|         64|
    |acc_b_9_2_fu_286               |    9|          2|   32|         64|
    |acc_b_9_3_fu_258               |    9|          2|   32|         64|
    |acc_b_9_4_fu_262               |    9|          2|   32|         64|
    |acc_b_9_5_fu_266               |    9|          2|   32|         64|
    |acc_b_9_6_fu_270               |    9|          2|   32|         64|
    |acc_b_9_7_fu_274               |    9|          2|   32|         64|
    |acc_b_9_8_fu_278               |    9|          2|   32|         64|
    |acc_b_9_9_fu_282               |    9|          2|   32|         64|
    |acc_b_9_fu_250                 |    9|          2|   32|         64|
    |acc_s_9_1_fu_214               |    9|          2|   32|         64|
    |acc_s_9_2_fu_246               |    9|          2|   32|         64|
    |acc_s_9_3_fu_218               |    9|          2|   32|         64|
    |acc_s_9_4_fu_222               |    9|          2|   32|         64|
    |acc_s_9_5_fu_226               |    9|          2|   32|         64|
    |acc_s_9_6_fu_230               |    9|          2|   32|         64|
    |acc_s_9_7_fu_234               |    9|          2|   32|         64|
    |acc_s_9_8_fu_238               |    9|          2|   32|         64|
    |acc_s_9_9_fu_242               |    9|          2|   32|         64|
    |acc_s_9_fu_210                 |    9|          2|   32|         64|
    |ap_NS_fsm                      |  353|         80|    1|         80|
    |ap_enable_reg_pp1_iter6        |    9|          2|    1|          2|
    |ap_enable_reg_pp2_iter1        |    9|          2|    1|          2|
    |ap_enable_reg_pp2_iter4        |    9|          2|    1|          2|
    |ap_phi_mux_o1_0_phi_fu_428_p4  |    9|          2|    4|          8|
    |ap_phi_mux_o2_0_phi_fu_440_p4  |    9|          2|    4|          8|
    |d_0_i_reg_413                  |    9|          2|    3|          6|
    |empty_5_reg_403                |    9|          2|   32|         64|
    |grp_fu_459_opcode              |   15|          3|    2|          6|
    |grp_fu_459_p0                  |   44|          9|   32|        288|
    |grp_fu_459_p1                  |   44|          9|   32|        288|
    |grp_fu_466_p0                  |   15|          3|   32|         96|
    |grp_fu_466_p1                  |   15|          3|   32|         96|
    |grp_fu_471_p0                  |   38|          7|   32|        224|
    |grp_fu_471_p1                  |   41|          8|   32|        256|
    |grp_fu_480_p0                  |   15|          3|   32|         96|
    |grp_fu_480_p1                  |   15|          3|   32|         96|
    |grp_fu_485_p1                  |   15|          3|   32|         96|
    |i_0_reg_391                    |    9|          2|    7|         14|
    |o1_0_reg_424                   |    9|          2|    4|          8|
    |o2_0_reg_436                   |    9|          2|    4|          8|
    |o_0_reg_380                    |    9|          2|    4|          8|
    |pre_address0                   |   15|          3|    4|         12|
    |pre_ce0                        |   15|          3|    1|          3|
    +-------------------------------+-----+-----------+-----+-----------+
    |Total                          |  919|        199| 1001|       3047|
    +-------------------------------+-----+-----------+-----+-----------+

    * Register: 
    +-----------------------------------------------+----+----+-----+-----------+
    |                      Name                     | FF | LUT| Bits| Const Bits|
    +-----------------------------------------------+----+----+-----+-----------+
    |acc_b_9_1_fu_254                               |  32|   0|   32|          0|
    |acc_b_9_2_fu_286                               |  32|   0|   32|          0|
    |acc_b_9_3_fu_258                               |  32|   0|   32|          0|
    |acc_b_9_4_fu_262                               |  32|   0|   32|          0|
    |acc_b_9_5_fu_266                               |  32|   0|   32|          0|
    |acc_b_9_6_fu_270                               |  32|   0|   32|          0|
    |acc_b_9_7_fu_274                               |  32|   0|   32|          0|
    |acc_b_9_8_fu_278                               |  32|   0|   32|          0|
    |acc_b_9_9_fu_282                               |  32|   0|   32|          0|
    |acc_b_9_fu_250                                 |  32|   0|   32|          0|
    |acc_s_9_1_fu_214                               |  32|   0|   32|          0|
    |acc_s_9_2_fu_246                               |  32|   0|   32|          0|
    |acc_s_9_3_fu_218                               |  32|   0|   32|          0|
    |acc_s_9_4_fu_222                               |  32|   0|   32|          0|
    |acc_s_9_5_fu_226                               |  32|   0|   32|          0|
    |acc_s_9_6_fu_230                               |  32|   0|   32|          0|
    |acc_s_9_7_fu_234                               |  32|   0|   32|          0|
    |acc_s_9_8_fu_238                               |  32|   0|   32|          0|
    |acc_s_9_9_fu_242                               |  32|   0|   32|          0|
    |acc_s_9_fu_210                                 |  32|   0|   32|          0|
    |ap_CS_fsm                                      |  79|   0|   79|          0|
    |ap_enable_reg_pp1_iter0                        |   1|   0|    1|          0|
    |ap_enable_reg_pp1_iter1                        |   1|   0|    1|          0|
    |ap_enable_reg_pp1_iter2                        |   1|   0|    1|          0|
    |ap_enable_reg_pp1_iter3                        |   1|   0|    1|          0|
    |ap_enable_reg_pp1_iter4                        |   1|   0|    1|          0|
    |ap_enable_reg_pp1_iter5                        |   1|   0|    1|          0|
    |ap_enable_reg_pp1_iter6                        |   1|   0|    1|          0|
    |ap_enable_reg_pp2_iter0                        |   1|   0|    1|          0|
    |ap_enable_reg_pp2_iter1                        |   1|   0|    1|          0|
    |ap_enable_reg_pp2_iter2                        |   1|   0|    1|          0|
    |ap_enable_reg_pp2_iter3                        |   1|   0|    1|          0|
    |ap_enable_reg_pp2_iter4                        |   1|   0|    1|          0|
    |b_3_3_fu_206                                   |  32|   0|   32|          0|
    |b_3_fu_202                                     |  32|   0|   32|          0|
    |d_0_i_reg_413                                  |   3|   0|    3|          0|
    |d_reg_1611                                     |   3|   0|    3|          0|
    |empty_5_reg_403                                |  32|   0|   32|          0|
    |grp_gram_ln_silu_f32_10_s_fu_448_ap_start_reg  |   1|   0|    1|          0|
    |i_0_reg_391                                    |   7|   0|    7|          0|
    |i_reg_1579                                     |   7|   0|    7|          0|
    |icmp_ln36_reg_1604                             |   1|   0|    1|          0|
    |icmp_ln74_reg_1631                             |   1|   0|    1|          0|
    |icmp_ln88_reg_1735                             |   1|   0|    1|          0|
    |l1_weight_0_load_reg_1665                      |  32|   0|   32|          0|
    |l1_weight_2_load_reg_1675                      |  32|   0|   32|          0|
    |l1_weight_3_load_reg_1680                      |  32|   0|   32|          0|
    |l1_weight_4_load_reg_1685                      |  32|   0|   32|          0|
    |o1_0_reg_424                                   |   4|   0|    4|          0|
    |o2_0_reg_436                                   |   4|   0|    4|          0|
    |o_0_reg_380                                    |   4|   0|    4|          0|
    |o_1_reg_1739                                   |   4|   0|    4|          0|
    |o_2_reg_1635                                   |   4|   0|    4|          0|
    |reg_558                                        |  32|   0|   32|          0|
    |reg_564                                        |  32|   0|   32|          0|
    |reg_569                                        |  32|   0|   32|          0|
    |reg_577                                        |  32|   0|   32|          0|
    |reg_583                                        |  32|   0|   32|          0|
    |reg_589                                        |  32|   0|   32|          0|
    |ss_1_reg_1715                                  |  32|   0|   32|          0|
    |ss_2_reg_1720                                  |  32|   0|   32|          0|
    |ss_3_reg_1725                                  |  32|   0|   32|          0|
    |tmp_10_reg_1705                                |  32|   0|   32|          0|
    |tmp_13_3_reg_1700                              |  32|   0|   32|          0|
    |x_reg_1589                                     |  32|   0|   32|          0|
    |zext_ln67_reg_1596                             |   7|   0|   10|          3|
    |icmp_ln88_reg_1735                             |  64|  32|    1|          0|
    |o1_0_reg_424                                   |  64|  32|    4|          0|
    |o2_0_reg_436                                   |  64|  32|    4|          0|
    |reg_583                                        |  64|  32|   32|          0|
    |tmp_13_3_reg_1700                              |  64|  32|   32|          0|
    +-----------------------------------------------+----+----+-----+-----------+
    |Total                                          |1710| 160| 1466|          3|
    +-----------------------------------------------+----+----+-----+-----------+



================================================================
== Interface
================================================================
* Summary: 
+----------------+-----+-----+------------+--------------+--------------+
|    RTL Ports   | Dir | Bits|  Protocol  | Source Object|    C Type    |
+----------------+-----+-----+------------+--------------+--------------+
|ap_clk          |  in |    1| ap_ctrl_hs |    layer1    | return value |
|ap_rst          |  in |    1| ap_ctrl_hs |    layer1    | return value |
|ap_start        |  in |    1| ap_ctrl_hs |    layer1    | return value |
|ap_done         | out |    1| ap_ctrl_hs |    layer1    | return value |
|ap_idle         | out |    1| ap_ctrl_hs |    layer1    | return value |
|ap_ready        | out |    1| ap_ctrl_hs |    layer1    | return value |
|in_r_address0   | out |    6|  ap_memory |     in_r     |     array    |
|in_r_ce0        | out |    1|  ap_memory |     in_r     |     array    |
|in_r_q0         |  in |   32|  ap_memory |     in_r     |     array    |
|out_r_address0  | out |    4|  ap_memory |     out_r    |     array    |
|out_r_ce0       | out |    1|  ap_memory |     out_r    |     array    |
|out_r_we0       | out |    1|  ap_memory |     out_r    |     array    |
|out_r_d0        | out |   32|  ap_memory |     out_r    |     array    |
+----------------+-----+-----+------------+--------------+--------------+

