

================================================================
== Vivado HLS Report for 'layer0'
================================================================
* Date:           Thu Jul  9 22:26:26 2026

* Version:        2019.1 (Build 2552052 on Fri May 24 15:28:33 MDT 2019)
* Project:        gram_fp32
* Solution:       sol1
* Product family: zynquplus
* Target device:  xczu9eg-ffvb1156-2-e


================================================================
== Performance Estimates
================================================================
+ Timing (ns): 
    * Summary: 
    +--------+-------+----------+------------+
    |  Clock | Target| Estimated| Uncertainty|
    +--------+-------+----------+------------+
    |ap_clk  |   6.67|     5.748|        0.83|
    +--------+-------+----------+------------+

+ Latency (clock cycles): 
    * Summary: 
    +--------+--------+--------+--------+---------+
    |     Latency     |     Interval    | Pipeline|
    |   min  |   max  |   min  |   max  |   Type  |
    +--------+--------+--------+--------+---------+
    |  280693|  280693|  280693|  280693|   none  |
    +--------+--------+--------+--------+---------+

    + Detail: 
        * Instance: 
        +-----------------------------------+-----------------------+-----+-----+-----+-----+---------+
        |                                   |                       |  Latency  |  Interval | Pipeline|
        |              Instance             |         Module        | min | max | min | max |   Type  |
        +-----------------------------------+-----------------------+-----+-----+-----+-----+---------+
        |grp_gram_ln_silu_f32_64_s_fu_1435  |gram_ln_silu_f32_64_s  |  666|  666|  666|  666|   none  |
        +-----------------------------------+-----------------------+-----+-----+-----+-----+---------+

        * Loop: 
        +-------------+--------+--------+----------+-----------+-----------+------+----------+
        |             |     Latency     | Iteration|  Initiation Interval  | Trip |          |
        |  Loop Name  |   min  |   max  |  Latency |  achieved |   target  | Count| Pipelined|
        +-------------+--------+--------+----------+-----------+-----------+------+----------+
        |- INIT0      |      64|      64|         1|          1|          1|    64|    yes   |
        |- IN0        |  279888|  279888|       357|          -|          -|   784|    no    |
        | + GRAM_REC  |      18|      18|         9|          -|          -|     2|    no    |
        | + OUT0      |     277|     277|        26|          4|          1|    64|    yes   |
        |- PRE0       |      69|      69|         7|          1|          1|    64|    yes   |
        +-------------+--------+--------+----------+-----------+-----------+------+----------+



================================================================
== Utilization Estimates
================================================================
* Summary: 
+-----------------+---------+-------+--------+--------+-----+
|       Name      | BRAM_18K| DSP48E|   FF   |   LUT  | URAM|
+-----------------+---------+-------+--------+--------+-----+
|DSP              |        -|      -|       -|       -|    -|
|Expression       |        -|      -|       0|     318|    -|
|FIFO             |        -|      -|       -|       -|    -|
|Instance         |        2|     31|    4342|    7031|    -|
|Memory           |      456|      -|       0|       0|    0|
|Multiplexer      |        -|      -|       -|    1909|    -|
|Register         |        0|      -|    5358|     192|    -|
+-----------------+---------+-------+--------+--------+-----+
|Total            |      458|     31|    9700|    9450|    0|
+-----------------+---------+-------+--------+--------+-----+
|Available        |     1824|   2520|  548160|  274080|    0|
+-----------------+---------+-------+--------+--------+-----+
|Utilization (%)  |       25|      1|       1|       3|    0|
+-----------------+---------+-------+--------+--------+-----+

+ Detail: 
    * Instance: 
    +-----------------------------------+-----------------------+---------+-------+------+------+-----+
    |              Instance             |         Module        | BRAM_18K| DSP48E|  FF  |  LUT | URAM|
    +-----------------------------------+-----------------------+---------+-------+------+------+-----+
    |grp_gram_ln_silu_f32_64_s_fu_1435  |gram_ln_silu_f32_64_s  |        2|     19|  3043|  4326|    0|
    |kan_top_fadd_32nsdEe_U22           |kan_top_fadd_32nsdEe   |        0|      0|   168|   434|    0|
    |kan_top_faddfsub_eOg_U21           |kan_top_faddfsub_eOg   |        0|      2|   205|   208|    0|
    |kan_top_fdiv_32nshbi_U24           |kan_top_fdiv_32nshbi   |        0|      0|   459|   799|    0|
    |kan_top_fexp_32nsjbC_U25           |kan_top_fexp_32nsjbC   |        0|      7|   324|   905|    0|
    |kan_top_fmul_32nsg8j_U23           |kan_top_fmul_32nsg8j   |        0|      3|   143|   139|    0|
    |kan_top_mux_646_3kbM_U26           |kan_top_mux_646_3kbM   |        0|      0|     0|    55|    0|
    |kan_top_mux_646_3kbM_U27           |kan_top_mux_646_3kbM   |        0|      0|     0|    55|    0|
    |kan_top_mux_646_3kbM_U28           |kan_top_mux_646_3kbM   |        0|      0|     0|    55|    0|
    |kan_top_mux_646_3kbM_U29           |kan_top_mux_646_3kbM   |        0|      0|     0|    55|    0|
    +-----------------------------------+-----------------------+---------+-------+------+------+-----+
    |Total                              |                       |        2|     31|  4342|  7031|    0|
    +-----------------------------------+-----------------------+---------+-------+------+------+-----+

    * DSP48E: 
    N/A

    * Memory: 
    +---------------+--------------------+---------+---+----+-----+-------+-----+------+-------------+
    |     Memory    |       Module       | BRAM_18K| FF| LUT| URAM| Words | Bits| Banks| W*Bits*Banks|
    +---------------+--------------------+---------+---+----+-----+-------+-----+------+-------------+
    |l0_weight_0_U  |layer0_l0_weight_0  |       91|  0|   0|    0|  50176|   32|     1|      1605632|
    |l0_weight_1_U  |layer0_l0_weight_1  |       91|  0|   0|    0|  50176|   32|     1|      1605632|
    |l0_weight_2_U  |layer0_l0_weight_2  |       91|  0|   0|    0|  50176|   32|     1|      1605632|
    |l0_weight_3_U  |layer0_l0_weight_3  |       91|  0|   0|    0|  50176|   32|     1|      1605632|
    |l0_weight_4_U  |layer0_l0_weight_4  |       91|  0|   0|    0|  50176|   32|     1|      1605632|
    |pre_U          |layer0_pre          |        1|  0|   0|    0|     64|   32|     1|         2048|
    +---------------+--------------------+---------+---+----+-----+-------+-----+------+-------------+
    |Total          |                    |      456|  0|   0|    0| 250944|  192|     6|      8030208|
    +---------------+--------------------+---------+---+----+-----+-------+-----+------+-------------+

    * FIFO: 
    N/A

    * Expression: 
    +-------------------------+----------+-------+---+----+------------+------------+
    |      Variable Name      | Operation| DSP48E| FF| LUT| Bitwidth P0| Bitwidth P1|
    +-------------------------+----------+-------+---+----+------------+------------+
    |add_ln39_1_fu_3577_p2    |     +    |      0|  0|  23|          10|          16|
    |add_ln39_fu_3559_p2      |     +    |      0|  0|  23|          16|          16|
    |d_fu_3495_p2             |     +    |      0|  0|  11|           1|           3|
    |i_fu_3464_p2             |     +    |      0|  0|  17|          10|           1|
    |o_3_fu_4497_p2           |     +    |      0|  0|  15|           7|           1|
    |o_4_fu_3553_p2           |     +    |      0|  0|  15|           7|           1|
    |o_fu_2296_p2             |     +    |      0|  0|  15|           7|           1|
    |icmp_ln20_fu_2290_p2     |   icmp   |      0|  0|  11|           7|           8|
    |icmp_ln26_fu_3458_p2     |   icmp   |      0|  0|  13|          10|           9|
    |icmp_ln33_fu_3547_p2     |   icmp   |      0|  0|  11|           7|           8|
    |icmp_ln35_fu_3479_p2     |   icmp   |      0|  0|   9|           3|           4|
    |icmp_ln36_fu_3489_p2     |   icmp   |      0|  0|   9|           2|           3|
    |icmp_ln47_fu_4491_p2     |   icmp   |      0|  0|  11|           7|           8|
    |b_3_10_fu_3530_p3        |  select  |      0|  0|  32|           1|          32|
    |b_3_9_fu_3523_p3         |  select  |      0|  0|  32|           1|          32|
    |select_ln36_fu_3515_p3   |  select  |      0|  0|  32|           1|          30|
    |ap_enable_pp1            |    xor   |      0|  0|   2|           1|           2|
    |ap_enable_pp2            |    xor   |      0|  0|   2|           1|           2|
    |ap_enable_reg_pp2_iter1  |    xor   |      0|  0|   2|           2|           1|
    |xor_ln16_fu_3504_p2      |    xor   |      0|  0|  33|          32|          33|
    +-------------------------+----------+-------+---+----+------------+------------+
    |Total                    |          |      0|  0| 318|         133|         211|
    +-------------------------+----------+-------+---+----+------------+------------+

    * Multiplexer: 
    +-----------------------------------+-----+-----------+-----+-----------+
    |                Name               | LUT | Input Size| Bits| Total Bits|
    +-----------------------------------+-----+-----------+-----+-----------+
    |acc_b_63_10_fu_1046                |    9|          2|   32|         64|
    |acc_b_63_11_fu_1050                |    9|          2|   32|         64|
    |acc_b_63_12_fu_1054                |    9|          2|   32|         64|
    |acc_b_63_13_fu_1058                |    9|          2|   32|         64|
    |acc_b_63_14_fu_1062                |    9|          2|   32|         64|
    |acc_b_63_15_fu_1066                |    9|          2|   32|         64|
    |acc_b_63_16_fu_1070                |    9|          2|   32|         64|
    |acc_b_63_17_fu_1074                |    9|          2|   32|         64|
    |acc_b_63_18_fu_1078                |    9|          2|   32|         64|
    |acc_b_63_19_fu_1082                |    9|          2|   32|         64|
    |acc_b_63_1_fu_1014                 |    9|          2|   32|         64|
    |acc_b_63_20_fu_1086                |    9|          2|   32|         64|
    |acc_b_63_21_fu_1090                |    9|          2|   32|         64|
    |acc_b_63_22_fu_1094                |    9|          2|   32|         64|
    |acc_b_63_23_fu_1098                |    9|          2|   32|         64|
    |acc_b_63_24_fu_1102                |    9|          2|   32|         64|
    |acc_b_63_25_fu_1106                |    9|          2|   32|         64|
    |acc_b_63_26_fu_1110                |    9|          2|   32|         64|
    |acc_b_63_27_fu_1114                |    9|          2|   32|         64|
    |acc_b_63_28_fu_1118                |    9|          2|   32|         64|
    |acc_b_63_29_fu_1122                |    9|          2|   32|         64|
    |acc_b_63_2_fu_1262                 |    9|          2|   32|         64|
    |acc_b_63_30_fu_1126                |    9|          2|   32|         64|
    |acc_b_63_31_fu_1130                |    9|          2|   32|         64|
    |acc_b_63_32_fu_1134                |    9|          2|   32|         64|
    |acc_b_63_33_fu_1138                |    9|          2|   32|         64|
    |acc_b_63_34_fu_1142                |    9|          2|   32|         64|
    |acc_b_63_35_fu_1146                |    9|          2|   32|         64|
    |acc_b_63_36_fu_1150                |    9|          2|   32|         64|
    |acc_b_63_37_fu_1154                |    9|          2|   32|         64|
    |acc_b_63_38_fu_1158                |    9|          2|   32|         64|
    |acc_b_63_39_fu_1162                |    9|          2|   32|         64|
    |acc_b_63_3_fu_1018                 |    9|          2|   32|         64|
    |acc_b_63_40_fu_1166                |    9|          2|   32|         64|
    |acc_b_63_41_fu_1170                |    9|          2|   32|         64|
    |acc_b_63_42_fu_1174                |    9|          2|   32|         64|
    |acc_b_63_43_fu_1178                |    9|          2|   32|         64|
    |acc_b_63_44_fu_1182                |    9|          2|   32|         64|
    |acc_b_63_45_fu_1186                |    9|          2|   32|         64|
    |acc_b_63_46_fu_1190                |    9|          2|   32|         64|
    |acc_b_63_47_fu_1194                |    9|          2|   32|         64|
    |acc_b_63_48_fu_1198                |    9|          2|   32|         64|
    |acc_b_63_49_fu_1202                |    9|          2|   32|         64|
    |acc_b_63_4_fu_1022                 |    9|          2|   32|         64|
    |acc_b_63_50_fu_1206                |    9|          2|   32|         64|
    |acc_b_63_51_fu_1210                |    9|          2|   32|         64|
    |acc_b_63_52_fu_1214                |    9|          2|   32|         64|
    |acc_b_63_53_fu_1218                |    9|          2|   32|         64|
    |acc_b_63_54_fu_1222                |    9|          2|   32|         64|
    |acc_b_63_55_fu_1226                |    9|          2|   32|         64|
    |acc_b_63_56_fu_1230                |    9|          2|   32|         64|
    |acc_b_63_57_fu_1234                |    9|          2|   32|         64|
    |acc_b_63_58_fu_1238                |    9|          2|   32|         64|
    |acc_b_63_59_fu_1242                |    9|          2|   32|         64|
    |acc_b_63_5_fu_1026                 |    9|          2|   32|         64|
    |acc_b_63_60_fu_1246                |    9|          2|   32|         64|
    |acc_b_63_61_fu_1250                |    9|          2|   32|         64|
    |acc_b_63_62_fu_1254                |    9|          2|   32|         64|
    |acc_b_63_63_fu_1258                |    9|          2|   32|         64|
    |acc_b_63_6_fu_1030                 |    9|          2|   32|         64|
    |acc_b_63_7_fu_1034                 |    9|          2|   32|         64|
    |acc_b_63_8_fu_1038                 |    9|          2|   32|         64|
    |acc_b_63_9_fu_1042                 |    9|          2|   32|         64|
    |acc_b_63_fu_1010                   |    9|          2|   32|         64|
    |acc_s_63_10_fu_790                 |    9|          2|   32|         64|
    |acc_s_63_11_fu_794                 |    9|          2|   32|         64|
    |acc_s_63_12_fu_798                 |    9|          2|   32|         64|
    |acc_s_63_13_fu_802                 |    9|          2|   32|         64|
    |acc_s_63_14_fu_806                 |    9|          2|   32|         64|
    |acc_s_63_15_fu_810                 |    9|          2|   32|         64|
    |acc_s_63_16_fu_814                 |    9|          2|   32|         64|
    |acc_s_63_17_fu_818                 |    9|          2|   32|         64|
    |acc_s_63_18_fu_822                 |    9|          2|   32|         64|
    |acc_s_63_19_fu_826                 |    9|          2|   32|         64|
    |acc_s_63_1_fu_758                  |    9|          2|   32|         64|
    |acc_s_63_20_fu_830                 |    9|          2|   32|         64|
    |acc_s_63_21_fu_834                 |    9|          2|   32|         64|
    |acc_s_63_22_fu_838                 |    9|          2|   32|         64|
    |acc_s_63_23_fu_842                 |    9|          2|   32|         64|
    |acc_s_63_24_fu_846                 |    9|          2|   32|         64|
    |acc_s_63_25_fu_850                 |    9|          2|   32|         64|
    |acc_s_63_26_fu_854                 |    9|          2|   32|         64|
    |acc_s_63_27_fu_858                 |    9|          2|   32|         64|
    |acc_s_63_28_fu_862                 |    9|          2|   32|         64|
    |acc_s_63_29_fu_866                 |    9|          2|   32|         64|
    |acc_s_63_2_fu_1006                 |    9|          2|   32|         64|
    |acc_s_63_30_fu_870                 |    9|          2|   32|         64|
    |acc_s_63_31_fu_874                 |    9|          2|   32|         64|
    |acc_s_63_32_fu_878                 |    9|          2|   32|         64|
    |acc_s_63_33_fu_882                 |    9|          2|   32|         64|
    |acc_s_63_34_fu_886                 |    9|          2|   32|         64|
    |acc_s_63_35_fu_890                 |    9|          2|   32|         64|
    |acc_s_63_36_fu_894                 |    9|          2|   32|         64|
    |acc_s_63_37_fu_898                 |    9|          2|   32|         64|
    |acc_s_63_38_fu_902                 |    9|          2|   32|         64|
    |acc_s_63_39_fu_906                 |    9|          2|   32|         64|
    |acc_s_63_3_fu_762                  |    9|          2|   32|         64|
    |acc_s_63_40_fu_910                 |    9|          2|   32|         64|
    |acc_s_63_41_fu_914                 |    9|          2|   32|         64|
    |acc_s_63_42_fu_918                 |    9|          2|   32|         64|
    |acc_s_63_43_fu_922                 |    9|          2|   32|         64|
    |acc_s_63_44_fu_926                 |    9|          2|   32|         64|
    |acc_s_63_45_fu_930                 |    9|          2|   32|         64|
    |acc_s_63_46_fu_934                 |    9|          2|   32|         64|
    |acc_s_63_47_fu_938                 |    9|          2|   32|         64|
    |acc_s_63_48_fu_942                 |    9|          2|   32|         64|
    |acc_s_63_49_fu_946                 |    9|          2|   32|         64|
    |acc_s_63_4_fu_766                  |    9|          2|   32|         64|
    |acc_s_63_50_fu_950                 |    9|          2|   32|         64|
    |acc_s_63_51_fu_954                 |    9|          2|   32|         64|
    |acc_s_63_52_fu_958                 |    9|          2|   32|         64|
    |acc_s_63_53_fu_962                 |    9|          2|   32|         64|
    |acc_s_63_54_fu_966                 |    9|          2|   32|         64|
    |acc_s_63_55_fu_970                 |    9|          2|   32|         64|
    |acc_s_63_56_fu_974                 |    9|          2|   32|         64|
    |acc_s_63_57_fu_978                 |    9|          2|   32|         64|
    |acc_s_63_58_fu_982                 |    9|          2|   32|         64|
    |acc_s_63_59_fu_986                 |    9|          2|   32|         64|
    |acc_s_63_5_fu_770                  |    9|          2|   32|         64|
    |acc_s_63_60_fu_990                 |    9|          2|   32|         64|
    |acc_s_63_61_fu_994                 |    9|          2|   32|         64|
    |acc_s_63_62_fu_998                 |    9|          2|   32|         64|
    |acc_s_63_63_fu_1002                |    9|          2|   32|         64|
    |acc_s_63_6_fu_774                  |    9|          2|   32|         64|
    |acc_s_63_7_fu_778                  |    9|          2|   32|         64|
    |acc_s_63_8_fu_782                  |    9|          2|   32|         64|
    |acc_s_63_9_fu_786                  |    9|          2|   32|         64|
    |acc_s_63_fu_754                    |    9|          2|   32|         64|
    |ap_NS_fsm                          |  353|         80|    1|         80|
    |ap_enable_reg_pp1_iter6            |    9|          2|    1|          2|
    |ap_enable_reg_pp2_iter1            |    9|          2|    1|          2|
    |ap_enable_reg_pp2_iter6            |    9|          2|    1|          2|
    |ap_phi_mux_o1_0_phi_fu_1404_p4     |    9|          2|    7|         14|
    |ap_phi_mux_o2_0_phi_fu_1427_p4     |    9|          2|    7|         14|
    |ap_phi_mux_phi_mul_phi_fu_1415_p4  |    9|          2|   16|         32|
    |d_0_i_reg_1389                     |    9|          2|    3|          6|
    |empty_14_reg_1379                  |    9|          2|   32|         64|
    |grp_fu_1446_opcode                 |   15|          3|    2|          6|
    |grp_fu_1446_p0                     |   44|          9|   32|        288|
    |grp_fu_1446_p1                     |   44|          9|   32|        288|
    |grp_fu_1453_p0                     |   15|          3|   32|         96|
    |grp_fu_1453_p1                     |   15|          3|   32|         96|
    |grp_fu_1457_p0                     |   38|          7|   32|        224|
    |grp_fu_1457_p1                     |   41|          8|   32|        256|
    |grp_fu_1466_p0                     |   15|          3|   32|         96|
    |grp_fu_1466_p1                     |   15|          3|   32|         96|
    |grp_fu_1471_p1                     |   15|          3|   32|         96|
    |i_0_reg_1367                       |    9|          2|   10|         20|
    |o1_0_reg_1400                      |    9|          2|    7|         14|
    |o2_0_reg_1423                      |    9|          2|    7|         14|
    |o_0_reg_1356                       |    9|          2|    7|         14|
    |phi_mul_reg_1411                   |    9|          2|   16|         32|
    |pre_address0                       |   15|          3|    6|         18|
    |pre_ce0                            |   15|          3|    1|          3|
    +-----------------------------------+-----+-----------+-----+-----------+
    |Total                              | 1909|        419| 4509|      10065|
    +-----------------------------------+-----+-----------+-----+-----------+

    * Register: 
    +------------------------------------------------+----+----+-----+-----------+
    |                      Name                      | FF | LUT| Bits| Const Bits|
    +------------------------------------------------+----+----+-----+-----------+
    |acc_b_63_10_fu_1046                             |  32|   0|   32|          0|
    |acc_b_63_11_fu_1050                             |  32|   0|   32|          0|
    |acc_b_63_12_fu_1054                             |  32|   0|   32|          0|
    |acc_b_63_13_fu_1058                             |  32|   0|   32|          0|
    |acc_b_63_14_fu_1062                             |  32|   0|   32|          0|
    |acc_b_63_15_fu_1066                             |  32|   0|   32|          0|
    |acc_b_63_16_fu_1070                             |  32|   0|   32|          0|
    |acc_b_63_17_fu_1074                             |  32|   0|   32|          0|
    |acc_b_63_18_fu_1078                             |  32|   0|   32|          0|
    |acc_b_63_19_fu_1082                             |  32|   0|   32|          0|
    |acc_b_63_1_fu_1014                              |  32|   0|   32|          0|
    |acc_b_63_20_fu_1086                             |  32|   0|   32|          0|
    |acc_b_63_21_fu_1090                             |  32|   0|   32|          0|
    |acc_b_63_22_fu_1094                             |  32|   0|   32|          0|
    |acc_b_63_23_fu_1098                             |  32|   0|   32|          0|
    |acc_b_63_24_fu_1102                             |  32|   0|   32|          0|
    |acc_b_63_25_fu_1106                             |  32|   0|   32|          0|
    |acc_b_63_26_fu_1110                             |  32|   0|   32|          0|
    |acc_b_63_27_fu_1114                             |  32|   0|   32|          0|
    |acc_b_63_28_fu_1118                             |  32|   0|   32|          0|
    |acc_b_63_29_fu_1122                             |  32|   0|   32|          0|
    |acc_b_63_2_fu_1262                              |  32|   0|   32|          0|
    |acc_b_63_30_fu_1126                             |  32|   0|   32|          0|
    |acc_b_63_31_fu_1130                             |  32|   0|   32|          0|
    |acc_b_63_32_fu_1134                             |  32|   0|   32|          0|
    |acc_b_63_33_fu_1138                             |  32|   0|   32|          0|
    |acc_b_63_34_fu_1142                             |  32|   0|   32|          0|
    |acc_b_63_35_fu_1146                             |  32|   0|   32|          0|
    |acc_b_63_36_fu_1150                             |  32|   0|   32|          0|
    |acc_b_63_37_fu_1154                             |  32|   0|   32|          0|
    |acc_b_63_38_fu_1158                             |  32|   0|   32|          0|
    |acc_b_63_39_fu_1162                             |  32|   0|   32|          0|
    |acc_b_63_3_fu_1018                              |  32|   0|   32|          0|
    |acc_b_63_40_fu_1166                             |  32|   0|   32|          0|
    |acc_b_63_41_fu_1170                             |  32|   0|   32|          0|
    |acc_b_63_42_fu_1174                             |  32|   0|   32|          0|
    |acc_b_63_43_fu_1178                             |  32|   0|   32|          0|
    |acc_b_63_44_fu_1182                             |  32|   0|   32|          0|
    |acc_b_63_45_fu_1186                             |  32|   0|   32|          0|
    |acc_b_63_46_fu_1190                             |  32|   0|   32|          0|
    |acc_b_63_47_fu_1194                             |  32|   0|   32|          0|
    |acc_b_63_48_fu_1198                             |  32|   0|   32|          0|
    |acc_b_63_49_fu_1202                             |  32|   0|   32|          0|
    |acc_b_63_4_fu_1022                              |  32|   0|   32|          0|
    |acc_b_63_50_fu_1206                             |  32|   0|   32|          0|
    |acc_b_63_51_fu_1210                             |  32|   0|   32|          0|
    |acc_b_63_52_fu_1214                             |  32|   0|   32|          0|
    |acc_b_63_53_fu_1218                             |  32|   0|   32|          0|
    |acc_b_63_54_fu_1222                             |  32|   0|   32|          0|
    |acc_b_63_55_fu_1226                             |  32|   0|   32|          0|
    |acc_b_63_56_fu_1230                             |  32|   0|   32|          0|
    |acc_b_63_57_fu_1234                             |  32|   0|   32|          0|
    |acc_b_63_58_fu_1238                             |  32|   0|   32|          0|
    |acc_b_63_59_fu_1242                             |  32|   0|   32|          0|
    |acc_b_63_5_fu_1026                              |  32|   0|   32|          0|
    |acc_b_63_60_fu_1246                             |  32|   0|   32|          0|
    |acc_b_63_61_fu_1250                             |  32|   0|   32|          0|
    |acc_b_63_62_fu_1254                             |  32|   0|   32|          0|
    |acc_b_63_63_fu_1258                             |  32|   0|   32|          0|
    |acc_b_63_6_fu_1030                              |  32|   0|   32|          0|
    |acc_b_63_7_fu_1034                              |  32|   0|   32|          0|
    |acc_b_63_8_fu_1038                              |  32|   0|   32|          0|
    |acc_b_63_9_fu_1042                              |  32|   0|   32|          0|
    |acc_b_63_fu_1010                                |  32|   0|   32|          0|
    |acc_s_63_10_fu_790                              |  32|   0|   32|          0|
    |acc_s_63_11_fu_794                              |  32|   0|   32|          0|
    |acc_s_63_12_fu_798                              |  32|   0|   32|          0|
    |acc_s_63_13_fu_802                              |  32|   0|   32|          0|
    |acc_s_63_14_fu_806                              |  32|   0|   32|          0|
    |acc_s_63_15_fu_810                              |  32|   0|   32|          0|
    |acc_s_63_16_fu_814                              |  32|   0|   32|          0|
    |acc_s_63_17_fu_818                              |  32|   0|   32|          0|
    |acc_s_63_18_fu_822                              |  32|   0|   32|          0|
    |acc_s_63_19_fu_826                              |  32|   0|   32|          0|
    |acc_s_63_1_fu_758                               |  32|   0|   32|          0|
    |acc_s_63_20_fu_830                              |  32|   0|   32|          0|
    |acc_s_63_21_fu_834                              |  32|   0|   32|          0|
    |acc_s_63_22_fu_838                              |  32|   0|   32|          0|
    |acc_s_63_23_fu_842                              |  32|   0|   32|          0|
    |acc_s_63_24_fu_846                              |  32|   0|   32|          0|
    |acc_s_63_25_fu_850                              |  32|   0|   32|          0|
    |acc_s_63_26_fu_854                              |  32|   0|   32|          0|
    |acc_s_63_27_fu_858                              |  32|   0|   32|          0|
    |acc_s_63_28_fu_862                              |  32|   0|   32|          0|
    |acc_s_63_29_fu_866                              |  32|   0|   32|          0|
    |acc_s_63_2_fu_1006                              |  32|   0|   32|          0|
    |acc_s_63_30_fu_870                              |  32|   0|   32|          0|
    |acc_s_63_31_fu_874                              |  32|   0|   32|          0|
    |acc_s_63_32_fu_878                              |  32|   0|   32|          0|
    |acc_s_63_33_fu_882                              |  32|   0|   32|          0|
    |acc_s_63_34_fu_886                              |  32|   0|   32|          0|
    |acc_s_63_35_fu_890                              |  32|   0|   32|          0|
    |acc_s_63_36_fu_894                              |  32|   0|   32|          0|
    |acc_s_63_37_fu_898                              |  32|   0|   32|          0|
    |acc_s_63_38_fu_902                              |  32|   0|   32|          0|
    |acc_s_63_39_fu_906                              |  32|   0|   32|          0|
    |acc_s_63_3_fu_762                               |  32|   0|   32|          0|
    |acc_s_63_40_fu_910                              |  32|   0|   32|          0|
    |acc_s_63_41_fu_914                              |  32|   0|   32|          0|
    |acc_s_63_42_fu_918                              |  32|   0|   32|          0|
    |acc_s_63_43_fu_922                              |  32|   0|   32|          0|
    |acc_s_63_44_fu_926                              |  32|   0|   32|          0|
    |acc_s_63_45_fu_930                              |  32|   0|   32|          0|
    |acc_s_63_46_fu_934                              |  32|   0|   32|          0|
    |acc_s_63_47_fu_938                              |  32|   0|   32|          0|
    |acc_s_63_48_fu_942                              |  32|   0|   32|          0|
    |acc_s_63_49_fu_946                              |  32|   0|   32|          0|
    |acc_s_63_4_fu_766                               |  32|   0|   32|          0|
    |acc_s_63_50_fu_950                              |  32|   0|   32|          0|
    |acc_s_63_51_fu_954                              |  32|   0|   32|          0|
    |acc_s_63_52_fu_958                              |  32|   0|   32|          0|
    |acc_s_63_53_fu_962                              |  32|   0|   32|          0|
    |acc_s_63_54_fu_966                              |  32|   0|   32|          0|
    |acc_s_63_55_fu_970                              |  32|   0|   32|          0|
    |acc_s_63_56_fu_974                              |  32|   0|   32|          0|
    |acc_s_63_57_fu_978                              |  32|   0|   32|          0|
    |acc_s_63_58_fu_982                              |  32|   0|   32|          0|
    |acc_s_63_59_fu_986                              |  32|   0|   32|          0|
    |acc_s_63_5_fu_770                               |  32|   0|   32|          0|
    |acc_s_63_60_fu_990                              |  32|   0|   32|          0|
    |acc_s_63_61_fu_994                              |  32|   0|   32|          0|
    |acc_s_63_62_fu_998                              |  32|   0|   32|          0|
    |acc_s_63_63_fu_1002                             |  32|   0|   32|          0|
    |acc_s_63_6_fu_774                               |  32|   0|   32|          0|
    |acc_s_63_7_fu_778                               |  32|   0|   32|          0|
    |acc_s_63_8_fu_782                               |  32|   0|   32|          0|
    |acc_s_63_9_fu_786                               |  32|   0|   32|          0|
    |acc_s_63_fu_754                                 |  32|   0|   32|          0|
    |add_ln39_1_reg_7238                             |  16|   0|   16|          0|
    |ap_CS_fsm                                       |  79|   0|   79|          0|
    |ap_enable_reg_pp1_iter0                         |   1|   0|    1|          0|
    |ap_enable_reg_pp1_iter1                         |   1|   0|    1|          0|
    |ap_enable_reg_pp1_iter2                         |   1|   0|    1|          0|
    |ap_enable_reg_pp1_iter3                         |   1|   0|    1|          0|
    |ap_enable_reg_pp1_iter4                         |   1|   0|    1|          0|
    |ap_enable_reg_pp1_iter5                         |   1|   0|    1|          0|
    |ap_enable_reg_pp1_iter6                         |   1|   0|    1|          0|
    |ap_enable_reg_pp2_iter0                         |   1|   0|    1|          0|
    |ap_enable_reg_pp2_iter1                         |   1|   0|    1|          0|
    |ap_enable_reg_pp2_iter2                         |   1|   0|    1|          0|
    |ap_enable_reg_pp2_iter3                         |   1|   0|    1|          0|
    |ap_enable_reg_pp2_iter4                         |   1|   0|    1|          0|
    |ap_enable_reg_pp2_iter5                         |   1|   0|    1|          0|
    |ap_enable_reg_pp2_iter6                         |   1|   0|    1|          0|
    |b_3_7_fu_750                                    |  32|   0|   32|          0|
    |b_3_fu_746                                      |  32|   0|   32|          0|
    |d_0_i_reg_1389                                  |   3|   0|    3|          0|
    |d_reg_7143                                      |   3|   0|    3|          0|
    |empty_14_reg_1379                               |  32|   0|   32|          0|
    |grp_gram_ln_silu_f32_64_s_fu_1435_ap_start_reg  |   1|   0|    1|          0|
    |i_0_reg_1367                                    |  10|   0|   10|          0|
    |i_reg_7111                                      |  10|   0|   10|          0|
    |icmp_ln33_reg_7163                              |   1|   0|    1|          0|
    |icmp_ln36_reg_7136                              |   1|   0|    1|          0|
    |icmp_ln47_reg_7278                              |   1|   0|    1|          0|
    |l0_weight_0_load_reg_7203                       |  32|   0|   32|          0|
    |l0_weight_2_load_reg_7213                       |  32|   0|   32|          0|
    |l0_weight_3_load_reg_7218                       |  32|   0|   32|          0|
    |l0_weight_4_load_reg_7223                       |  32|   0|   32|          0|
    |o1_0_reg_1400                                   |   7|   0|    7|          0|
    |o2_0_reg_1423                                   |   7|   0|    7|          0|
    |o_0_reg_1356                                    |   7|   0|    7|          0|
    |o_3_reg_7282                                    |   7|   0|    7|          0|
    |o_4_reg_7167                                    |   7|   0|    7|          0|
    |phi_mul_reg_1411                                |  16|   0|   16|          0|
    |reg_1868                                        |  32|   0|   32|          0|
    |reg_1874                                        |  32|   0|   32|          0|
    |reg_1879                                        |  32|   0|   32|          0|
    |reg_1888                                        |  32|   0|   32|          0|
    |reg_1894                                        |  32|   0|   32|          0|
    |reg_1900                                        |  32|   0|   32|          0|
    |ss_1_reg_7258                                   |  32|   0|   32|          0|
    |ss_2_reg_7263                                   |  32|   0|   32|          0|
    |ss_3_reg_7268                                   |  32|   0|   32|          0|
    |tmp_20_reg_7248                                 |  32|   0|   32|          0|
    |tmp_22_reg_7287                                 |  32|   0|   32|          0|
    |tmp_23_reg_7292                                 |  32|   0|   32|          0|
    |tmp_26_3_reg_7243                               |  32|   0|   32|          0|
    |trunc_ln41_reg_7192                             |   6|   0|    6|          0|
    |x_reg_7121                                      |  32|   0|   32|          0|
    |zext_ln26_reg_7128                              |  10|   0|   16|          6|
    |icmp_ln33_reg_7163                              |  64|  32|    1|          0|
    |icmp_ln47_reg_7278                              |  64|  32|    1|          0|
    |o2_0_reg_1423                                   |  64|  32|    7|          0|
    |reg_1894                                        |  64|  32|   32|          0|
    |tmp_26_3_reg_7243                               |  64|  32|   32|          0|
    |trunc_ln41_reg_7192                             |  64|  32|    6|          0|
    +------------------------------------------------+----+----+-----+-----------+
    |Total                                           |5358| 192| 5059|          6|
    +------------------------------------------------+----+----+-----+-----------+



================================================================
== Interface
================================================================
* Summary: 
+----------------+-----+-----+------------+--------------+--------------+
|    RTL Ports   | Dir | Bits|  Protocol  | Source Object|    C Type    |
+----------------+-----+-----+------------+--------------+--------------+
|ap_clk          |  in |    1| ap_ctrl_hs |    layer0    | return value |
|ap_rst          |  in |    1| ap_ctrl_hs |    layer0    | return value |
|ap_start        |  in |    1| ap_ctrl_hs |    layer0    | return value |
|ap_done         | out |    1| ap_ctrl_hs |    layer0    | return value |
|ap_idle         | out |    1| ap_ctrl_hs |    layer0    | return value |
|ap_ready        | out |    1| ap_ctrl_hs |    layer0    | return value |
|in_r_address0   | out |   10|  ap_memory |     in_r     |     array    |
|in_r_ce0        | out |    1|  ap_memory |     in_r     |     array    |
|in_r_q0         |  in |   32|  ap_memory |     in_r     |     array    |
|out_r_address0  | out |    6|  ap_memory |     out_r    |     array    |
|out_r_ce0       | out |    1|  ap_memory |     out_r    |     array    |
|out_r_we0       | out |    1|  ap_memory |     out_r    |     array    |
|out_r_d0        | out |   32|  ap_memory |     out_r    |     array    |
+----------------+-----+-----+------------+--------------+--------------+

