

================================================================
== Vivado HLS Report for 'gram_ln_silu_f32_10_s'
================================================================
* Date:           Fri Jul 10 02:59:02 2026

* Version:        2019.1 (Build 2552052 on Fri May 24 15:28:33 MDT 2019)
* Project:        gram_fp32_alt
* Solution:       sol1
* Product family: zynquplus
* Target device:  xczu7ev-ffvc1156-2-e


================================================================
== Performance Estimates
================================================================
+ Timing (ns): 
    * Summary: 
    +--------+-------+----------+------------+
    |  Clock | Target| Estimated| Uncertainty|
    +--------+-------+----------+------------+
    |ap_clk  |   6.67|     5.702|        0.83|
    +--------+-------+----------+------------+

+ Latency (clock cycles): 
    * Summary: 
    +-----+-----+-----+-----+---------+
    |  Latency  |  Interval | Pipeline|
    | min | max | min | max |   Type  |
    +-----+-----+-----+-----+---------+
    |  189|  189|  189|  189|   none  |
    +-----+-----+-----+-----+---------+

    + Detail: 
        * Instance: 
        N/A

        * Loop: 
        +-----------+-----+-----+----------+-----------+-----------+------+----------+
        |           |  Latency  | Iteration|  Initiation Interval  | Trip |          |
        | Loop Name | min | max |  Latency |  achieved |   target  | Count| Pipelined|
        +-----------+-----+-----+----------+-----------+-----------+------+----------+
        |- LNF_SUM  |   40|   40|         5|          4|          1|    10|    yes   |
        |- LNF_VAR  |   49|   49|        14|          4|          1|    10|    yes   |
        |- LNF_OUT  |   51|   51|        43|          1|          1|    10|    yes   |
        +-----------+-----+-----+----------+-----------+-----------+------+----------+



================================================================
== Utilization Estimates
================================================================
* Summary: 
+-----------------+---------+-------+--------+--------+-----+
|       Name      | BRAM_18K| DSP48E|   FF   |   LUT  | URAM|
+-----------------+---------+-------+--------+--------+-----+
|DSP              |        -|      -|       -|       -|    -|
|Expression       |        -|      -|       0|     104|    -|
|FIFO             |        -|      -|       -|       -|    -|
|Instance         |        -|     19|    2199|    3551|    -|
|Memory           |        0|      -|      64|      10|    -|
|Multiplexer      |        -|      -|       -|     503|    -|
|Register         |        0|      -|     804|     192|    -|
+-----------------+---------+-------+--------+--------+-----+
|Total            |        0|     19|    3067|    4360|    0|
+-----------------+---------+-------+--------+--------+-----+
|Available        |      624|   1728|  460800|  230400|   96|
+-----------------+---------+-------+--------+--------+-----+
|Utilization (%)  |        0|      1|   ~0   |       1|    0|
+-----------------+---------+-------+--------+--------+-----+

+ Detail: 
    * Instance: 
    +--------------------------+----------------------+---------+-------+-----+-----+-----+
    |         Instance         |        Module        | BRAM_18K| DSP48E|  FF | LUT | URAM|
    +--------------------------+----------------------+---------+-------+-----+-----+-----+
    |kan_top_fadd_32nsdEe_U39  |kan_top_fadd_32nsdEe  |        0|      0|  168|  434|    0|
    |kan_top_fadd_32nsfYi_U41  |kan_top_fadd_32nsfYi  |        0|      2|  205|  208|    0|
    |kan_top_fadd_32nsfYi_U42  |kan_top_fadd_32nsfYi  |        0|      2|  205|  208|    0|
    |kan_top_faddfsub_eOg_U40  |kan_top_faddfsub_eOg  |        0|      2|  205|  208|    0|
    |kan_top_fdiv_32nshbi_U45  |kan_top_fdiv_32nshbi  |        0|      0|  459|  799|    0|
    |kan_top_fexp_32nsjbC_U47  |kan_top_fexp_32nsjbC  |        0|      7|  324|  905|    0|
    |kan_top_fmul_32nsg8j_U43  |kan_top_fmul_32nsg8j  |        0|      3|  143|  139|    0|
    |kan_top_fmul_32nsg8j_U44  |kan_top_fmul_32nsg8j  |        0|      3|  143|  139|    0|
    |kan_top_fsqrt_32nibs_U46  |kan_top_fsqrt_32nibs  |        0|      0|  347|  511|    0|
    +--------------------------+----------------------+---------+-------+-----+-----+-----+
    |Total                     |                      |        0|     19| 2199| 3551|    0|
    +--------------------------+----------------------+---------+-------+-----+-----+-----+

    * DSP48E: 
    N/A

    * Memory: 
    +------------+----------------------+---------+----+----+-----+------+-----+------+-------------+
    |   Memory   |        Module        | BRAM_18K| FF | LUT| URAM| Words| Bits| Banks| W*Bits*Banks|
    +------------+----------------------+---------+----+----+-----+------+-----+------+-------------+
    |l1_gamma_U  |gram_ln_silu_f32_lbW  |        0|  32|   5|    0|    10|   32|     1|          320|
    |l1_beta_U   |gram_ln_silu_f32_mb6  |        0|  32|   5|    0|    10|   32|     1|          320|
    +------------+----------------------+---------+----+----+-----+------+-----+------+-------------+
    |Total       |                      |        0|  64|  10|    0|    20|   64|     2|          640|
    +------------+----------------------+---------+----+----+-----+------+-----+------+-------------+

    * FIFO: 
    N/A

    * Expression: 
    +-------------------------+----------+-------+---+----+------------+------------+
    |      Variable Name      | Operation| DSP48E| FF| LUT| Bitwidth P0| Bitwidth P1|
    +-------------------------+----------+-------+---+----+------------+------------+
    |o_7_fu_286_p2            |     +    |      0|  0|  12|           4|           1|
    |o_8_fu_303_p2            |     +    |      0|  0|  12|           4|           1|
    |o_fu_269_p2              |     +    |      0|  0|  12|           4|           1|
    |icmp_ln46_fu_263_p2      |   icmp   |      0|  0|   9|           4|           4|
    |icmp_ln53_fu_280_p2      |   icmp   |      0|  0|   9|           4|           4|
    |icmp_ln60_fu_297_p2      |   icmp   |      0|  0|   9|           4|           4|
    |ap_enable_pp0            |    xor   |      0|  0|   2|           1|           2|
    |ap_enable_pp1            |    xor   |      0|  0|   2|           1|           2|
    |ap_enable_pp2            |    xor   |      0|  0|   2|           1|           2|
    |ap_enable_reg_pp2_iter1  |    xor   |      0|  0|   2|           2|           1|
    |xor_ln16_fu_317_p2       |    xor   |      0|  0|  33|          32|          33|
    +-------------------------+----------+-------+---+----+------------+------------+
    |Total                    |          |      0|  0| 104|          61|          55|
    +-------------------------+----------+-------+---+----+------------+------------+

    * Multiplexer: 
    +-------------------------------+-----+-----------+-----+-----------+
    |              Name             | LUT | Input Size| Bits| Total Bits|
    +-------------------------------+-----+-----------+-----+-----------+
    |ap_NS_fsm                      |  245|         57|    1|         57|
    |ap_enable_reg_pp0_iter1        |    9|          2|    1|          2|
    |ap_enable_reg_pp1_iter3        |    9|          2|    1|          2|
    |ap_enable_reg_pp2_iter1        |    9|          2|    1|          2|
    |ap_enable_reg_pp2_iter42       |    9|          2|    1|          2|
    |ap_phi_mux_o1_0_phi_fu_165_p4  |    9|          2|    4|          8|
    |ap_phi_mux_o_0_phi_fu_142_p4   |    9|          2|    4|          8|
    |grp_fu_183_p0                  |   15|          3|   32|         96|
    |grp_fu_183_p1                  |   15|          3|   32|         96|
    |grp_fu_189_opcode              |   15|          3|    2|          6|
    |grp_fu_189_p0                  |   15|          3|   32|         96|
    |grp_fu_189_p1                  |   15|          3|   32|         96|
    |grp_fu_205_p1                  |   15|          3|   32|         96|
    |grp_fu_214_p0                  |   27|          5|   32|        160|
    |grp_fu_214_p1                  |   21|          4|   32|        128|
    |o1_0_reg_161                   |    9|          2|    4|          8|
    |o2_0_reg_172                   |    9|          2|    4|          8|
    |o_0_reg_138                    |    9|          2|    4|          8|
    |pre_address0                   |   21|          4|    4|         16|
    |q_0_reg_149                    |    9|          2|   32|         64|
    |s_0_reg_126                    |    9|          2|   32|         64|
    +-------------------------------+-----+-----------+-----+-----------+
    |Total                          |  503|        110|  319|       1023|
    +-------------------------------+-----+-----------+-----+-----------+

    * Register: 
    +--------------------------+----+----+-----+-----------+
    |           Name           | FF | LUT| Bits| Const Bits|
    +--------------------------+----+----+-----+-----------+
    |ap_CS_fsm                 |  56|   0|   56|          0|
    |ap_enable_reg_pp0_iter0   |   1|   0|    1|          0|
    |ap_enable_reg_pp0_iter1   |   1|   0|    1|          0|
    |ap_enable_reg_pp1_iter0   |   1|   0|    1|          0|
    |ap_enable_reg_pp1_iter1   |   1|   0|    1|          0|
    |ap_enable_reg_pp1_iter2   |   1|   0|    1|          0|
    |ap_enable_reg_pp1_iter3   |   1|   0|    1|          0|
    |ap_enable_reg_pp2_iter0   |   1|   0|    1|          0|
    |ap_enable_reg_pp2_iter1   |   1|   0|    1|          0|
    |ap_enable_reg_pp2_iter10  |   1|   0|    1|          0|
    |ap_enable_reg_pp2_iter11  |   1|   0|    1|          0|
    |ap_enable_reg_pp2_iter12  |   1|   0|    1|          0|
    |ap_enable_reg_pp2_iter13  |   1|   0|    1|          0|
    |ap_enable_reg_pp2_iter14  |   1|   0|    1|          0|
    |ap_enable_reg_pp2_iter15  |   1|   0|    1|          0|
    |ap_enable_reg_pp2_iter16  |   1|   0|    1|          0|
    |ap_enable_reg_pp2_iter17  |   1|   0|    1|          0|
    |ap_enable_reg_pp2_iter18  |   1|   0|    1|          0|
    |ap_enable_reg_pp2_iter19  |   1|   0|    1|          0|
    |ap_enable_reg_pp2_iter2   |   1|   0|    1|          0|
    |ap_enable_reg_pp2_iter20  |   1|   0|    1|          0|
    |ap_enable_reg_pp2_iter21  |   1|   0|    1|          0|
    |ap_enable_reg_pp2_iter22  |   1|   0|    1|          0|
    |ap_enable_reg_pp2_iter23  |   1|   0|    1|          0|
    |ap_enable_reg_pp2_iter24  |   1|   0|    1|          0|
    |ap_enable_reg_pp2_iter25  |   1|   0|    1|          0|
    |ap_enable_reg_pp2_iter26  |   1|   0|    1|          0|
    |ap_enable_reg_pp2_iter27  |   1|   0|    1|          0|
    |ap_enable_reg_pp2_iter28  |   1|   0|    1|          0|
    |ap_enable_reg_pp2_iter29  |   1|   0|    1|          0|
    |ap_enable_reg_pp2_iter3   |   1|   0|    1|          0|
    |ap_enable_reg_pp2_iter30  |   1|   0|    1|          0|
    |ap_enable_reg_pp2_iter31  |   1|   0|    1|          0|
    |ap_enable_reg_pp2_iter32  |   1|   0|    1|          0|
    |ap_enable_reg_pp2_iter33  |   1|   0|    1|          0|
    |ap_enable_reg_pp2_iter34  |   1|   0|    1|          0|
    |ap_enable_reg_pp2_iter35  |   1|   0|    1|          0|
    |ap_enable_reg_pp2_iter36  |   1|   0|    1|          0|
    |ap_enable_reg_pp2_iter37  |   1|   0|    1|          0|
    |ap_enable_reg_pp2_iter38  |   1|   0|    1|          0|
    |ap_enable_reg_pp2_iter39  |   1|   0|    1|          0|
    |ap_enable_reg_pp2_iter4   |   1|   0|    1|          0|
    |ap_enable_reg_pp2_iter40  |   1|   0|    1|          0|
    |ap_enable_reg_pp2_iter41  |   1|   0|    1|          0|
    |ap_enable_reg_pp2_iter42  |   1|   0|    1|          0|
    |ap_enable_reg_pp2_iter5   |   1|   0|    1|          0|
    |ap_enable_reg_pp2_iter6   |   1|   0|    1|          0|
    |ap_enable_reg_pp2_iter7   |   1|   0|    1|          0|
    |ap_enable_reg_pp2_iter8   |   1|   0|    1|          0|
    |ap_enable_reg_pp2_iter9   |   1|   0|    1|          0|
    |icmp_ln46_reg_328         |   1|   0|    1|          0|
    |icmp_ln53_reg_347         |   1|   0|    1|          0|
    |icmp_ln60_reg_366         |   1|   0|    1|          0|
    |l1_beta_load_reg_407      |  32|   0|   32|          0|
    |mu_reg_342                |  32|   0|   32|          0|
    |o1_0_reg_161              |   4|   0|    4|          0|
    |o2_0_reg_172              |   4|   0|    4|          0|
    |o_0_reg_138               |   4|   0|    4|          0|
    |o_7_reg_351               |   4|   0|    4|          0|
    |o_reg_332                 |   4|   0|    4|          0|
    |q_0_reg_149               |  32|   0|   32|          0|
    |reg_244                   |  32|   0|   32|          0|
    |reg_251                   |  32|   0|   32|          0|
    |reg_257                   |  32|   0|   32|          0|
    |s_0_reg_126               |  32|   0|   32|          0|
    |tmp_30_reg_361            |  32|   0|   32|          0|
    |tmp_34_reg_402            |  32|   0|   32|          0|
    |tmp_35_reg_423            |  32|   0|   32|          0|
    |tmp_36_reg_428            |  32|   0|   32|          0|
    |tmp_37_reg_433            |  32|   0|   32|          0|
    |y_reg_412                 |  32|   0|   32|          0|
    |zext_ln62_reg_375         |   4|   0|   64|         60|
    |icmp_ln53_reg_347         |  64|  32|    1|          0|
    |icmp_ln60_reg_366         |  64|  64|    1|          0|
    |y_reg_412                 |  64|  32|   32|          0|
    |zext_ln62_reg_375         |  64|  64|   64|         60|
    +--------------------------+----+----+-----+-----------+
    |Total                     | 804| 192|  706|        120|
    +--------------------------+----+----+-----+-----------+



================================================================
== Interface
================================================================
* Summary: 
+----------------+-----+-----+------------+----------------------+--------------+
|    RTL Ports   | Dir | Bits|  Protocol  |     Source Object    |    C Type    |
+----------------+-----+-----+------------+----------------------+--------------+
|ap_clk          |  in |    1| ap_ctrl_hs | gram_ln_silu_f32<10> | return value |
|ap_rst          |  in |    1| ap_ctrl_hs | gram_ln_silu_f32<10> | return value |
|ap_start        |  in |    1| ap_ctrl_hs | gram_ln_silu_f32<10> | return value |
|ap_done         | out |    1| ap_ctrl_hs | gram_ln_silu_f32<10> | return value |
|ap_idle         | out |    1| ap_ctrl_hs | gram_ln_silu_f32<10> | return value |
|ap_ready        | out |    1| ap_ctrl_hs | gram_ln_silu_f32<10> | return value |
|pre_address0    | out |    4|  ap_memory |          pre         |     array    |
|pre_ce0         | out |    1|  ap_memory |          pre         |     array    |
|pre_q0          |  in |   32|  ap_memory |          pre         |     array    |
|out_r_address0  | out |    4|  ap_memory |         out_r        |     array    |
|out_r_ce0       | out |    1|  ap_memory |         out_r        |     array    |
|out_r_we0       | out |    1|  ap_memory |         out_r        |     array    |
|out_r_d0        | out |   32|  ap_memory |         out_r        |     array    |
+----------------+-----+-----+------------+----------------------+--------------+

