

================================================================
== Vivado HLS Report for 'gram_ln_silu_f32_64_s'
================================================================
* Date:           Fri Jul 10 02:58:58 2026

* Version:        2019.1 (Build 2552052 on Fri May 24 15:28:33 MDT 2019)
* Project:        gram_fp32_alt
* Solution:       sol1
* Product family: zynquplus
* Target device:  xczu7ev-ffvc1156-2-e


================================================================
== Performance Estimates
================================================================
+ Timing (ns): 
    * Summary: 
    +--------+-------+----------+------------+
    |  Clock | Target| Estimated| Uncertainty|
    +--------+-------+----------+------------+
    |ap_clk  |   6.67|     5.694|        0.83|
    +--------+-------+----------+------------+

+ Latency (clock cycles): 
    * Summary: 
    +-----+-----+-----+-----+---------+
    |  Latency  |  Interval | Pipeline|
    | min | max | min | max |   Type  |
    +-----+-----+-----+-----+---------+
    |  666|  666|  666|  666|   none  |
    +-----+-----+-----+-----+---------+

    + Detail: 
        * Instance: 
        N/A

        * Loop: 
        +-----------+-----+-----+----------+-----------+-----------+------+----------+
        |           |  Latency  | Iteration|  Initiation Interval  | Trip |          |
        | Loop Name | min | max |  Latency |  achieved |   target  | Count| Pipelined|
        +-----------+-----+-----+----------+-----------+-----------+------+----------+
        |- LNF_SUM  |  257|  257|         6|          4|          1|    64|    yes   |
        |- LNF_VAR  |  266|  266|        15|          4|          1|    64|    yes   |
        |- LNF_OUT  |  106|  106|        44|          1|          1|    64|    yes   |
        +-----------+-----+-----+----------+-----------+-----------+------+----------+



================================================================
== Utilization Estimates
================================================================
* Summary: 
+-----------------+---------+-------+--------+--------+-----+
|       Name      | BRAM_18K| DSP48E|   FF   |   LUT  | URAM|
+-----------------+---------+-------+--------+--------+-----+
|DSP              |        -|      -|       -|       -|    -|
|Expression       |        -|      -|       0|     119|    -|
|FIFO             |        -|      -|       -|       -|    -|
|Instance         |        -|     19|    2199|    3551|    -|
|Memory           |        2|      -|       0|       0|    -|
|Multiplexer      |        -|      -|       -|     464|    -|
|Register         |        0|      -|     844|     192|    -|
+-----------------+---------+-------+--------+--------+-----+
|Total            |        2|     19|    3043|    4326|    0|
+-----------------+---------+-------+--------+--------+-----+
|Available        |      624|   1728|  460800|  230400|   96|
+-----------------+---------+-------+--------+--------+-----+
|Utilization (%)  |    ~0   |      1|   ~0   |       1|    0|
+-----------------+---------+-------+--------+--------+-----+

+ Detail: 
    * Instance: 
    +-------------------------+----------------------+---------+-------+-----+-----+-----+
    |         Instance        |        Module        | BRAM_18K| DSP48E|  FF | LUT | URAM|
    +-------------------------+----------------------+---------+-------+-----+-----+-----+
    |kan_top_fadd_32nsdEe_U1  |kan_top_fadd_32nsdEe  |        0|      0|  168|  434|    0|
    |kan_top_fadd_32nsfYi_U3  |kan_top_fadd_32nsfYi  |        0|      2|  205|  208|    0|
    |kan_top_fadd_32nsfYi_U4  |kan_top_fadd_32nsfYi  |        0|      2|  205|  208|    0|
    |kan_top_faddfsub_eOg_U2  |kan_top_faddfsub_eOg  |        0|      2|  205|  208|    0|
    |kan_top_fdiv_32nshbi_U7  |kan_top_fdiv_32nshbi  |        0|      0|  459|  799|    0|
    |kan_top_fexp_32nsjbC_U9  |kan_top_fexp_32nsjbC  |        0|      7|  324|  905|    0|
    |kan_top_fmul_32nsg8j_U5  |kan_top_fmul_32nsg8j  |        0|      3|  143|  139|    0|
    |kan_top_fmul_32nsg8j_U6  |kan_top_fmul_32nsg8j  |        0|      3|  143|  139|    0|
    |kan_top_fsqrt_32nibs_U8  |kan_top_fsqrt_32nibs  |        0|      0|  347|  511|    0|
    +-------------------------+----------------------+---------+-------+-----+-----+-----+
    |Total                    |                      |        0|     19| 2199| 3551|    0|
    +-------------------------+----------------------+---------+-------+-----+-----+-----+

    * DSP48E: 
    N/A

    * Memory: 
    +------------+----------------------+---------+---+----+-----+------+-----+------+-------------+
    |   Memory   |        Module        | BRAM_18K| FF| LUT| URAM| Words| Bits| Banks| W*Bits*Banks|
    +------------+----------------------+---------+---+----+-----+------+-----+------+-------------+
    |l0_gamma_U  |gram_ln_silu_f32_bkb  |        1|  0|   0|    0|    64|   32|     1|         2048|
    |l0_beta_U   |gram_ln_silu_f32_cud  |        1|  0|   0|    0|    64|   32|     1|         2048|
    +------------+----------------------+---------+---+----+-----+------+-----+------+-------------+
    |Total       |                      |        2|  0|   0|    0|   128|   64|     2|         4096|
    +------------+----------------------+---------+---+----+-----+------+-----+------+-------------+

    * FIFO: 
    N/A

    * Expression: 
    +-------------------------+----------+-------+---+----+------------+------------+
    |      Variable Name      | Operation| DSP48E| FF| LUT| Bitwidth P0| Bitwidth P1|
    +-------------------------+----------+-------+---+----+------------+------------+
    |o_5_fu_275_p2            |     +    |      0|  0|  15|           7|           1|
    |o_6_fu_292_p2            |     +    |      0|  0|  15|           7|           1|
    |o_fu_258_p2              |     +    |      0|  0|  15|           7|           1|
    |icmp_ln46_fu_252_p2      |   icmp   |      0|  0|  11|           7|           8|
    |icmp_ln53_fu_269_p2      |   icmp   |      0|  0|  11|           7|           8|
    |icmp_ln60_fu_286_p2      |   icmp   |      0|  0|  11|           7|           8|
    |ap_enable_pp0            |    xor   |      0|  0|   2|           1|           2|
    |ap_enable_pp1            |    xor   |      0|  0|   2|           1|           2|
    |ap_enable_pp2            |    xor   |      0|  0|   2|           1|           2|
    |ap_enable_reg_pp2_iter1  |    xor   |      0|  0|   2|           2|           1|
    |xor_ln16_fu_306_p2       |    xor   |      0|  0|  33|          32|          33|
    +-------------------------+----------+-------+---+----+------------+------------+
    |Total                    |          |      0|  0| 119|          79|          67|
    +-------------------------+----------+-------+---+----+------------+------------+

    * Multiplexer: 
    +-------------------------------+-----+-----------+-----+-----------+
    |              Name             | LUT | Input Size| Bits| Total Bits|
    +-------------------------------+-----+-----------+-----+-----------+
    |ap_NS_fsm                      |  197|         45|    1|         45|
    |ap_enable_reg_pp0_iter1        |    9|          2|    1|          2|
    |ap_enable_reg_pp1_iter3        |    9|          2|    1|          2|
    |ap_enable_reg_pp2_iter1        |    9|          2|    1|          2|
    |ap_enable_reg_pp2_iter43       |    9|          2|    1|          2|
    |ap_phi_mux_o1_0_phi_fu_161_p4  |    9|          2|    7|         14|
    |ap_phi_mux_o_0_phi_fu_138_p4   |    9|          2|    7|         14|
    |grp_fu_179_p0                  |   15|          3|   32|         96|
    |grp_fu_179_p1                  |   15|          3|   32|         96|
    |grp_fu_184_opcode              |   15|          3|    2|          6|
    |grp_fu_184_p0                  |   15|          3|   32|         96|
    |grp_fu_184_p1                  |   15|          3|   32|         96|
    |grp_fu_199_p0                  |   21|          4|   32|        128|
    |grp_fu_199_p1                  |   21|          4|   32|        128|
    |grp_fu_211_p0                  |   15|          3|   32|         96|
    |grp_fu_211_p1                  |   15|          3|   32|         96|
    |o1_0_reg_157                   |    9|          2|    7|         14|
    |o2_0_reg_168                   |    9|          2|    7|         14|
    |o_0_reg_134                    |    9|          2|    7|         14|
    |pre_address0                   |   21|          4|    6|         24|
    |q_0_reg_145                    |    9|          2|   32|         64|
    |s_0_reg_122                    |    9|          2|   32|         64|
    +-------------------------------+-----+-----------+-----+-----------+
    |Total                          |  464|        100|  368|       1113|
    +-------------------------------+-----+-----------+-----+-----------+

    * Register: 
    +---------------------------------+----+----+-----+-----------+
    |               Name              | FF | LUT| Bits| Const Bits|
    +---------------------------------+----+----+-----+-----------+
    |ap_CS_fsm                        |  44|   0|   44|          0|
    |ap_enable_reg_pp0_iter0          |   1|   0|    1|          0|
    |ap_enable_reg_pp0_iter1          |   1|   0|    1|          0|
    |ap_enable_reg_pp1_iter0          |   1|   0|    1|          0|
    |ap_enable_reg_pp1_iter1          |   1|   0|    1|          0|
    |ap_enable_reg_pp1_iter2          |   1|   0|    1|          0|
    |ap_enable_reg_pp1_iter3          |   1|   0|    1|          0|
    |ap_enable_reg_pp2_iter0          |   1|   0|    1|          0|
    |ap_enable_reg_pp2_iter1          |   1|   0|    1|          0|
    |ap_enable_reg_pp2_iter10         |   1|   0|    1|          0|
    |ap_enable_reg_pp2_iter11         |   1|   0|    1|          0|
    |ap_enable_reg_pp2_iter12         |   1|   0|    1|          0|
    |ap_enable_reg_pp2_iter13         |   1|   0|    1|          0|
    |ap_enable_reg_pp2_iter14         |   1|   0|    1|          0|
    |ap_enable_reg_pp2_iter15         |   1|   0|    1|          0|
    |ap_enable_reg_pp2_iter16         |   1|   0|    1|          0|
    |ap_enable_reg_pp2_iter17         |   1|   0|    1|          0|
    |ap_enable_reg_pp2_iter18         |   1|   0|    1|          0|
    |ap_enable_reg_pp2_iter19         |   1|   0|    1|          0|
    |ap_enable_reg_pp2_iter2          |   1|   0|    1|          0|
    |ap_enable_reg_pp2_iter20         |   1|   0|    1|          0|
    |ap_enable_reg_pp2_iter21         |   1|   0|    1|          0|
    |ap_enable_reg_pp2_iter22         |   1|   0|    1|          0|
    |ap_enable_reg_pp2_iter23         |   1|   0|    1|          0|
    |ap_enable_reg_pp2_iter24         |   1|   0|    1|          0|
    |ap_enable_reg_pp2_iter25         |   1|   0|    1|          0|
    |ap_enable_reg_pp2_iter26         |   1|   0|    1|          0|
    |ap_enable_reg_pp2_iter27         |   1|   0|    1|          0|
    |ap_enable_reg_pp2_iter28         |   1|   0|    1|          0|
    |ap_enable_reg_pp2_iter29         |   1|   0|    1|          0|
    |ap_enable_reg_pp2_iter3          |   1|   0|    1|          0|
    |ap_enable_reg_pp2_iter30         |   1|   0|    1|          0|
    |ap_enable_reg_pp2_iter31         |   1|   0|    1|          0|
    |ap_enable_reg_pp2_iter32         |   1|   0|    1|          0|
    |ap_enable_reg_pp2_iter33         |   1|   0|    1|          0|
    |ap_enable_reg_pp2_iter34         |   1|   0|    1|          0|
    |ap_enable_reg_pp2_iter35         |   1|   0|    1|          0|
    |ap_enable_reg_pp2_iter36         |   1|   0|    1|          0|
    |ap_enable_reg_pp2_iter37         |   1|   0|    1|          0|
    |ap_enable_reg_pp2_iter38         |   1|   0|    1|          0|
    |ap_enable_reg_pp2_iter39         |   1|   0|    1|          0|
    |ap_enable_reg_pp2_iter4          |   1|   0|    1|          0|
    |ap_enable_reg_pp2_iter40         |   1|   0|    1|          0|
    |ap_enable_reg_pp2_iter41         |   1|   0|    1|          0|
    |ap_enable_reg_pp2_iter42         |   1|   0|    1|          0|
    |ap_enable_reg_pp2_iter43         |   1|   0|    1|          0|
    |ap_enable_reg_pp2_iter5          |   1|   0|    1|          0|
    |ap_enable_reg_pp2_iter6          |   1|   0|    1|          0|
    |ap_enable_reg_pp2_iter7          |   1|   0|    1|          0|
    |ap_enable_reg_pp2_iter8          |   1|   0|    1|          0|
    |ap_enable_reg_pp2_iter9          |   1|   0|    1|          0|
    |icmp_ln46_reg_317                |   1|   0|    1|          0|
    |icmp_ln46_reg_317_pp0_iter1_reg  |   1|   0|    1|          0|
    |icmp_ln53_reg_336                |   1|   0|    1|          0|
    |icmp_ln60_reg_360                |   1|   0|    1|          0|
    |inv_reg_355                      |  32|   0|   32|          0|
    |l0_beta_load_reg_401             |  32|   0|   32|          0|
    |mu_reg_331                       |  32|   0|   32|          0|
    |o1_0_reg_157                     |   7|   0|    7|          0|
    |o2_0_reg_168                     |   7|   0|    7|          0|
    |o_0_reg_134                      |   7|   0|    7|          0|
    |o_5_reg_340                      |   7|   0|    7|          0|
    |o_reg_321                        |   7|   0|    7|          0|
    |q_0_reg_145                      |  32|   0|   32|          0|
    |reg_226                          |  32|   0|   32|          0|
    |reg_238                          |  32|   0|   32|          0|
    |reg_245                          |  32|   0|   32|          0|
    |s_0_reg_122                      |  32|   0|   32|          0|
    |tmp_22_reg_350                   |  32|   0|   32|          0|
    |tmp_26_reg_396                   |  32|   0|   32|          0|
    |tmp_27_reg_417                   |  32|   0|   32|          0|
    |tmp_28_reg_422                   |  32|   0|   32|          0|
    |tmp_29_reg_427                   |  32|   0|   32|          0|
    |y_reg_406                        |  32|   0|   32|          0|
    |zext_ln62_reg_369                |   7|   0|   64|         57|
    |icmp_ln53_reg_336                |  64|  32|    1|          0|
    |icmp_ln60_reg_360                |  64|  64|    1|          0|
    |y_reg_406                        |  64|  32|   32|          0|
    |zext_ln62_reg_369                |  64|  64|   64|         57|
    +---------------------------------+----+----+-----+-----------+
    |Total                            | 844| 192|  743|        114|
    +---------------------------------+----+----+-----+-----------+



================================================================
== Interface
================================================================
* Summary: 
+----------------+-----+-----+------------+----------------------+--------------+
|    RTL Ports   | Dir | Bits|  Protocol  |     Source Object    |    C Type    |
+----------------+-----+-----+------------+----------------------+--------------+
|ap_clk          |  in |    1| ap_ctrl_hs | gram_ln_silu_f32<64> | return value |
|ap_rst          |  in |    1| ap_ctrl_hs | gram_ln_silu_f32<64> | return value |
|ap_start        |  in |    1| ap_ctrl_hs | gram_ln_silu_f32<64> | return value |
|ap_done         | out |    1| ap_ctrl_hs | gram_ln_silu_f32<64> | return value |
|ap_idle         | out |    1| ap_ctrl_hs | gram_ln_silu_f32<64> | return value |
|ap_ready        | out |    1| ap_ctrl_hs | gram_ln_silu_f32<64> | return value |
|pre_address0    | out |    6|  ap_memory |          pre         |     array    |
|pre_ce0         | out |    1|  ap_memory |          pre         |     array    |
|pre_q0          |  in |   32|  ap_memory |          pre         |     array    |
|out_r_address0  | out |    6|  ap_memory |         out_r        |     array    |
|out_r_ce0       | out |    1|  ap_memory |         out_r        |     array    |
|out_r_we0       | out |    1|  ap_memory |         out_r        |     array    |
|out_r_d0        | out |   32|  ap_memory |         out_r        |     array    |
+----------------+-----+-----+------------+----------------------+--------------+

