Copyright 1986-2019 Xilinx, Inc. All Rights Reserved.
--------------------------------------------------------------------------------------------------------------------------
| Tool Version : Vivado v.2019.1 (win64) Build 2552052 Fri May 24 14:49:42 MDT 2019
| Date         : Fri Jul 10 03:14:31 2026
| Host         : element running 64-bit major release  (build 9200)
| Command      : report_utilization -file <repo>/hw/results/gram_fp32/impl_alt/utilization_route.rpt
| Design       : kan_top
| Device       : xczu7evffvc1156-2
| Design State : Fully Placed
--------------------------------------------------------------------------------------------------------------------------

Utilization Design Information

Table of Contents
-----------------
1. CLB Logic
1.1 Summary of Registers by Type
2. CLB Logic Distribution
3. BLOCKRAM
4. ARITHMETIC
5. I/O
6. CLOCK
7. ADVANCED
8. CONFIGURATION
9. Primitives
10. Black Boxes
11. Instantiated Netlists

1. CLB Logic
------------

+----------------------------+-------+-------+-----------+-------+
|          Site Type         |  Used | Fixed | Available | Util% |
+----------------------------+-------+-------+-----------+-------+
| CLB LUTs                   | 15084 |     0 |    230400 |  6.55 |
|   LUT as Logic             | 14761 |     0 |    230400 |  6.41 |
|   LUT as Memory            |   323 |     0 |    101760 |  0.32 |
|     LUT as Distributed RAM |    16 |     0 |           |       |
|     LUT as Shift Register  |   307 |     0 |           |       |
| CLB Registers              | 13393 |     0 |    460800 |  2.91 |
|   Register as Flip Flop    | 13393 |     0 |    460800 |  2.91 |
|   Register as Latch        |     0 |     0 |    460800 |  0.00 |
| CARRY8                     |   788 |     0 |     28800 |  2.74 |
| F7 Muxes                   |  1967 |     0 |    115200 |  1.71 |
| F8 Muxes                   |   524 |     0 |     57600 |  0.91 |
| F9 Muxes                   |     0 |     0 |     28800 |  0.00 |
+----------------------------+-------+-------+-----------+-------+


1.1 Summary of Registers by Type
--------------------------------

+-------+--------------+-------------+--------------+
| Total | Clock Enable | Synchronous | Asynchronous |
+-------+--------------+-------------+--------------+
| 0     |            _ |           - |            - |
| 0     |            _ |           - |          Set |
| 0     |            _ |           - |        Reset |
| 0     |            _ |         Set |            - |
| 0     |            _ |       Reset |            - |
| 0     |          Yes |           - |            - |
| 0     |          Yes |           - |          Set |
| 0     |          Yes |           - |        Reset |
| 78    |          Yes |         Set |            - |
| 13315 |          Yes |       Reset |            - |
+-------+--------------+-------------+--------------+


2. CLB Logic Distribution
-------------------------

+--------------------------------------------+-------+-------+-----------+-------+
|                  Site Type                 |  Used | Fixed | Available | Util% |
+--------------------------------------------+-------+-------+-----------+-------+
| CLB                                        |  4345 |     0 |     28800 | 15.09 |
|   CLBL                                     |  2439 |     0 |           |       |
|   CLBM                                     |  1906 |     0 |           |       |
| LUT as Logic                               | 14761 |     0 |    230400 |  6.41 |
|   using O5 output only                     |    63 |       |           |       |
|   using O6 output only                     | 13429 |       |           |       |
|   using O5 and O6                          |  1269 |       |           |       |
| LUT as Memory                              |   323 |     0 |    101760 |  0.32 |
|   LUT as Distributed RAM                   |    16 |     0 |           |       |
|     using O5 output only                   |     0 |       |           |       |
|     using O6 output only                   |     0 |       |           |       |
|     using O5 and O6                        |    16 |       |           |       |
|   LUT as Shift Register                    |   307 |     0 |           |       |
|     using O5 output only                   |     0 |       |           |       |
|     using O6 output only                   |   277 |       |           |       |
|     using O5 and O6                        |    30 |       |           |       |
| CLB Registers                              | 13393 |     0 |    460800 |  2.91 |
|   Register driven from within the CLB      |  4785 |       |           |       |
|   Register driven from outside the CLB     |  8608 |       |           |       |
|     LUT in front of the register is unused |  6062 |       |           |       |
|     LUT in front of the register is used   |  2546 |       |           |       |
| Unique Control Sets                        |   308 |       |     57600 |  0.53 |
+--------------------------------------------+-------+-------+-----------+-------+
* Note: Available Control Sets calculated as CLB Registers / 8, Review the Control Sets Report for more information regarding control sets.


3. BLOCKRAM
-----------

+-------------------+------+-------+-----------+-------+
|     Site Type     | Used | Fixed | Available | Util% |
+-------------------+------+-------+-----------+-------+
| Block RAM Tile    |  304 |     0 |       312 | 97.44 |
|   RAMB36/FIFO*    |  303 |     0 |       312 | 97.12 |
|     RAMB36E2 only |  303 |       |           |       |
|   RAMB18          |    2 |     0 |       624 |  0.32 |
|     RAMB18E2 only |    2 |       |           |       |
| URAM              |    0 |     0 |        96 |  0.00 |
+-------------------+------+-------+-----------+-------+
* Note: Each Block RAM Tile only has one FIFO logic available and therefore can accommodate only one FIFO36E2 or one FIFO18E2. However, if a FIFO18E2 occupies a Block RAM Tile, that tile can still accommodate a RAMB18E2


4. ARITHMETIC
-------------

+----------------+------+-------+-----------+-------+
|    Site Type   | Used | Fixed | Available | Util% |
+----------------+------+-------+-----------+-------+
| DSPs           |   62 |     0 |      1728 |  3.59 |
|   DSP48E2 only |   62 |       |           |       |
+----------------+------+-------+-----------+-------+


5. I/O
------

+------------------+------+-------+-----------+-------+
|     Site Type    | Used | Fixed | Available | Util% |
+------------------+------+-------+-----------+-------+
| Bonded IOB       |    0 |     0 |       360 |  0.00 |
| HPIOB_M          |    0 |     0 |       144 |  0.00 |
| HPIOB_S          |    0 |     0 |       144 |  0.00 |
| HDIOB_M          |    0 |     0 |        24 |  0.00 |
| HDIOB_S          |    0 |     0 |        24 |  0.00 |
| HPIOB_SNGL       |    0 |     0 |        24 |  0.00 |
| HPIOBDIFFINBUF   |    0 |     0 |       192 |  0.00 |
| HPIOBDIFFOUTBUF  |    0 |     0 |       192 |  0.00 |
| HDIOBDIFFINBUF   |    0 |     0 |        48 |  0.00 |
| BITSLICE_CONTROL |    0 |     0 |        64 |  0.00 |
| BITSLICE_RX_TX   |    0 |     0 |       416 |  0.00 |
| BITSLICE_TX      |    0 |     0 |        64 |  0.00 |
| RIU_OR           |    0 |     0 |        32 |  0.00 |
+------------------+------+-------+-----------+-------+


6. CLOCK
--------

+----------------------+------+-------+-----------+-------+
|       Site Type      | Used | Fixed | Available | Util% |
+----------------------+------+-------+-----------+-------+
| GLOBAL CLOCK BUFFERs |    0 |     0 |       544 |  0.00 |
|   BUFGCE             |    0 |     0 |       208 |  0.00 |
|   BUFGCE_DIV         |    0 |     0 |        32 |  0.00 |
|   BUFG_GT            |    0 |     0 |       144 |  0.00 |
|   BUFG_PS            |    0 |     0 |        96 |  0.00 |
|   BUFGCTRL*          |    0 |     0 |        64 |  0.00 |
| PLL                  |    0 |     0 |        16 |  0.00 |
| MMCM                 |    0 |     0 |         8 |  0.00 |
+----------------------+------+-------+-----------+-------+
* Note: Each used BUFGCTRL counts as two GLOBAL CLOCK BUFFERs. This table does not include global clocking resources, only buffer cell usage. See the Clock Utilization Report (report_clock_utilization) for detailed accounting of global clocking resource availability.


7. ADVANCED
-----------

+-----------------+------+-------+-----------+-------+
|    Site Type    | Used | Fixed | Available | Util% |
+-----------------+------+-------+-----------+-------+
| GTHE4_CHANNEL   |    0 |     0 |        20 |  0.00 |
| GTHE4_COMMON    |    0 |     0 |         5 |  0.00 |
| OBUFDS_GTE4     |    0 |     0 |        10 |  0.00 |
| OBUFDS_GTE4_ADV |    0 |     0 |        10 |  0.00 |
| PCIE40E4        |    0 |     0 |         2 |  0.00 |
| PS8             |    0 |     0 |         1 |  0.00 |
| SYSMONE4        |    0 |     0 |         1 |  0.00 |
| VCU             |    0 |     0 |         1 |  0.00 |
+-----------------+------+-------+-----------+-------+


8. CONFIGURATION
----------------

+-------------+------+-------+-----------+-------+
|  Site Type  | Used | Fixed | Available | Util% |
+-------------+------+-------+-----------+-------+
| BSCANE2     |    0 |     0 |         4 |  0.00 |
| DNA_PORTE2  |    0 |     0 |         1 |  0.00 |
| EFUSE_USR   |    0 |     0 |         1 |  0.00 |
| FRAME_ECCE4 |    0 |     0 |         1 |  0.00 |
| ICAPE3      |    0 |     0 |         2 |  0.00 |
| MASTER_JTAG |    0 |     0 |         1 |  0.00 |
| STARTUPE3   |    0 |     0 |         1 |  0.00 |
+-------------+------+-------+-----------+-------+


9. Primitives
-------------

+----------+-------+---------------------+
| Ref Name |  Used | Functional Category |
+----------+-------+---------------------+
| FDRE     | 13315 |            Register |
| LUT6     |  6759 |                 CLB |
| LUT3     |  4869 |                 CLB |
| MUXF7    |  1967 |                 CLB |
| LUT4     |  1871 |                 CLB |
| LUT2     |  1289 |                 CLB |
| LUT5     |  1091 |                 CLB |
| CARRY8   |   788 |                 CLB |
| MUXF8    |   524 |                 CLB |
| SRL16E   |   325 |                 CLB |
| RAMB36E2 |   303 |           Block Ram |
| LUT1     |   151 |                 CLB |
| FDSE     |    78 |            Register |
| DSP48E2  |    62 |          Arithmetic |
| RAMS32   |    32 |                 CLB |
| SRLC32E  |    12 |                 CLB |
| RAMB18E2 |     2 |           Block Ram |
+----------+-------+---------------------+


10. Black Boxes
---------------

+----------+------+
| Ref Name | Used |
+----------+------+


11. Instantiated Netlists
-------------------------

+----------+------+
| Ref Name | Used |
+----------+------+


