

================================================================
== Vivado HLS Report for 'layer0'
================================================================
* Date:           Thu Jul  9 18:52:30 2026

* Version:        2019.1 (Build 2552052 on Fri May 24 15:28:33 MDT 2019)
* Project:        gram_lsq_w4a4_alt
* Solution:       sol1
* Product family: zynquplus
* Target device:  xczu7ev-ffvc1156-2-e


================================================================
== Performance Estimates
================================================================
+ Timing (ns): 
    * Summary: 
    +--------+-------+----------+------------+
    |  Clock | Target| Estimated| Uncertainty|
    +--------+-------+----------+------------+
    |ap_clk  |   6.67|     6.604|        0.83|
    +--------+-------+----------+------------+

+ Latency (clock cycles): 
    * Summary: 
    +-------+-------+-------+-------+---------+
    |    Latency    |    Interval   | Pipeline|
    |  min  |  max  |  min  |  max  |   Type  |
    +-------+-------+-------+-------+---------+
    |  50685|  50685|  50685|  50685|   none  |
    +-------+-------+-------+-------+---------+

    + Detail: 
        * Instance: 
        +--------------------------------+--------------------+-----+-----+-----+-----+---------+
        |                                |                    |  Latency  |  Interval | Pipeline|
        |            Instance            |       Module       | min | max | min | max |   Type  |
        +--------------------------------+--------------------+-----+-----+-----+-----+---------+
        |grp_int_layernorm_64_s_fu_1561  |int_layernorm_64_s  |  302|  302|  302|  302|   none  |
        +--------------------------------+--------------------+-----+-----+-----+-----+---------+

        * Loop: 
        +------------+-------+-------+----------+-----------+-----------+-------+----------+
        |            |    Latency    | Iteration|  Initiation Interval  |  Trip |          |
        |  Loop Name |  min  |  max  |  Latency |  achieved |   target  | Count | Pipelined|
        +------------+-------+-------+----------+-----------+-----------+-------+----------+
        |- INIT0     |     64|     64|         1|          1|          1|     64|    yes   |
        |- IN0_OUT0  |  50178|  50178|         4|          1|          1|  50176|    yes   |
        |- PRE0      |     64|     64|         2|          1|          1|     64|    yes   |
        |- ACT0      |     68|     68|         6|          1|          1|     64|    yes   |
        +------------+-------+-------+----------+-----------+-----------+-------+----------+



================================================================
== Utilization Estimates
================================================================
* Summary: 
+-----------------+---------+-------+--------+--------+-----+
|       Name      | BRAM_18K| DSP48E|   FF   |   LUT  | URAM|
+-----------------+---------+-------+--------+--------+-----+
|DSP              |        -|      7|       -|       -|    -|
|Expression       |        -|      8|       0|     768|    -|
|FIFO             |        -|      -|       -|       -|    -|
|Instance         |        5|      8|   18419|   15404|    0|
|Memory           |       66|      -|      73|      20|    0|
|Multiplexer      |        -|      -|       -|    1394|    -|
|Register         |        0|      -|    4608|     128|    -|
+-----------------+---------+-------+--------+--------+-----+
|Total            |       71|     23|   23100|   17714|    0|
+-----------------+---------+-------+--------+--------+-----+
|Available        |      624|   1728|  460800|  230400|   96|
+-----------------+---------+-------+--------+--------+-----+
|Utilization (%)  |       11|      1|       5|       7|    0|
+-----------------+---------+-------+--------+--------+-----+

+ Detail: 
    * Instance: 
    +--------------------------------+----------------------+---------+-------+-------+-------+-----+
    |            Instance            |        Module        | BRAM_18K| DSP48E|   FF  |  LUT  | URAM|
    +--------------------------------+----------------------+---------+-------+-------+-------+-----+
    |grp_int_layernorm_64_s_fu_1561  |int_layernorm_64_s    |        5|      8|  18419|  15184|    0|
    |kan_top_mux_646_3g8j_U11        |kan_top_mux_646_3g8j  |        0|      0|      0|     55|    0|
    |kan_top_mux_646_3g8j_U12        |kan_top_mux_646_3g8j  |        0|      0|      0|     55|    0|
    |kan_top_mux_646_3g8j_U13        |kan_top_mux_646_3g8j  |        0|      0|      0|     55|    0|
    |kan_top_mux_646_3g8j_U14        |kan_top_mux_646_3g8j  |        0|      0|      0|     55|    0|
    +--------------------------------+----------------------+---------+-------+-------+-------+-----+
    |Total                           |                      |        5|      8|  18419|  15404|    0|
    +--------------------------------+----------------------+---------+-------+-------+-------+-----+

    * DSP48E: 
    +--------------------------+----------------------+---------------------+
    |         Instance         |        Module        |      Expression     |
    +--------------------------+----------------------+---------------------+
    |kan_top_ama_submuncg_U21  |kan_top_ama_submuncg  | (i0 - i1) * i2 + i3 |
    |kan_top_mac_muladhbi_U15  |kan_top_mac_muladhbi  |     i0 * i1 + i2    |
    |kan_top_mac_muladibs_U16  |kan_top_mac_muladibs  |     i0 * i1 + i2    |
    |kan_top_mac_muladjbC_U17  |kan_top_mac_muladjbC  |     i0 + i1 * i2    |
    |kan_top_mac_muladkbM_U18  |kan_top_mac_muladkbM  |     i0 + i1 * i2    |
    |kan_top_mac_muladlbW_U19  |kan_top_mac_muladlbW  |     i0 + i1 * i2    |
    |kan_top_mac_muladmb6_U20  |kan_top_mac_muladmb6  |     i0 * i1 + i2    |
    +--------------------------+----------------------+---------------------+

    * Memory: 
    +----------------+---------------------+---------+----+----+-----+-------+-----+------+-------------+
    |     Memory     |        Module       | BRAM_18K| FF | LUT| URAM| Words | Bits| Banks| W*Bits*Banks|
    +----------------+---------------------+---------+----+----+-----+-------+-----+------+-------------+
    |l0_base_pk_U    |layer0_l0_base_pk    |       14|   0|   0|    0|   6272|   32|     1|       200704|
    |l0_basis_pk_U   |layer0_l0_basis_pk   |       49|   0|   0|    0|  50176|   16|     1|       802816|
    |l0_lut_b_V_0_U  |layer0_l0_lut_b_V_0  |        0|  15|   4|    0|     16|   15|     1|          240|
    |l0_lut_b_V_1_U  |layer0_l0_lut_b_V_1  |        0|  15|   4|    0|     16|   15|     1|          240|
    |l0_lut_b_V_2_U  |layer0_l0_lut_b_V_2  |        0|  15|   4|    0|     16|   15|     1|          240|
    |l0_lut_b_V_3_U  |layer0_l0_lut_b_V_3  |        0|  15|   4|    0|     16|   15|     1|          240|
    |l0_lut_s_V_U    |layer0_l0_lut_s_V    |        0|  13|   4|    0|     16|   13|     1|          208|
    |silu_tab_V_U    |layer0_silu_tab_V    |        1|   0|   0|    0|    257|   14|     1|         3598|
    |v_V_U           |layer0_v_V           |        1|   0|   0|    0|     64|   29|     1|         1856|
    |y_U             |layer0_y             |        1|   0|   0|    0|     64|   32|     1|         2048|
    +----------------+---------------------+---------+----+----+-----+-------+-----+------+-------------+
    |Total           |                     |       66|  73|  20|    0|  56913|  196|    10|      1012190|
    +----------------+---------------------+---------+----+----+-----+-------+-----+------+-------------+

    * FIFO: 
    N/A

    * Expression: 
    +--------------------------+----------+-------+---+----+------------+------------+
    |       Variable Name      | Operation| DSP48E| FF| LUT| Bitwidth P0| Bitwidth P1|
    +--------------------------+----------+-------+---+----+------------+------------+
    |grp_fu_5125_p2            |     *    |      0|  0|   5|           4|          15|
    |mul_ln1353_fu_5036_p2     |     *    |      2|  0|  25|          16|          31|
    |mul_ln68_2_fu_4869_p2     |     *    |      4|  0|  20|          31|          32|
    |mul_ln68_fu_4721_p2       |     *    |      2|  0|  20|          27|          32|
    |acc_s_0_V_fu_4242_p2      |     +    |      0|  0|  39|          32|          32|
    |add_ln118_fu_4984_p2      |     +    |      0|  0|  16|           9|           1|
    |add_ln160_fu_5027_p2      |     +    |      0|  0|  23|          16|          16|
    |add_ln28_1_fu_3533_p2     |     +    |      0|  0|  17|           1|          10|
    |add_ln28_fu_3513_p2       |     +    |      0|  0|  23|          16|           1|
    |o_4_fu_4573_p2            |     +    |      0|  0|  15|           7|           1|
    |o_5_fu_4908_p2            |     +    |      0|  0|  15|           7|           1|
    |o_6_fu_3586_p2            |     +    |      0|  0|  15|           7|           1|
    |o_fu_2345_p2              |     +    |      0|  0|  15|           7|           1|
    |ret_V_1_fu_5042_p2        |     +    |      0|  0|  53|          46|          38|
    |ret_V_fu_4881_p2          |     +    |      0|  0|  63|          34|          63|
    |t_V_fu_4875_p2            |     +    |      0|  0|  63|          63|          63|
    |icmp_ln113_fu_4919_p2     |   icmp   |      0|  0|  20|          32|          17|
    |icmp_ln114_fu_4943_p2     |   icmp   |      0|  0|  20|          17|           1|
    |icmp_ln22_fu_2339_p2      |   icmp   |      0|  0|  11|           7|           8|
    |icmp_ln28_fu_3507_p2      |   icmp   |      0|  0|  13|          16|          15|
    |icmp_ln39_fu_3519_p2      |   icmp   |      0|  0|  11|           7|           8|
    |icmp_ln55_fu_4567_p2      |   icmp   |      0|  0|  11|           7|           8|
    |icmp_ln63_fu_4902_p2      |   icmp   |      0|  0|  11|           7|           8|
    |icmp_ln887_fu_5088_p2     |   icmp   |      0|  0|  13|           9|           5|
    |icmp_ln895_fu_5072_p2     |   icmp   |      0|  0|  11|           6|           1|
    |lshr_ln49_fu_3632_p2      |   lshr   |      0|  0|  97|          32|          32|
    |out_V_d0                  |  select  |      0|  0|   5|           1|           5|
    |select_ln113_fu_4925_p3   |  select  |      0|  0|  32|           1|          17|
    |select_ln127_fu_5081_p3   |  select  |      0|  0|   9|           1|           3|
    |select_ln28_1_fu_3539_p3  |  select  |      0|  0|  10|           1|          10|
    |select_ln28_3_fu_3551_p3  |  select  |      0|  0|  10|           1|          10|
    |select_ln28_fu_3525_p3    |  select  |      0|  0|   7|           1|           1|
    |u_fu_4959_p3              |  select  |      0|  0|  16|           1|           2|
    |ap_enable_pp1             |    xor   |      0|  0|   2|           1|           2|
    |ap_enable_pp2             |    xor   |      0|  0|   2|           1|           2|
    |ap_enable_pp3             |    xor   |      0|  0|   2|           1|           2|
    |ap_enable_reg_pp1_iter1   |    xor   |      0|  0|   2|           2|           1|
    |ap_enable_reg_pp2_iter1   |    xor   |      0|  0|   2|           2|           1|
    |ap_enable_reg_pp3_iter1   |    xor   |      0|  0|   2|           2|           1|
    |xor_ln115_fu_4953_p2      |    xor   |      0|  0|  17|          16|          17|
    |xor_ln28_fu_3595_p2       |    xor   |      0|  0|   5|           4|           5|
    +--------------------------+----------+-------+---+----+------------+------------+
    |Total                     |          |      8|  0| 768|         499|         520|
    +--------------------------+----------+-------+---+----+------------+------------+

    * Multiplexer: 
    +--------------------------------+----+-----------+-----+-----------+
    |              Name              | LUT| Input Size| Bits| Total Bits|
    +--------------------------------+----+-----------+-----+-----------+
    |acc_b_63_V_10_fu_1108           |   9|          2|   32|         64|
    |acc_b_63_V_11_fu_1112           |   9|          2|   32|         64|
    |acc_b_63_V_12_fu_1116           |   9|          2|   32|         64|
    |acc_b_63_V_13_fu_1120           |   9|          2|   32|         64|
    |acc_b_63_V_14_fu_1124           |   9|          2|   32|         64|
    |acc_b_63_V_15_fu_1128           |   9|          2|   32|         64|
    |acc_b_63_V_16_fu_1132           |   9|          2|   32|         64|
    |acc_b_63_V_17_fu_1136           |   9|          2|   32|         64|
    |acc_b_63_V_18_fu_1140           |   9|          2|   32|         64|
    |acc_b_63_V_19_fu_1144           |   9|          2|   32|         64|
    |acc_b_63_V_1_fu_1076            |   9|          2|   32|         64|
    |acc_b_63_V_20_fu_1148           |   9|          2|   32|         64|
    |acc_b_63_V_21_fu_1152           |   9|          2|   32|         64|
    |acc_b_63_V_22_fu_1156           |   9|          2|   32|         64|
    |acc_b_63_V_23_fu_1160           |   9|          2|   32|         64|
    |acc_b_63_V_24_fu_1164           |   9|          2|   32|         64|
    |acc_b_63_V_25_fu_1168           |   9|          2|   32|         64|
    |acc_b_63_V_26_fu_1172           |   9|          2|   32|         64|
    |acc_b_63_V_27_fu_1176           |   9|          2|   32|         64|
    |acc_b_63_V_28_fu_1180           |   9|          2|   32|         64|
    |acc_b_63_V_29_fu_1184           |   9|          2|   32|         64|
    |acc_b_63_V_2_fu_1080            |   9|          2|   32|         64|
    |acc_b_63_V_30_fu_1188           |   9|          2|   32|         64|
    |acc_b_63_V_31_fu_1192           |   9|          2|   32|         64|
    |acc_b_63_V_32_fu_1196           |   9|          2|   32|         64|
    |acc_b_63_V_33_fu_1200           |   9|          2|   32|         64|
    |acc_b_63_V_34_fu_1204           |   9|          2|   32|         64|
    |acc_b_63_V_35_fu_1208           |   9|          2|   32|         64|
    |acc_b_63_V_36_fu_1212           |   9|          2|   32|         64|
    |acc_b_63_V_37_fu_1216           |   9|          2|   32|         64|
    |acc_b_63_V_38_fu_1220           |   9|          2|   32|         64|
    |acc_b_63_V_39_fu_1224           |   9|          2|   32|         64|
    |acc_b_63_V_3_fu_1324            |   9|          2|   32|         64|
    |acc_b_63_V_40_fu_1228           |   9|          2|   32|         64|
    |acc_b_63_V_41_fu_1232           |   9|          2|   32|         64|
    |acc_b_63_V_42_fu_1236           |   9|          2|   32|         64|
    |acc_b_63_V_43_fu_1240           |   9|          2|   32|         64|
    |acc_b_63_V_44_fu_1244           |   9|          2|   32|         64|
    |acc_b_63_V_45_fu_1248           |   9|          2|   32|         64|
    |acc_b_63_V_46_fu_1252           |   9|          2|   32|         64|
    |acc_b_63_V_47_fu_1256           |   9|          2|   32|         64|
    |acc_b_63_V_48_fu_1260           |   9|          2|   32|         64|
    |acc_b_63_V_49_fu_1264           |   9|          2|   32|         64|
    |acc_b_63_V_4_fu_1084            |   9|          2|   32|         64|
    |acc_b_63_V_50_fu_1268           |   9|          2|   32|         64|
    |acc_b_63_V_51_fu_1272           |   9|          2|   32|         64|
    |acc_b_63_V_52_fu_1276           |   9|          2|   32|         64|
    |acc_b_63_V_53_fu_1280           |   9|          2|   32|         64|
    |acc_b_63_V_54_fu_1284           |   9|          2|   32|         64|
    |acc_b_63_V_55_fu_1288           |   9|          2|   32|         64|
    |acc_b_63_V_56_fu_1292           |   9|          2|   32|         64|
    |acc_b_63_V_57_fu_1296           |   9|          2|   32|         64|
    |acc_b_63_V_58_fu_1300           |   9|          2|   32|         64|
    |acc_b_63_V_59_fu_1304           |   9|          2|   32|         64|
    |acc_b_63_V_5_fu_1088            |   9|          2|   32|         64|
    |acc_b_63_V_60_fu_1308           |   9|          2|   32|         64|
    |acc_b_63_V_61_fu_1312           |   9|          2|   32|         64|
    |acc_b_63_V_62_fu_1316           |   9|          2|   32|         64|
    |acc_b_63_V_63_fu_1320           |   9|          2|   32|         64|
    |acc_b_63_V_6_fu_1092            |   9|          2|   32|         64|
    |acc_b_63_V_7_fu_1096            |   9|          2|   32|         64|
    |acc_b_63_V_8_fu_1100            |   9|          2|   32|         64|
    |acc_b_63_V_9_fu_1104            |   9|          2|   32|         64|
    |acc_b_63_V_fu_1072              |   9|          2|   32|         64|
    |acc_s_63_V_10_fu_852            |   9|          2|   32|         64|
    |acc_s_63_V_11_fu_856            |   9|          2|   32|         64|
    |acc_s_63_V_12_fu_860            |   9|          2|   32|         64|
    |acc_s_63_V_13_fu_864            |   9|          2|   32|         64|
    |acc_s_63_V_14_fu_868            |   9|          2|   32|         64|
    |acc_s_63_V_15_fu_872            |   9|          2|   32|         64|
    |acc_s_63_V_16_fu_876            |   9|          2|   32|         64|
    |acc_s_63_V_17_fu_880            |   9|          2|   32|         64|
    |acc_s_63_V_18_fu_884            |   9|          2|   32|         64|
    |acc_s_63_V_19_fu_888            |   9|          2|   32|         64|
    |acc_s_63_V_1_fu_820             |   9|          2|   32|         64|
    |acc_s_63_V_20_fu_892            |   9|          2|   32|         64|
    |acc_s_63_V_21_fu_896            |   9|          2|   32|         64|
    |acc_s_63_V_22_fu_900            |   9|          2|   32|         64|
    |acc_s_63_V_23_fu_904            |   9|          2|   32|         64|
    |acc_s_63_V_24_fu_908            |   9|          2|   32|         64|
    |acc_s_63_V_25_fu_912            |   9|          2|   32|         64|
    |acc_s_63_V_26_fu_916            |   9|          2|   32|         64|
    |acc_s_63_V_27_fu_920            |   9|          2|   32|         64|
    |acc_s_63_V_28_fu_924            |   9|          2|   32|         64|
    |acc_s_63_V_29_fu_928            |   9|          2|   32|         64|
    |acc_s_63_V_2_fu_824             |   9|          2|   32|         64|
    |acc_s_63_V_30_fu_932            |   9|          2|   32|         64|
    |acc_s_63_V_31_fu_936            |   9|          2|   32|         64|
    |acc_s_63_V_32_fu_940            |   9|          2|   32|         64|
    |acc_s_63_V_33_fu_944            |   9|          2|   32|         64|
    |acc_s_63_V_34_fu_948            |   9|          2|   32|         64|
    |acc_s_63_V_35_fu_952            |   9|          2|   32|         64|
    |acc_s_63_V_36_fu_956            |   9|          2|   32|         64|
    |acc_s_63_V_37_fu_960            |   9|          2|   32|         64|
    |acc_s_63_V_38_fu_964            |   9|          2|   32|         64|
    |acc_s_63_V_39_fu_968            |   9|          2|   32|         64|
    |acc_s_63_V_3_fu_1068            |   9|          2|   32|         64|
    |acc_s_63_V_40_fu_972            |   9|          2|   32|         64|
    |acc_s_63_V_41_fu_976            |   9|          2|   32|         64|
    |acc_s_63_V_42_fu_980            |   9|          2|   32|         64|
    |acc_s_63_V_43_fu_984            |   9|          2|   32|         64|
    |acc_s_63_V_44_fu_988            |   9|          2|   32|         64|
    |acc_s_63_V_45_fu_992            |   9|          2|   32|         64|
    |acc_s_63_V_46_fu_996            |   9|          2|   32|         64|
    |acc_s_63_V_47_fu_1000           |   9|          2|   32|         64|
    |acc_s_63_V_48_fu_1004           |   9|          2|   32|         64|
    |acc_s_63_V_49_fu_1008           |   9|          2|   32|         64|
    |acc_s_63_V_4_fu_828             |   9|          2|   32|         64|
    |acc_s_63_V_50_fu_1012           |   9|          2|   32|         64|
    |acc_s_63_V_51_fu_1016           |   9|          2|   32|         64|
    |acc_s_63_V_52_fu_1020           |   9|          2|   32|         64|
    |acc_s_63_V_53_fu_1024           |   9|          2|   32|         64|
    |acc_s_63_V_54_fu_1028           |   9|          2|   32|         64|
    |acc_s_63_V_55_fu_1032           |   9|          2|   32|         64|
    |acc_s_63_V_56_fu_1036           |   9|          2|   32|         64|
    |acc_s_63_V_57_fu_1040           |   9|          2|   32|         64|
    |acc_s_63_V_58_fu_1044           |   9|          2|   32|         64|
    |acc_s_63_V_59_fu_1048           |   9|          2|   32|         64|
    |acc_s_63_V_5_fu_832             |   9|          2|   32|         64|
    |acc_s_63_V_60_fu_1052           |   9|          2|   32|         64|
    |acc_s_63_V_61_fu_1056           |   9|          2|   32|         64|
    |acc_s_63_V_62_fu_1060           |   9|          2|   32|         64|
    |acc_s_63_V_63_fu_1064           |   9|          2|   32|         64|
    |acc_s_63_V_6_fu_836             |   9|          2|   32|         64|
    |acc_s_63_V_7_fu_840             |   9|          2|   32|         64|
    |acc_s_63_V_8_fu_844             |   9|          2|   32|         64|
    |acc_s_63_V_9_fu_848             |   9|          2|   32|         64|
    |acc_s_63_V_fu_816               |   9|          2|   32|         64|
    |ap_NS_fsm                       |  50|         11|    1|         11|
    |ap_enable_reg_pp1_iter1         |   9|          2|    1|          2|
    |ap_enable_reg_pp1_iter3         |   9|          2|    1|          2|
    |ap_enable_reg_pp2_iter1         |  15|          3|    1|          3|
    |ap_enable_reg_pp3_iter1         |   9|          2|    1|          2|
    |ap_enable_reg_pp3_iter5         |   9|          2|    1|          2|
    |ap_phi_mux_i_0_phi_fu_1520_p4   |   9|          2|   10|         20|
    |ap_phi_mux_o7_0_phi_fu_1542_p4  |   9|          2|    7|         14|
    |i_0_reg_1516                    |   9|          2|   10|         20|
    |indvar_flatten_reg_1505         |   9|          2|   16|         32|
    |o3_0_reg_1527                   |   9|          2|    7|         14|
    |o7_0_reg_1538                   |   9|          2|    7|         14|
    |o8_0_reg_1550                   |   9|          2|    7|         14|
    |o_0_reg_1494                    |   9|          2|    7|         14|
    |v_V_address0                    |  15|          3|    6|         18|
    |v_V_ce0                         |  15|          3|    1|          3|
    |y_address0                      |  15|          3|    6|         18|
    |y_ce0                           |  15|          3|    1|          3|
    |y_we0                           |   9|          2|    1|          2|
    +--------------------------------+----+-----------+-----+-----------+
    |Total                           |1394|        308| 4188|       8400|
    +--------------------------------+----+-----------+-----+-----------+

    * Register: 
    +---------------------------------------------+----+----+-----+-----------+
    |                     Name                    | FF | LUT| Bits| Const Bits|
    +---------------------------------------------+----+----+-----+-----------+
    |acc_b_63_V_10_fu_1108                        |  32|   0|   32|          0|
    |acc_b_63_V_11_fu_1112                        |  32|   0|   32|          0|
    |acc_b_63_V_12_fu_1116                        |  32|   0|   32|          0|
    |acc_b_63_V_13_fu_1120                        |  32|   0|   32|          0|
    |acc_b_63_V_14_fu_1124                        |  32|   0|   32|          0|
    |acc_b_63_V_15_fu_1128                        |  32|   0|   32|          0|
    |acc_b_63_V_16_fu_1132                        |  32|   0|   32|          0|
    |acc_b_63_V_17_fu_1136                        |  32|   0|   32|          0|
    |acc_b_63_V_18_fu_1140                        |  32|   0|   32|          0|
    |acc_b_63_V_19_fu_1144                        |  32|   0|   32|          0|
    |acc_b_63_V_1_fu_1076                         |  32|   0|   32|          0|
    |acc_b_63_V_20_fu_1148                        |  32|   0|   32|          0|
    |acc_b_63_V_21_fu_1152                        |  32|   0|   32|          0|
    |acc_b_63_V_22_fu_1156                        |  32|   0|   32|          0|
    |acc_b_63_V_23_fu_1160                        |  32|   0|   32|          0|
    |acc_b_63_V_24_fu_1164                        |  32|   0|   32|          0|
    |acc_b_63_V_25_fu_1168                        |  32|   0|   32|          0|
    |acc_b_63_V_26_fu_1172                        |  32|   0|   32|          0|
    |acc_b_63_V_27_fu_1176                        |  32|   0|   32|          0|
    |acc_b_63_V_28_fu_1180                        |  32|   0|   32|          0|
    |acc_b_63_V_29_fu_1184                        |  32|   0|   32|          0|
    |acc_b_63_V_2_fu_1080                         |  32|   0|   32|          0|
    |acc_b_63_V_30_fu_1188                        |  32|   0|   32|          0|
    |acc_b_63_V_31_fu_1192                        |  32|   0|   32|          0|
    |acc_b_63_V_32_fu_1196                        |  32|   0|   32|          0|
    |acc_b_63_V_33_fu_1200                        |  32|   0|   32|          0|
    |acc_b_63_V_34_fu_1204                        |  32|   0|   32|          0|
    |acc_b_63_V_35_fu_1208                        |  32|   0|   32|          0|
    |acc_b_63_V_36_fu_1212                        |  32|   0|   32|          0|
    |acc_b_63_V_37_fu_1216                        |  32|   0|   32|          0|
    |acc_b_63_V_38_fu_1220                        |  32|   0|   32|          0|
    |acc_b_63_V_39_fu_1224                        |  32|   0|   32|          0|
    |acc_b_63_V_3_fu_1324                         |  32|   0|   32|          0|
    |acc_b_63_V_40_fu_1228                        |  32|   0|   32|          0|
    |acc_b_63_V_41_fu_1232                        |  32|   0|   32|          0|
    |acc_b_63_V_42_fu_1236                        |  32|   0|   32|          0|
    |acc_b_63_V_43_fu_1240                        |  32|   0|   32|          0|
    |acc_b_63_V_44_fu_1244                        |  32|   0|   32|          0|
    |acc_b_63_V_45_fu_1248                        |  32|   0|   32|          0|
    |acc_b_63_V_46_fu_1252                        |  32|   0|   32|          0|
    |acc_b_63_V_47_fu_1256                        |  32|   0|   32|          0|
    |acc_b_63_V_48_fu_1260                        |  32|   0|   32|          0|
    |acc_b_63_V_49_fu_1264                        |  32|   0|   32|          0|
    |acc_b_63_V_4_fu_1084                         |  32|   0|   32|          0|
    |acc_b_63_V_50_fu_1268                        |  32|   0|   32|          0|
    |acc_b_63_V_51_fu_1272                        |  32|   0|   32|          0|
    |acc_b_63_V_52_fu_1276                        |  32|   0|   32|          0|
    |acc_b_63_V_53_fu_1280                        |  32|   0|   32|          0|
    |acc_b_63_V_54_fu_1284                        |  32|   0|   32|          0|
    |acc_b_63_V_55_fu_1288                        |  32|   0|   32|          0|
    |acc_b_63_V_56_fu_1292                        |  32|   0|   32|          0|
    |acc_b_63_V_57_fu_1296                        |  32|   0|   32|          0|
    |acc_b_63_V_58_fu_1300                        |  32|   0|   32|          0|
    |acc_b_63_V_59_fu_1304                        |  32|   0|   32|          0|
    |acc_b_63_V_5_fu_1088                         |  32|   0|   32|          0|
    |acc_b_63_V_60_fu_1308                        |  32|   0|   32|          0|
    |acc_b_63_V_61_fu_1312                        |  32|   0|   32|          0|
    |acc_b_63_V_62_fu_1316                        |  32|   0|   32|          0|
    |acc_b_63_V_63_fu_1320                        |  32|   0|   32|          0|
    |acc_b_63_V_6_fu_1092                         |  32|   0|   32|          0|
    |acc_b_63_V_7_fu_1096                         |  32|   0|   32|          0|
    |acc_b_63_V_8_fu_1100                         |  32|   0|   32|          0|
    |acc_b_63_V_9_fu_1104                         |  32|   0|   32|          0|
    |acc_b_63_V_fu_1072                           |  32|   0|   32|          0|
    |acc_s_63_V_10_fu_852                         |  32|   0|   32|          0|
    |acc_s_63_V_11_fu_856                         |  32|   0|   32|          0|
    |acc_s_63_V_12_fu_860                         |  32|   0|   32|          0|
    |acc_s_63_V_13_fu_864                         |  32|   0|   32|          0|
    |acc_s_63_V_14_fu_868                         |  32|   0|   32|          0|
    |acc_s_63_V_15_fu_872                         |  32|   0|   32|          0|
    |acc_s_63_V_16_fu_876                         |  32|   0|   32|          0|
    |acc_s_63_V_17_fu_880                         |  32|   0|   32|          0|
    |acc_s_63_V_18_fu_884                         |  32|   0|   32|          0|
    |acc_s_63_V_19_fu_888                         |  32|   0|   32|          0|
    |acc_s_63_V_1_fu_820                          |  32|   0|   32|          0|
    |acc_s_63_V_20_fu_892                         |  32|   0|   32|          0|
    |acc_s_63_V_21_fu_896                         |  32|   0|   32|          0|
    |acc_s_63_V_22_fu_900                         |  32|   0|   32|          0|
    |acc_s_63_V_23_fu_904                         |  32|   0|   32|          0|
    |acc_s_63_V_24_fu_908                         |  32|   0|   32|          0|
    |acc_s_63_V_25_fu_912                         |  32|   0|   32|          0|
    |acc_s_63_V_26_fu_916                         |  32|   0|   32|          0|
    |acc_s_63_V_27_fu_920                         |  32|   0|   32|          0|
    |acc_s_63_V_28_fu_924                         |  32|   0|   32|          0|
    |acc_s_63_V_29_fu_928                         |  32|   0|   32|          0|
    |acc_s_63_V_2_fu_824                          |  32|   0|   32|          0|
    |acc_s_63_V_30_fu_932                         |  32|   0|   32|          0|
    |acc_s_63_V_31_fu_936                         |  32|   0|   32|          0|
    |acc_s_63_V_32_fu_940                         |  32|   0|   32|          0|
    |acc_s_63_V_33_fu_944                         |  32|   0|   32|          0|
    |acc_s_63_V_34_fu_948                         |  32|   0|   32|          0|
    |acc_s_63_V_35_fu_952                         |  32|   0|   32|          0|
    |acc_s_63_V_36_fu_956                         |  32|   0|   32|          0|
    |acc_s_63_V_37_fu_960                         |  32|   0|   32|          0|
    |acc_s_63_V_38_fu_964                         |  32|   0|   32|          0|
    |acc_s_63_V_39_fu_968                         |  32|   0|   32|          0|
    |acc_s_63_V_3_fu_1068                         |  32|   0|   32|          0|
    |acc_s_63_V_40_fu_972                         |  32|   0|   32|          0|
    |acc_s_63_V_41_fu_976                         |  32|   0|   32|          0|
    |acc_s_63_V_42_fu_980                         |  32|   0|   32|          0|
    |acc_s_63_V_43_fu_984                         |  32|   0|   32|          0|
    |acc_s_63_V_44_fu_988                         |  32|   0|   32|          0|
    |acc_s_63_V_45_fu_992                         |  32|   0|   32|          0|
    |acc_s_63_V_46_fu_996                         |  32|   0|   32|          0|
    |acc_s_63_V_47_fu_1000                        |  32|   0|   32|          0|
    |acc_s_63_V_48_fu_1004                        |  32|   0|   32|          0|
    |acc_s_63_V_49_fu_1008                        |  32|   0|   32|          0|
    |acc_s_63_V_4_fu_828                          |  32|   0|   32|          0|
    |acc_s_63_V_50_fu_1012                        |  32|   0|   32|          0|
    |acc_s_63_V_51_fu_1016                        |  32|   0|   32|          0|
    |acc_s_63_V_52_fu_1020                        |  32|   0|   32|          0|
    |acc_s_63_V_53_fu_1024                        |  32|   0|   32|          0|
    |acc_s_63_V_54_fu_1028                        |  32|   0|   32|          0|
    |acc_s_63_V_55_fu_1032                        |  32|   0|   32|          0|
    |acc_s_63_V_56_fu_1036                        |  32|   0|   32|          0|
    |acc_s_63_V_57_fu_1040                        |  32|   0|   32|          0|
    |acc_s_63_V_58_fu_1044                        |  32|   0|   32|          0|
    |acc_s_63_V_59_fu_1048                        |  32|   0|   32|          0|
    |acc_s_63_V_5_fu_832                          |  32|   0|   32|          0|
    |acc_s_63_V_60_fu_1052                        |  32|   0|   32|          0|
    |acc_s_63_V_61_fu_1056                        |  32|   0|   32|          0|
    |acc_s_63_V_62_fu_1060                        |  32|   0|   32|          0|
    |acc_s_63_V_63_fu_1064                        |  32|   0|   32|          0|
    |acc_s_63_V_6_fu_836                          |  32|   0|   32|          0|
    |acc_s_63_V_7_fu_840                          |  32|   0|   32|          0|
    |acc_s_63_V_8_fu_844                          |  32|   0|   32|          0|
    |acc_s_63_V_9_fu_848                          |  32|   0|   32|          0|
    |acc_s_63_V_fu_816                            |  32|   0|   32|          0|
    |add_ln160_reg_7704                           |  16|   0|   16|          0|
    |add_ln700_reg_7645                           |  19|   0|   19|          0|
    |ap_CS_fsm                                    |  10|   0|   10|          0|
    |ap_enable_reg_pp1_iter0                      |   1|   0|    1|          0|
    |ap_enable_reg_pp1_iter1                      |   1|   0|    1|          0|
    |ap_enable_reg_pp1_iter2                      |   1|   0|    1|          0|
    |ap_enable_reg_pp1_iter3                      |   1|   0|    1|          0|
    |ap_enable_reg_pp2_iter0                      |   1|   0|    1|          0|
    |ap_enable_reg_pp2_iter1                      |   1|   0|    1|          0|
    |ap_enable_reg_pp3_iter0                      |   1|   0|    1|          0|
    |ap_enable_reg_pp3_iter1                      |   1|   0|    1|          0|
    |ap_enable_reg_pp3_iter2                      |   1|   0|    1|          0|
    |ap_enable_reg_pp3_iter3                      |   1|   0|    1|          0|
    |ap_enable_reg_pp3_iter4                      |   1|   0|    1|          0|
    |ap_enable_reg_pp3_iter5                      |   1|   0|    1|          0|
    |frac_reg_7683                                |   8|   0|    8|          0|
    |frac_reg_7683_pp3_iter2_reg                  |   8|   0|    8|          0|
    |grp_int_layernorm_64_s_fu_1561_ap_start_reg  |   1|   0|    1|          0|
    |i_0_reg_1516                                 |  10|   0|   10|          0|
    |icmp_ln28_reg_7548                           |   1|   0|    1|          0|
    |icmp_ln55_reg_7650                           |   1|   0|    1|          0|
    |icmp_ln63_reg_7664                           |   1|   0|    1|          0|
    |icmp_ln895_reg_7714                          |   1|   0|    1|          0|
    |indvar_flatten_reg_1505                      |  16|   0|   16|          0|
    |l0_lut_b_V_0_load_reg_7625                   |  15|   0|   15|          0|
    |l0_lut_b_V_1_load_reg_7630                   |  15|   0|   15|          0|
    |lshr_ln1_reg_7688                            |   8|   0|    8|          0|
    |o3_0_reg_1527                                |   7|   0|    7|          0|
    |o7_0_reg_1538                                |   7|   0|    7|          0|
    |o8_0_reg_1550                                |   7|   0|    7|          0|
    |o_0_reg_1494                                 |   7|   0|    7|          0|
    |o_4_reg_7654                                 |   7|   0|    7|          0|
    |select_ln28_1_reg_7563                       |  10|   0|   10|          0|
    |select_ln28_reg_7557                         |   7|   0|    7|          0|
    |tmp_11_reg_7640                              |   4|   0|    4|          0|
    |tmp_13_reg_7709                              |   8|   0|    8|          0|
    |trunc_ln6_reg_7659                           |  29|   0|   29|          0|
    |trunc_ln700_2_reg_7579                       |   6|   0|    6|          0|
    |trunc_ln700_3_reg_7620                       |   4|   0|    4|          0|
    |trunc_ln700_reg_7635                         |   4|   0|    4|          0|
    |zext_ln65_reg_7673                           |   7|   0|   64|         57|
    |icmp_ln28_reg_7548                           |  64|  32|    1|          0|
    |icmp_ln63_reg_7664                           |  64|  32|    1|          0|
    |trunc_ln700_2_reg_7579                       |  64|  32|    6|          0|
    |zext_ln65_reg_7673                           |  64|  32|   64|         57|
    +---------------------------------------------+----+----+-----+-----------+
    |Total                                        |4608| 128| 4481|        114|
    +---------------------------------------------+----+----+-----+-----------+



================================================================
== Interface
================================================================
* Summary: 
+----------------+-----+-----+------------+--------------+--------------+
|    RTL Ports   | Dir | Bits|  Protocol  | Source Object|    C Type    |
+----------------+-----+-----+------------+--------------+--------------+
|ap_clk          |  in |    1| ap_ctrl_hs |    layer0    | return value |
|ap_rst          |  in |    1| ap_ctrl_hs |    layer0    | return value |
|ap_start        |  in |    1| ap_ctrl_hs |    layer0    | return value |
|ap_done         | out |    1| ap_ctrl_hs |    layer0    | return value |
|ap_idle         | out |    1| ap_ctrl_hs |    layer0    | return value |
|ap_ready        | out |    1| ap_ctrl_hs |    layer0    | return value |
|in_V_address0   | out |   10|  ap_memory |     in_V     |     array    |
|in_V_ce0        | out |    1|  ap_memory |     in_V     |     array    |
|in_V_q0         |  in |    4|  ap_memory |     in_V     |     array    |
|out_V_address0  | out |    6|  ap_memory |     out_V    |     array    |
|out_V_ce0       | out |    1|  ap_memory |     out_V    |     array    |
|out_V_we0       | out |    1|  ap_memory |     out_V    |     array    |
|out_V_d0        | out |    4|  ap_memory |     out_V    |     array    |
+----------------+-----+-----+------------+--------------+--------------+

