

================================================================
== Vivado HLS Report for 'layer1'
================================================================
* Date:           Thu Jul  9 18:52:34 2026

* Version:        2019.1 (Build 2552052 on Fri May 24 15:28:33 MDT 2019)
* Project:        gram_lsq_w4a4_alt
* Solution:       sol1
* Product family: zynquplus
* Target device:  xczu7ev-ffvc1156-2-e


================================================================
== Performance Estimates
================================================================
+ Timing (ns): 
    * Summary: 
    +--------+-------+----------+------------+
    |  Clock | Target| Estimated| Uncertainty|
    +--------+-------+----------+------------+
    |ap_clk  |   6.67|     6.504|        0.83|
    +--------+-------+----------+------------+

+ Latency (clock cycles): 
    * Summary: 
    +-----+-----+-----+-----+---------+
    |  Latency  |  Interval | Pipeline|
    | min | max | min | max |   Type  |
    +-----+-----+-----+-----+---------+
    |  824|  824|  824|  824|   none  |
    +-----+-----+-----+-----+---------+

    + Detail: 
        * Instance: 
        +-------------------------------+--------------------+-----+-----+-----+-----+---------+
        |                               |                    |  Latency  |  Interval | Pipeline|
        |            Instance           |       Module       | min | max | min | max |   Type  |
        +-------------------------------+--------------------+-----+-----+-----+-----+---------+
        |grp_int_layernorm_10_s_fu_566  |int_layernorm_10_s  |  142|  142|  142|  142|   none  |
        +-------------------------------+--------------------+-----+-----+-----+-----+---------+

        * Loop: 
        +------------+-----+-----+----------+-----------+-----------+------+----------+
        |            |  Latency  | Iteration|  Initiation Interval  | Trip |          |
        |  Loop Name | min | max |  Latency |  achieved |   target  | Count| Pipelined|
        +------------+-----+-----+----------+-----------+-----------+------+----------+
        |- INIT1     |   10|   10|         1|          1|          1|    10|    yes   |
        |- IN1_OUT1  |  642|  642|         4|          1|          1|   640|    yes   |
        |- PRE1      |   10|   10|         1|          1|          1|    10|    yes   |
        |- ACT1      |   11|   11|         3|          1|          1|    10|    yes   |
        +------------+-----+-----+----------+-----------+-----------+------+----------+



================================================================
== Utilization Estimates
================================================================
* Summary: 
+-----------------+---------+-------+--------+--------+-----+
|       Name      | BRAM_18K| DSP48E|   FF   |   LUT  | URAM|
+-----------------+---------+-------+--------+--------+-----+
|DSP              |        -|      5|       -|       -|    -|
|Expression       |        -|      6|       0|     643|    -|
|FIFO             |        -|      -|       -|       -|    -|
|Instance         |        2|     18|   18648|   15653|    0|
|Memory           |        3|      -|     194|      29|    0|
|Multiplexer      |        -|      -|       -|     398|    -|
|Register         |        0|      -|     907|      64|    -|
+-----------------+---------+-------+--------+--------+-----+
|Total            |        5|     29|   19749|   16787|    0|
+-----------------+---------+-------+--------+--------+-----+
|Available        |      624|   1728|  460800|  230400|   96|
+-----------------+---------+-------+--------+--------+-----+
|Utilization (%)  |    ~0   |      1|       4|       7|    0|
+-----------------+---------+-------+--------+--------+-----+

+ Detail: 
    * Instance: 
    +-------------------------------+----------------------+---------+-------+-------+-------+-----+
    |            Instance           |        Module        | BRAM_18K| DSP48E|   FF  |  LUT  | URAM|
    +-------------------------------+----------------------+---------+-------+-------+-------+-----+
    |grp_int_layernorm_10_s_fu_566  |int_layernorm_10_s    |        2|     18|  18648|  15433|    0|
    |kan_top_mux_104_3rcU_U49       |kan_top_mux_104_3rcU  |        0|      0|      0|     55|    0|
    |kan_top_mux_104_3rcU_U50       |kan_top_mux_104_3rcU  |        0|      0|      0|     55|    0|
    |kan_top_mux_104_3rcU_U51       |kan_top_mux_104_3rcU  |        0|      0|      0|     55|    0|
    |kan_top_mux_104_3rcU_U52       |kan_top_mux_104_3rcU  |        0|      0|      0|     55|    0|
    +-------------------------------+----------------------+---------+-------+-------+-------+-----+
    |Total                          |                      |        2|     18|  18648|  15653|    0|
    +-------------------------------+----------------------+---------+-------+-------+-------+-----+

    * DSP48E: 
    +--------------------------+----------------------+---------------------+
    |         Instance         |        Module        |      Expression     |
    +--------------------------+----------------------+---------------------+
    |kan_top_ama_submuncg_U57  |kan_top_ama_submuncg  | i0 + (i1 - i2) * i3 |
    |kan_top_mac_muladjbC_U53  |kan_top_mac_muladjbC  |     i0 + i1 * i2    |
    |kan_top_mac_muladsc4_U54  |kan_top_mac_muladsc4  |     i0 * i1 + i2    |
    |kan_top_mac_muladtde_U55  |kan_top_mac_muladtde  |     i0 * i1 + i2    |
    |kan_top_mac_muladudo_U56  |kan_top_mac_muladudo  |     i0 + i1 * i2    |
    +--------------------------+----------------------+---------------------+

    * Memory: 
    +----------------+---------------------+---------+----+----+-----+------+-----+------+-------------+
    |     Memory     |        Module       | BRAM_18K| FF | LUT| URAM| Words| Bits| Banks| W*Bits*Banks|
    +----------------+---------------------+---------+----+----+-----+------+-----+------+-------------+
    |l1_lut_b_V_0_U  |layer0_l0_lut_b_V_0  |        0|  15|   4|    0|    16|   15|     1|          240|
    |silu_tab_V_U    |layer0_silu_tab_V    |        1|   0|   0|    0|   257|   14|     1|         3598|
    |l1_base_pk_U    |layer1_l1_base_pk    |        1|   0|   0|    0|   128|   32|     1|         4096|
    |l1_basis_pk_U   |layer1_l1_basis_pk   |        1|   0|   0|    0|   640|   16|     1|        10240|
    |l1_lut_b_V_1_U  |layer1_l1_lut_b_V_1  |        0|  15|   4|    0|    16|   15|     1|          240|
    |l1_lut_b_V_2_U  |layer1_l1_lut_b_V_2  |        0|  15|   4|    0|    16|   15|     1|          240|
    |l1_lut_b_V_3_U  |layer1_l1_lut_b_V_3  |        0|  15|   4|    0|    16|   15|     1|          240|
    |l1_lut_s_V_U    |layer1_l1_lut_s_V    |        0|  12|   3|    0|    16|   12|     1|          192|
    |v_V_U           |layer1_v_V           |        0|  58|   5|    0|    10|   29|     1|          290|
    |y_U             |layer1_y             |        0|  64|   5|    0|    10|   32|     1|          320|
    +----------------+---------------------+---------+----+----+-----+------+-----+------+-------------+
    |Total           |                     |        3| 194|  29|    0|  1125|  195|    10|        19696|
    +----------------+---------------------+---------+----+----+-----+------+-----+------+-------------+

    * FIFO: 
    N/A

    * Expression: 
    +-------------------------+----------+-------+---+----+------------+------------+
    |      Variable Name      | Operation| DSP48E| FF| LUT| Bitwidth P0| Bitwidth P1|
    +-------------------------+----------+-------+---+----+------------+------------+
    |grp_fu_1527_p2           |     *    |      0|  0|   5|           4|          15|
    |mul_ln68_1_fu_1352_p2    |     *    |      4|  0|  20|          32|          31|
    |mul_ln68_fu_1312_p2      |     *    |      2|  0|  20|          32|          27|
    |acc_s_0_V_fu_1210_p2     |     +    |      0|  0|  39|          32|          32|
    |add_ln118_fu_1464_p2     |     +    |      0|  0|  16|           1|           9|
    |add_ln160_fu_1508_p2     |     +    |      0|  0|  23|          16|          16|
    |add_ln84_1_fu_914_p2     |     +    |      0|  0|  15|           1|           7|
    |add_ln84_fu_894_p2       |     +    |      0|  0|  17|          10|           1|
    |add_ln97_fu_983_p2       |     +    |      0|  0|  17|          10|          10|
    |add_ln98_fu_1005_p2      |     +    |      0|  0|  15|           8|           8|
    |o_1_fu_1271_p2           |     +    |      0|  0|  12|           4|           1|
    |o_2_fu_1387_p2           |     +    |      0|  0|  12|           4|           1|
    |o_3_fu_949_p2            |     +    |      0|  0|  12|           4|           1|
    |o_fu_702_p2              |     +    |      0|  0|  12|           4|           1|
    |ret_V_fu_1364_p2         |     +    |      0|  0|  63|          63|          34|
    |t_V_fu_1358_p2           |     +    |      0|  0|  63|          63|          63|
    |icmp_ln111_fu_1265_p2    |   icmp   |      0|  0|   9|           4|           4|
    |icmp_ln113_fu_1398_p2    |   icmp   |      0|  0|  20|          32|          17|
    |icmp_ln114_fu_1422_p2    |   icmp   |      0|  0|  20|          17|           1|
    |icmp_ln119_fu_1381_p2    |   icmp   |      0|  0|   9|           4|           4|
    |icmp_ln78_fu_696_p2      |   icmp   |      0|  0|   9|           4|           4|
    |icmp_ln84_fu_888_p2      |   icmp   |      0|  0|  13|          10|          10|
    |icmp_ln95_fu_900_p2      |   icmp   |      0|  0|   9|           4|           4|
    |lshr_ln49_fu_1091_p2     |   lshr   |      0|  0|  97|          32|          32|
    |select_ln113_fu_1404_p3  |  select  |      0|  0|  32|           1|          17|
    |select_ln84_1_fu_920_p3  |  select  |      0|  0|   7|           1|           7|
    |select_ln84_3_fu_928_p3  |  select  |      0|  0|   7|           1|           7|
    |select_ln84_fu_906_p3    |  select  |      0|  0|   4|           1|           1|
    |u_fu_1438_p3             |  select  |      0|  0|  16|           1|           2|
    |ap_enable_pp1            |    xor   |      0|  0|   2|           1|           2|
    |ap_enable_pp3            |    xor   |      0|  0|   2|           1|           2|
    |ap_enable_reg_pp1_iter1  |    xor   |      0|  0|   2|           2|           1|
    |ap_enable_reg_pp3_iter1  |    xor   |      0|  0|   2|           2|           1|
    |xor_ln115_fu_1432_p2     |    xor   |      0|  0|  17|          16|          17|
    |xor_ln84_fu_961_p2       |    xor   |      0|  0|   5|           4|           5|
    +-------------------------+----------+-------+---+----+------------+------------+
    |Total                    |          |      6|  0| 643|         426|         395|
    +-------------------------+----------+-------+---+----+------------+------------+

    * Multiplexer: 
    +------------------------------+----+-----------+-----+-----------+
    |             Name             | LUT| Input Size| Bits| Total Bits|
    +------------------------------+----+-----------+-----+-----------+
    |acc_b_9_V_1_fu_298            |   9|          2|   32|         64|
    |acc_b_9_V_2_fu_302            |   9|          2|   32|         64|
    |acc_b_9_V_3_fu_330            |   9|          2|   32|         64|
    |acc_b_9_V_4_fu_306            |   9|          2|   32|         64|
    |acc_b_9_V_5_fu_310            |   9|          2|   32|         64|
    |acc_b_9_V_6_fu_314            |   9|          2|   32|         64|
    |acc_b_9_V_7_fu_318            |   9|          2|   32|         64|
    |acc_b_9_V_8_fu_322            |   9|          2|   32|         64|
    |acc_b_9_V_9_fu_326            |   9|          2|   32|         64|
    |acc_b_9_V_fu_294              |   9|          2|   32|         64|
    |acc_s_9_V_1_fu_258            |   9|          2|   32|         64|
    |acc_s_9_V_2_fu_262            |   9|          2|   32|         64|
    |acc_s_9_V_3_fu_290            |   9|          2|   32|         64|
    |acc_s_9_V_4_fu_266            |   9|          2|   32|         64|
    |acc_s_9_V_5_fu_270            |   9|          2|   32|         64|
    |acc_s_9_V_6_fu_274            |   9|          2|   32|         64|
    |acc_s_9_V_7_fu_278            |   9|          2|   32|         64|
    |acc_s_9_V_8_fu_282            |   9|          2|   32|         64|
    |acc_s_9_V_9_fu_286            |   9|          2|   32|         64|
    |acc_s_9_V_fu_254              |   9|          2|   32|         64|
    |ap_NS_fsm                     |  50|         11|    1|         11|
    |ap_enable_reg_pp1_iter1       |   9|          2|    1|          2|
    |ap_enable_reg_pp1_iter3       |   9|          2|    1|          2|
    |ap_enable_reg_pp3_iter1       |   9|          2|    1|          2|
    |ap_enable_reg_pp3_iter2       |   9|          2|    1|          2|
    |ap_phi_mux_i_0_phi_fu_526_p4  |   9|          2|    7|         14|
    |i_0_reg_522                   |   9|          2|    7|         14|
    |indvar_flatten_reg_511        |   9|          2|   10|         20|
    |o3_0_reg_533                  |   9|          2|    4|          8|
    |o7_0_reg_544                  |   9|          2|    4|          8|
    |o8_0_reg_555                  |   9|          2|    4|          8|
    |o_0_reg_500                   |   9|          2|    4|          8|
    |v_V_address0                  |  15|          3|    4|         12|
    |v_V_ce0                       |  15|          3|    1|          3|
    |y_address0                    |  15|          3|    4|         12|
    |y_ce0                         |  15|          3|    1|          3|
    |y_we0                         |   9|          2|    1|          2|
    +------------------------------+----+-----------+-----+-----------+
    |Total                         | 398|         87|  696|       1411|
    +------------------------------+----+-----------+-----+-----------+

    * Register: 
    +--------------------------------------------+----+----+-----+-----------+
    |                    Name                    | FF | LUT| Bits| Const Bits|
    +--------------------------------------------+----+----+-----+-----------+
    |acc_b_9_V_1_fu_298                          |  32|   0|   32|          0|
    |acc_b_9_V_2_fu_302                          |  32|   0|   32|          0|
    |acc_b_9_V_3_fu_330                          |  32|   0|   32|          0|
    |acc_b_9_V_4_fu_306                          |  32|   0|   32|          0|
    |acc_b_9_V_5_fu_310                          |  32|   0|   32|          0|
    |acc_b_9_V_6_fu_314                          |  32|   0|   32|          0|
    |acc_b_9_V_7_fu_318                          |  32|   0|   32|          0|
    |acc_b_9_V_8_fu_322                          |  32|   0|   32|          0|
    |acc_b_9_V_9_fu_326                          |  32|   0|   32|          0|
    |acc_b_9_V_fu_294                            |  32|   0|   32|          0|
    |acc_s_9_V_1_fu_258                          |  32|   0|   32|          0|
    |acc_s_9_V_2_fu_262                          |  32|   0|   32|          0|
    |acc_s_9_V_3_fu_290                          |  32|   0|   32|          0|
    |acc_s_9_V_4_fu_266                          |  32|   0|   32|          0|
    |acc_s_9_V_5_fu_270                          |  32|   0|   32|          0|
    |acc_s_9_V_6_fu_274                          |  32|   0|   32|          0|
    |acc_s_9_V_7_fu_278                          |  32|   0|   32|          0|
    |acc_s_9_V_8_fu_282                          |  32|   0|   32|          0|
    |acc_s_9_V_9_fu_286                          |  32|   0|   32|          0|
    |acc_s_9_V_fu_254                            |  32|   0|   32|          0|
    |add_ln700_reg_2043                          |  19|   0|   19|          0|
    |ap_CS_fsm                                   |  10|   0|   10|          0|
    |ap_enable_reg_pp1_iter0                     |   1|   0|    1|          0|
    |ap_enable_reg_pp1_iter1                     |   1|   0|    1|          0|
    |ap_enable_reg_pp1_iter2                     |   1|   0|    1|          0|
    |ap_enable_reg_pp1_iter3                     |   1|   0|    1|          0|
    |ap_enable_reg_pp3_iter0                     |   1|   0|    1|          0|
    |ap_enable_reg_pp3_iter1                     |   1|   0|    1|          0|
    |ap_enable_reg_pp3_iter2                     |   1|   0|    1|          0|
    |frac_reg_2075                               |   8|   0|    8|          0|
    |grp_int_layernorm_10_s_fu_566_ap_start_reg  |   1|   0|    1|          0|
    |i_0_reg_522                                 |   7|   0|    7|          0|
    |icmp_ln119_reg_2056                         |   1|   0|    1|          0|
    |icmp_ln119_reg_2056_pp3_iter1_reg           |   1|   0|    1|          0|
    |icmp_ln84_reg_1949                          |   1|   0|    1|          0|
    |indvar_flatten_reg_511                      |  10|   0|   10|          0|
    |l1_lut_b_V_0_load_reg_2023                  |  15|   0|   15|          0|
    |l1_lut_b_V_1_load_reg_2028                  |  15|   0|   15|          0|
    |o3_0_reg_533                                |   4|   0|    4|          0|
    |o7_0_reg_544                                |   4|   0|    4|          0|
    |o8_0_reg_555                                |   4|   0|    4|          0|
    |o_0_reg_500                                 |   4|   0|    4|          0|
    |select_ln84_1_reg_1966                      |   7|   0|    7|          0|
    |select_ln84_reg_1958                        |   4|   0|    4|          0|
    |tmp_1_reg_1978                              |   1|   0|    1|          0|
    |tmp_9_reg_2038                              |   4|   0|    4|          0|
    |trunc_ln700_reg_2033                        |   4|   0|    4|          0|
    |zext_ln121_reg_2065                         |   4|   0|   64|         60|
    |zext_ln121_reg_2065_pp3_iter1_reg           |   4|   0|   64|         60|
    |icmp_ln84_reg_1949                          |  64|  32|    1|          0|
    |select_ln84_reg_1958                        |  64|  32|    4|          0|
    +--------------------------------------------+----+----+-----+-----------+
    |Total                                       | 907|  64|  904|        120|
    +--------------------------------------------+----+----+-----+-----------+



================================================================
== Interface
================================================================
* Summary: 
+----------------+-----+-----+------------+--------------+--------------+
|    RTL Ports   | Dir | Bits|  Protocol  | Source Object|    C Type    |
+----------------+-----+-----+------------+--------------+--------------+
|ap_clk          |  in |    1| ap_ctrl_hs |    layer1    | return value |
|ap_rst          |  in |    1| ap_ctrl_hs |    layer1    | return value |
|ap_start        |  in |    1| ap_ctrl_hs |    layer1    | return value |
|ap_done         | out |    1| ap_ctrl_hs |    layer1    | return value |
|ap_idle         | out |    1| ap_ctrl_hs |    layer1    | return value |
|ap_ready        | out |    1| ap_ctrl_hs |    layer1    | return value |
|in_V_address0   | out |    6|  ap_memory |     in_V     |     array    |
|in_V_ce0        | out |    1|  ap_memory |     in_V     |     array    |
|in_V_q0         |  in |    4|  ap_memory |     in_V     |     array    |
|out_V_address0  | out |    4|  ap_memory |     out_V    |     array    |
|out_V_ce0       | out |    1|  ap_memory |     out_V    |     array    |
|out_V_we0       | out |    1|  ap_memory |     out_V    |     array    |
|out_V_d0        | out |   32|  ap_memory |     out_V    |     array    |
+----------------+-----+-----+------------+--------------+--------------+

