

================================================================
== Vivado HLS Report for 'layer1'
================================================================
* Date:           Thu Jul  9 19:09:28 2026

* Version:        2019.1 (Build 2552052 on Fri May 24 15:28:33 MDT 2019)
* Project:        gram_funccode_w4a4
* Solution:       sol1
* Product family: zynquplus
* Target device:  xczu9eg-ffvb1156-2-e


================================================================
== Performance Estimates
================================================================
+ Timing (ns): 
    * Summary: 
    +--------+-------+----------+------------+
    |  Clock | Target| Estimated| Uncertainty|
    +--------+-------+----------+------------+
    |ap_clk  |   6.67|     6.504|        0.83|
    +--------+-------+----------+------------+

+ Latency (clock cycles): 
    * Summary: 
    +-----+-----+-----+-----+---------+
    |  Latency  |  Interval | Pipeline|
    | min | max | min | max |   Type  |
    +-----+-----+-----+-----+---------+
    |  824|  824|  824|  824|   none  |
    +-----+-----+-----+-----+---------+

    + Detail: 
        * Instance: 
        +-------------------------------+--------------------+-----+-----+-----+-----+---------+
        |                               |                    |  Latency  |  Interval | Pipeline|
        |            Instance           |       Module       | min | max | min | max |   Type  |
        +-------------------------------+--------------------+-----+-----+-----+-----+---------+
        |grp_int_layernorm_10_s_fu_621  |int_layernorm_10_s  |  142|  142|  142|  142|   none  |
        +-------------------------------+--------------------+-----+-----+-----+-----+---------+

        * Loop: 
        +------------+-----+-----+----------+-----------+-----------+------+----------+
        |            |  Latency  | Iteration|  Initiation Interval  | Trip |          |
        |  Loop Name | min | max |  Latency |  achieved |   target  | Count| Pipelined|
        +------------+-----+-----+----------+-----------+-----------+------+----------+
        |- INIT1     |   10|   10|         1|          1|          1|    10|    yes   |
        |- IN1_OUT1  |  642|  642|         4|          1|          1|   640|    yes   |
        |- PRE1      |   10|   10|         1|          1|          1|    10|    yes   |
        |- ACT1      |   11|   11|         3|          1|          1|    10|    yes   |
        +------------+-----+-----+----------+-----------+-----------+------+----------+



================================================================
== Utilization Estimates
================================================================
* Summary: 
+-----------------+---------+-------+--------+--------+-----+
|       Name      | BRAM_18K| DSP48E|   FF   |   LUT  | URAM|
+-----------------+---------+-------+--------+--------+-----+
|DSP              |        -|      5|       -|       -|    -|
|Expression       |        -|      6|       0|     531|    -|
|FIFO             |        -|      -|       -|       -|    -|
|Instance         |        2|     18|   18650|   15654|    0|
|Memory           |        3|      -|     214|      38|    0|
|Multiplexer      |        -|      -|       -|     398|    -|
|Register         |        0|      -|     906|      64|    -|
+-----------------+---------+-------+--------+--------+-----+
|Total            |        5|     29|   19770|   16685|    0|
+-----------------+---------+-------+--------+--------+-----+
|Available        |     1824|   2520|  548160|  274080|    0|
+-----------------+---------+-------+--------+--------+-----+
|Utilization (%)  |    ~0   |      1|       3|       6|    0|
+-----------------+---------+-------+--------+--------+-----+

+ Detail: 
    * Instance: 
    +-------------------------------+----------------------+---------+-------+-------+-------+-----+
    |            Instance           |        Module        | BRAM_18K| DSP48E|   FF  |  LUT  | URAM|
    +-------------------------------+----------------------+---------+-------+-------+-------+-----+
    |grp_int_layernorm_10_s_fu_621  |int_layernorm_10_s    |        2|     18|  18650|  15434|    0|
    |kan_top_mux_104_3Ee0_U52       |kan_top_mux_104_3Ee0  |        0|      0|      0|     55|    0|
    |kan_top_mux_104_3Ee0_U53       |kan_top_mux_104_3Ee0  |        0|      0|      0|     55|    0|
    |kan_top_mux_104_3Ee0_U54       |kan_top_mux_104_3Ee0  |        0|      0|      0|     55|    0|
    |kan_top_mux_104_3Ee0_U55       |kan_top_mux_104_3Ee0  |        0|      0|      0|     55|    0|
    +-------------------------------+----------------------+---------+-------+-------+-------+-----+
    |Total                          |                      |        2|     18|  18650|  15654|    0|
    +-------------------------------+----------------------+---------+-------+-------+-------+-----+

    * DSP48E: 
    +--------------------------+----------------------+---------------------+
    |         Instance         |        Module        |      Expression     |
    +--------------------------+----------------------+---------------------+
    |kan_top_ama_submutde_U60  |kan_top_ama_submutde  | i0 + (i1 - i2) * i3 |
    |kan_top_mac_muladFfa_U56  |kan_top_mac_muladFfa  |     i0 + i1 * i2    |
    |kan_top_mac_muladGfk_U57  |kan_top_mac_muladGfk  |     i0 + i1 * i2    |
    |kan_top_mac_muladHfu_U58  |kan_top_mac_muladHfu  |     i0 + i1 * i2    |
    |kan_top_mac_muladIfE_U59  |kan_top_mac_muladIfE  |     i0 * i1 + i2    |
    +--------------------------+----------------------+---------------------+

    * Memory: 
    +-------------------------+----------------------+---------+----+----+-----+------+-----+------+-------------+
    |          Memory         |        Module        | BRAM_18K| FF | LUT| URAM| Words| Bits| Banks| W*Bits*Banks|
    +-------------------------+----------------------+---------+----+----+-----+------+-----+------+-------------+
    |l1_lut_b_V_0_U           |layer0_l0_lut_b_V_0   |        0|  15|   4|    0|    16|   15|     1|          240|
    |silu_tab_V_U             |layer0_silu_tab_V     |        1|   0|   0|    0|   257|   14|     1|         3598|
    |l1_base_codebook_q_V_U   |layer1_l1_base_coxdS  |        0|   4|   1|    0|    16|    4|     1|           64|
    |l1_base_ids_V_U          |layer1_l1_base_idzec  |        1|   0|   0|    0|   640|    4|     1|         2560|
    |l1_basis_codebook_q_3_U  |layer1_l1_basis_cAem  |        0|   4|   2|    0|    32|    4|     1|          128|
    |l1_basis_codebook_q_2_U  |layer1_l1_basis_cBew  |        0|   4|   2|    0|    32|    4|     1|          128|
    |l1_basis_codebook_q_1_U  |layer1_l1_basis_cCeG  |        0|   4|   2|    0|    32|    4|     1|          128|
    |l1_basis_codebook_q_s_U  |layer1_l1_basis_cDeQ  |        0|   4|   2|    0|    32|    4|     1|          128|
    |l1_basis_ids_V_U         |layer1_l1_basis_iyd2  |        1|   0|   0|    0|   640|    5|     1|         3200|
    |l1_lut_b_V_1_U           |layer1_l1_lut_b_V_1   |        0|  15|   4|    0|    16|   15|     1|          240|
    |l1_lut_b_V_2_U           |layer1_l1_lut_b_V_2   |        0|  15|   4|    0|    16|   15|     1|          240|
    |l1_lut_b_V_3_U           |layer1_l1_lut_b_V_3   |        0|  15|   4|    0|    16|   15|     1|          240|
    |l1_lut_s_V_U             |layer1_l1_lut_s_V     |        0|  12|   3|    0|    16|   12|     1|          192|
    |v_V_U                    |layer1_v_V            |        0|  58|   5|    0|    10|   29|     1|          290|
    |y_U                      |layer1_y              |        0|  64|   5|    0|    10|   32|     1|          320|
    +-------------------------+----------------------+---------+----+----+-----+------+-----+------+-------------+
    |Total                    |                      |        3| 214|  38|    0|  1781|  176|    15|        11696|
    +-------------------------+----------------------+---------+----+----+-----+------+-----+------+-------------+

    * FIFO: 
    N/A

    * Expression: 
    +-------------------------+----------+-------+---+----+------------+------------+
    |      Variable Name      | Operation| DSP48E| FF| LUT| Bitwidth P0| Bitwidth P1|
    +-------------------------+----------+-------+---+----+------------+------------+
    |grp_fu_1506_p2           |     *    |      0|  0|   5|          15|           4|
    |mul_ln68_1_fu_1331_p2    |     *    |      4|  0|  20|          32|          31|
    |mul_ln68_fu_1291_p2      |     *    |      2|  0|  20|          32|          26|
    |acc_s_0_V_fu_1189_p2     |     +    |      0|  0|  39|          32|          32|
    |add_ln118_fu_1443_p2     |     +    |      0|  0|  16|           1|           9|
    |add_ln160_fu_1487_p2     |     +    |      0|  0|  23|          16|          16|
    |add_ln86_1_fu_969_p2     |     +    |      0|  0|  15|           7|           1|
    |add_ln86_fu_949_p2       |     +    |      0|  0|  17|          10|           1|
    |add_ln99_fu_1008_p2      |     +    |      0|  0|  17|          10|          10|
    |o_1_fu_1250_p2           |     +    |      0|  0|  12|           4|           1|
    |o_2_fu_1366_p2           |     +    |      0|  0|  12|           4|           1|
    |o_3_fu_1020_p2           |     +    |      0|  0|  12|           4|           1|
    |o_fu_757_p2              |     +    |      0|  0|  12|           4|           1|
    |ret_V_fu_1343_p2         |     +    |      0|  0|  63|          63|          34|
    |t_V_fu_1337_p2           |     +    |      0|  0|  63|          63|          63|
    |icmp_ln113_1_fu_1377_p2  |   icmp   |      0|  0|  20|          32|          17|
    |icmp_ln113_fu_1244_p2    |   icmp   |      0|  0|   9|           4|           4|
    |icmp_ln114_fu_1401_p2    |   icmp   |      0|  0|  20|          17|           1|
    |icmp_ln121_fu_1360_p2    |   icmp   |      0|  0|   9|           4|           4|
    |icmp_ln80_fu_751_p2      |   icmp   |      0|  0|   9|           4|           4|
    |icmp_ln86_fu_943_p2      |   icmp   |      0|  0|  13|          10|          10|
    |icmp_ln97_fu_955_p2      |   icmp   |      0|  0|   9|           4|           4|
    |select_ln113_fu_1383_p3  |  select  |      0|  0|  32|           1|          17|
    |select_ln86_1_fu_975_p3  |  select  |      0|  0|   7|           1|           7|
    |select_ln86_3_fu_987_p3  |  select  |      0|  0|   7|           1|           7|
    |select_ln86_fu_961_p3    |  select  |      0|  0|   4|           1|           1|
    |u_fu_1417_p3             |  select  |      0|  0|  16|           1|           2|
    |ap_enable_pp1            |    xor   |      0|  0|   2|           1|           2|
    |ap_enable_pp3            |    xor   |      0|  0|   2|           1|           2|
    |ap_enable_reg_pp1_iter1  |    xor   |      0|  0|   2|           2|           1|
    |ap_enable_reg_pp3_iter1  |    xor   |      0|  0|   2|           2|           1|
    |xor_ln115_fu_1411_p2     |    xor   |      0|  0|  17|          16|          17|
    |xor_ln86_fu_1026_p2      |    xor   |      0|  0|   5|           4|           5|
    +-------------------------+----------+-------+---+----+------------+------------+
    |Total                    |          |      6|  0| 531|         403|         337|
    +-------------------------+----------+-------+---+----+------------+------------+

    * Multiplexer: 
    +------------------------------+----+-----------+-----+-----------+
    |             Name             | LUT| Input Size| Bits| Total Bits|
    +------------------------------+----+-----------+-----+-----------+
    |acc_b_9_V_1_fu_288            |   9|          2|   32|         64|
    |acc_b_9_V_2_fu_292            |   9|          2|   32|         64|
    |acc_b_9_V_3_fu_320            |   9|          2|   32|         64|
    |acc_b_9_V_4_fu_296            |   9|          2|   32|         64|
    |acc_b_9_V_5_fu_300            |   9|          2|   32|         64|
    |acc_b_9_V_6_fu_304            |   9|          2|   32|         64|
    |acc_b_9_V_7_fu_308            |   9|          2|   32|         64|
    |acc_b_9_V_8_fu_312            |   9|          2|   32|         64|
    |acc_b_9_V_9_fu_316            |   9|          2|   32|         64|
    |acc_b_9_V_fu_284              |   9|          2|   32|         64|
    |acc_s_9_V_1_fu_248            |   9|          2|   32|         64|
    |acc_s_9_V_2_fu_252            |   9|          2|   32|         64|
    |acc_s_9_V_3_fu_280            |   9|          2|   32|         64|
    |acc_s_9_V_4_fu_256            |   9|          2|   32|         64|
    |acc_s_9_V_5_fu_260            |   9|          2|   32|         64|
    |acc_s_9_V_6_fu_264            |   9|          2|   32|         64|
    |acc_s_9_V_7_fu_268            |   9|          2|   32|         64|
    |acc_s_9_V_8_fu_272            |   9|          2|   32|         64|
    |acc_s_9_V_9_fu_276            |   9|          2|   32|         64|
    |acc_s_9_V_fu_244              |   9|          2|   32|         64|
    |ap_NS_fsm                     |  50|         11|    1|         11|
    |ap_enable_reg_pp1_iter1       |   9|          2|    1|          2|
    |ap_enable_reg_pp1_iter3       |   9|          2|    1|          2|
    |ap_enable_reg_pp3_iter1       |   9|          2|    1|          2|
    |ap_enable_reg_pp3_iter2       |   9|          2|    1|          2|
    |ap_phi_mux_i_0_phi_fu_581_p4  |   9|          2|    7|         14|
    |i_0_reg_577                   |   9|          2|    7|         14|
    |indvar_flatten_reg_566        |   9|          2|   10|         20|
    |o3_0_reg_588                  |   9|          2|    4|          8|
    |o7_0_reg_599                  |   9|          2|    4|          8|
    |o8_0_reg_610                  |   9|          2|    4|          8|
    |o_0_reg_555                   |   9|          2|    4|          8|
    |v_V_address0                  |  15|          3|    4|         12|
    |v_V_ce0                       |  15|          3|    1|          3|
    |y_address0                    |  15|          3|    4|         12|
    |y_ce0                         |  15|          3|    1|          3|
    |y_we0                         |   9|          2|    1|          2|
    +------------------------------+----+-----------+-----+-----------+
    |Total                         | 398|         87|  696|       1411|
    +------------------------------+----+-----------+-----+-----------+

    * Register: 
    +--------------------------------------------+----+----+-----+-----------+
    |                    Name                    | FF | LUT| Bits| Const Bits|
    +--------------------------------------------+----+----+-----+-----------+
    |acc_b_9_V_1_fu_288                          |  32|   0|   32|          0|
    |acc_b_9_V_2_fu_292                          |  32|   0|   32|          0|
    |acc_b_9_V_3_fu_320                          |  32|   0|   32|          0|
    |acc_b_9_V_4_fu_296                          |  32|   0|   32|          0|
    |acc_b_9_V_5_fu_300                          |  32|   0|   32|          0|
    |acc_b_9_V_6_fu_304                          |  32|   0|   32|          0|
    |acc_b_9_V_7_fu_308                          |  32|   0|   32|          0|
    |acc_b_9_V_8_fu_312                          |  32|   0|   32|          0|
    |acc_b_9_V_9_fu_316                          |  32|   0|   32|          0|
    |acc_b_9_V_fu_284                            |  32|   0|   32|          0|
    |acc_s_9_V_1_fu_248                          |  32|   0|   32|          0|
    |acc_s_9_V_2_fu_252                          |  32|   0|   32|          0|
    |acc_s_9_V_3_fu_280                          |  32|   0|   32|          0|
    |acc_s_9_V_4_fu_256                          |  32|   0|   32|          0|
    |acc_s_9_V_5_fu_260                          |  32|   0|   32|          0|
    |acc_s_9_V_6_fu_264                          |  32|   0|   32|          0|
    |acc_s_9_V_7_fu_268                          |  32|   0|   32|          0|
    |acc_s_9_V_8_fu_272                          |  32|   0|   32|          0|
    |acc_s_9_V_9_fu_276                          |  32|   0|   32|          0|
    |acc_s_9_V_fu_244                            |  32|   0|   32|          0|
    |add_ln700_reg_2038                          |  19|   0|   19|          0|
    |ap_CS_fsm                                   |  10|   0|   10|          0|
    |ap_enable_reg_pp1_iter0                     |   1|   0|    1|          0|
    |ap_enable_reg_pp1_iter1                     |   1|   0|    1|          0|
    |ap_enable_reg_pp1_iter2                     |   1|   0|    1|          0|
    |ap_enable_reg_pp1_iter3                     |   1|   0|    1|          0|
    |ap_enable_reg_pp3_iter0                     |   1|   0|    1|          0|
    |ap_enable_reg_pp3_iter1                     |   1|   0|    1|          0|
    |ap_enable_reg_pp3_iter2                     |   1|   0|    1|          0|
    |frac_reg_2070                               |   8|   0|    8|          0|
    |grp_int_layernorm_10_s_fu_621_ap_start_reg  |   1|   0|    1|          0|
    |i_0_reg_577                                 |   7|   0|    7|          0|
    |icmp_ln121_reg_2051                         |   1|   0|    1|          0|
    |icmp_ln121_reg_2051_pp3_iter1_reg           |   1|   0|    1|          0|
    |icmp_ln86_reg_1928                          |   1|   0|    1|          0|
    |indvar_flatten_reg_566                      |  10|   0|   10|          0|
    |l1_basis_codebook_q_5_reg_2028              |   4|   0|    4|          0|
    |l1_basis_codebook_q_7_reg_2033              |   4|   0|    4|          0|
    |l1_lut_b_V_0_load_reg_2018                  |  15|   0|   15|          0|
    |l1_lut_b_V_1_load_reg_2023                  |  15|   0|   15|          0|
    |o3_0_reg_588                                |   4|   0|    4|          0|
    |o7_0_reg_599                                |   4|   0|    4|          0|
    |o8_0_reg_610                                |   4|   0|    4|          0|
    |o_0_reg_555                                 |   4|   0|    4|          0|
    |select_ln86_1_reg_1943                      |   7|   0|    7|          0|
    |select_ln86_reg_1937                        |   4|   0|    4|          0|
    |zext_ln123_reg_2060                         |   4|   0|   64|         60|
    |zext_ln123_reg_2060_pp3_iter1_reg           |   4|   0|   64|         60|
    |icmp_ln86_reg_1928                          |  64|  32|    1|          0|
    |select_ln86_reg_1937                        |  64|  32|    4|          0|
    +--------------------------------------------+----+----+-----+-----------+
    |Total                                       | 906|  64|  903|        120|
    +--------------------------------------------+----+----+-----+-----------+



================================================================
== Interface
================================================================
* Summary: 
+----------------+-----+-----+------------+--------------+--------------+
|    RTL Ports   | Dir | Bits|  Protocol  | Source Object|    C Type    |
+----------------+-----+-----+------------+--------------+--------------+
|ap_clk          |  in |    1| ap_ctrl_hs |    layer1    | return value |
|ap_rst          |  in |    1| ap_ctrl_hs |    layer1    | return value |
|ap_start        |  in |    1| ap_ctrl_hs |    layer1    | return value |
|ap_done         | out |    1| ap_ctrl_hs |    layer1    | return value |
|ap_idle         | out |    1| ap_ctrl_hs |    layer1    | return value |
|ap_ready        | out |    1| ap_ctrl_hs |    layer1    | return value |
|in_V_address0   | out |    6|  ap_memory |     in_V     |     array    |
|in_V_ce0        | out |    1|  ap_memory |     in_V     |     array    |
|in_V_q0         |  in |    4|  ap_memory |     in_V     |     array    |
|out_V_address0  | out |    4|  ap_memory |     out_V    |     array    |
|out_V_ce0       | out |    1|  ap_memory |     out_V    |     array    |
|out_V_we0       | out |    1|  ap_memory |     out_V    |     array    |
|out_V_d0        | out |   32|  ap_memory |     out_V    |     array    |
+----------------+-----+-----+------------+--------------+--------------+

