Copyright 1986-2019 Xilinx, Inc. All Rights Reserved.
----------------------------------------------------------------------------------------------------------------------------
| Tool Version      : Vivado v.2019.1 (win64) Build 2552052 Fri May 24 14:49:42 MDT 2019
| Date              : Fri Jul  3 18:38:01 2026
| Host              : element running 64-bit major release  (build 9200)
| Command           : report_timing_summary -file <repo>/hw/results/lsq_w4a4/impl_alt/timing_route.rpt
| Design            : kan_top
| Device            : xczu7ev-ffvc1156
| Speed File        : -2  PRODUCTION 1.25 05-09-2019
| Temperature Grade : E
----------------------------------------------------------------------------------------------------------------------------

Timing Summary Report

------------------------------------------------------------------------------------------------
| Timer Settings
| --------------
------------------------------------------------------------------------------------------------

  Enable Multi Corner Analysis               :  Yes
  Enable Pessimism Removal                   :  Yes
  Pessimism Removal Resolution               :  Nearest Common Node
  Enable Input Delay Default Clock           :  No
  Enable Preset / Clear Arcs                 :  No
  Disable Flight Delays                      :  No
  Ignore I/O Paths                           :  No
  Timing Early Launch at Borrowing Latches   :  No
  Borrow Time for Max Delay Exceptions       :  Yes

  Corner  Analyze    Analyze    
  Name    Max Paths  Min Paths  
  ------  ---------  ---------  
  Slow    Yes        Yes        
  Fast    Yes        Yes        



check_timing report

Table of Contents
-----------------
1. checking no_clock
2. checking constant_clock
3. checking pulse_width_clock
4. checking unconstrained_internal_endpoints
5. checking no_input_delay
6. checking no_output_delay
7. checking multiple_clock
8. checking generated_clocks
9. checking loops
10. checking partial_input_delay
11. checking partial_output_delay
12. checking latch_loops

1. checking no_clock
--------------------
 There are 0 register/latch pins with no clock.


2. checking constant_clock
--------------------------
 There are 0 register/latch pins with constant_clock.


3. checking pulse_width_clock
-----------------------------
 There are 0 register/latch pins which need pulse_width check


4. checking unconstrained_internal_endpoints
--------------------------------------------
 There are 0 pins that are not constrained for maximum delay.

 There are 0 pins that are not constrained for maximum delay due to constant clock.


5. checking no_input_delay
--------------------------
 There are 6 input ports with no input delay specified. (HIGH)

 There are 0 input ports with no input delay but user has a false path constraint.


6. checking no_output_delay
---------------------------
 There are 52 ports with no output delay specified. (HIGH)

 There are 0 ports with no output delay but user has a false path constraint

 There are 0 ports with no output delay but with a timing clock defined on it or propagating through it


7. checking multiple_clock
--------------------------
 There are 0 register/latch pins with multiple clocks.


8. checking generated_clocks
----------------------------
 There are 0 generated clocks that are not connected to a clock source.


9. checking loops
-----------------
 There are 0 combinational loops in the design.


10. checking partial_input_delay
--------------------------------
 There are 0 input ports with partial input delay specified.


11. checking partial_output_delay
---------------------------------
 There are 0 ports with partial output delay specified.


12. checking latch_loops
------------------------
 There are 0 combinational latch loops in the design through latch input



------------------------------------------------------------------------------------------------
| Design Timing Summary
| ---------------------
------------------------------------------------------------------------------------------------

    WNS(ns)      TNS(ns)  TNS Failing Endpoints  TNS Total Endpoints      WHS(ns)      THS(ns)  THS Failing Endpoints  THS Total Endpoints     WPWS(ns)     TPWS(ns)  TPWS Failing Endpoints  TPWS Total Endpoints  
    -------      -------  ---------------------  -------------------      -------      -------  ---------------------  -------------------     --------     --------  ----------------------  --------------------  
      0.115        0.000                      0                16213        0.045        0.000                      0                16213        2.793        0.000                       0                  5022  


All user specified timing constraints are met.


------------------------------------------------------------------------------------------------
| Clock Summary
| -------------
------------------------------------------------------------------------------------------------

Clock   Waveform(ns)         Period(ns)      Frequency(MHz)
-----   ------------         ----------      --------------
ap_clk  {0.000 3.335}        6.670           149.925         


------------------------------------------------------------------------------------------------
| Intra Clock Table
| -----------------
------------------------------------------------------------------------------------------------

Clock             WNS(ns)      TNS(ns)  TNS Failing Endpoints  TNS Total Endpoints      WHS(ns)      THS(ns)  THS Failing Endpoints  THS Total Endpoints     WPWS(ns)     TPWS(ns)  TPWS Failing Endpoints  TPWS Total Endpoints  
-----             -------      -------  ---------------------  -------------------      -------      -------  ---------------------  -------------------     --------     --------  ----------------------  --------------------  
ap_clk              0.115        0.000                      0                16213        0.045        0.000                      0                16213        2.793        0.000                       0                  5022  


------------------------------------------------------------------------------------------------
| Inter Clock Table
| -----------------
------------------------------------------------------------------------------------------------

From Clock    To Clock          WNS(ns)      TNS(ns)  TNS Failing Endpoints  TNS Total Endpoints      WHS(ns)      THS(ns)  THS Failing Endpoints  THS Total Endpoints  
----------    --------          -------      -------  ---------------------  -------------------      -------      -------  ---------------------  -------------------  


------------------------------------------------------------------------------------------------
| Other Path Groups Table
| -----------------------
------------------------------------------------------------------------------------------------

Path Group    From Clock    To Clock          WNS(ns)      TNS(ns)  TNS Failing Endpoints  TNS Total Endpoints      WHS(ns)      THS(ns)  THS Failing Endpoints  THS Total Endpoints  
----------    ----------    --------          -------      -------  ---------------------  -------------------      -------      -------  ---------------------  -------------------  


------------------------------------------------------------------------------------------------
| Timing Details
| --------------
------------------------------------------------------------------------------------------------


---------------------------------------------------------------------------------------------------
From Clock:  ap_clk
  To Clock:  ap_clk

Setup :            0  Failing Endpoints,  Worst Slack        0.115ns,  Total Violation        0.000ns
Hold  :            0  Failing Endpoints,  Worst Slack        0.045ns,  Total Violation        0.000ns
PW    :            0  Failing Endpoints,  Worst Slack        2.793ns,  Total Violation        0.000ns
---------------------------------------------------------------------------------------------------


Max Delay Paths
--------------------------------------------------------------------------------------
Slack (MET) :             0.115ns  (required time - arrival time)
  Source:                 grp_layer0_fu_66/kan_top_mac_muladdEe_U6/kan_top_mac_muladdEe_DSP48_1_U/p/DSP_A_B_DATA_INST/CLK
                            (rising edge-triggered cell DSP_A_B_DATA clocked by ap_clk  {rise@0.000ns fall@3.335ns period=6.670ns})
  Destination:            grp_layer0_fu_66/l0_spline_pk_U/q0_reg_1_28/ADDRARDADDR[0]
                            (rising edge-triggered cell RAMB36E2 clocked by ap_clk  {rise@0.000ns fall@3.335ns period=6.670ns})
  Path Group:             ap_clk
  Path Type:              Setup (Max at Slow Process Corner)
  Requirement:            6.670ns  (ap_clk rise@6.670ns - ap_clk rise@0.000ns)
  Data Path Delay:        6.141ns  (logic 1.543ns (25.126%)  route 4.598ns (74.874%))
  Logic Levels:           5  (DSP_ALU=1 DSP_M_DATA=1 DSP_MULTIPLIER=1 DSP_OUTPUT=1 DSP_PREADD_DATA=1)
  Clock Path Skew:        -0.021ns (DCD - SCD + CPR)
    Destination Clock Delay (DCD):    0.039ns = ( 6.709 - 6.670 ) 
    Source Clock Delay      (SCD):    0.060ns
    Clock Pessimism Removal (CPR):    0.000ns
  Clock Uncertainty:      0.035ns  ((TSJ^2 + TIJ^2)^1/2 + DJ) / 2 + PE
    Total System Jitter     (TSJ):    0.071ns
    Total Input Jitter      (TIJ):    0.000ns
    Discrete Jitter          (DJ):    0.000ns
    Phase Error              (PE):    0.000ns

    Location             Delay type                Incr(ns)  Path(ns)    Netlist Resource(s)
  -------------------------------------------------------------------    -------------------
                         (clock ap_clk rise edge)     0.000     0.000 r  
                                                      0.000     0.000 r  ap_clk (IN)
                         net (fo=5103, unset)         0.060     0.060    grp_layer0_fu_66/kan_top_mac_muladdEe_U6/kan_top_mac_muladdEe_DSP48_1_U/p/CLK
    DSP48E2_X7Y51        DSP_A_B_DATA                                 r  grp_layer0_fu_66/kan_top_mac_muladdEe_U6/kan_top_mac_muladdEe_DSP48_1_U/p/DSP_A_B_DATA_INST/CLK
  -------------------------------------------------------------------    -------------------
    DSP48E2_X7Y51        DSP_A_B_DATA (Prop_DSP_A_B_DATA_DSP48E2_CLK_A2_DATA[0])
                                                      0.234     0.294 r  grp_layer0_fu_66/kan_top_mac_muladdEe_U6/kan_top_mac_muladdEe_DSP48_1_U/p/DSP_A_B_DATA_INST/A2_DATA[0]
                         net (fo=1, routed)           0.000     0.294    grp_layer0_fu_66/kan_top_mac_muladdEe_U6/kan_top_mac_muladdEe_DSP48_1_U/p/DSP_A_B_DATA.A2_DATA<0>
    DSP48E2_X7Y51        DSP_PREADD_DATA (Prop_DSP_PREADD_DATA_DSP48E2_A2_DATA[0]_A2A1[0])
                                                      0.076     0.370 r  grp_layer0_fu_66/kan_top_mac_muladdEe_U6/kan_top_mac_muladdEe_DSP48_1_U/p/DSP_PREADD_DATA_INST/A2A1[0]
                         net (fo=1, routed)           0.000     0.370    grp_layer0_fu_66/kan_top_mac_muladdEe_U6/kan_top_mac_muladdEe_DSP48_1_U/p/DSP_PREADD_DATA.A2A1<0>
    DSP48E2_X7Y51        DSP_MULTIPLIER (Prop_DSP_MULTIPLIER_DSP48E2_A2A1[0]_V[0])
                                                      0.507     0.877 f  grp_layer0_fu_66/kan_top_mac_muladdEe_U6/kan_top_mac_muladdEe_DSP48_1_U/p/DSP_MULTIPLIER_INST/V[0]
                         net (fo=1, routed)           0.000     0.877    grp_layer0_fu_66/kan_top_mac_muladdEe_U6/kan_top_mac_muladdEe_DSP48_1_U/p/DSP_MULTIPLIER.V<0>
    DSP48E2_X7Y51        DSP_M_DATA (Prop_DSP_M_DATA_DSP48E2_V[0]_V_DATA[0])
                                                      0.046     0.923 r  grp_layer0_fu_66/kan_top_mac_muladdEe_U6/kan_top_mac_muladdEe_DSP48_1_U/p/DSP_M_DATA_INST/V_DATA[0]
                         net (fo=1, routed)           0.000     0.923    grp_layer0_fu_66/kan_top_mac_muladdEe_U6/kan_top_mac_muladdEe_DSP48_1_U/p/DSP_M_DATA.V_DATA<0>
    DSP48E2_X7Y51        DSP_ALU (Prop_DSP_ALU_DSP48E2_V_DATA[0]_ALU_OUT[0])
                                                      0.571     1.494 f  grp_layer0_fu_66/kan_top_mac_muladdEe_U6/kan_top_mac_muladdEe_DSP48_1_U/p/DSP_ALU_INST/ALU_OUT[0]
                         net (fo=1, routed)           0.000     1.494    grp_layer0_fu_66/kan_top_mac_muladdEe_U6/kan_top_mac_muladdEe_DSP48_1_U/p/DSP_ALU.ALU_OUT<0>
    DSP48E2_X7Y51        DSP_OUTPUT (Prop_DSP_OUTPUT_DSP48E2_ALU_OUT[0]_P[0])
                                                      0.109     1.603 r  grp_layer0_fu_66/kan_top_mac_muladdEe_U6/kan_top_mac_muladdEe_DSP48_1_U/p/DSP_OUTPUT_INST/P[0]
                         net (fo=64, routed)          4.598     6.201    grp_layer0_fu_66/l0_spline_pk_U/P[0]
    RAMB36_X4Y7          RAMB36E2                                     r  grp_layer0_fu_66/l0_spline_pk_U/q0_reg_1_28/ADDRARDADDR[0]
  -------------------------------------------------------------------    -------------------

                         (clock ap_clk rise edge)     6.670     6.670 r  
                                                      0.000     6.670 r  ap_clk (IN)
                         net (fo=5103, unset)         0.039     6.709    grp_layer0_fu_66/l0_spline_pk_U/ap_clk
    RAMB36_X4Y7          RAMB36E2                                     r  grp_layer0_fu_66/l0_spline_pk_U/q0_reg_1_28/CLKARDCLK
                         clock pessimism              0.000     6.709    
                         clock uncertainty           -0.035     6.674    
    RAMB36_X4Y7          RAMB36E2 (Setup_RAMB36E2_RAMB36_CLKARDCLK_ADDRARDADDR[0])
                                                     -0.358     6.316    grp_layer0_fu_66/l0_spline_pk_U/q0_reg_1_28
  -------------------------------------------------------------------
                         required time                          6.316    
                         arrival time                          -6.201    
  -------------------------------------------------------------------
                         slack                                  0.115    





Min Delay Paths
--------------------------------------------------------------------------------------
Slack (MET) :             0.045ns  (arrival time - required time)
  Source:                 grp_layer1_fu_96/ap_CS_fsm_reg[1]/C
                            (rising edge-triggered cell FDRE clocked by ap_clk  {rise@0.000ns fall@3.335ns period=6.670ns})
  Destination:            grp_layer1_fu_96/ap_CS_fsm_reg[2]/D
                            (rising edge-triggered cell FDRE clocked by ap_clk  {rise@0.000ns fall@3.335ns period=6.670ns})
  Path Group:             ap_clk
  Path Type:              Hold (Min at Fast Process Corner)
  Requirement:            0.000ns  (ap_clk rise@0.000ns - ap_clk rise@0.000ns)
  Data Path Delay:        0.098ns  (logic 0.059ns (60.204%)  route 0.039ns (39.796%))
  Logic Levels:           1  (LUT5=1)
  Clock Path Skew:        0.006ns (DCD - SCD - CPR)
    Destination Clock Delay (DCD):    0.019ns
    Source Clock Delay      (SCD):    0.013ns
    Clock Pessimism Removal (CPR):    -0.000ns

    Location             Delay type                Incr(ns)  Path(ns)    Netlist Resource(s)
  -------------------------------------------------------------------    -------------------
                         (clock ap_clk rise edge)     0.000     0.000 r  
                                                      0.000     0.000 r  ap_clk (IN)
                         net (fo=5103, unset)         0.013     0.013    grp_layer1_fu_96/ap_clk
    SLICE_X89Y162        FDRE                                         r  grp_layer1_fu_96/ap_CS_fsm_reg[1]/C
  -------------------------------------------------------------------    -------------------
    SLICE_X89Y162        FDRE (Prop_BFF_SLICEM_C_Q)
                                                      0.038     0.051 r  grp_layer1_fu_96/ap_CS_fsm_reg[1]/Q
                         net (fo=3, routed)           0.032     0.083    grp_layer1_fu_96/ap_CS_fsm_reg_n_1_[1]
    SLICE_X89Y162        LUT5 (Prop_A5LUT_SLICEM_I4_O)
                                                      0.021     0.104 r  grp_layer1_fu_96/ap_CS_fsm[2]_i_1__1/O
                         net (fo=1, routed)           0.007     0.111    grp_layer1_fu_96/ap_CS_fsm[2]_i_1__1_n_1
    SLICE_X89Y162        FDRE                                         r  grp_layer1_fu_96/ap_CS_fsm_reg[2]/D
  -------------------------------------------------------------------    -------------------

                         (clock ap_clk rise edge)     0.000     0.000 r  
                                                      0.000     0.000 r  ap_clk (IN)
                         net (fo=5103, unset)         0.019     0.019    grp_layer1_fu_96/ap_clk
    SLICE_X89Y162        FDRE                                         r  grp_layer1_fu_96/ap_CS_fsm_reg[2]/C
                         clock pessimism              0.000     0.019    
    SLICE_X89Y162        FDRE (Hold_AFF2_SLICEM_C_D)
                                                      0.047     0.066    grp_layer1_fu_96/ap_CS_fsm_reg[2]
  -------------------------------------------------------------------
                         required time                         -0.066    
                         arrival time                           0.111    
  -------------------------------------------------------------------
                         slack                                  0.045    





Pulse Width Checks
--------------------------------------------------------------------------------------
Clock Name:         ap_clk
Waveform(ns):       { 0.000 3.335 }
Period(ns):         6.670
Sources:            { ap_clk }

Check Type        Corner  Lib Pin             Reference Pin  Required(ns)  Actual(ns)  Slack(ns)  Location     Pin
Min Period        n/a     RAMB36E2/CLKARDCLK  n/a            1.355         6.670       5.315      RAMB36_X1Y5  grp_layer0_fu_66/l0_spline_pk_U/q0_reg_0_11/CLKARDCLK
Low Pulse Width   Slow    RAMB36E2/CLKARDCLK  n/a            0.542         3.335       2.793      RAMB36_X1Y5  grp_layer0_fu_66/l0_spline_pk_U/q0_reg_0_11/CLKARDCLK
High Pulse Width  Slow    RAMB36E2/CLKARDCLK  n/a            0.542         3.335       2.793      RAMB36_X1Y5  grp_layer0_fu_66/l0_spline_pk_U/q0_reg_0_11/CLKARDCLK



