

================================================================
== Vivado HLS Report for 'isqrt64'
================================================================
* Date:           Fri Jul 10 00:04:11 2026

* Version:        2019.1 (Build 2552052 on Fri May 24 15:28:33 MDT 2019)
* Project:        kagnconv_lsq_w4a4_alt
* Solution:       sol1
* Product family: zynquplus
* Target device:  xczu7ev-ffvc1156-2-e


================================================================
== Performance Estimates
================================================================
+ Timing (ns): 
    * Summary: 
    +--------+-------+----------+------------+
    |  Clock | Target| Estimated| Uncertainty|
    +--------+-------+----------+------------+
    |ap_clk  |   6.67|     2.639|        0.83|
    +--------+-------+----------+------------+

+ Latency (clock cycles): 
    * Summary: 
    +-----+-----+-----+-----+---------+
    |  Latency  |  Interval | Pipeline|
    | min | max | min | max |   Type  |
    +-----+-----+-----+-----+---------+
    |   33|   33|   33|   33|   none  |
    +-----+-----+-----+-----+---------+

    + Detail: 
        * Instance: 
        N/A

        * Loop: 
        +----------+-----+-----+----------+-----------+-----------+------+----------+
        |          |  Latency  | Iteration|  Initiation Interval  | Trip |          |
        | Loop Name| min | max |  Latency |  achieved |   target  | Count| Pipelined|
        +----------+-----+-----+----------+-----------+-----------+------+----------+
        |- ISQRT   |   32|   32|         1|          -|          -|    32|    no    |
        +----------+-----+-----+----------+-----------+-----------+------+----------+



================================================================
== Utilization Estimates
================================================================
* Summary: 
+-----------------+---------+-------+--------+--------+-----+
|       Name      | BRAM_18K| DSP48E|   FF   |   LUT  | URAM|
+-----------------+---------+-------+--------+--------+-----+
|DSP              |        -|      -|       -|       -|    -|
|Expression       |        -|      -|       0|     396|    -|
|FIFO             |        -|      -|       -|       -|    -|
|Instance         |        -|      -|       -|       -|    -|
|Memory           |        -|      -|       -|       -|    -|
|Multiplexer      |        -|      -|       -|      60|    -|
|Register         |        -|      -|     232|       -|    -|
+-----------------+---------+-------+--------+--------+-----+
|Total            |        0|      0|     232|     456|    0|
+-----------------+---------+-------+--------+--------+-----+
|Available        |      624|   1728|  460800|  230400|   96|
+-----------------+---------+-------+--------+--------+-----+
|Utilization (%)  |        0|      0|   ~0   |   ~0   |    0|
+-----------------+---------+-------+--------+--------+-----+

+ Detail: 
    * Instance: 
    N/A

    * DSP48E: 
    N/A

    * Memory: 
    N/A

    * FIFO: 
    N/A

    * Expression: 
    +----------------------+----------+-------+---+----+------------+------------+
    |     Variable Name    | Operation| DSP48E| FF| LUT| Bitwidth P0| Bitwidth P1|
    +----------------------+----------+-------+---+----+------------+------------+
    |add_ln209_fu_134_p2   |     +    |      0|  0|  71|          64|          64|
    |i_fu_92_p2            |     +    |      0|  0|  15|           6|           1|
    |t_V_fu_102_p2         |     +    |      0|  0|  71|          64|          64|
    |num_V_fu_128_p2       |     -    |      0|  0|  71|          64|          64|
    |icmp_ln30_fu_86_p2    |   icmp   |      0|  0|  11|           6|           7|
    |icmp_ln891_fu_108_p2  |   icmp   |      0|  0|  29|          64|          64|
    |num_V_1_fu_148_p3     |  select  |      0|  0|  64|           1|          64|
    |res_V_fu_140_p3       |  select  |      0|  0|  64|           1|          64|
    +----------------------+----------+-------+---+----+------------+------------+
    |Total                 |          |      0|  0| 396|         270|         392|
    +----------------------+----------+-------+---+----+------------+------------+

    * Multiplexer: 
    +-----------------------+----+-----------+-----+-----------+
    |          Name         | LUT| Input Size| Bits| Total Bits|
    +-----------------------+----+-----------+-----+-----------+
    |agg_result_V_0_reg_40  |   9|          2|   64|        128|
    |ap_NS_fsm              |  15|          3|    1|          3|
    |ap_return              |   9|          2|   64|        128|
    |i_0_reg_71             |   9|          2|    6|         12|
    |num_0_reg_51           |   9|          2|   64|        128|
    |p_0102_0_reg_60        |   9|          2|   32|         64|
    +-----------------------+----+-----------+-----+-----------+
    |Total                  |  60|         13|  231|        463|
    +-----------------------+----+-----------+-----+-----------+

    * Register: 
    +-----------------------+----+----+-----+-----------+
    |          Name         | FF | LUT| Bits| Const Bits|
    +-----------------------+----+----+-----+-----------+
    |agg_result_V_0_reg_40  |  64|   0|   64|          0|
    |ap_CS_fsm              |   2|   0|    2|          0|
    |ap_return_preg         |  64|   0|   64|          0|
    |i_0_reg_71             |   6|   0|    6|          0|
    |num_0_reg_51           |  64|   0|   64|          0|
    |p_0102_0_reg_60        |  32|   0|   63|         31|
    +-----------------------+----+----+-----+-----------+
    |Total                  | 232|   0|  263|         31|
    +-----------------------+----+----+-----+-----------+



================================================================
== Interface
================================================================
* Summary: 
+-----------+-----+-----+------------+--------------+--------------+
| RTL Ports | Dir | Bits|  Protocol  | Source Object|    C Type    |
+-----------+-----+-----+------------+--------------+--------------+
|ap_clk     |  in |    1| ap_ctrl_hs |    isqrt64   | return value |
|ap_rst     |  in |    1| ap_ctrl_hs |    isqrt64   | return value |
|ap_start   |  in |    1| ap_ctrl_hs |    isqrt64   | return value |
|ap_done    | out |    1| ap_ctrl_hs |    isqrt64   | return value |
|ap_idle    | out |    1| ap_ctrl_hs |    isqrt64   | return value |
|ap_ready   | out |    1| ap_ctrl_hs |    isqrt64   | return value |
|ap_return  | out |   64| ap_ctrl_hs |    isqrt64   | return value |
|x_V        |  in |   61|   ap_none  |      x_V     |    scalar    |
+-----------+-----+-----+------------+--------------+--------------+

