Copyright 1986-2019 Xilinx, Inc. All Rights Reserved.
-------------------------------------------------------------------------------------------------------------------------------------
| Tool Version      : Vivado v.2019.1 (win64) Build 2552052 Fri May 24 14:49:42 MDT 2019
| Date              : Fri Jul 10 00:22:29 2026
| Host              : element running 64-bit major release  (build 9200)
| Command           : report_timing_summary -file <repo>/hw/results/kagnconv_lsq_w4a4/impl_alt/timing_route.rpt
| Design            : kan_top
| Device            : xczu7ev-ffvc1156
| Speed File        : -2  PRODUCTION 1.25 05-09-2019
| Temperature Grade : E
-------------------------------------------------------------------------------------------------------------------------------------

Timing Summary Report

------------------------------------------------------------------------------------------------
| Timer Settings
| --------------
------------------------------------------------------------------------------------------------

  Enable Multi Corner Analysis               :  Yes
  Enable Pessimism Removal                   :  Yes
  Pessimism Removal Resolution               :  Nearest Common Node
  Enable Input Delay Default Clock           :  No
  Enable Preset / Clear Arcs                 :  No
  Disable Flight Delays                      :  No
  Ignore I/O Paths                           :  No
  Timing Early Launch at Borrowing Latches   :  No
  Borrow Time for Max Delay Exceptions       :  Yes

  Corner  Analyze    Analyze    
  Name    Max Paths  Min Paths  
  ------  ---------  ---------  
  Slow    Yes        Yes        
  Fast    Yes        Yes        



check_timing report

Table of Contents
-----------------
1. checking no_clock
2. checking constant_clock
3. checking pulse_width_clock
4. checking unconstrained_internal_endpoints
5. checking no_input_delay
6. checking no_output_delay
7. checking multiple_clock
8. checking generated_clocks
9. checking loops
10. checking partial_input_delay
11. checking partial_output_delay
12. checking latch_loops

1. checking no_clock
--------------------
 There are 0 register/latch pins with no clock.


2. checking constant_clock
--------------------------
 There are 0 register/latch pins with constant_clock.


3. checking pulse_width_clock
-----------------------------
 There are 0 register/latch pins which need pulse_width check


4. checking unconstrained_internal_endpoints
--------------------------------------------
 There are 0 pins that are not constrained for maximum delay.

 There are 0 pins that are not constrained for maximum delay due to constant clock.


5. checking no_input_delay
--------------------------
 There are 6 input ports with no input delay specified. (HIGH)

 There are 0 input ports with no input delay but user has a false path constraint.


6. checking no_output_delay
---------------------------
 There are 46 ports with no output delay specified. (HIGH)

 There are 0 ports with no output delay but user has a false path constraint

 There are 0 ports with no output delay but with a timing clock defined on it or propagating through it


7. checking multiple_clock
--------------------------
 There are 0 register/latch pins with multiple clocks.


8. checking generated_clocks
----------------------------
 There are 0 generated clocks that are not connected to a clock source.


9. checking loops
-----------------
 There are 0 combinational loops in the design.


10. checking partial_input_delay
--------------------------------
 There are 0 input ports with partial input delay specified.


11. checking partial_output_delay
---------------------------------
 There are 0 ports with partial output delay specified.


12. checking latch_loops
------------------------
 There are 0 combinational latch loops in the design through latch input



------------------------------------------------------------------------------------------------
| Design Timing Summary
| ---------------------
------------------------------------------------------------------------------------------------

    WNS(ns)      TNS(ns)  TNS Failing Endpoints  TNS Total Endpoints      WHS(ns)      THS(ns)  THS Failing Endpoints  THS Total Endpoints     WPWS(ns)     TPWS(ns)  TPWS Failing Endpoints  TPWS Total Endpoints  
    -------      -------  ---------------------  -------------------      -------      -------  ---------------------  -------------------     --------     --------  ----------------------  --------------------  
      0.737        0.000                      0                89309        0.027        0.000                      0                89309        2.793        0.000                       0                 66101  


All user specified timing constraints are met.


------------------------------------------------------------------------------------------------
| Clock Summary
| -------------
------------------------------------------------------------------------------------------------

Clock   Waveform(ns)         Period(ns)      Frequency(MHz)
-----   ------------         ----------      --------------
ap_clk  {0.000 3.335}        6.670           149.925         


------------------------------------------------------------------------------------------------
| Intra Clock Table
| -----------------
------------------------------------------------------------------------------------------------

Clock             WNS(ns)      TNS(ns)  TNS Failing Endpoints  TNS Total Endpoints      WHS(ns)      THS(ns)  THS Failing Endpoints  THS Total Endpoints     WPWS(ns)     TPWS(ns)  TPWS Failing Endpoints  TPWS Total Endpoints  
-----             -------      -------  ---------------------  -------------------      -------      -------  ---------------------  -------------------     --------     --------  ----------------------  --------------------  
ap_clk              0.737        0.000                      0                89309        0.027        0.000                      0                89309        2.793        0.000                       0                 66101  


------------------------------------------------------------------------------------------------
| Inter Clock Table
| -----------------
------------------------------------------------------------------------------------------------

From Clock    To Clock          WNS(ns)      TNS(ns)  TNS Failing Endpoints  TNS Total Endpoints      WHS(ns)      THS(ns)  THS Failing Endpoints  THS Total Endpoints  
----------    --------          -------      -------  ---------------------  -------------------      -------      -------  ---------------------  -------------------  


------------------------------------------------------------------------------------------------
| Other Path Groups Table
| -----------------------
------------------------------------------------------------------------------------------------

Path Group    From Clock    To Clock          WNS(ns)      TNS(ns)  TNS Failing Endpoints  TNS Total Endpoints      WHS(ns)      THS(ns)  THS Failing Endpoints  THS Total Endpoints  
----------    ----------    --------          -------      -------  ---------------------  -------------------      -------      -------  ---------------------  -------------------  


------------------------------------------------------------------------------------------------
| Timing Details
| --------------
------------------------------------------------------------------------------------------------


---------------------------------------------------------------------------------------------------
From Clock:  ap_clk
  To Clock:  ap_clk

Setup :            0  Failing Endpoints,  Worst Slack        0.737ns,  Total Violation        0.000ns
Hold  :            0  Failing Endpoints,  Worst Slack        0.027ns,  Total Violation        0.000ns
PW    :            0  Failing Endpoints,  Worst Slack        2.793ns,  Total Violation        0.000ns
---------------------------------------------------------------------------------------------------


Max Delay Paths
--------------------------------------------------------------------------------------
Slack (MET) :             0.737ns  (required time - arrival time)
  Source:                 grp_conv_stage_1_fu_789/grp_int_instnorm_196_s_fu_5251/mul_ln1371_fu_344_p2__7/DSP_A_B_DATA_INST/CLK
                            (rising edge-triggered cell DSP_A_B_DATA clocked by ap_clk  {rise@0.000ns fall@3.335ns period=6.670ns})
  Destination:            grp_conv_stage_1_fu_789/grp_int_instnorm_196_s_fu_5251/tmp_24_reg_677_reg[56]/D
                            (rising edge-triggered cell FDRE clocked by ap_clk  {rise@0.000ns fall@3.335ns period=6.670ns})
  Path Group:             ap_clk
  Path Type:              Setup (Max at Slow Process Corner)
  Requirement:            6.670ns  (ap_clk rise@6.670ns - ap_clk rise@0.000ns)
  Data Path Delay:        5.884ns  (logic 4.358ns (74.065%)  route 1.526ns (25.935%))
  Logic Levels:           20  (CARRY8=6 DSP_ALU=4 DSP_M_DATA=1 DSP_MULTIPLIER=1 DSP_OUTPUT=4 DSP_PREADD_DATA=1 LUT4=1 LUT5=1 LUT6=1)
  Clock Path Skew:        -0.039ns (DCD - SCD + CPR)
    Destination Clock Delay (DCD):    0.021ns = ( 6.691 - 6.670 ) 
    Source Clock Delay      (SCD):    0.060ns
    Clock Pessimism Removal (CPR):    0.000ns
  Clock Uncertainty:      0.035ns  ((TSJ^2 + TIJ^2)^1/2 + DJ) / 2 + PE
    Total System Jitter     (TSJ):    0.071ns
    Total Input Jitter      (TIJ):    0.000ns
    Discrete Jitter          (DJ):    0.000ns
    Phase Error              (PE):    0.000ns

    Location             Delay type                Incr(ns)  Path(ns)    Netlist Resource(s)
  -------------------------------------------------------------------    -------------------
                         (clock ap_clk rise edge)     0.000     0.000 r  
                                                      0.000     0.000 r  ap_clk (IN)
                         net (fo=66656, unset)        0.060     0.060    grp_conv_stage_1_fu_789/grp_int_instnorm_196_s_fu_5251/mul_ln1371_fu_344_p2__7/CLK
    DSP48E2_X1Y111       DSP_A_B_DATA                                 r  grp_conv_stage_1_fu_789/grp_int_instnorm_196_s_fu_5251/mul_ln1371_fu_344_p2__7/DSP_A_B_DATA_INST/CLK
  -------------------------------------------------------------------    -------------------
    DSP48E2_X1Y111       DSP_A_B_DATA (Prop_DSP_A_B_DATA_DSP48E2_CLK_B2_DATA[17])
                                                      0.212     0.272 r  grp_conv_stage_1_fu_789/grp_int_instnorm_196_s_fu_5251/mul_ln1371_fu_344_p2__7/DSP_A_B_DATA_INST/B2_DATA[17]
                         net (fo=1, routed)           0.000     0.272    grp_conv_stage_1_fu_789/grp_int_instnorm_196_s_fu_5251/mul_ln1371_fu_344_p2__7/DSP_A_B_DATA.B2_DATA<17>
    DSP48E2_X1Y111       DSP_PREADD_DATA (Prop_DSP_PREADD_DATA_DSP48E2_B2_DATA[17]_B2B1[17])
                                                      0.073     0.345 r  grp_conv_stage_1_fu_789/grp_int_instnorm_196_s_fu_5251/mul_ln1371_fu_344_p2__7/DSP_PREADD_DATA_INST/B2B1[17]
                         net (fo=1, routed)           0.000     0.345    grp_conv_stage_1_fu_789/grp_int_instnorm_196_s_fu_5251/mul_ln1371_fu_344_p2__7/DSP_PREADD_DATA.B2B1<17>
    DSP48E2_X1Y111       DSP_MULTIPLIER (Prop_DSP_MULTIPLIER_DSP48E2_B2B1[17]_V[43])
                                                      0.609     0.954 f  grp_conv_stage_1_fu_789/grp_int_instnorm_196_s_fu_5251/mul_ln1371_fu_344_p2__7/DSP_MULTIPLIER_INST/V[43]
                         net (fo=1, routed)           0.000     0.954    grp_conv_stage_1_fu_789/grp_int_instnorm_196_s_fu_5251/mul_ln1371_fu_344_p2__7/DSP_MULTIPLIER.V<43>
    DSP48E2_X1Y111       DSP_M_DATA (Prop_DSP_M_DATA_DSP48E2_V[43]_V_DATA[43])
                                                      0.046     1.000 r  grp_conv_stage_1_fu_789/grp_int_instnorm_196_s_fu_5251/mul_ln1371_fu_344_p2__7/DSP_M_DATA_INST/V_DATA[43]
                         net (fo=1, routed)           0.000     1.000    grp_conv_stage_1_fu_789/grp_int_instnorm_196_s_fu_5251/mul_ln1371_fu_344_p2__7/DSP_M_DATA.V_DATA<43>
    DSP48E2_X1Y111       DSP_ALU (Prop_DSP_ALU_DSP48E2_V_DATA[43]_ALU_OUT[47])
                                                      0.571     1.571 f  grp_conv_stage_1_fu_789/grp_int_instnorm_196_s_fu_5251/mul_ln1371_fu_344_p2__7/DSP_ALU_INST/ALU_OUT[47]
                         net (fo=1, routed)           0.000     1.571    grp_conv_stage_1_fu_789/grp_int_instnorm_196_s_fu_5251/mul_ln1371_fu_344_p2__7/DSP_ALU.ALU_OUT<47>
    DSP48E2_X1Y111       DSP_OUTPUT (Prop_DSP_OUTPUT_DSP48E2_ALU_OUT[47]_PCOUT[47])
                                                      0.122     1.693 r  grp_conv_stage_1_fu_789/grp_int_instnorm_196_s_fu_5251/mul_ln1371_fu_344_p2__7/DSP_OUTPUT_INST/PCOUT[47]
                         net (fo=1, routed)           0.038     1.731    grp_conv_stage_1_fu_789/grp_int_instnorm_196_s_fu_5251/mul_ln1371_fu_344_p2__8/PCIN[47]
    DSP48E2_X1Y112       DSP_ALU (Prop_DSP_ALU_DSP48E2_PCIN[47]_ALU_OUT[47])
                                                      0.546     2.277 f  grp_conv_stage_1_fu_789/grp_int_instnorm_196_s_fu_5251/mul_ln1371_fu_344_p2__8/DSP_ALU_INST/ALU_OUT[47]
                         net (fo=1, routed)           0.000     2.277    grp_conv_stage_1_fu_789/grp_int_instnorm_196_s_fu_5251/mul_ln1371_fu_344_p2__8/DSP_ALU.ALU_OUT<47>
    DSP48E2_X1Y112       DSP_OUTPUT (Prop_DSP_OUTPUT_DSP48E2_ALU_OUT[47]_PCOUT[47])
                                                      0.122     2.399 r  grp_conv_stage_1_fu_789/grp_int_instnorm_196_s_fu_5251/mul_ln1371_fu_344_p2__8/DSP_OUTPUT_INST/PCOUT[47]
                         net (fo=1, routed)           0.014     2.413    grp_conv_stage_1_fu_789/grp_int_instnorm_196_s_fu_5251/mul_ln1371_fu_344_p2__9/PCIN[47]
    DSP48E2_X1Y113       DSP_ALU (Prop_DSP_ALU_DSP48E2_PCIN[47]_ALU_OUT[47])
                                                      0.546     2.959 f  grp_conv_stage_1_fu_789/grp_int_instnorm_196_s_fu_5251/mul_ln1371_fu_344_p2__9/DSP_ALU_INST/ALU_OUT[47]
                         net (fo=1, routed)           0.000     2.959    grp_conv_stage_1_fu_789/grp_int_instnorm_196_s_fu_5251/mul_ln1371_fu_344_p2__9/DSP_ALU.ALU_OUT<47>
    DSP48E2_X1Y113       DSP_OUTPUT (Prop_DSP_OUTPUT_DSP48E2_ALU_OUT[47]_PCOUT[47])
                                                      0.122     3.081 r  grp_conv_stage_1_fu_789/grp_int_instnorm_196_s_fu_5251/mul_ln1371_fu_344_p2__9/DSP_OUTPUT_INST/PCOUT[47]
                         net (fo=1, routed)           0.038     3.119    grp_conv_stage_1_fu_789/grp_int_instnorm_196_s_fu_5251/mul_ln1371_fu_344_p2__10/PCIN[47]
    DSP48E2_X1Y114       DSP_ALU (Prop_DSP_ALU_DSP48E2_PCIN[47]_ALU_OUT[30])
                                                      0.546     3.665 f  grp_conv_stage_1_fu_789/grp_int_instnorm_196_s_fu_5251/mul_ln1371_fu_344_p2__10/DSP_ALU_INST/ALU_OUT[30]
                         net (fo=1, routed)           0.000     3.665    grp_conv_stage_1_fu_789/grp_int_instnorm_196_s_fu_5251/mul_ln1371_fu_344_p2__10/DSP_ALU.ALU_OUT<30>
    DSP48E2_X1Y114       DSP_OUTPUT (Prop_DSP_OUTPUT_DSP48E2_ALU_OUT[30]_P[30])
                                                      0.109     3.774 r  grp_conv_stage_1_fu_789/grp_int_instnorm_196_s_fu_5251/mul_ln1371_fu_344_p2__10/DSP_OUTPUT_INST/P[30]
                         net (fo=4, routed)           0.628     4.402    grp_conv_stage_1_fu_789/grp_int_instnorm_196_s_fu_5251/p_2_in[81]
    SLICE_X40Y279        LUT5 (Prop_H6LUT_SLICEL_I2_O)
                                                      0.150     4.552 r  grp_conv_stage_1_fu_789/grp_int_instnorm_196_s_fu_5251/mul_ln1371_reg_672[81]_i_22__0/O
                         net (fo=3, routed)           0.447     4.999    grp_conv_stage_1_fu_789/grp_int_instnorm_196_s_fu_5251/mul_ln1371_reg_672[81]_i_22__0_n_1
    SLICE_X44Y279        LUT4 (Prop_F6LUT_SLICEL_I0_O)
                                                      0.123     5.122 r  grp_conv_stage_1_fu_789/grp_int_instnorm_196_s_fu_5251/mul_ln1371_reg_672[81]_i_6__0/O
                         net (fo=2, routed)           0.180     5.302    grp_conv_stage_1_fu_789/grp_int_instnorm_196_s_fu_5251/mul_ln1371_reg_672[81]_i_6__0_n_1
    SLICE_X42Y278        LUT6 (Prop_D6LUT_SLICEM_I0_O)
                                                      0.122     5.424 r  grp_conv_stage_1_fu_789/grp_int_instnorm_196_s_fu_5251/mul_ln1371_reg_672[81]_i_14__0/O
                         net (fo=1, routed)           0.025     5.449    grp_conv_stage_1_fu_789/grp_int_instnorm_196_s_fu_5251/mul_ln1371_reg_672[81]_i_14__0_n_1
    SLICE_X42Y278        CARRY8 (Prop_CARRY8_SLICEM_S[3]_CO[7])
                                                      0.163     5.612 r  grp_conv_stage_1_fu_789/grp_int_instnorm_196_s_fu_5251/mul_ln1371_reg_672_reg[81]_i_1__0/CO[7]
                         net (fo=1, routed)           0.026     5.638    grp_conv_stage_1_fu_789/grp_int_instnorm_196_s_fu_5251/mul_ln1371_reg_672_reg[81]_i_1__0_n_1
    SLICE_X42Y279        CARRY8 (Prop_CARRY8_SLICEM_CI_CO[7])
                                                      0.015     5.653 r  grp_conv_stage_1_fu_789/grp_int_instnorm_196_s_fu_5251/mul_ln1371_reg_672_reg[89]_i_1__0/CO[7]
                         net (fo=1, routed)           0.026     5.679    grp_conv_stage_1_fu_789/grp_int_instnorm_196_s_fu_5251/mul_ln1371_reg_672_reg[89]_i_1__0_n_1
    SLICE_X42Y280        CARRY8 (Prop_CARRY8_SLICEM_CI_CO[7])
                                                      0.015     5.694 r  grp_conv_stage_1_fu_789/grp_int_instnorm_196_s_fu_5251/mul_ln1371_reg_672_reg[97]_i_1__0/CO[7]
                         net (fo=1, routed)           0.026     5.720    grp_conv_stage_1_fu_789/grp_int_instnorm_196_s_fu_5251/mul_ln1371_reg_672_reg[97]_i_1__0_n_1
    SLICE_X42Y281        CARRY8 (Prop_CARRY8_SLICEM_CI_CO[7])
                                                      0.015     5.735 r  grp_conv_stage_1_fu_789/grp_int_instnorm_196_s_fu_5251/mul_ln1371_reg_672_reg[105]_i_1__0/CO[7]
                         net (fo=1, routed)           0.026     5.761    grp_conv_stage_1_fu_789/grp_int_instnorm_196_s_fu_5251/mul_ln1371_reg_672_reg[105]_i_1__0_n_1
    SLICE_X42Y282        CARRY8 (Prop_CARRY8_SLICEM_CI_CO[7])
                                                      0.015     5.776 r  grp_conv_stage_1_fu_789/grp_int_instnorm_196_s_fu_5251/mul_ln1371_reg_672_reg[113]_i_1__0/CO[7]
                         net (fo=1, routed)           0.026     5.802    grp_conv_stage_1_fu_789/grp_int_instnorm_196_s_fu_5251/mul_ln1371_reg_672_reg[113]_i_1__0_n_1
    SLICE_X42Y283        CARRY8 (Prop_CARRY8_SLICEM_CI_O[7])
                                                      0.116     5.918 r  grp_conv_stage_1_fu_789/grp_int_instnorm_196_s_fu_5251/mul_ln1371_reg_672_reg[121]_i_1__0/O[7]
                         net (fo=1, routed)           0.026     5.944    grp_conv_stage_1_fu_789/grp_int_instnorm_196_s_fu_5251/p_0_in[56]
    SLICE_X42Y283        FDRE                                         r  grp_conv_stage_1_fu_789/grp_int_instnorm_196_s_fu_5251/tmp_24_reg_677_reg[56]/D
  -------------------------------------------------------------------    -------------------

                         (clock ap_clk rise edge)     6.670     6.670 r  
                                                      0.000     6.670 r  ap_clk (IN)
                         net (fo=66656, unset)        0.021     6.691    grp_conv_stage_1_fu_789/grp_int_instnorm_196_s_fu_5251/ap_clk
    SLICE_X42Y283        FDRE                                         r  grp_conv_stage_1_fu_789/grp_int_instnorm_196_s_fu_5251/tmp_24_reg_677_reg[56]/C
                         clock pessimism              0.000     6.691    
                         clock uncertainty           -0.035     6.656    
    SLICE_X42Y283        FDRE (Setup_HFF_SLICEM_C_D)
                                                      0.025     6.681    grp_conv_stage_1_fu_789/grp_int_instnorm_196_s_fu_5251/tmp_24_reg_677_reg[56]
  -------------------------------------------------------------------
                         required time                          6.681    
                         arrival time                          -5.944    
  -------------------------------------------------------------------
                         slack                                  0.737    





Min Delay Paths
--------------------------------------------------------------------------------------
Slack (MET) :             0.027ns  (arrival time - required time)
  Source:                 grp_conv_stage_fu_761/acc_b_19_V_6_reg_8900_reg[20]/C
                            (rising edge-triggered cell FDRE clocked by ap_clk  {rise@0.000ns fall@3.335ns period=6.670ns})
  Destination:            grp_conv_stage_fu_761/acc_b_19_V_1_reg_758_reg[20]/D
                            (rising edge-triggered cell FDRE clocked by ap_clk  {rise@0.000ns fall@3.335ns period=6.670ns})
  Path Group:             ap_clk
  Path Type:              Hold (Min at Fast Process Corner)
  Requirement:            0.000ns  (ap_clk rise@0.000ns - ap_clk rise@0.000ns)
  Data Path Delay:        0.080ns  (logic 0.038ns (47.500%)  route 0.042ns (52.500%))
  Logic Levels:           0  
  Clock Path Skew:        0.006ns (DCD - SCD - CPR)
    Destination Clock Delay (DCD):    0.019ns
    Source Clock Delay      (SCD):    0.013ns
    Clock Pessimism Removal (CPR):    -0.000ns

    Location             Delay type                Incr(ns)  Path(ns)    Netlist Resource(s)
  -------------------------------------------------------------------    -------------------
                         (clock ap_clk rise edge)     0.000     0.000 r  
                                                      0.000     0.000 r  ap_clk (IN)
                         net (fo=66656, unset)        0.013     0.013    grp_conv_stage_fu_761/ap_clk
    SLICE_X84Y109        FDRE                                         r  grp_conv_stage_fu_761/acc_b_19_V_6_reg_8900_reg[20]/C
  -------------------------------------------------------------------    -------------------
    SLICE_X84Y109        FDRE (Prop_CFF_SLICEM_C_Q)
                                                      0.038     0.051 r  grp_conv_stage_fu_761/acc_b_19_V_6_reg_8900_reg[20]/Q
                         net (fo=4, routed)           0.042     0.093    grp_conv_stage_fu_761/acc_b_19_V_6_reg_8900[20]
    SLICE_X84Y108        FDRE                                         r  grp_conv_stage_fu_761/acc_b_19_V_1_reg_758_reg[20]/D
  -------------------------------------------------------------------    -------------------

                         (clock ap_clk rise edge)     0.000     0.000 r  
                                                      0.000     0.000 r  ap_clk (IN)
                         net (fo=66656, unset)        0.019     0.019    grp_conv_stage_fu_761/ap_clk
    SLICE_X84Y108        FDRE                                         r  grp_conv_stage_fu_761/acc_b_19_V_1_reg_758_reg[20]/C
                         clock pessimism              0.000     0.019    
    SLICE_X84Y108        FDRE (Hold_HFF2_SLICEM_C_D)
                                                      0.047     0.066    grp_conv_stage_fu_761/acc_b_19_V_1_reg_758_reg[20]
  -------------------------------------------------------------------
                         required time                         -0.066    
                         arrival time                           0.093    
  -------------------------------------------------------------------
                         slack                                  0.027    





Pulse Width Checks
--------------------------------------------------------------------------------------
Clock Name:         ap_clk
Waveform(ns):       { 0.000 3.335 }
Period(ns):         6.670
Sources:            { ap_clk }

Check Type        Corner  Lib Pin             Reference Pin  Required(ns)  Actual(ns)  Slack(ns)  Location      Pin
Min Period        n/a     RAMB18E2/CLKARDCLK  n/a            1.569         6.670       5.101      RAMB18_X0Y97  f0_V_0_U/kan_top_f0_V_0_ram_U/ram_reg_bram_0/CLKARDCLK
Low Pulse Width   Slow    RAMB18E2/CLKARDCLK  n/a            0.542         3.335       2.793      RAMB18_X1Y78  f1_V_U/kan_top_f1_V_ram_U/ram_reg_bram_0/CLKARDCLK
High Pulse Width  Slow    RAMB18E2/CLKARDCLK  n/a            0.542         3.335       2.793      RAMB18_X0Y97  f0_V_0_U/kan_top_f0_V_0_ram_U/ram_reg_bram_0/CLKARDCLK



