

================================================================
== Vivado HLS Report for 'conv_stage_1'
================================================================
* Date:           Fri Jul 10 04:01:20 2026

* Version:        2019.1 (Build 2552052 on Fri May 24 15:28:33 MDT 2019)
* Project:        kagnconv_funccode_w4a4_alt
* Solution:       sol1
* Product family: zynquplus
* Target device:  xczu7ev-ffvc1156-2-e


================================================================
== Performance Estimates
================================================================
+ Timing (ns): 
    * Summary: 
    +--------+-------+----------+------------+
    |  Clock | Target| Estimated| Uncertainty|
    +--------+-------+----------+------------+
    |ap_clk  |   6.67|     6.368|        0.83|
    +--------+-------+----------+------------+

+ Latency (clock cycles): 
    * Summary: 
    +-------+-------+-------+-------+---------+
    |    Latency    |    Interval   | Pipeline|
    |  min  |  max  |  min  |  max  |   Type  |
    +-------+-------+-------+-------+---------+
    |  52294|  52294|  52294|  52294|   none  |
    +-------+-------+-------+-------+---------+

    + Detail: 
        * Instance: 
        +--------------------------------+--------------------+-----+-----+-----+-----+---------+
        |                                |                    |  Latency  |  Interval | Pipeline|
        |            Instance            |       Module       | min | max | min | max |   Type  |
        +--------------------------------+--------------------+-----+-----+-----+-----+---------+
        |grp_int_instnorm_196_s_fu_5308  |int_instnorm_196_s  |  699|  699|  699|  699|   none  |
        +--------------------------------+--------------------+-----+-----+-----+-----+---------+

        * Loop: 
        +-----------------+-------+-------+----------+-----------+-----------+------+----------+
        |                 |    Latency    | Iteration|  Initiation Interval  | Trip |          |
        |    Loop Name    |  min  |  max  |  Latency |  achieved |   target  | Count| Pipelined|
        +-----------------+-------+-------+----------+-----------+-----------+------+----------+
        |- CONV_Y_CONV_X  |  37828|  37828|       193|          -|          -|   196|    no    |
        | + INIT          |     16|     16|         1|          1|          1|    16|    yes   |
        | + TAP_K_O_LOOP  |    154|    154|        12|          1|          1|   144|    yes   |
        | + REQ           |     16|     16|         2|          1|          1|    16|    yes   |
        |- NORM_O         |  14464|  14464|       904|          -|          -|    16|    no    |
        | + ACT_P         |    200|    200|         6|          1|          1|   196|    yes   |
        +-----------------+-------+-------+----------+-----------+-----------+------+----------+



================================================================
== Utilization Estimates
================================================================
* Summary: 
+-----------------+---------+-------+--------+--------+-----+
|       Name      | BRAM_18K| DSP48E|   FF   |   LUT  | URAM|
+-----------------+---------+-------+--------+--------+-----+
|DSP              |        -|      5|       -|       -|    -|
|Expression       |        -|     10|       0|    1490|    -|
|FIFO             |        -|      -|       -|       -|    -|
|Instance         |        4|     14|   18815|   15720|    0|
|Memory           |        9|      -|     139|      70|    0|
|Multiplexer      |        -|      -|       -|    2210|    -|
|Register         |        0|      -|    4562|     256|    -|
+-----------------+---------+-------+--------+--------+-----+
|Total            |       13|     29|   23516|   19746|    0|
+-----------------+---------+-------+--------+--------+-----+
|Available        |      624|   1728|  460800|  230400|   96|
+-----------------+---------+-------+--------+--------+-----+
|Utilization (%)  |        2|      1|       5|       8|    0|
+-----------------+---------+-------+--------+--------+-----+

+ Detail: 
    * Instance: 
    +--------------------------------+----------------------+---------+-------+-------+-------+-----+
    |            Instance            |        Module        | BRAM_18K| DSP48E|   FF  |  LUT  | URAM|
    +--------------------------------+----------------------+---------+-------+-------+-------+-----+
    |grp_int_instnorm_196_s_fu_5308  |int_instnorm_196_s    |        4|     14|  18679|  15438|    0|
    |kan_top_mux_164_3wdI_U16        |kan_top_mux_164_3wdI  |        0|      0|      0|     55|    0|
    |kan_top_mux_164_3wdI_U17        |kan_top_mux_164_3wdI  |        0|      0|      0|     55|    0|
    |kan_top_mux_164_3wdI_U18        |kan_top_mux_164_3wdI  |        0|      0|      0|     55|    0|
    |kan_top_mux_164_3wdI_U19        |kan_top_mux_164_3wdI  |        0|      0|      0|     55|    0|
    |kan_top_urem_4ns_vdy_U14        |kan_top_urem_4ns_vdy  |        0|      0|     68|     31|    0|
    |kan_top_urem_4ns_vdy_U15        |kan_top_urem_4ns_vdy  |        0|      0|     68|     31|    0|
    +--------------------------------+----------------------+---------+-------+-------+-------+-----+
    |Total                           |                      |        4|     14|  18815|  15720|    0|
    +--------------------------------+----------------------+---------+-------+-------+-------+-----+

    * DSP48E: 
    +--------------------------+----------------------+---------------------+
    |         Instance         |        Module        |      Expression     |
    +--------------------------+----------------------+---------------------+
    |kan_top_ama_submuBew_U24  |kan_top_ama_submuBew  | i0 * (i1 - i2) + i3 |
    |kan_top_mac_muladAem_U23  |kan_top_mac_muladAem  |     i0 + i1 * i2    |
    |kan_top_mac_muladxdS_U20  |kan_top_mac_muladxdS  |     i0 + i1 * i2    |
    |kan_top_mac_muladyd2_U21  |kan_top_mac_muladyd2  |     i0 + i1 * i2    |
    |kan_top_mac_muladzec_U22  |kan_top_mac_muladzec  |     i0 * i1 + i2    |
    +--------------------------+----------------------+---------------------+

    * Memory: 
    +--------------------------+----------------------+---------+----+----+-----+------+-----+------+-------------+
    |          Memory          |        Module        | BRAM_18K| FF | LUT| URAM| Words| Bits| Banks| W*Bits*Banks|
    +--------------------------+----------------------+---------+----+----+-----+------+-----+------+-------------+
    |c1_base_ids_V_U           |conv_stage_1_c1_blbW  |        0|   4|   9|    0|   144|    4|     1|          576|
    |c1_base_codebook_q_V_U    |conv_stage_1_c1_bqcK  |        0|   4|   1|    0|    16|    4|     1|           64|
    |c1_beta_q_U               |conv_stage_1_c1_bsc4  |        0|  23|   6|    0|    16|   23|     1|          368|
    |c1_gamma_q_V_U            |conv_stage_1_c1_grcU  |        0|  13|   4|    0|    16|   13|     1|          208|
    |c1_lut_b_V_0_U            |conv_stage_1_c1_lfYi  |        0|  15|   4|    0|    16|   15|     1|          240|
    |c1_lut_b_V_1_U            |conv_stage_1_c1_lg8j  |        0|  15|   4|    0|    16|   15|     1|          240|
    |c1_lut_b_V_2_U            |conv_stage_1_c1_lhbi  |        0|  15|   4|    0|    16|   15|     1|          240|
    |c1_lut_b_V_3_U            |conv_stage_1_c1_libs  |        0|  15|   4|    0|    16|   15|     1|          240|
    |c1_lut_s_V_U              |conv_stage_1_c1_ljbC  |        0|  13|   4|    0|    16|   13|     1|          208|
    |c1_poly_ids_V_U           |conv_stage_1_c1_pkbM  |        0|   6|  14|    0|   144|    6|     1|          864|
    |c1_poly_codebook_q_V_U    |conv_stage_1_c1_pmb6  |        0|   4|   4|    0|    64|    4|     1|          256|
    |c1_poly_codebook_q_V_1_U  |conv_stage_1_c1_pncg  |        0|   4|   4|    0|    64|    4|     1|          256|
    |c1_poly_codebook_q_V_2_U  |conv_stage_1_c1_pocq  |        0|   4|   4|    0|    64|    4|     1|          256|
    |c1_poly_codebook_q_V_3_U  |conv_stage_1_c1_ppcA  |        0|   4|   4|    0|    64|    4|     1|          256|
    |silu_tab_V_U              |conv_stage_1_silutde  |        1|   0|   0|    0|   257|   14|     1|         3598|
    |v_map_V_U                 |conv_stage_1_v_maudo  |        7|   0|   0|    0|  3136|   28|     1|        87808|
    |yb_U                      |conv_stage_1_yb       |        1|   0|   0|    0|   196|   32|     1|         6272|
    +--------------------------+----------------------+---------+----+----+-----+------+-----+------+-------------+
    |Total                     |                      |        9| 139|  70|    0|  4261|  213|    17|       101950|
    +--------------------------+----------------------+---------+----+----+-----+------+-----+------+-------------+

    * FIFO: 
    N/A

    * Expression: 
    +---------------------------+----------+-------+---+----+------------+------------+
    |       Variable Name       | Operation| DSP48E| FF| LUT| Bitwidth P0| Bitwidth P1|
    +---------------------------+----------+-------+---+----+------------+------------+
    |grp_fu_6689_p2             |     *    |      0|  0|   5|          15|           4|
    |mul_ln1353_fu_6573_p2      |     *    |      2|  0|  25|          16|          31|
    |mul_ln41_1_fu_5644_p2      |     *    |      0|  0|  17|           5|           4|
    |mul_ln41_fu_5467_p2        |     *    |      0|  0|  17|           4|           5|
    |mul_ln68_4_fu_6265_p2      |     *    |      4|  0|  20|          31|          32|
    |mul_ln68_fu_6213_p2        |     *    |      4|  0|  20|          28|          32|
    |acc_s_0_V_fu_6127_p2       |     +    |      0|  0|  39|          32|          32|
    |add_ln118_fu_6521_p2       |     +    |      0|  0|  16|           9|           1|
    |add_ln160_fu_6564_p2       |     +    |      0|  0|  23|          16|          16|
    |add_ln180_1_fu_6450_p2     |     +    |      0|  0|  21|          13|          13|
    |add_ln180_2_fu_6162_p2     |     +    |      0|  0|  20|          13|          13|
    |add_ln180_3_fu_6156_p2     |     +    |      0|  0|  19|           8|          12|
    |add_ln180_fu_6415_p2       |     +    |      0|  0|  18|          11|          11|
    |add_ln215_1_fu_5775_p2     |     +    |      0|  0|  21|          11|          11|
    |add_ln215_fu_5630_p2       |     +    |      0|  0|  21|          11|          11|
    |add_ln28_fu_5356_p2        |     +    |      0|  0|  15|           8|           1|
    |add_ln40_1_fu_5495_p2      |     +    |      0|  0|  15|           8|           1|
    |add_ln40_fu_5501_p2        |     +    |      0|  0|  12|           1|           4|
    |add_ln42_1_fu_5561_p2      |     +    |      0|  0|  15|           6|           2|
    |add_ln42_2_fu_5697_p2      |     +    |      0|  0|  15|           5|           5|
    |add_ln42_3_fu_5706_p2      |     +    |      0|  0|  15|           2|           6|
    |add_ln42_fu_5552_p2        |     +    |      0|  0|  15|           5|           5|
    |add_ln43_1_fu_5576_p2      |     +    |      0|  0|  15|           6|           2|
    |add_ln43_2_fu_5712_p2      |     +    |      0|  0|  15|           5|           5|
    |add_ln43_3_fu_5721_p2      |     +    |      0|  0|  15|           2|           6|
    |add_ln43_fu_5567_p2        |     +    |      0|  0|  15|           5|           5|
    |add_ln55_fu_5539_p2        |     +    |      0|  0|  15|           5|           1|
    |add_ln57_1_fu_5834_p2      |     +    |      0|  0|  21|          10|          10|
    |add_ln57_fu_5806_p2        |     +    |      0|  0|  21|           7|           7|
    |add_ln76_fu_6132_p2        |     +    |      0|  0|  16|           9|           9|
    |add_ln86_1_fu_6366_p2      |     +    |      0|  0|  15|           8|           1|
    |add_ln89_fu_6395_p2        |     +    |      0|  0|  23|          16|           9|
    |o_6_fu_5446_p2             |     +    |      0|  0|  15|           5|           1|
    |o_7_fu_6150_p2             |     +    |      0|  0|  15|           5|           1|
    |o_fu_6308_p2               |     +    |      0|  0|  15|           5|           1|
    |p_fu_6360_p2               |     +    |      0|  0|  15|           8|           1|
    |ret_V_1_fu_6277_p2         |     +    |      0|  0|  21|          35|          63|
    |ret_V_fu_6579_p2           |     +    |      0|  0|  53|          46|          38|
    |t2_V_fu_6271_p2            |     +    |      0|  0|  21|          63|          63|
    |x_fu_6297_p2               |     +    |      0|  0|  12|           4|           1|
    |y_fu_5362_p2               |     +    |      0|  0|  12|           4|           1|
    |sub_ln180_1_fu_6444_p2     |     -    |      0|  0|  21|          13|          13|
    |sub_ln180_fu_6344_p2       |     -    |      0|  0|  17|          10|          10|
    |sub_ln215_1_fu_5769_p2     |     -    |      0|  0|  21|          11|          11|
    |sub_ln215_fu_5624_p2       |     -    |      0|  0|  21|          11|          11|
    |sub_ln57_1_fu_5828_p2      |     -    |      0|  0|  21|          10|          10|
    |sub_ln57_fu_5800_p2        |     -    |      0|  0|  21|           7|           7|
    |sub_ln76_1_fu_5414_p2      |     -    |      0|  0|  16|           9|           9|
    |sub_ln76_fu_5344_p2        |     -    |      0|  0|  16|           9|           9|
    |and_ln44_1_fu_5739_p2      |    and   |      0|  0|   2|           1|           1|
    |and_ln44_fu_5594_p2        |    and   |      0|  0|   2|           1|           1|
    |ap_condition_482           |    and   |      0|  0|   2|           1|           1|
    |icmp_ln113_fu_6456_p2      |   icmp   |      0|  0|  20|          32|          17|
    |icmp_ln114_fu_6480_p2      |   icmp   |      0|  0|  20|          17|           1|
    |icmp_ln28_fu_5350_p2       |   icmp   |      0|  0|  11|           8|           7|
    |icmp_ln30_fu_5368_p2       |   icmp   |      0|  0|   9|           4|           3|
    |icmp_ln32_fu_5440_p2       |   icmp   |      0|  0|  11|           5|           6|
    |icmp_ln40_fu_5489_p2       |   icmp   |      0|  0|  11|           8|           8|
    |icmp_ln44_1_fu_5588_p2     |   icmp   |      0|  0|  11|           5|           1|
    |icmp_ln44_2_fu_5727_p2     |   icmp   |      0|  0|  11|           5|           1|
    |icmp_ln44_3_fu_5733_p2     |   icmp   |      0|  0|  11|           5|           1|
    |icmp_ln44_fu_5582_p2       |   icmp   |      0|  0|  11|           5|           1|
    |icmp_ln55_fu_5507_p2       |   icmp   |      0|  0|  11|           5|           6|
    |icmp_ln72_fu_6144_p2       |   icmp   |      0|  0|  11|           5|           6|
    |icmp_ln82_fu_6302_p2       |   icmp   |      0|  0|  11|           5|           6|
    |icmp_ln86_1_fu_6372_p2     |   icmp   |      0|  0|  11|           8|           4|
    |icmp_ln86_fu_6354_p2       |   icmp   |      0|  0|  11|           8|           7|
    |icmp_ln887_fu_6629_p2      |   icmp   |      0|  0|  13|           9|           5|
    |icmp_ln895_fu_6609_p2      |   icmp   |      0|  0|  11|           6|           1|
    |b_1_V_fu_5914_p3           |  select  |      0|  0|  15|           1|          15|
    |fout_V_d0                  |  select  |      0|  0|   5|           1|           5|
    |select_ln113_fu_6462_p3    |  select  |      0|  0|  32|           1|          17|
    |select_ln127_fu_6622_p3    |  select  |      0|  0|   9|           1|           3|
    |select_ln28_1_fu_5390_p3   |  select  |      0|  0|   5|           1|           5|
    |select_ln28_2_fu_5420_p3   |  select  |      0|  0|   9|           1|           9|
    |select_ln28_3_fu_5428_p3   |  select  |      0|  0|   4|           1|           4|
    |select_ln28_fu_5374_p3     |  select  |      0|  0|   4|           1|           1|
    |select_ln40_fu_5527_p3     |  select  |      0|  0|   4|           1|           4|
    |select_ln41_1_fu_5660_p3   |  select  |      0|  0|   4|           1|           4|
    |select_ln41_2_fu_5682_p3   |  select  |      0|  0|   2|           1|           2|
    |select_ln41_3_fu_5963_p3   |  select  |      0|  0|  13|           1|          13|
    |select_ln41_4_fu_5981_p3   |  select  |      0|  0|  15|           1|          15|
    |select_ln41_5_fu_5995_p3   |  select  |      0|  0|  15|           1|          15|
    |select_ln41_6_fu_6002_p3   |  select  |      0|  0|  15|           1|          15|
    |select_ln41_7_fu_6009_p3   |  select  |      0|  0|  15|           1|          15|
    |select_ln41_fu_5513_p3     |  select  |      0|  0|   5|           1|           1|
    |select_ln44_10_fu_5974_p3  |  select  |      0|  0|  15|           1|          15|
    |select_ln44_11_fu_5988_p3  |  select  |      0|  0|  15|           1|          15|
    |select_ln44_1_fu_5907_p3   |  select  |      0|  0|  15|           1|          15|
    |select_ln44_3_fu_5921_p3   |  select  |      0|  0|  15|           1|          15|
    |select_ln44_4_fu_5928_p3   |  select  |      0|  0|  15|           1|          15|
    |select_ln44_5_fu_5935_p3   |  select  |      0|  0|  13|           1|          13|
    |select_ln44_6_fu_5878_p3   |  select  |      0|  0|   4|           1|           4|
    |select_ln44_7_fu_5942_p3   |  select  |      0|  0|  15|           1|          15|
    |select_ln44_8_fu_5949_p3   |  select  |      0|  0|  15|           1|          15|
    |select_ln44_9_fu_5956_p3   |  select  |      0|  0|  13|           1|          13|
    |select_ln44_fu_5856_p3     |  select  |      0|  0|   4|           1|           4|
    |select_ln86_fu_6378_p3     |  select  |      0|  0|   8|           1|           8|
    |u_fu_6496_p3               |  select  |      0|  0|  16|           1|           2|
    |ap_enable_pp1              |    xor   |      0|  0|   2|           1|           2|
    |ap_enable_pp2              |    xor   |      0|  0|   2|           1|           2|
    |ap_enable_pp3              |    xor   |      0|  0|   2|           1|           2|
    |ap_enable_reg_pp2_iter1    |    xor   |      0|  0|   2|           2|           1|
    |ap_enable_reg_pp3_iter1    |    xor   |      0|  0|   2|           2|           1|
    |xor_ln115_fu_6490_p2       |    xor   |      0|  0|  17|          16|          17|
    |xor_ln214_1_fu_5872_p2     |    xor   |      0|  0|   5|           4|           5|
    |xor_ln214_fu_5850_p2       |    xor   |      0|  0|   5|           4|           5|
    +---------------------------+----------+-------+---+----+------------+------------+
    |Total                      |          |     10|  0|1490|         790|         968|
    +---------------------------+----------+-------+---+----+------------+------------+

    * Multiplexer: 
    +-----------------------------------------+----+-----------+-----+-----------+
    |                   Name                  | LUT| Input Size| Bits| Total Bits|
    +-----------------------------------------+----+-----------+-----+-----------+
    |acc_b_0_V_2_reg_1137                     |   9|          2|   32|         64|
    |acc_b_0_V_5_reg_3309                     |   9|          2|   32|         64|
    |acc_b_0_V_62_reg_4131                    |  15|          3|   32|         96|
    |acc_b_10_V_2_reg_1027                    |   9|          2|   32|         64|
    |acc_b_10_V_5_reg_3189                    |   9|          2|   32|         64|
    |acc_b_10_V_6_reg_3591                    |  15|          3|   32|         96|
    |acc_b_11_V_2_reg_1016                    |   9|          2|   32|         64|
    |acc_b_11_V_5_reg_3177                    |   9|          2|   32|         64|
    |acc_b_11_V_6_reg_3537                    |  15|          3|   32|         96|
    |acc_b_12_V_2_reg_1005                    |   9|          2|   32|         64|
    |acc_b_12_V_5_reg_3165                    |   9|          2|   32|         64|
    |acc_b_12_V_6_reg_3483                    |  15|          3|   32|         96|
    |acc_b_13_V_2_reg_994                     |   9|          2|   32|         64|
    |acc_b_13_V_5_reg_3153                    |   9|          2|   32|         64|
    |acc_b_13_V_6_reg_3429                    |  15|          3|   32|         96|
    |acc_b_14_V_2_reg_983                     |   9|          2|   32|         64|
    |acc_b_14_V_5_reg_3141                    |   9|          2|   32|         64|
    |acc_b_14_V_6_reg_3375                    |  15|          3|   32|         96|
    |acc_b_15_V_2_reg_972                     |   9|          2|   32|         64|
    |acc_b_15_V_5_reg_3129                    |   9|          2|   32|         64|
    |acc_b_15_V_6_reg_3321                    |  15|          3|   32|         96|
    |acc_b_1_V_2_reg_1126                     |   9|          2|   32|         64|
    |acc_b_1_V_5_reg_3297                     |   9|          2|   32|         64|
    |acc_b_1_V_6_reg_4077                     |  15|          3|   32|         96|
    |acc_b_2_V_2_reg_1115                     |   9|          2|   32|         64|
    |acc_b_2_V_5_reg_3285                     |   9|          2|   32|         64|
    |acc_b_2_V_6_reg_4023                     |  15|          3|   32|         96|
    |acc_b_3_V_2_reg_1104                     |   9|          2|   32|         64|
    |acc_b_3_V_5_reg_3273                     |   9|          2|   32|         64|
    |acc_b_3_V_6_reg_3969                     |  15|          3|   32|         96|
    |acc_b_4_V_2_reg_1093                     |   9|          2|   32|         64|
    |acc_b_4_V_5_reg_3261                     |   9|          2|   32|         64|
    |acc_b_4_V_6_reg_3915                     |  15|          3|   32|         96|
    |acc_b_5_V_2_reg_1082                     |   9|          2|   32|         64|
    |acc_b_5_V_5_reg_3249                     |   9|          2|   32|         64|
    |acc_b_5_V_6_reg_3861                     |  15|          3|   32|         96|
    |acc_b_6_V_2_reg_1071                     |   9|          2|   32|         64|
    |acc_b_6_V_5_reg_3237                     |   9|          2|   32|         64|
    |acc_b_6_V_6_reg_3807                     |  15|          3|   32|         96|
    |acc_b_7_V_2_reg_1060                     |   9|          2|   32|         64|
    |acc_b_7_V_5_reg_3225                     |   9|          2|   32|         64|
    |acc_b_7_V_6_reg_3753                     |  15|          3|   32|         96|
    |acc_b_8_V_2_reg_1049                     |   9|          2|   32|         64|
    |acc_b_8_V_5_reg_3213                     |   9|          2|   32|         64|
    |acc_b_8_V_6_reg_3699                     |  15|          3|   32|         96|
    |acc_b_9_V_2_reg_1038                     |   9|          2|   32|         64|
    |acc_b_9_V_5_reg_3201                     |   9|          2|   32|         64|
    |acc_b_9_V_6_reg_3645                     |  15|          3|   32|         96|
    |acc_s_0_V_2_reg_1313                     |   9|          2|   32|         64|
    |acc_s_0_V_5_reg_4365                     |   9|          2|   32|         64|
    |acc_s_10_V_2_reg_1203                    |   9|          2|   32|         64|
    |acc_s_10_V_5_reg_4245                    |   9|          2|   32|         64|
    |acc_s_11_V_2_reg_1192                    |   9|          2|   32|         64|
    |acc_s_11_V_5_reg_4233                    |   9|          2|   32|         64|
    |acc_s_12_V_2_reg_1181                    |   9|          2|   32|         64|
    |acc_s_12_V_5_reg_4221                    |   9|          2|   32|         64|
    |acc_s_13_V_2_reg_1170                    |   9|          2|   32|         64|
    |acc_s_13_V_5_reg_4209                    |   9|          2|   32|         64|
    |acc_s_14_V_2_reg_1159                    |   9|          2|   32|         64|
    |acc_s_14_V_5_reg_4197                    |   9|          2|   32|         64|
    |acc_s_15_V_2_reg_1148                    |   9|          2|   32|         64|
    |acc_s_15_V_5_reg_4185                    |   9|          2|   32|         64|
    |acc_s_1_V_2_reg_1302                     |   9|          2|   32|         64|
    |acc_s_1_V_5_reg_4353                     |   9|          2|   32|         64|
    |acc_s_2_V_2_reg_1291                     |   9|          2|   32|         64|
    |acc_s_2_V_5_reg_4341                     |   9|          2|   32|         64|
    |acc_s_3_V_2_reg_1280                     |   9|          2|   32|         64|
    |acc_s_3_V_5_reg_4329                     |   9|          2|   32|         64|
    |acc_s_4_V_2_reg_1269                     |   9|          2|   32|         64|
    |acc_s_4_V_5_reg_4317                     |   9|          2|   32|         64|
    |acc_s_5_V_2_reg_1258                     |   9|          2|   32|         64|
    |acc_s_5_V_5_reg_4305                     |   9|          2|   32|         64|
    |acc_s_6_V_2_reg_1247                     |   9|          2|   32|         64|
    |acc_s_6_V_5_reg_4293                     |   9|          2|   32|         64|
    |acc_s_7_V_2_reg_1236                     |   9|          2|   32|         64|
    |acc_s_7_V_5_reg_4281                     |   9|          2|   32|         64|
    |acc_s_8_V_2_reg_1225                     |   9|          2|   32|         64|
    |acc_s_8_V_5_reg_4269                     |   9|          2|   32|         64|
    |acc_s_9_V_2_reg_1214                     |   9|          2|   32|         64|
    |acc_s_9_V_5_reg_4257                     |   9|          2|   32|         64|
    |ap_NS_fsm                                |  59|         14|    1|         14|
    |ap_enable_reg_pp1_iter10                 |   9|          2|    1|          2|
    |ap_enable_reg_pp1_iter11                 |  15|          3|    1|          3|
    |ap_enable_reg_pp2_iter1                  |  15|          3|    1|          3|
    |ap_enable_reg_pp3_iter1                  |   9|          2|    1|          2|
    |ap_enable_reg_pp3_iter5                  |   9|          2|    1|          2|
    |ap_phi_mux_acc_b_0_V_3_phi_fu_2164_p32   |  15|          3|   32|         96|
    |ap_phi_mux_acc_b_0_V_5_phi_fu_3313_p4    |   9|          2|   32|         64|
    |ap_phi_mux_acc_b_10_V_3_phi_fu_1614_p32  |  15|          3|   32|         96|
    |ap_phi_mux_acc_b_10_V_5_phi_fu_3193_p4   |   9|          2|   32|         64|
    |ap_phi_mux_acc_b_11_V_3_phi_fu_1559_p32  |  15|          3|   32|         96|
    |ap_phi_mux_acc_b_11_V_5_phi_fu_3181_p4   |   9|          2|   32|         64|
    |ap_phi_mux_acc_b_12_V_3_phi_fu_1504_p32  |  15|          3|   32|         96|
    |ap_phi_mux_acc_b_12_V_5_phi_fu_3169_p4   |   9|          2|   32|         64|
    |ap_phi_mux_acc_b_13_V_3_phi_fu_1449_p32  |  15|          3|   32|         96|
    |ap_phi_mux_acc_b_13_V_5_phi_fu_3157_p4   |   9|          2|   32|         64|
    |ap_phi_mux_acc_b_14_V_3_phi_fu_1394_p32  |  15|          3|   32|         96|
    |ap_phi_mux_acc_b_14_V_5_phi_fu_3145_p4   |   9|          2|   32|         64|
    |ap_phi_mux_acc_b_15_V_3_phi_fu_1339_p32  |  15|          3|   32|         96|
    |ap_phi_mux_acc_b_15_V_5_phi_fu_3133_p4   |   9|          2|   32|         64|
    |ap_phi_mux_acc_b_1_V_3_phi_fu_2109_p32   |  15|          3|   32|         96|
    |ap_phi_mux_acc_b_1_V_5_phi_fu_3301_p4    |   9|          2|   32|         64|
    |ap_phi_mux_acc_b_2_V_3_phi_fu_2054_p32   |  15|          3|   32|         96|
    |ap_phi_mux_acc_b_2_V_5_phi_fu_3289_p4    |   9|          2|   32|         64|
    |ap_phi_mux_acc_b_3_V_3_phi_fu_1999_p32   |  15|          3|   32|         96|
    |ap_phi_mux_acc_b_3_V_5_phi_fu_3277_p4    |   9|          2|   32|         64|
    |ap_phi_mux_acc_b_4_V_3_phi_fu_1944_p32   |  15|          3|   32|         96|
    |ap_phi_mux_acc_b_4_V_5_phi_fu_3265_p4    |   9|          2|   32|         64|
    |ap_phi_mux_acc_b_5_V_3_phi_fu_1889_p32   |  15|          3|   32|         96|
    |ap_phi_mux_acc_b_5_V_5_phi_fu_3253_p4    |   9|          2|   32|         64|
    |ap_phi_mux_acc_b_6_V_3_phi_fu_1834_p32   |  15|          3|   32|         96|
    |ap_phi_mux_acc_b_6_V_5_phi_fu_3241_p4    |   9|          2|   32|         64|
    |ap_phi_mux_acc_b_7_V_3_phi_fu_1779_p32   |  15|          3|   32|         96|
    |ap_phi_mux_acc_b_7_V_5_phi_fu_3229_p4    |   9|          2|   32|         64|
    |ap_phi_mux_acc_b_8_V_3_phi_fu_1724_p32   |  15|          3|   32|         96|
    |ap_phi_mux_acc_b_8_V_5_phi_fu_3217_p4    |   9|          2|   32|         64|
    |ap_phi_mux_acc_b_9_V_3_phi_fu_1669_p32   |  15|          3|   32|         96|
    |ap_phi_mux_acc_b_9_V_5_phi_fu_3205_p4    |   9|          2|   32|         64|
    |ap_phi_mux_acc_s_0_V_3_phi_fu_3044_p32   |  15|          3|   32|         96|
    |ap_phi_mux_acc_s_0_V_5_phi_fu_4369_p4    |   9|          2|   32|         64|
    |ap_phi_mux_acc_s_0_V_61_phi_fu_5191_p32  |  15|          3|   32|         96|
    |ap_phi_mux_acc_s_10_V_3_phi_fu_2494_p32  |  15|          3|   32|         96|
    |ap_phi_mux_acc_s_10_V_5_phi_fu_4249_p4   |   9|          2|   32|         64|
    |ap_phi_mux_acc_s_10_V_6_phi_fu_4651_p32  |  15|          3|   32|         96|
    |ap_phi_mux_acc_s_11_V_3_phi_fu_2439_p32  |  15|          3|   32|         96|
    |ap_phi_mux_acc_s_11_V_5_phi_fu_4237_p4   |   9|          2|   32|         64|
    |ap_phi_mux_acc_s_11_V_6_phi_fu_4597_p32  |  15|          3|   32|         96|
    |ap_phi_mux_acc_s_12_V_3_phi_fu_2384_p32  |  15|          3|   32|         96|
    |ap_phi_mux_acc_s_12_V_5_phi_fu_4225_p4   |   9|          2|   32|         64|
    |ap_phi_mux_acc_s_12_V_6_phi_fu_4543_p32  |  15|          3|   32|         96|
    |ap_phi_mux_acc_s_13_V_3_phi_fu_2329_p32  |  15|          3|   32|         96|
    |ap_phi_mux_acc_s_13_V_5_phi_fu_4213_p4   |   9|          2|   32|         64|
    |ap_phi_mux_acc_s_13_V_6_phi_fu_4489_p32  |  15|          3|   32|         96|
    |ap_phi_mux_acc_s_14_V_3_phi_fu_2274_p32  |  15|          3|   32|         96|
    |ap_phi_mux_acc_s_14_V_5_phi_fu_4201_p4   |   9|          2|   32|         64|
    |ap_phi_mux_acc_s_14_V_6_phi_fu_4435_p32  |  15|          3|   32|         96|
    |ap_phi_mux_acc_s_15_V_3_phi_fu_2219_p32  |  15|          3|   32|         96|
    |ap_phi_mux_acc_s_15_V_5_phi_fu_4189_p4   |   9|          2|   32|         64|
    |ap_phi_mux_acc_s_15_V_6_phi_fu_4381_p32  |  15|          3|   32|         96|
    |ap_phi_mux_acc_s_1_V_3_phi_fu_2989_p32   |  15|          3|   32|         96|
    |ap_phi_mux_acc_s_1_V_5_phi_fu_4357_p4    |   9|          2|   32|         64|
    |ap_phi_mux_acc_s_1_V_6_phi_fu_5137_p32   |  15|          3|   32|         96|
    |ap_phi_mux_acc_s_2_V_3_phi_fu_2934_p32   |  15|          3|   32|         96|
    |ap_phi_mux_acc_s_2_V_5_phi_fu_4345_p4    |   9|          2|   32|         64|
    |ap_phi_mux_acc_s_2_V_6_phi_fu_5083_p32   |  15|          3|   32|         96|
    |ap_phi_mux_acc_s_3_V_3_phi_fu_2879_p32   |  15|          3|   32|         96|
    |ap_phi_mux_acc_s_3_V_5_phi_fu_4333_p4    |   9|          2|   32|         64|
    |ap_phi_mux_acc_s_3_V_6_phi_fu_5029_p32   |  15|          3|   32|         96|
    |ap_phi_mux_acc_s_4_V_3_phi_fu_2824_p32   |  15|          3|   32|         96|
    |ap_phi_mux_acc_s_4_V_5_phi_fu_4321_p4    |   9|          2|   32|         64|
    |ap_phi_mux_acc_s_4_V_6_phi_fu_4975_p32   |  15|          3|   32|         96|
    |ap_phi_mux_acc_s_5_V_3_phi_fu_2769_p32   |  15|          3|   32|         96|
    |ap_phi_mux_acc_s_5_V_5_phi_fu_4309_p4    |   9|          2|   32|         64|
    |ap_phi_mux_acc_s_5_V_6_phi_fu_4921_p32   |  15|          3|   32|         96|
    |ap_phi_mux_acc_s_6_V_3_phi_fu_2714_p32   |  15|          3|   32|         96|
    |ap_phi_mux_acc_s_6_V_5_phi_fu_4297_p4    |   9|          2|   32|         64|
    |ap_phi_mux_acc_s_6_V_6_phi_fu_4867_p32   |  15|          3|   32|         96|
    |ap_phi_mux_acc_s_7_V_3_phi_fu_2659_p32   |  15|          3|   32|         96|
    |ap_phi_mux_acc_s_7_V_5_phi_fu_4285_p4    |   9|          2|   32|         64|
    |ap_phi_mux_acc_s_7_V_6_phi_fu_4813_p32   |  15|          3|   32|         96|
    |ap_phi_mux_acc_s_8_V_3_phi_fu_2604_p32   |  15|          3|   32|         96|
    |ap_phi_mux_acc_s_8_V_5_phi_fu_4273_p4    |   9|          2|   32|         64|
    |ap_phi_mux_acc_s_8_V_6_phi_fu_4759_p32   |  15|          3|   32|         96|
    |ap_phi_mux_acc_s_9_V_3_phi_fu_2549_p32   |  15|          3|   32|         96|
    |ap_phi_mux_acc_s_9_V_5_phi_fu_4261_p4    |   9|          2|   32|         64|
    |ap_phi_mux_acc_s_9_V_6_phi_fu_4705_p32   |  15|          3|   32|         96|
    |ap_phi_mux_t_0_0_phi_fu_3110_p4          |   9|          2|    4|          8|
    |c1_lut_b_V_0_address0                    |  15|          3|    4|         12|
    |c1_lut_b_V_1_address0                    |  15|          3|    4|         12|
    |c1_lut_b_V_2_address0                    |  15|          3|    4|         12|
    |c1_lut_b_V_3_address0                    |  15|          3|    4|         12|
    |c1_lut_s_V_address0                      |  15|          3|    4|         12|
    |indvar_flatten13_reg_555                 |   9|          2|    8|         16|
    |indvar_flatten_reg_3095                  |   9|          2|    8|         16|
    |o10_0_reg_5263                           |   9|          2|    5|         10|
    |o7_0_0_reg_3118                          |   9|          2|    5|         10|
    |o9_0_reg_5241                            |   9|          2|    5|         10|
    |o_0_reg_1324                             |   9|          2|    5|         10|
    |p_0_reg_5275                             |   9|          2|    8|         16|
    |phi_mul25_reg_5286                       |   9|          2|   16|         32|
    |phi_mul_reg_5252                         |   9|          2|   12|         24|
    |phi_urem_reg_5297                        |   9|          2|    8|         16|
    |t_0_0_reg_3106                           |   9|          2|    4|          8|
    |v_map_V_address0                         |  15|          3|   12|         36|
    |v_map_V_ce0                              |  15|          3|    1|          3|
    |x_0_reg_961                              |   9|          2|    4|          8|
    |y_0_reg_566                              |   9|          2|    4|          8|
    |yb_address0                              |  15|          3|    8|         24|
    |yb_ce0                                   |  15|          3|    1|          3|
    |yb_we0                                   |   9|          2|    1|          2|
    +-----------------------------------------+----+-----------+-----+-----------+
    |Total                                    |2210|        467| 5265|      12634|
    +-----------------------------------------+----+-----------+-----+-----------+

    * Register: 
    +---------------------------------------------+----+----+-----+-----------+
    |                     Name                    | FF | LUT| Bits| Const Bits|
    +---------------------------------------------+----+----+-----+-----------+
    |acc_b_0_V_1_reg_757                          |  32|   0|   32|          0|
    |acc_b_0_V_2_reg_1137                         |  32|   0|   32|          0|
    |acc_b_0_V_5_reg_3309                         |  32|   0|   32|          0|
    |acc_b_0_V_62_reg_4131                        |  32|   0|   32|          0|
    |acc_b_10_V_1_reg_637                         |  32|   0|   32|          0|
    |acc_b_10_V_2_reg_1027                        |  32|   0|   32|          0|
    |acc_b_10_V_5_reg_3189                        |  32|   0|   32|          0|
    |acc_b_10_V_6_reg_3591                        |  32|   0|   32|          0|
    |acc_b_11_V_1_reg_625                         |  32|   0|   32|          0|
    |acc_b_11_V_2_reg_1016                        |  32|   0|   32|          0|
    |acc_b_11_V_5_reg_3177                        |  32|   0|   32|          0|
    |acc_b_11_V_6_reg_3537                        |  32|   0|   32|          0|
    |acc_b_12_V_1_reg_613                         |  32|   0|   32|          0|
    |acc_b_12_V_2_reg_1005                        |  32|   0|   32|          0|
    |acc_b_12_V_5_reg_3165                        |  32|   0|   32|          0|
    |acc_b_12_V_6_reg_3483                        |  32|   0|   32|          0|
    |acc_b_13_V_1_reg_601                         |  32|   0|   32|          0|
    |acc_b_13_V_2_reg_994                         |  32|   0|   32|          0|
    |acc_b_13_V_5_reg_3153                        |  32|   0|   32|          0|
    |acc_b_13_V_6_reg_3429                        |  32|   0|   32|          0|
    |acc_b_14_V_1_reg_589                         |  32|   0|   32|          0|
    |acc_b_14_V_2_reg_983                         |  32|   0|   32|          0|
    |acc_b_14_V_5_reg_3141                        |  32|   0|   32|          0|
    |acc_b_14_V_6_reg_3375                        |  32|   0|   32|          0|
    |acc_b_15_V_1_reg_577                         |  32|   0|   32|          0|
    |acc_b_15_V_2_reg_972                         |  32|   0|   32|          0|
    |acc_b_15_V_5_reg_3129                        |  32|   0|   32|          0|
    |acc_b_15_V_6_reg_3321                        |  32|   0|   32|          0|
    |acc_b_1_V_1_reg_745                          |  32|   0|   32|          0|
    |acc_b_1_V_2_reg_1126                         |  32|   0|   32|          0|
    |acc_b_1_V_5_reg_3297                         |  32|   0|   32|          0|
    |acc_b_1_V_6_reg_4077                         |  32|   0|   32|          0|
    |acc_b_2_V_1_reg_733                          |  32|   0|   32|          0|
    |acc_b_2_V_2_reg_1115                         |  32|   0|   32|          0|
    |acc_b_2_V_5_reg_3285                         |  32|   0|   32|          0|
    |acc_b_2_V_6_reg_4023                         |  32|   0|   32|          0|
    |acc_b_3_V_1_reg_721                          |  32|   0|   32|          0|
    |acc_b_3_V_2_reg_1104                         |  32|   0|   32|          0|
    |acc_b_3_V_5_reg_3273                         |  32|   0|   32|          0|
    |acc_b_3_V_6_reg_3969                         |  32|   0|   32|          0|
    |acc_b_4_V_1_reg_709                          |  32|   0|   32|          0|
    |acc_b_4_V_2_reg_1093                         |  32|   0|   32|          0|
    |acc_b_4_V_5_reg_3261                         |  32|   0|   32|          0|
    |acc_b_4_V_6_reg_3915                         |  32|   0|   32|          0|
    |acc_b_5_V_1_reg_697                          |  32|   0|   32|          0|
    |acc_b_5_V_2_reg_1082                         |  32|   0|   32|          0|
    |acc_b_5_V_5_reg_3249                         |  32|   0|   32|          0|
    |acc_b_5_V_6_reg_3861                         |  32|   0|   32|          0|
    |acc_b_6_V_1_reg_685                          |  32|   0|   32|          0|
    |acc_b_6_V_2_reg_1071                         |  32|   0|   32|          0|
    |acc_b_6_V_5_reg_3237                         |  32|   0|   32|          0|
    |acc_b_6_V_6_reg_3807                         |  32|   0|   32|          0|
    |acc_b_7_V_1_reg_673                          |  32|   0|   32|          0|
    |acc_b_7_V_2_reg_1060                         |  32|   0|   32|          0|
    |acc_b_7_V_5_reg_3225                         |  32|   0|   32|          0|
    |acc_b_7_V_6_reg_3753                         |  32|   0|   32|          0|
    |acc_b_8_V_1_reg_661                          |  32|   0|   32|          0|
    |acc_b_8_V_2_reg_1049                         |  32|   0|   32|          0|
    |acc_b_8_V_5_reg_3213                         |  32|   0|   32|          0|
    |acc_b_8_V_6_reg_3699                         |  32|   0|   32|          0|
    |acc_b_9_V_1_reg_649                          |  32|   0|   32|          0|
    |acc_b_9_V_2_reg_1038                         |  32|   0|   32|          0|
    |acc_b_9_V_5_reg_3201                         |  32|   0|   32|          0|
    |acc_b_9_V_6_reg_3645                         |  32|   0|   32|          0|
    |acc_s_0_V_1_reg_949                          |  32|   0|   32|          0|
    |acc_s_0_V_2_reg_1313                         |  32|   0|   32|          0|
    |acc_s_0_V_5_reg_4365                         |  32|   0|   32|          0|
    |acc_s_0_V_reg_6971                           |  32|   0|   32|          0|
    |acc_s_10_V_1_reg_829                         |  32|   0|   32|          0|
    |acc_s_10_V_2_reg_1203                        |  32|   0|   32|          0|
    |acc_s_10_V_5_reg_4245                        |  32|   0|   32|          0|
    |acc_s_11_V_1_reg_817                         |  32|   0|   32|          0|
    |acc_s_11_V_2_reg_1192                        |  32|   0|   32|          0|
    |acc_s_11_V_5_reg_4233                        |  32|   0|   32|          0|
    |acc_s_12_V_1_reg_805                         |  32|   0|   32|          0|
    |acc_s_12_V_2_reg_1181                        |  32|   0|   32|          0|
    |acc_s_12_V_5_reg_4221                        |  32|   0|   32|          0|
    |acc_s_13_V_1_reg_793                         |  32|   0|   32|          0|
    |acc_s_13_V_2_reg_1170                        |  32|   0|   32|          0|
    |acc_s_13_V_5_reg_4209                        |  32|   0|   32|          0|
    |acc_s_14_V_1_reg_781                         |  32|   0|   32|          0|
    |acc_s_14_V_2_reg_1159                        |  32|   0|   32|          0|
    |acc_s_14_V_5_reg_4197                        |  32|   0|   32|          0|
    |acc_s_15_V_1_reg_769                         |  32|   0|   32|          0|
    |acc_s_15_V_2_reg_1148                        |  32|   0|   32|          0|
    |acc_s_15_V_5_reg_4185                        |  32|   0|   32|          0|
    |acc_s_1_V_1_reg_937                          |  32|   0|   32|          0|
    |acc_s_1_V_2_reg_1302                         |  32|   0|   32|          0|
    |acc_s_1_V_5_reg_4353                         |  32|   0|   32|          0|
    |acc_s_2_V_1_reg_925                          |  32|   0|   32|          0|
    |acc_s_2_V_2_reg_1291                         |  32|   0|   32|          0|
    |acc_s_2_V_5_reg_4341                         |  32|   0|   32|          0|
    |acc_s_3_V_1_reg_913                          |  32|   0|   32|          0|
    |acc_s_3_V_2_reg_1280                         |  32|   0|   32|          0|
    |acc_s_3_V_5_reg_4329                         |  32|   0|   32|          0|
    |acc_s_4_V_1_reg_901                          |  32|   0|   32|          0|
    |acc_s_4_V_2_reg_1269                         |  32|   0|   32|          0|
    |acc_s_4_V_5_reg_4317                         |  32|   0|   32|          0|
    |acc_s_5_V_1_reg_889                          |  32|   0|   32|          0|
    |acc_s_5_V_2_reg_1258                         |  32|   0|   32|          0|
    |acc_s_5_V_5_reg_4305                         |  32|   0|   32|          0|
    |acc_s_6_V_1_reg_877                          |  32|   0|   32|          0|
    |acc_s_6_V_2_reg_1247                         |  32|   0|   32|          0|
    |acc_s_6_V_5_reg_4293                         |  32|   0|   32|          0|
    |acc_s_7_V_1_reg_865                          |  32|   0|   32|          0|
    |acc_s_7_V_2_reg_1236                         |  32|   0|   32|          0|
    |acc_s_7_V_5_reg_4281                         |  32|   0|   32|          0|
    |acc_s_8_V_1_reg_853                          |  32|   0|   32|          0|
    |acc_s_8_V_2_reg_1225                         |  32|   0|   32|          0|
    |acc_s_8_V_5_reg_4269                         |  32|   0|   32|          0|
    |acc_s_9_V_1_reg_841                          |  32|   0|   32|          0|
    |acc_s_9_V_2_reg_1214                         |  32|   0|   32|          0|
    |acc_s_9_V_5_reg_4257                         |  32|   0|   32|          0|
    |add_ln160_reg_7108                           |  16|   0|   16|          0|
    |add_ln180_1_reg_7082                         |  13|   0|   13|          0|
    |add_ln180_2_reg_7010                         |  13|   0|   13|          0|
    |add_ln28_reg_6713                            |   8|   0|    8|          0|
    |add_ln40_reg_6777                            |   4|   0|    4|          0|
    |and_ln44_1_reg_6831                          |   1|   0|    1|          0|
    |and_ln44_1_reg_6831_pp1_iter8_reg            |   1|   0|    1|          0|
    |and_ln44_reg_6816                            |   1|   0|    1|          0|
    |and_ln44_reg_6816_pp1_iter8_reg              |   1|   0|    1|          0|
    |ap_CS_fsm                                    |  13|   0|   13|          0|
    |ap_enable_reg_pp1_iter0                      |   1|   0|    1|          0|
    |ap_enable_reg_pp1_iter1                      |   1|   0|    1|          0|
    |ap_enable_reg_pp1_iter10                     |   1|   0|    1|          0|
    |ap_enable_reg_pp1_iter11                     |   1|   0|    1|          0|
    |ap_enable_reg_pp1_iter2                      |   1|   0|    1|          0|
    |ap_enable_reg_pp1_iter3                      |   1|   0|    1|          0|
    |ap_enable_reg_pp1_iter4                      |   1|   0|    1|          0|
    |ap_enable_reg_pp1_iter5                      |   1|   0|    1|          0|
    |ap_enable_reg_pp1_iter6                      |   1|   0|    1|          0|
    |ap_enable_reg_pp1_iter7                      |   1|   0|    1|          0|
    |ap_enable_reg_pp1_iter8                      |   1|   0|    1|          0|
    |ap_enable_reg_pp1_iter9                      |   1|   0|    1|          0|
    |ap_enable_reg_pp2_iter0                      |   1|   0|    1|          0|
    |ap_enable_reg_pp2_iter1                      |   1|   0|    1|          0|
    |ap_enable_reg_pp3_iter0                      |   1|   0|    1|          0|
    |ap_enable_reg_pp3_iter1                      |   1|   0|    1|          0|
    |ap_enable_reg_pp3_iter2                      |   1|   0|    1|          0|
    |ap_enable_reg_pp3_iter3                      |   1|   0|    1|          0|
    |ap_enable_reg_pp3_iter4                      |   1|   0|    1|          0|
    |ap_enable_reg_pp3_iter5                      |   1|   0|    1|          0|
    |c1_beta_q_load_reg_7048                      |  23|   0|   23|          0|
    |c1_gamma_q_V_load_reg_7043                   |  13|   0|   13|          0|
    |c1_poly_codebook_q_V_11_reg_6966             |   4|   0|    4|          0|
    |c1_poly_codebook_q_V_5_reg_6951              |   4|   0|    4|          0|
    |c1_poly_codebook_q_V_7_reg_6956              |   4|   0|    4|          0|
    |c1_poly_codebook_q_V_9_reg_6961              |   4|   0|    4|          0|
    |frac_reg_7087                                |   8|   0|    8|          0|
    |frac_reg_7087_pp3_iter2_reg                  |   8|   0|    8|          0|
    |grp_int_instnorm_196_s_fu_5308_ap_start_reg  |   1|   0|    1|          0|
    |icmp_ln40_reg_6768                           |   1|   0|    1|          0|
    |icmp_ln55_reg_6783                           |   1|   0|    1|          0|
    |icmp_ln72_reg_6996                           |   1|   0|    1|          0|
    |icmp_ln86_reg_7058                           |   1|   0|    1|          0|
    |icmp_ln895_reg_7118                          |   1|   0|    1|          0|
    |indvar_flatten13_reg_555                     |   8|   0|    8|          0|
    |indvar_flatten_reg_3095                      |   8|   0|    8|          0|
    |lshr_ln_reg_7092                             |   8|   0|    8|          0|
    |o10_0_reg_5263                               |   5|   0|    5|          0|
    |o7_0_0_reg_3118                              |   5|   0|    5|          0|
    |o9_0_reg_5241                                |   5|   0|    5|          0|
    |o_0_reg_1324                                 |   5|   0|    5|          0|
    |o_reg_7028                                   |   5|   0|    5|          0|
    |p_0_reg_5275                                 |   8|   0|    8|          0|
    |phi_mul25_reg_5286                           |  16|   0|   16|          0|
    |phi_mul_reg_5252                             |  12|   0|   12|          0|
    |phi_urem_reg_5297                            |   8|   0|    8|          0|
    |select_ln28_1_reg_6724                       |   4|   0|    5|          1|
    |select_ln28_2_reg_6730                       |   8|   0|    9|          1|
    |select_ln28_3_reg_6735                       |   4|   0|    4|          0|
    |select_ln28_reg_6718                         |   4|   0|    4|          0|
    |select_ln40_reg_6799                         |   4|   0|    4|          0|
    |select_ln41_4_reg_6931                       |  15|   0|   15|          0|
    |select_ln41_5_reg_6936                       |  15|   0|   15|          0|
    |select_ln41_6_reg_6941                       |  15|   0|   15|          0|
    |select_ln41_7_reg_6946                       |  15|   0|   15|          0|
    |select_ln41_reg_6794                         |   5|   0|    5|          0|
    |sext_ln180_reg_7053                          |  10|   0|   11|          1|
    |sext_ln72_reg_6991                           |  13|   0|   13|          0|
    |shl_ln2_reg_6756                             |   4|   0|    5|          1|
    |t_0_0_reg_3106                               |   4|   0|    4|          0|
    |tmp_29_reg_7113                              |   8|   0|    8|          0|
    |trunc_ln1503_2_reg_7015                      |  28|   0|   28|          0|
    |trunc_ln57_reg_6804                          |   4|   0|    4|          0|
    |udiv_ln_reg_6762                             |   4|   0|    4|          0|
    |x_0_reg_961                                  |   4|   0|    4|          0|
    |y_0_reg_566                                  |   4|   0|    4|          0|
    |zext_ln30_reg_6740                           |   4|   0|    9|          5|
    |add_ln180_1_reg_7082                         |  64|  32|   13|          0|
    |add_ln40_reg_6777                            |  64|  32|    4|          0|
    |icmp_ln40_reg_6768                           |  64|  32|    1|          0|
    |icmp_ln55_reg_6783                           |  64|  32|    1|          0|
    |icmp_ln86_reg_7058                           |  64|  32|    1|          0|
    |select_ln41_reg_6794                         |  64|  32|    5|          0|
    |trunc_ln57_reg_6804                          |  64|  32|    4|          0|
    |udiv_ln_reg_6762                             |  64|  32|    4|          0|
    +---------------------------------------------+----+----+-----+-----------+
    |Total                                        |4562| 256| 4092|          9|
    +---------------------------------------------+----+----+-----+-----------+



================================================================
== Interface
================================================================
* Summary: 
+------------------+-----+-----+------------+--------------+--------------+
|     RTL Ports    | Dir | Bits|  Protocol  | Source Object|    C Type    |
+------------------+-----+-----+------------+--------------+--------------+
|ap_clk            |  in |    1| ap_ctrl_hs | conv_stage.1 | return value |
|ap_rst            |  in |    1| ap_ctrl_hs | conv_stage.1 | return value |
|ap_start          |  in |    1| ap_ctrl_hs | conv_stage.1 | return value |
|ap_done           | out |    1| ap_ctrl_hs | conv_stage.1 | return value |
|ap_idle           | out |    1| ap_ctrl_hs | conv_stage.1 | return value |
|ap_ready          | out |    1| ap_ctrl_hs | conv_stage.1 | return value |
|fin_0_V_address0  | out |   10|  ap_memory |    fin_0_V   |     array    |
|fin_0_V_ce0       | out |    1|  ap_memory |    fin_0_V   |     array    |
|fin_0_V_q0        |  in |    4|  ap_memory |    fin_0_V   |     array    |
|fin_0_V_address1  | out |   10|  ap_memory |    fin_0_V   |     array    |
|fin_0_V_ce1       | out |    1|  ap_memory |    fin_0_V   |     array    |
|fin_0_V_q1        |  in |    4|  ap_memory |    fin_0_V   |     array    |
|fout_V_address0   | out |   12|  ap_memory |    fout_V    |     array    |
|fout_V_ce0        | out |    1|  ap_memory |    fout_V    |     array    |
|fout_V_we0        | out |    1|  ap_memory |    fout_V    |     array    |
|fout_V_d0         | out |    4|  ap_memory |    fout_V    |     array    |
+------------------+-----+-----+------------+--------------+--------------+

