

================================================================
== Vivado HLS Report for 'head_stage'
================================================================
* Date:           Fri Jul 10 04:01:27 2026

* Version:        2019.1 (Build 2552052 on Fri May 24 15:28:33 MDT 2019)
* Project:        kagnconv_funccode_w4a4_alt
* Solution:       sol1
* Product family: zynquplus
* Target device:  xczu7ev-ffvc1156-2-e


================================================================
== Performance Estimates
================================================================
+ Timing (ns): 
    * Summary: 
    +--------+-------+----------+------------+
    |  Clock | Target| Estimated| Uncertainty|
    +--------+-------+----------+------------+
    |ap_clk  |   6.67|     6.504|        0.83|
    +--------+-------+----------+------------+

+ Latency (clock cycles): 
    * Summary: 
    +-----+-----+-----+-----+---------+
    |  Latency  |  Interval | Pipeline|
    | min | max | min | max |   Type  |
    +-----+-----+-----+-----+---------+
    |  504|  504|  504|  504|   none  |
    +-----+-----+-----+-----+---------+

    + Detail: 
        * Instance: 
        +-------------------------------+--------------------+-----+-----+-----+-----+---------+
        |                               |                    |  Latency  |  Interval | Pipeline|
        |            Instance           |       Module       | min | max | min | max |   Type  |
        +-------------------------------+--------------------+-----+-----+-----+-----+---------+
        |grp_int_layernorm_10_s_fu_613  |int_layernorm_10_s  |  142|  142|  142|  142|   none  |
        +-------------------------------+--------------------+-----+-----+-----+-----+---------+

        * Loop: 
        +------------+-----+-----+----------+-----------+-----------+------+----------+
        |            |  Latency  | Iteration|  Initiation Interval  | Trip |          |
        |  Loop Name | min | max |  Latency |  achieved |   target  | Count| Pipelined|
        +------------+-----+-----+----------+-----------+-----------+------+----------+
        |- HINIT     |   10|   10|         1|          1|          1|    10|    yes   |
        |- HIN_HOUT  |  322|  322|         4|          1|          1|   320|    yes   |
        |- HPRE      |   10|   10|         1|          1|          1|    10|    yes   |
        |- HACT      |   11|   11|         3|          1|          1|    10|    yes   |
        +------------+-----+-----+----------+-----------+-----------+------+----------+



================================================================
== Utilization Estimates
================================================================
* Summary: 
+-----------------+---------+-------+--------+--------+-----+
|       Name      | BRAM_18K| DSP48E|   FF   |   LUT  | URAM|
+-----------------+---------+-------+--------+--------+-----+
|DSP              |        -|      5|       -|       -|    -|
|Expression       |        -|      6|       0|     443|    -|
|FIFO             |        -|      -|       -|       -|    -|
|Instance         |        2|     13|   18655|   15572|    0|
|Memory           |        3|      -|     205|      44|    0|
|Multiplexer      |        -|      -|       -|     398|    -|
|Register         |        0|      -|     899|      64|    -|
+-----------------+---------+-------+--------+--------+-----+
|Total            |        5|     24|   19759|   16521|    0|
+-----------------+---------+-------+--------+--------+-----+
|Available        |      624|   1728|  460800|  230400|   96|
+-----------------+---------+-------+--------+--------+-----+
|Utilization (%)  |    ~0   |      1|       4|       7|    0|
+-----------------+---------+-------+--------+--------+-----+

+ Detail: 
    * Instance: 
    +-------------------------------+----------------------+---------+-------+-------+-------+-----+
    |            Instance           |        Module        | BRAM_18K| DSP48E|   FF  |  LUT  | URAM|
    +-------------------------------+----------------------+---------+-------+-------+-------+-----+
    |grp_int_layernorm_10_s_fu_613  |int_layernorm_10_s    |        2|     13|  18655|  15352|    0|
    |kan_top_mux_104_3bek_U101      |kan_top_mux_104_3bek  |        0|      0|      0|     55|    0|
    |kan_top_mux_104_3bek_U102      |kan_top_mux_104_3bek  |        0|      0|      0|     55|    0|
    |kan_top_mux_104_3bek_U103      |kan_top_mux_104_3bek  |        0|      0|      0|     55|    0|
    |kan_top_mux_104_3bek_U104      |kan_top_mux_104_3bek  |        0|      0|      0|     55|    0|
    +-------------------------------+----------------------+---------+-------+-------+-------+-----+
    |Total                          |                      |        2|     13|  18655|  15572|    0|
    +-------------------------------+----------------------+---------+-------+-------+-------+-----+

    * DSP48E: 
    +---------------------------+----------------------+---------------------+
    |          Instance         |        Module        |      Expression     |
    +---------------------------+----------------------+---------------------+
    |kan_top_ama_submuBew_U109  |kan_top_ama_submuBew  | i0 + (i1 - i2) * i3 |
    |kan_top_mac_muladbfk_U105  |kan_top_mac_muladbfk  |     i0 + i1 * i2    |
    |kan_top_mac_muladbgk_U106  |kan_top_mac_muladbgk  |     i0 + i1 * i2    |
    |kan_top_mac_muladbhl_U108  |kan_top_mac_muladbhl  |     i0 * i1 + i2    |
    |kan_top_mac_muladyd2_U107  |kan_top_mac_muladyd2  |     i0 + i1 * i2    |
    +---------------------------+----------------------+---------------------+

    * Memory: 
    +-------------------------+----------------------+---------+----+----+-----+------+-----+------+-------------+
    |          Memory         |        Module        | BRAM_18K| FF | LUT| URAM| Words| Bits| Banks| W*Bits*Banks|
    +-------------------------+----------------------+---------+----+----+-----+------+-----+------+-------------+
    |hd_lut_b_V_0_U           |conv_stage_1_c1_lfYi  |        0|  15|   4|    0|    16|   15|     1|          240|
    |silu_tab_V_U             |conv_stage_1_silutde  |        1|   0|   0|    0|   257|   14|     1|         3598|
    |hd_base_codebook_q_V_U   |head_stage_hd_bas1iI  |        0|   4|   1|    0|    16|    4|     1|           64|
    |hd_basis_ids_V_U         |head_stage_hd_bas7jG  |        1|   0|   0|    0|   320|    6|     1|         1920|
    |hd_base_ids_V_U          |head_stage_hd_bas8jQ  |        1|   0|   0|    0|   320|    4|     1|         1280|
    |hd_basis_codebook_q_3_U  |head_stage_hd_bas9j0  |        0|   4|   4|    0|    64|    4|     1|          256|
    |hd_basis_codebook_q_2_U  |head_stage_hd_basbak  |        0|   4|   4|    0|    64|    4|     1|          256|
    |hd_basis_codebook_q_1_U  |head_stage_hd_basbbk  |        0|   4|   4|    0|    64|    4|     1|          256|
    |hd_basis_codebook_q_s_U  |head_stage_hd_basbck  |        0|   4|   4|    0|    64|    4|     1|          256|
    |hd_lut_b_V_2_U           |head_stage_hd_lut2iS  |        0|  12|   3|    0|    16|   12|     1|          192|
    |hd_lut_b_V_3_U           |head_stage_hd_lut3i2  |        0|  11|   3|    0|    16|   11|     1|          176|
    |hd_lut_s_V_U             |head_stage_hd_lut4jc  |        0|   9|   3|    0|    16|    9|     1|          144|
    |hd_lut_b_V_1_U           |head_stage_hd_lut6jw  |        0|  14|   4|    0|    16|   14|     1|          224|
    |v_V_U                    |head_stage_v_V        |        0|  60|   5|    0|    10|   30|     1|          300|
    |y_U                      |head_stage_y          |        0|  64|   5|    0|    10|   32|     1|          320|
    +-------------------------+----------------------+---------+----+----+-----+------+-----+------+-------------+
    |Total                    |                      |        3| 205|  44|    0|  1269|  167|    15|         9482|
    +-------------------------+----------------------+---------+----+----+-----+------+-----+------+-------------+

    * FIFO: 
    N/A

    * Expression: 
    +--------------------------+----------+-------+---+----+------------+------------+
    |       Variable Name      | Operation| DSP48E| FF| LUT| Bitwidth P0| Bitwidth P1|
    +--------------------------+----------+-------+---+----+------------+------------+
    |grp_fu_1498_p2            |     *    |      0|  0|   5|          12|           4|
    |mul_ln68_3_fu_1323_p2     |     *    |      4|  0|  20|          32|          31|
    |mul_ln68_fu_1283_p2       |     *    |      2|  0|  20|          32|          24|
    |acc_s_0_V_fu_1181_p2      |     +    |      0|  0|  39|          32|          32|
    |add_ln105_fu_941_p2       |     +    |      0|  0|  16|           9|           1|
    |add_ln118_1_fu_1000_p2    |     +    |      0|  0|  16|           9|           9|
    |add_ln118_fu_1435_p2      |     +    |      0|  0|  16|           1|           9|
    |add_ln160_fu_1479_p2      |     +    |      0|  0|  23|          16|          16|
    |i_fu_947_p2               |     +    |      0|  0|  15|           6|           1|
    |o_3_fu_1242_p2            |     +    |      0|  0|  12|           4|           1|
    |o_4_fu_1358_p2            |     +    |      0|  0|  12|           4|           1|
    |o_5_fu_1012_p2            |     +    |      0|  0|  12|           4|           1|
    |o_fu_749_p2               |     +    |      0|  0|  12|           4|           1|
    |ret_V_fu_1335_p2          |     +    |      0|  0|  21|          63|          33|
    |t_V_fu_1329_p2            |     +    |      0|  0|  21|          63|          63|
    |icmp_ln105_fu_935_p2      |   icmp   |      0|  0|  13|           9|           9|
    |icmp_ln113_fu_1369_p2     |   icmp   |      0|  0|  20|          32|          17|
    |icmp_ln114_fu_1393_p2     |   icmp   |      0|  0|  20|          17|           1|
    |icmp_ln116_fu_953_p2      |   icmp   |      0|  0|   9|           4|           4|
    |icmp_ln132_fu_1236_p2     |   icmp   |      0|  0|   9|           4|           4|
    |icmp_ln140_fu_1352_p2     |   icmp   |      0|  0|   9|           4|           4|
    |icmp_ln99_fu_743_p2       |   icmp   |      0|  0|   9|           4|           4|
    |select_ln105_1_fu_967_p3  |  select  |      0|  0|   6|           1|           6|
    |select_ln105_3_fu_979_p3  |  select  |      0|  0|   6|           1|           6|
    |select_ln105_fu_959_p3    |  select  |      0|  0|   4|           1|           1|
    |select_ln113_fu_1375_p3   |  select  |      0|  0|  32|           1|          17|
    |u_fu_1409_p3              |  select  |      0|  0|  16|           1|           2|
    |ap_enable_pp1             |    xor   |      0|  0|   2|           1|           2|
    |ap_enable_pp3             |    xor   |      0|  0|   2|           1|           2|
    |ap_enable_reg_pp1_iter1   |    xor   |      0|  0|   2|           2|           1|
    |ap_enable_reg_pp3_iter1   |    xor   |      0|  0|   2|           2|           1|
    |xor_ln105_fu_1018_p2      |    xor   |      0|  0|   5|           4|           5|
    |xor_ln115_fu_1403_p2      |    xor   |      0|  0|  17|          16|          17|
    +--------------------------+----------+-------+---+----+------------+------------+
    |Total                     |          |      6|  0| 443|         396|         330|
    +--------------------------+----------+-------+---+----+------------+------------+

    * Multiplexer: 
    +------------------------------+----+-----------+-----+-----------+
    |             Name             | LUT| Input Size| Bits| Total Bits|
    +------------------------------+----+-----------+-----+-----------+
    |acc_b_9_V_1_fu_280            |   9|          2|   32|         64|
    |acc_b_9_V_2_fu_284            |   9|          2|   32|         64|
    |acc_b_9_V_3_fu_312            |   9|          2|   32|         64|
    |acc_b_9_V_4_fu_288            |   9|          2|   32|         64|
    |acc_b_9_V_5_fu_292            |   9|          2|   32|         64|
    |acc_b_9_V_6_fu_296            |   9|          2|   32|         64|
    |acc_b_9_V_7_fu_300            |   9|          2|   32|         64|
    |acc_b_9_V_8_fu_304            |   9|          2|   32|         64|
    |acc_b_9_V_9_fu_308            |   9|          2|   32|         64|
    |acc_b_9_V_fu_276              |   9|          2|   32|         64|
    |acc_s_9_V_1_fu_240            |   9|          2|   32|         64|
    |acc_s_9_V_2_fu_244            |   9|          2|   32|         64|
    |acc_s_9_V_3_fu_272            |   9|          2|   32|         64|
    |acc_s_9_V_4_fu_248            |   9|          2|   32|         64|
    |acc_s_9_V_5_fu_252            |   9|          2|   32|         64|
    |acc_s_9_V_6_fu_256            |   9|          2|   32|         64|
    |acc_s_9_V_7_fu_260            |   9|          2|   32|         64|
    |acc_s_9_V_8_fu_264            |   9|          2|   32|         64|
    |acc_s_9_V_9_fu_268            |   9|          2|   32|         64|
    |acc_s_9_V_fu_236              |   9|          2|   32|         64|
    |ap_NS_fsm                     |  50|         11|    1|         11|
    |ap_enable_reg_pp1_iter1       |   9|          2|    1|          2|
    |ap_enable_reg_pp1_iter3       |   9|          2|    1|          2|
    |ap_enable_reg_pp3_iter1       |   9|          2|    1|          2|
    |ap_enable_reg_pp3_iter2       |   9|          2|    1|          2|
    |ap_phi_mux_i_0_phi_fu_573_p4  |   9|          2|    6|         12|
    |i_0_reg_569                   |   9|          2|    6|         12|
    |indvar_flatten_reg_558        |   9|          2|    9|         18|
    |o3_0_reg_580                  |   9|          2|    4|          8|
    |o7_0_reg_591                  |   9|          2|    4|          8|
    |o8_0_reg_602                  |   9|          2|    4|          8|
    |o_0_reg_547                   |   9|          2|    4|          8|
    |v_V_address0                  |  15|          3|    4|         12|
    |v_V_ce0                       |  15|          3|    1|          3|
    |y_address0                    |  15|          3|    4|         12|
    |y_ce0                         |  15|          3|    1|          3|
    |y_we0                         |   9|          2|    1|          2|
    +------------------------------+----+-----------+-----+-----------+
    |Total                         | 398|         87|  693|       1405|
    +------------------------------+----+-----------+-----+-----------+

    * Register: 
    +--------------------------------------------+----+----+-----+-----------+
    |                    Name                    | FF | LUT| Bits| Const Bits|
    +--------------------------------------------+----+----+-----+-----------+
    |acc_b_9_V_1_fu_280                          |  32|   0|   32|          0|
    |acc_b_9_V_2_fu_284                          |  32|   0|   32|          0|
    |acc_b_9_V_3_fu_312                          |  32|   0|   32|          0|
    |acc_b_9_V_4_fu_288                          |  32|   0|   32|          0|
    |acc_b_9_V_5_fu_292                          |  32|   0|   32|          0|
    |acc_b_9_V_6_fu_296                          |  32|   0|   32|          0|
    |acc_b_9_V_7_fu_300                          |  32|   0|   32|          0|
    |acc_b_9_V_8_fu_304                          |  32|   0|   32|          0|
    |acc_b_9_V_9_fu_308                          |  32|   0|   32|          0|
    |acc_b_9_V_fu_276                            |  32|   0|   32|          0|
    |acc_s_9_V_1_fu_240                          |  32|   0|   32|          0|
    |acc_s_9_V_2_fu_244                          |  32|   0|   32|          0|
    |acc_s_9_V_3_fu_272                          |  32|   0|   32|          0|
    |acc_s_9_V_4_fu_248                          |  32|   0|   32|          0|
    |acc_s_9_V_5_fu_252                          |  32|   0|   32|          0|
    |acc_s_9_V_6_fu_256                          |  32|   0|   32|          0|
    |acc_s_9_V_7_fu_260                          |  32|   0|   32|          0|
    |acc_s_9_V_8_fu_264                          |  32|   0|   32|          0|
    |acc_s_9_V_9_fu_268                          |  32|   0|   32|          0|
    |acc_s_9_V_fu_236                            |  32|   0|   32|          0|
    |add_ln700_reg_2030                          |  16|   0|   16|          0|
    |ap_CS_fsm                                   |  10|   0|   10|          0|
    |ap_enable_reg_pp1_iter0                     |   1|   0|    1|          0|
    |ap_enable_reg_pp1_iter1                     |   1|   0|    1|          0|
    |ap_enable_reg_pp1_iter2                     |   1|   0|    1|          0|
    |ap_enable_reg_pp1_iter3                     |   1|   0|    1|          0|
    |ap_enable_reg_pp3_iter0                     |   1|   0|    1|          0|
    |ap_enable_reg_pp3_iter1                     |   1|   0|    1|          0|
    |ap_enable_reg_pp3_iter2                     |   1|   0|    1|          0|
    |frac_reg_2062                               |   8|   0|    8|          0|
    |grp_int_layernorm_10_s_fu_613_ap_start_reg  |   1|   0|    1|          0|
    |hd_basis_codebook_q_5_reg_2020              |   4|   0|    4|          0|
    |hd_basis_codebook_q_7_reg_2025              |   4|   0|    4|          0|
    |hd_lut_b_V_0_load_reg_2010                  |  15|   0|   15|          0|
    |hd_lut_b_V_1_load_reg_2015                  |  14|   0|   14|          0|
    |i_0_reg_569                                 |   6|   0|    6|          0|
    |icmp_ln105_reg_1920                         |   1|   0|    1|          0|
    |icmp_ln140_reg_2043                         |   1|   0|    1|          0|
    |icmp_ln140_reg_2043_pp3_iter1_reg           |   1|   0|    1|          0|
    |indvar_flatten_reg_558                      |   9|   0|    9|          0|
    |o3_0_reg_580                                |   4|   0|    4|          0|
    |o7_0_reg_591                                |   4|   0|    4|          0|
    |o8_0_reg_602                                |   4|   0|    4|          0|
    |o_0_reg_547                                 |   4|   0|    4|          0|
    |select_ln105_1_reg_1935                     |   6|   0|    6|          0|
    |select_ln105_reg_1929                       |   4|   0|    4|          0|
    |zext_ln142_reg_2052                         |   4|   0|   64|         60|
    |zext_ln142_reg_2052_pp3_iter1_reg           |   4|   0|   64|         60|
    |icmp_ln105_reg_1920                         |  64|  32|    1|          0|
    |select_ln105_reg_1929                       |  64|  32|    4|          0|
    +--------------------------------------------+----+----+-----+-----------+
    |Total                                       | 899|  64|  896|        120|
    +--------------------------------------------+----+----+-----+-----------+



================================================================
== Interface
================================================================
* Summary: 
+----------------+-----+-----+------------+--------------+--------------+
|    RTL Ports   | Dir | Bits|  Protocol  | Source Object|    C Type    |
+----------------+-----+-----+------------+--------------+--------------+
|ap_clk          |  in |    1| ap_ctrl_hs |  head_stage  | return value |
|ap_rst          |  in |    1| ap_ctrl_hs |  head_stage  | return value |
|ap_start        |  in |    1| ap_ctrl_hs |  head_stage  | return value |
|ap_done         | out |    1| ap_ctrl_hs |  head_stage  | return value |
|ap_idle         | out |    1| ap_ctrl_hs |  head_stage  | return value |
|ap_ready        | out |    1| ap_ctrl_hs |  head_stage  | return value |
|hq_V_address0   | out |    5|  ap_memory |     hq_V     |     array    |
|hq_V_ce0        | out |    1|  ap_memory |     hq_V     |     array    |
|hq_V_q0         |  in |    4|  ap_memory |     hq_V     |     array    |
|out_V_address0  | out |    4|  ap_memory |     out_V    |     array    |
|out_V_ce0       | out |    1|  ap_memory |     out_V    |     array    |
|out_V_we0       | out |    1|  ap_memory |     out_V    |     array    |
|out_V_d0        | out |   32|  ap_memory |     out_V    |     array    |
+----------------+-----+-----+------------+--------------+--------------+

