

================================================================
== Vivado HLS Report for 'kan_top'
================================================================
* Date:           Fri Jul  3 18:14:19 2026

* Version:        2019.1 (Build 2552052 on Fri May 24 15:28:33 MDT 2019)
* Project:        funccode_w4a4
* Solution:       sol1
* Product family: zynquplus
* Target device:  xczu9eg-ffvb1156-2-e


================================================================
== Performance Estimates
================================================================
+ Timing (ns): 
    * Summary: 
    +--------+-------+----------+------------+
    |  Clock | Target| Estimated| Uncertainty|
    +--------+-------+----------+------------+
    |ap_clk  |   6.67|     6.504|        0.83|
    +--------+-------+----------+------------+

+ Latency (clock cycles): 
    * Summary: 
    +-------+-------+-------+-------+---------+
    |    Latency    |    Interval   | Pipeline|
    |  min  |  max  |  min  |  max  |   Type  |
    +-------+-------+-------+-------+---------+
    |  50983|  50983|  50983|  50983|   none  |
    +-------+-------+-------+-------+---------+

    + Detail: 
        * Instance: 
        +-------------------+--------+-------+-------+-------+-------+---------+
        |                   |        |    Latency    |    Interval   | Pipeline|
        |      Instance     | Module |  min  |  max  |  min  |  max  |   Type  |
        +-------------------+--------+-------+-------+-------+-------+---------+
        |grp_layer0_fu_94   |layer0  |  50312|  50312|  50312|  50312|   none  |
        |grp_layer1_fu_142  |layer1  |    668|    668|    668|    668|   none  |
        +-------------------+--------+-------+-------+-------+-------+---------+

        * Loop: 
        N/A



================================================================
== Utilization Estimates
================================================================
* Summary: 
+-----------------+---------+-------+--------+--------+-----+
|       Name      | BRAM_18K| DSP48E|   FF   |   LUT  | URAM|
+-----------------+---------+-------+--------+--------+-----+
|DSP              |        -|      -|       -|       -|    -|
|Expression       |        -|      -|       -|       -|    -|
|FIFO             |        -|      -|       -|       -|    -|
|Instance         |       32|     23|    5509|    3127|    -|
|Memory           |        0|      -|       8|       4|    0|
|Multiplexer      |        -|      -|       -|      66|    -|
|Register         |        -|      -|       6|       -|    -|
+-----------------+---------+-------+--------+--------+-----+
|Total            |       32|     23|    5523|    3197|    0|
+-----------------+---------+-------+--------+--------+-----+
|Available        |     1824|   2520|  548160|  274080|    0|
+-----------------+---------+-------+--------+--------+-----+
|Utilization (%)  |        1|   ~0  |       1|       1|    0|
+-----------------+---------+-------+--------+--------+-----+

+ Detail: 
    * Instance: 
    +-------------------+--------+---------+-------+------+------+-----+
    |      Instance     | Module | BRAM_18K| DSP48E|  FF  |  LUT | URAM|
    +-------------------+--------+---------+-------+------+------+-----+
    |grp_layer0_fu_94   |layer0  |       30|     13|  4571|  2167|    0|
    |grp_layer1_fu_142  |layer1  |        2|     10|   938|   960|    0|
    +-------------------+--------+---------+-------+------+------+-----+
    |Total              |        |       32|     23|  5509|  3127|    0|
    +-------------------+--------+---------+-------+------+------+-----+

    * DSP48E: 
    N/A

    * Memory: 
    +------------+------------------+---------+---+----+-----+------+-----+------+-------------+
    |   Memory   |      Module      | BRAM_18K| FF| LUT| URAM| Words| Bits| Banks| W*Bits*Banks|
    +------------+------------------+---------+---+----+-----+------+-----+------+-------------+
    |hidden_V_U  |kan_top_hidden_V  |        0|  8|   4|    0|    64|    4|     1|          256|
    +------------+------------------+---------+---+----+-----+------+-----+------+-------------+
    |Total       |                  |        0|  8|   4|    0|    64|    4|     1|          256|
    +------------+------------------+---------+---+----+-----+------+-----+------+-------------+

    * FIFO: 
    N/A

    * Expression: 
    N/A

    * Multiplexer: 
    +-------------------+----+-----------+-----+-----------+
    |        Name       | LUT| Input Size| Bits| Total Bits|
    +-------------------+----+-----------+-----+-----------+
    |ap_NS_fsm          |  27|          5|    1|          5|
    |hidden_V_address0  |  15|          3|    6|         18|
    |hidden_V_ce0       |  15|          3|    1|          3|
    |hidden_V_we0       |   9|          2|    1|          2|
    +-------------------+----+-----------+-----+-----------+
    |Total              |  66|         13|    9|         28|
    +-------------------+----+-----------+-----+-----------+

    * Register: 
    +--------------------------------+---+----+-----+-----------+
    |              Name              | FF| LUT| Bits| Const Bits|
    +--------------------------------+---+----+-----+-----------+
    |ap_CS_fsm                       |  4|   0|    4|          0|
    |grp_layer0_fu_94_ap_start_reg   |  1|   0|    1|          0|
    |grp_layer1_fu_142_ap_start_reg  |  1|   0|    1|          0|
    +--------------------------------+---+----+-----+-----------+
    |Total                           |  6|   0|    6|          0|
    +--------------------------------+---+----+-----+-----------+



================================================================
== Interface
================================================================
* Summary: 
+----------------+-----+-----+------------+--------------+--------------+
|    RTL Ports   | Dir | Bits|  Protocol  | Source Object|    C Type    |
+----------------+-----+-----+------------+--------------+--------------+
|ap_clk          |  in |    1| ap_ctrl_hs |    kan_top   | return value |
|ap_rst          |  in |    1| ap_ctrl_hs |    kan_top   | return value |
|ap_start        |  in |    1| ap_ctrl_hs |    kan_top   | return value |
|ap_done         | out |    1| ap_ctrl_hs |    kan_top   | return value |
|ap_idle         | out |    1| ap_ctrl_hs |    kan_top   | return value |
|ap_ready        | out |    1| ap_ctrl_hs |    kan_top   | return value |
|in_V_address0   | out |   10|  ap_memory |     in_V     |     array    |
|in_V_ce0        | out |    1|  ap_memory |     in_V     |     array    |
|in_V_q0         |  in |    4|  ap_memory |     in_V     |     array    |
|out_V_address0  | out |    4|  ap_memory |     out_V    |     array    |
|out_V_ce0       | out |    1|  ap_memory |     out_V    |     array    |
|out_V_we0       | out |    1|  ap_memory |     out_V    |     array    |
|out_V_d0        | out |   32|  ap_memory |     out_V    |     array    |
+----------------+-----+-----+------------+--------------+--------------+

