

================================================================
== Vivado HLS Report for 'layer1'
================================================================
* Date:           Fri Jul  3 18:14:18 2026

* Version:        2019.1 (Build 2552052 on Fri May 24 15:28:33 MDT 2019)
* Project:        funccode_w4a4
* Solution:       sol1
* Product family: zynquplus
* Target device:  xczu9eg-ffvb1156-2-e


================================================================
== Performance Estimates
================================================================
+ Timing (ns): 
    * Summary: 
    +--------+-------+----------+------------+
    |  Clock | Target| Estimated| Uncertainty|
    +--------+-------+----------+------------+
    |ap_clk  |   6.67|     6.504|        0.83|
    +--------+-------+----------+------------+

+ Latency (clock cycles): 
    * Summary: 
    +-----+-----+-----+-----+---------+
    |  Latency  |  Interval | Pipeline|
    | min | max | min | max |   Type  |
    +-----+-----+-----+-----+---------+
    |  668|  668|  668|  668|   none  |
    +-----+-----+-----+-----+---------+

    + Detail: 
        * Instance: 
        N/A

        * Loop: 
        +------------+-----+-----+----------+-----------+-----------+------+----------+
        |            |  Latency  | Iteration|  Initiation Interval  | Trip |          |
        |  Loop Name | min | max |  Latency |  achieved |   target  | Count| Pipelined|
        +------------+-----+-----+----------+-----------+-----------+------+----------+
        |- INIT1     |   10|   10|         1|          1|          1|    10|    yes   |
        |- IN1_OUT1  |  642|  642|         4|          1|          1|   640|    yes   |
        |- REQ1      |   10|   10|         1|          1|          1|    10|    yes   |
        +------------+-----+-----+----------+-----------+-----------+------+----------+



================================================================
== Utilization Estimates
================================================================
* Summary: 
+-----------------+---------+-------+--------+--------+-----+
|       Name      | BRAM_18K| DSP48E|   FF   |   LUT  | URAM|
+-----------------+---------+-------+--------+--------+-----+
|DSP              |        -|      4|       -|       -|    -|
|Expression       |        -|      6|       0|     358|    -|
|FIFO             |        -|      -|       -|       -|    -|
|Instance         |        -|      -|       0|     220|    -|
|Memory           |        2|      -|      74|      25|    -|
|Multiplexer      |        -|      -|       -|     293|    -|
|Register         |        0|      -|     864|      64|    -|
+-----------------+---------+-------+--------+--------+-----+
|Total            |        2|     10|     938|     960|    0|
+-----------------+---------+-------+--------+--------+-----+
|Available        |     1824|   2520|  548160|  274080|    0|
+-----------------+---------+-------+--------+--------+-----+
|Utilization (%)  |    ~0   |   ~0  |   ~0   |   ~0   |    0|
+-----------------+---------+-------+--------+--------+-----+

+ Detail: 
    * Instance: 
    +--------------------------+----------------------+---------+-------+---+----+-----+
    |         Instance         |        Module        | BRAM_18K| DSP48E| FF| LUT| URAM|
    +--------------------------+----------------------+---------+-------+---+----+-----+
    |kan_top_mux_104_3Bew_U42  |kan_top_mux_104_3Bew  |        0|      0|  0|  55|    0|
    |kan_top_mux_104_3Bew_U43  |kan_top_mux_104_3Bew  |        0|      0|  0|  55|    0|
    |kan_top_mux_104_3Bew_U44  |kan_top_mux_104_3Bew  |        0|      0|  0|  55|    0|
    |kan_top_mux_104_3Bew_U45  |kan_top_mux_104_3Bew  |        0|      0|  0|  55|    0|
    +--------------------------+----------------------+---------+-------+---+----+-----+
    |Total                     |                      |        0|      0|  0| 220|    0|
    +--------------------------+----------------------+---------+-------+---+----+-----+

    * DSP48E: 
    +--------------------------+----------------------+--------------+
    |         Instance         |        Module        |  Expression  |
    +--------------------------+----------------------+--------------+
    |kan_top_mac_muladCeG_U46  |kan_top_mac_muladCeG  | i0 + i1 * i2 |
    |kan_top_mac_muladDeQ_U47  |kan_top_mac_muladDeQ  | i0 * i1 + i2 |
    |kan_top_mac_muladEe0_U48  |kan_top_mac_muladEe0  | i0 + i1 * i2 |
    |kan_top_mac_muladFfa_U49  |kan_top_mac_muladFfa  | i0 * i1 + i2 |
    +--------------------------+----------------------+--------------+

    * Memory: 
    +--------------------------+----------------------+---------+----+----+-----+------+-----+------+-------------+
    |          Memory          |        Module        | BRAM_18K| FF | LUT| URAM| Words| Bits| Banks| W*Bits*Banks|
    +--------------------------+----------------------+---------+----+----+-----+------+-----+------+-------------+
    |l1_base_codebook_q_V_U    |layer1_l1_base_coudo  |        0|   4|   1|    0|    16|    4|     1|           64|
    |l1_base_ids_V_U           |layer1_l1_base_idwdI  |        1|   0|   0|    0|   640|    4|     1|         2560|
    |l1_lut_b_V_2_U            |layer1_l1_lut_b_V_2   |        0|   9|   3|    0|    16|    9|     1|          144|
    |l1_lut_b_V_5_U            |layer1_l1_lut_b_V_2   |        0|   9|   3|    0|    16|    9|     1|          144|
    |l1_lut_b_V_3_U            |layer1_l1_lut_b_V_3   |        0|  10|   3|    0|    16|   10|     1|          160|
    |l1_lut_b_V_4_U            |layer1_l1_lut_b_V_3   |        0|  10|   3|    0|    16|   10|     1|          160|
    |l1_lut_s_V_U              |layer1_l1_lut_s_V     |        0|  16|   4|    0|    16|   16|     1|          256|
    |l1_spline_codebook_q_U    |layer1_l1_spline_Aem  |        0|   4|   2|    0|    32|    4|     1|          128|
    |l1_spline_ids_V_U         |layer1_l1_spline_vdy  |        1|   0|   0|    0|   640|    5|     1|         3200|
    |l1_spline_codebook_q_3_U  |layer1_l1_spline_xdS  |        0|   4|   2|    0|    32|    4|     1|          128|
    |l1_spline_codebook_q_2_U  |layer1_l1_spline_yd2  |        0|   4|   2|    0|    32|    4|     1|          128|
    |l1_spline_codebook_q_1_U  |layer1_l1_spline_zec  |        0|   4|   2|    0|    32|    4|     1|          128|
    +--------------------------+----------------------+---------+----+----+-----+------+-----+------+-------------+
    |Total                     |                      |        2|  74|  25|    0|  1504|   83|    12|         7200|
    +--------------------------+----------------------+---------+----+----+-----+------+-----+------+-------------+

    * FIFO: 
    N/A

    * Expression: 
    +-------------------------+----------+-------+---+----+------------+------------+
    |      Variable Name      | Operation| DSP48E| FF| LUT| Bitwidth P0| Bitwidth P1|
    +-------------------------+----------+-------+---+----+------------+------------+
    |grp_fu_1250_p2           |     *    |      0|  0|   5|          13|           4|
    |mul_ln1353_fu_1221_p2    |     *    |      4|  0|  20|          32|          31|
    |mul_ln68_fu_1207_p2      |     *    |      2|  0|  20|          32|          27|
    |acc_s_0_V_fu_1079_p2     |     +    |      0|  0|  39|          32|          32|
    |add_ln1353_fu_1227_p2    |     +    |      0|  0|  61|          61|          61|
    |add_ln77_1_fu_851_p2     |     +    |      0|  0|  15|           7|           1|
    |add_ln77_fu_831_p2       |     +    |      0|  0|  17|          10|           1|
    |add_ln90_fu_890_p2       |     +    |      0|  0|  17|          10|          10|
    |o_1_fu_1140_p2           |     +    |      0|  0|  12|           4|           1|
    |o_2_fu_902_p2            |     +    |      0|  0|  12|           4|           1|
    |o_fu_639_p2              |     +    |      0|  0|  12|           4|           1|
    |ret_V_fu_1233_p2         |     +    |      0|  0|  61|          61|          29|
    |icmp_ln103_fu_1134_p2    |   icmp   |      0|  0|   9|           4|           4|
    |icmp_ln71_fu_633_p2      |   icmp   |      0|  0|   9|           4|           4|
    |icmp_ln77_fu_825_p2      |   icmp   |      0|  0|  13|          10|          10|
    |icmp_ln88_fu_837_p2      |   icmp   |      0|  0|   9|           4|           4|
    |select_ln77_1_fu_857_p3  |  select  |      0|  0|   7|           1|           7|
    |select_ln77_3_fu_869_p3  |  select  |      0|  0|   7|           1|           7|
    |select_ln77_fu_843_p3    |  select  |      0|  0|   4|           1|           1|
    |ap_enable_pp1            |    xor   |      0|  0|   2|           1|           2|
    |ap_enable_reg_pp1_iter1  |    xor   |      0|  0|   2|           2|           1|
    |xor_ln77_fu_908_p2       |    xor   |      0|  0|   5|           4|           5|
    +-------------------------+----------+-------+---+----+------------+------------+
    |Total                    |          |      6|  0| 358|         302|         244|
    +-------------------------+----------+-------+---+----+------------+------------+

    * Multiplexer: 
    +------------------------------+----+-----------+-----+-----------+
    |             Name             | LUT| Input Size| Bits| Total Bits|
    +------------------------------+----+-----------+-----+-----------+
    |acc_b_9_V_1_fu_240            |   9|          2|   32|         64|
    |acc_b_9_V_2_fu_244            |   9|          2|   32|         64|
    |acc_b_9_V_3_fu_272            |   9|          2|   32|         64|
    |acc_b_9_V_4_fu_248            |   9|          2|   32|         64|
    |acc_b_9_V_5_fu_252            |   9|          2|   32|         64|
    |acc_b_9_V_6_fu_256            |   9|          2|   32|         64|
    |acc_b_9_V_7_fu_260            |   9|          2|   32|         64|
    |acc_b_9_V_8_fu_264            |   9|          2|   32|         64|
    |acc_b_9_V_9_fu_268            |   9|          2|   32|         64|
    |acc_b_9_V_fu_236              |   9|          2|   32|         64|
    |acc_s_9_V_1_fu_200            |   9|          2|   32|         64|
    |acc_s_9_V_2_fu_204            |   9|          2|   32|         64|
    |acc_s_9_V_3_fu_232            |   9|          2|   32|         64|
    |acc_s_9_V_4_fu_208            |   9|          2|   32|         64|
    |acc_s_9_V_5_fu_212            |   9|          2|   32|         64|
    |acc_s_9_V_6_fu_216            |   9|          2|   32|         64|
    |acc_s_9_V_7_fu_220            |   9|          2|   32|         64|
    |acc_s_9_V_8_fu_224            |   9|          2|   32|         64|
    |acc_s_9_V_9_fu_228            |   9|          2|   32|         64|
    |acc_s_9_V_fu_196              |   9|          2|   32|         64|
    |ap_NS_fsm                     |  41|          8|    1|          8|
    |ap_enable_reg_pp1_iter1       |   9|          2|    1|          2|
    |ap_enable_reg_pp1_iter3       |   9|          2|    1|          2|
    |ap_phi_mux_i_0_phi_fu_484_p4  |   9|          2|    7|         14|
    |i_0_reg_480                   |   9|          2|    7|         14|
    |indvar_flatten_reg_469        |   9|          2|   10|         20|
    |o3_0_reg_491                  |   9|          2|    4|          8|
    |o5_0_reg_502                  |   9|          2|    4|          8|
    |o_0_reg_458                   |   9|          2|    4|          8|
    +------------------------------+----+-----------+-----+-----------+
    |Total                         | 293|         64|  679|       1364|
    +------------------------------+----+-----------+-----+-----------+

    * Register: 
    +---------------------------------+----+----+-----+-----------+
    |               Name              | FF | LUT| Bits| Const Bits|
    +---------------------------------+----+----+-----+-----------+
    |acc_b_9_V_1_fu_240               |  32|   0|   32|          0|
    |acc_b_9_V_2_fu_244               |  32|   0|   32|          0|
    |acc_b_9_V_3_fu_272               |  32|   0|   32|          0|
    |acc_b_9_V_4_fu_248               |  32|   0|   32|          0|
    |acc_b_9_V_5_fu_252               |  32|   0|   32|          0|
    |acc_b_9_V_6_fu_256               |  32|   0|   32|          0|
    |acc_b_9_V_7_fu_260               |  32|   0|   32|          0|
    |acc_b_9_V_8_fu_264               |  32|   0|   32|          0|
    |acc_b_9_V_9_fu_268               |  32|   0|   32|          0|
    |acc_b_9_V_fu_236                 |  32|   0|   32|          0|
    |acc_s_9_V_1_fu_200               |  32|   0|   32|          0|
    |acc_s_9_V_2_fu_204               |  32|   0|   32|          0|
    |acc_s_9_V_3_fu_232               |  32|   0|   32|          0|
    |acc_s_9_V_4_fu_208               |  32|   0|   32|          0|
    |acc_s_9_V_5_fu_212               |  32|   0|   32|          0|
    |acc_s_9_V_6_fu_216               |  32|   0|   32|          0|
    |acc_s_9_V_7_fu_220               |  32|   0|   32|          0|
    |acc_s_9_V_8_fu_224               |  32|   0|   32|          0|
    |acc_s_9_V_9_fu_228               |  32|   0|   32|          0|
    |acc_s_9_V_fu_196                 |  32|   0|   32|          0|
    |add_ln700_reg_1771               |  17|   0|   17|          0|
    |ap_CS_fsm                        |   7|   0|    7|          0|
    |ap_enable_reg_pp1_iter0          |   1|   0|    1|          0|
    |ap_enable_reg_pp1_iter1          |   1|   0|    1|          0|
    |ap_enable_reg_pp1_iter2          |   1|   0|    1|          0|
    |ap_enable_reg_pp1_iter3          |   1|   0|    1|          0|
    |i_0_reg_480                      |   7|   0|    7|          0|
    |icmp_ln77_reg_1661               |   1|   0|    1|          0|
    |indvar_flatten_reg_469           |  10|   0|   10|          0|
    |l1_lut_b_V_2_load_reg_1751       |   9|   0|    9|          0|
    |l1_lut_b_V_3_load_reg_1756       |  10|   0|   10|          0|
    |l1_spline_codebook_q_5_reg_1761  |   4|   0|    4|          0|
    |l1_spline_codebook_q_7_reg_1766  |   4|   0|    4|          0|
    |o3_0_reg_491                     |   4|   0|    4|          0|
    |o5_0_reg_502                     |   4|   0|    4|          0|
    |o_0_reg_458                      |   4|   0|    4|          0|
    |select_ln77_1_reg_1676           |   7|   0|    7|          0|
    |select_ln77_reg_1670             |   4|   0|    4|          0|
    |icmp_ln77_reg_1661               |  64|  32|    1|          0|
    |select_ln77_reg_1670             |  64|  32|    4|          0|
    +---------------------------------+----+----+-----+-----------+
    |Total                            | 864|  64|  741|          0|
    +---------------------------------+----+----+-----+-----------+



================================================================
== Interface
================================================================
* Summary: 
+----------------+-----+-----+------------+--------------+--------------+
|    RTL Ports   | Dir | Bits|  Protocol  | Source Object|    C Type    |
+----------------+-----+-----+------------+--------------+--------------+
|ap_clk          |  in |    1| ap_ctrl_hs |    layer1    | return value |
|ap_rst          |  in |    1| ap_ctrl_hs |    layer1    | return value |
|ap_start        |  in |    1| ap_ctrl_hs |    layer1    | return value |
|ap_done         | out |    1| ap_ctrl_hs |    layer1    | return value |
|ap_idle         | out |    1| ap_ctrl_hs |    layer1    | return value |
|ap_ready        | out |    1| ap_ctrl_hs |    layer1    | return value |
|in_V_address0   | out |    6|  ap_memory |     in_V     |     array    |
|in_V_ce0        | out |    1|  ap_memory |     in_V     |     array    |
|in_V_q0         |  in |    4|  ap_memory |     in_V     |     array    |
|out_V_address0  | out |    4|  ap_memory |     out_V    |     array    |
|out_V_ce0       | out |    1|  ap_memory |     out_V    |     array    |
|out_V_we0       | out |    1|  ap_memory |     out_V    |     array    |
|out_V_d0        | out |   32|  ap_memory |     out_V    |     array    |
+----------------+-----+-----+------------+--------------+--------------+

