Copyright 1986-2019 Xilinx, Inc. All Rights Reserved.
------------------------------------------------------------------------------------------------------------------------------
| Tool Version : Vivado v.2019.1 (win64) Build 2552052 Fri May 24 14:49:42 MDT 2019
| Date         : Thu Jul  9 19:03:04 2026
| Host         : element running 64-bit major release  (build 9200)
| Command      : report_utilization -file <repo>/hw/results/gram_lsq_w4a4/impl_alt/utilization_route.rpt
| Design       : kan_top
| Device       : xczu7evffvc1156-2
| Design State : Fully Placed
------------------------------------------------------------------------------------------------------------------------------

Utilization Design Information

Table of Contents
-----------------
1. CLB Logic
1.1 Summary of Registers by Type
2. CLB Logic Distribution
3. BLOCKRAM
4. ARITHMETIC
5. I/O
6. CLOCK
7. ADVANCED
8. CONFIGURATION
9. Primitives
10. Black Boxes
11. Instantiated Netlists

1. CLB Logic
------------

+----------------------------+-------+-------+-----------+-------+
|          Site Type         |  Used | Fixed | Available | Util% |
+----------------------------+-------+-------+-----------+-------+
| CLB LUTs                   | 32019 |     0 |    230400 | 13.90 |
|   LUT as Logic             | 31361 |     0 |    230400 | 13.61 |
|   LUT as Memory            |   658 |     0 |    101760 |  0.65 |
|     LUT as Distributed RAM |    53 |     0 |           |       |
|     LUT as Shift Register  |   605 |     0 |           |       |
| CLB Registers              | 39345 |     0 |    460800 |  8.54 |
|   Register as Flip Flop    | 39345 |     0 |    460800 |  8.54 |
|   Register as Latch        |     0 |     0 |    460800 |  0.00 |
| CARRY8                     |  2716 |     0 |     28800 |  9.43 |
| F7 Muxes                   |  1160 |     0 |    115200 |  1.01 |
| F8 Muxes                   |   512 |     0 |     57600 |  0.89 |
| F9 Muxes                   |     0 |     0 |     28800 |  0.00 |
+----------------------------+-------+-------+-----------+-------+


1.1 Summary of Registers by Type
--------------------------------

+-------+--------------+-------------+--------------+
| Total | Clock Enable | Synchronous | Asynchronous |
+-------+--------------+-------------+--------------+
| 0     |            _ |           - |            - |
| 0     |            _ |           - |          Set |
| 0     |            _ |           - |        Reset |
| 0     |            _ |         Set |            - |
| 0     |            _ |       Reset |            - |
| 0     |          Yes |           - |            - |
| 0     |          Yes |           - |          Set |
| 0     |          Yes |           - |        Reset |
| 15    |          Yes |         Set |            - |
| 39330 |          Yes |       Reset |            - |
+-------+--------------+-------------+--------------+


2. CLB Logic Distribution
-------------------------

+--------------------------------------------+-------+-------+-----------+-------+
|                  Site Type                 |  Used | Fixed | Available | Util% |
+--------------------------------------------+-------+-------+-----------+-------+
| CLB                                        |  7581 |     0 |     28800 | 26.32 |
|   CLBL                                     |  4044 |     0 |           |       |
|   CLBM                                     |  3537 |     0 |           |       |
| LUT as Logic                               | 31361 |     0 |    230400 | 13.61 |
|   using O5 output only                     |    25 |       |           |       |
|   using O6 output only                     | 22583 |       |           |       |
|   using O5 and O6                          |  8753 |       |           |       |
| LUT as Memory                              |   658 |     0 |    101760 |  0.65 |
|   LUT as Distributed RAM                   |    53 |     0 |           |       |
|     using O5 output only                   |     0 |       |           |       |
|     using O6 output only                   |     6 |       |           |       |
|     using O5 and O6                        |    47 |       |           |       |
|   LUT as Shift Register                    |   605 |     0 |           |       |
|     using O5 output only                   |     1 |       |           |       |
|     using O6 output only                   |   604 |       |           |       |
|     using O5 and O6                        |     0 |       |           |       |
| CLB Registers                              | 39345 |     0 |    460800 |  8.54 |
|   Register driven from within the CLB      | 18331 |       |           |       |
|   Register driven from outside the CLB     | 21014 |       |           |       |
|     LUT in front of the register is unused | 19661 |       |           |       |
|     LUT in front of the register is used   |  1353 |       |           |       |
| Unique Control Sets                        |   221 |       |     57600 |  0.38 |
+--------------------------------------------+-------+-------+-----------+-------+
* Note: Available Control Sets calculated as CLB Registers / 8, Review the Control Sets Report for more information regarding control sets.


3. BLOCKRAM
-----------

+-------------------+------+-------+-----------+-------+
|     Site Type     | Used | Fixed | Available | Util% |
+-------------------+------+-------+-----------+-------+
| Block RAM Tile    |   45 |     0 |       312 | 14.42 |
|   RAMB36/FIFO*    |   40 |     0 |       312 | 12.82 |
|     RAMB36E2 only |   40 |       |           |       |
|   RAMB18          |   10 |     0 |       624 |  1.60 |
|     RAMB18E2 only |   10 |       |           |       |
| URAM              |    0 |     0 |        96 |  0.00 |
+-------------------+------+-------+-----------+-------+
* Note: Each Block RAM Tile only has one FIFO logic available and therefore can accommodate only one FIFO36E2 or one FIFO18E2. However, if a FIFO18E2 occupies a Block RAM Tile, that tile can still accommodate a RAMB18E2


4. ARITHMETIC
-------------

+----------------+------+-------+-----------+-------+
|    Site Type   | Used | Fixed | Available | Util% |
+----------------+------+-------+-----------+-------+
| DSPs           |   64 |     0 |      1728 |  3.70 |
|   DSP48E2 only |   64 |       |           |       |
+----------------+------+-------+-----------+-------+


5. I/O
------

+------------------+------+-------+-----------+-------+
|     Site Type    | Used | Fixed | Available | Util% |
+------------------+------+-------+-----------+-------+
| Bonded IOB       |    0 |     0 |       360 |  0.00 |
| HPIOB_M          |    0 |     0 |       144 |  0.00 |
| HPIOB_S          |    0 |     0 |       144 |  0.00 |
| HDIOB_M          |    0 |     0 |        24 |  0.00 |
| HDIOB_S          |    0 |     0 |        24 |  0.00 |
| HPIOB_SNGL       |    0 |     0 |        24 |  0.00 |
| HPIOBDIFFINBUF   |    0 |     0 |       192 |  0.00 |
| HPIOBDIFFOUTBUF  |    0 |     0 |       192 |  0.00 |
| HDIOBDIFFINBUF   |    0 |     0 |        48 |  0.00 |
| BITSLICE_CONTROL |    0 |     0 |        64 |  0.00 |
| BITSLICE_RX_TX   |    0 |     0 |       416 |  0.00 |
| BITSLICE_TX      |    0 |     0 |        64 |  0.00 |
| RIU_OR           |    0 |     0 |        32 |  0.00 |
+------------------+------+-------+-----------+-------+


6. CLOCK
--------

+----------------------+------+-------+-----------+-------+
|       Site Type      | Used | Fixed | Available | Util% |
+----------------------+------+-------+-----------+-------+
| GLOBAL CLOCK BUFFERs |    0 |     0 |       544 |  0.00 |
|   BUFGCE             |    0 |     0 |       208 |  0.00 |
|   BUFGCE_DIV         |    0 |     0 |        32 |  0.00 |
|   BUFG_GT            |    0 |     0 |       144 |  0.00 |
|   BUFG_PS            |    0 |     0 |        96 |  0.00 |
|   BUFGCTRL*          |    0 |     0 |        64 |  0.00 |
| PLL                  |    0 |     0 |        16 |  0.00 |
| MMCM                 |    0 |     0 |         8 |  0.00 |
+----------------------+------+-------+-----------+-------+
* Note: Each used BUFGCTRL counts as two GLOBAL CLOCK BUFFERs. This table does not include global clocking resources, only buffer cell usage. See the Clock Utilization Report (report_clock_utilization) for detailed accounting of global clocking resource availability.


7. ADVANCED
-----------

+-----------------+------+-------+-----------+-------+
|    Site Type    | Used | Fixed | Available | Util% |
+-----------------+------+-------+-----------+-------+
| GTHE4_CHANNEL   |    0 |     0 |        20 |  0.00 |
| GTHE4_COMMON    |    0 |     0 |         5 |  0.00 |
| OBUFDS_GTE4     |    0 |     0 |        10 |  0.00 |
| OBUFDS_GTE4_ADV |    0 |     0 |        10 |  0.00 |
| PCIE40E4        |    0 |     0 |         2 |  0.00 |
| PS8             |    0 |     0 |         1 |  0.00 |
| SYSMONE4        |    0 |     0 |         1 |  0.00 |
| VCU             |    0 |     0 |         1 |  0.00 |
+-----------------+------+-------+-----------+-------+


8. CONFIGURATION
----------------

+-------------+------+-------+-----------+-------+
|  Site Type  | Used | Fixed | Available | Util% |
+-------------+------+-------+-----------+-------+
| BSCANE2     |    0 |     0 |         4 |  0.00 |
| DNA_PORTE2  |    0 |     0 |         1 |  0.00 |
| EFUSE_USR   |    0 |     0 |         1 |  0.00 |
| FRAME_ECCE4 |    0 |     0 |         1 |  0.00 |
| ICAPE3      |    0 |     0 |         2 |  0.00 |
| MASTER_JTAG |    0 |     0 |         1 |  0.00 |
| STARTUPE3   |    0 |     0 |         1 |  0.00 |
+-------------+------+-------+-----------+-------+


9. Primitives
-------------

+----------+-------+---------------------+
| Ref Name |  Used | Functional Category |
+----------+-------+---------------------+
| FDRE     | 39330 |            Register |
| LUT2     | 17739 |                 CLB |
| LUT3     | 16929 |                 CLB |
| LUT6     |  2877 |                 CLB |
| CARRY8   |  2716 |                 CLB |
| LUT1     |  1584 |                 CLB |
| MUXF7    |  1160 |                 CLB |
| LUT4     |   634 |                 CLB |
| MUXF8    |   512 |                 CLB |
| SRLC32E  |   404 |                 CLB |
| LUT5     |   351 |                 CLB |
| SRL16E   |   201 |                 CLB |
| RAMS32   |    96 |                 CLB |
| DSP48E2  |    64 |          Arithmetic |
| RAMB36E2 |    40 |           Block Ram |
| FDSE     |    15 |            Register |
| RAMB18E2 |    10 |           Block Ram |
| RAMS64E  |     4 |                 CLB |
+----------+-------+---------------------+


10. Black Boxes
---------------

+----------+------+
| Ref Name | Used |
+----------+------+


11. Instantiated Netlists
-------------------------

+----------+------+
| Ref Name | Used |
+----------+------+


