

================================================================
== Vivado HLS Report for 'layer0'
================================================================
* Date:           Fri Jul  3 18:18:09 2026

* Version:        2019.1 (Build 2552052 on Fri May 24 15:28:33 MDT 2019)
* Project:        fp32
* Solution:       sol1
* Product family: zynquplus
* Target device:  xczu9eg-ffvb1156-2-e


================================================================
== Performance Estimates
================================================================
+ Timing (ns): 
    * Summary: 
    +--------+-------+----------+------------+
    |  Clock | Target| Estimated| Uncertainty|
    +--------+-------+----------+------------+
    |ap_clk  |   6.67|     5.748|        0.83|
    +--------+-------+----------+------------+

+ Latency (clock cycles): 
    * Summary: 
    +--------+--------+--------+--------+---------+
    |     Latency     |     Interval    | Pipeline|
    |   min  |   max  |   min  |   max  |   Type  |
    +--------+--------+--------+--------+---------+
    |  776298|  995034|  776298|  995034|   none  |
    +--------+--------+--------+--------+---------+

    + Detail: 
        * Instance: 
        N/A

        * Loop: 
        +-------------+--------+--------+------------+-----------+-----------+--------+----------+
        |             |     Latency     |  Iteration |  Initiation Interval  |  Trip  |          |
        |  Loop Name  |   min  |   max  |   Latency  |  achieved |   target  |  Count | Pipelined|
        +-------------+--------+--------+------------+-----------+-----------+--------+----------+
        |- INIT0      |      64|      64|           1|          1|          1|      64|    yes   |
        |- IN0        |  776160|  994896| 990 ~ 1269 |          -|          -|     784|    no    |
        | + BSPL_REC  |     657|     936|  219 ~ 312 |          -|          -|       3|    no    |
        |  ++ BSPL_T  |     217|     310|          31|          -|          -| 7 ~ 10 |    no    |
        | + OUT0      |     300|     300|          49|          4|          1|      64|    yes   |
        |- REQ0       |      69|      69|           7|          1|          1|      64|    yes   |
        +-------------+--------+--------+------------+-----------+-----------+--------+----------+



================================================================
== Utilization Estimates
================================================================
* Summary: 
+-----------------+---------+-------+--------+--------+-----+
|       Name      | BRAM_18K| DSP48E|   FF   |   LUT  | URAM|
+-----------------+---------+-------+--------+--------+-----+
|DSP              |        -|      -|       -|       -|    -|
|Expression       |        -|      -|       0|    1029|    -|
|FIFO             |        -|      -|       -|       -|    -|
|Instance         |        -|     24|    2923|    4694|    -|
|Memory           |      821|      -|     128|       6|    0|
|Multiplexer      |        -|      -|       -|    2385|    -|
|Register         |        0|      -|    6434|     352|    -|
+-----------------+---------+-------+--------+--------+-----+
|Total            |      821|     24|    9485|    8466|    0|
+-----------------+---------+-------+--------+--------+-----+
|Available        |     1824|   2520|  548160|  274080|    0|
+-----------------+---------+-------+--------+--------+-----+
|Utilization (%)  |       45|   ~0  |       1|       3|    0|
+-----------------+---------+-------+--------+--------+-----+

+ Detail: 
    * Instance: 
    +--------------------------+----------------------+---------+-------+-----+-----+-----+
    |         Instance         |        Module        | BRAM_18K| DSP48E|  FF | LUT | URAM|
    +--------------------------+----------------------+---------+-------+-----+-----+-----+
    |kan_top_fadd_32nsdEe_U4   |kan_top_fadd_32nsdEe  |        0|      2|  205|  208|    0|
    |kan_top_fadd_32nseOg_U5   |kan_top_fadd_32nseOg  |        0|      0|  168|  434|    0|
    |kan_top_faddfsub_bkb_U1   |kan_top_faddfsub_bkb  |        0|      2|  205|  208|    0|
    |kan_top_faddfsub_bkb_U2   |kan_top_faddfsub_bkb  |        0|      2|  205|  208|    0|
    |kan_top_fcmp_32nshbi_U11  |kan_top_fcmp_32nshbi  |        0|      0|   66|   72|    0|
    |kan_top_fcmp_32nshbi_U12  |kan_top_fcmp_32nshbi  |        0|      0|   66|   72|    0|
    |kan_top_fcmp_32nshbi_U13  |kan_top_fcmp_32nshbi  |        0|      0|   66|   72|    0|
    |kan_top_fcmp_32nshbi_U14  |kan_top_fcmp_32nshbi  |        0|      0|   66|   72|    0|
    |kan_top_fdiv_32nsg8j_U9   |kan_top_fdiv_32nsg8j  |        0|      0|  459|  799|    0|
    |kan_top_fdiv_32nsg8j_U10  |kan_top_fdiv_32nsg8j  |        0|      0|  459|  799|    0|
    |kan_top_fexp_32nsibs_U15  |kan_top_fexp_32nsibs  |        0|      7|  324|  905|    0|
    |kan_top_fmul_32nsfYi_U6   |kan_top_fmul_32nsfYi  |        0|      3|  143|  139|    0|
    |kan_top_fmul_32nsfYi_U7   |kan_top_fmul_32nsfYi  |        0|      3|  143|  139|    0|
    |kan_top_fmul_32nsfYi_U8   |kan_top_fmul_32nsfYi  |        0|      3|  143|  139|    0|
    |kan_top_fsub_32nscud_U3   |kan_top_fsub_32nscud  |        0|      2|  205|  208|    0|
    |kan_top_mux_646_3jbC_U16  |kan_top_mux_646_3jbC  |        0|      0|    0|   55|    0|
    |kan_top_mux_646_3jbC_U17  |kan_top_mux_646_3jbC  |        0|      0|    0|   55|    0|
    |kan_top_mux_646_3jbC_U18  |kan_top_mux_646_3jbC  |        0|      0|    0|   55|    0|
    |kan_top_mux_646_3jbC_U19  |kan_top_mux_646_3jbC  |        0|      0|    0|   55|    0|
    +--------------------------+----------------------+---------+-------+-----+-----+-----+
    |Total                     |                      |        0|     24| 2923| 4694|    0|
    +--------------------------+----------------------+---------+-------+-----+-----+-----+

    * DSP48E: 
    N/A

    * Memory: 
    +---------------+--------------------+---------+-----+----+-----+-------+-----+------+-------------+
    |     Memory    |       Module       | BRAM_18K|  FF | LUT| URAM| Words | Bits| Banks| W*Bits*Banks|
    +---------------+--------------------+---------+-----+----+-----+-------+-----+------+-------------+
    |b_U            |layer0_b            |        2|    0|   0|    0|     11|   32|     1|          352|
    |l0_grid_U      |layer0_l0_grid      |        0|  128|   6|    0|     12|   32|     1|          384|
    |l0_weight_0_U  |layer0_l0_weight_0  |       91|    0|   0|    0|  50176|   32|     1|      1605632|
    |l0_weight_1_U  |layer0_l0_weight_1  |       91|    0|   0|    0|  50176|   32|     1|      1605632|
    |l0_weight_2_U  |layer0_l0_weight_2  |       91|    0|   0|    0|  50176|   32|     1|      1605632|
    |l0_weight_3_U  |layer0_l0_weight_3  |       91|    0|   0|    0|  50176|   32|     1|      1605632|
    |l0_weight_4_U  |layer0_l0_weight_4  |       91|    0|   0|    0|  50176|   32|     1|      1605632|
    |l0_weight_5_U  |layer0_l0_weight_5  |       91|    0|   0|    0|  50176|   32|     1|      1605632|
    |l0_weight_6_U  |layer0_l0_weight_6  |       91|    0|   0|    0|  50176|   32|     1|      1605632|
    |l0_weight_7_U  |layer0_l0_weight_7  |       91|    0|   0|    0|  50176|   32|     1|      1605632|
    |l0_weight_8_U  |layer0_l0_weight_8  |       91|    0|   0|    0|  50176|   32|     1|      1605632|
    +---------------+--------------------+---------+-----+----+-----+-------+-----+------+-------------+
    |Total          |                    |      821|  128|   6|    0| 451607|  352|    11|     14451424|
    +---------------+--------------------+---------+-----+----+-----+-------+-----+------+-------------+

    * FIFO: 
    N/A

    * Expression: 
    +---------------------------+----------+-------+---+----+------------+------------+
    |       Variable Name       | Operation| DSP48E| FF| LUT| Bitwidth P0| Bitwidth P1|
    +---------------------------+----------+-------+---+----+------------+------------+
    |add_ln32_fu_4206_p2        |     +    |      0|  0|  12|           4|           2|
    |add_ln37_fu_4174_p2        |     +    |      0|  0|  12|           4|           4|
    |add_ln38_fu_4190_p2        |     +    |      0|  0|  12|           4|           4|
    |add_ln39_1_fu_4246_p2      |     +    |      0|  0|  23|          10|          16|
    |add_ln39_fu_4224_p2        |     +    |      0|  0|  23|          16|          16|
    |i_fu_3781_p2               |     +    |      0|  0|  17|          10|           1|
    |k_fu_4142_p2               |     +    |      0|  0|  11|           3|           1|
    |o_3_fu_5166_p2             |     +    |      0|  0|  15|           7|           1|
    |o_4_fu_4218_p2             |     +    |      0|  0|  15|           7|           1|
    |o_fu_2613_p2               |     +    |      0|  0|  15|           7|           1|
    |t_fu_4168_p2               |     +    |      0|  0|  12|           4|           1|
    |and_ln28_22_fu_3833_p2     |    and   |      0|  0|   2|           1|           1|
    |and_ln28_23_fu_3856_p2     |    and   |      0|  0|   2|           1|           1|
    |and_ln28_24_fu_3862_p2     |    and   |      0|  0|   2|           1|           1|
    |and_ln28_25_fu_3885_p2     |    and   |      0|  0|   2|           1|           1|
    |and_ln28_26_fu_3890_p2     |    and   |      0|  0|   2|           1|           1|
    |and_ln28_27_fu_3912_p2     |    and   |      0|  0|   2|           1|           1|
    |and_ln28_28_fu_3917_p2     |    and   |      0|  0|   2|           1|           1|
    |and_ln28_29_fu_3939_p2     |    and   |      0|  0|   2|           1|           1|
    |and_ln28_30_fu_3944_p2     |    and   |      0|  0|   2|           1|           1|
    |and_ln28_31_fu_3966_p2     |    and   |      0|  0|   2|           1|           1|
    |and_ln28_32_fu_3971_p2     |    and   |      0|  0|   2|           1|           1|
    |and_ln28_33_fu_3993_p2     |    and   |      0|  0|   2|           1|           1|
    |and_ln28_34_fu_3998_p2     |    and   |      0|  0|   2|           1|           1|
    |and_ln28_35_fu_4020_p2     |    and   |      0|  0|   2|           1|           1|
    |and_ln28_36_fu_4025_p2     |    and   |      0|  0|   2|           1|           1|
    |and_ln28_37_fu_4047_p2     |    and   |      0|  0|   2|           1|           1|
    |and_ln28_38_fu_4052_p2     |    and   |      0|  0|   2|           1|           1|
    |and_ln28_39_fu_4074_p2     |    and   |      0|  0|   2|           1|           1|
    |and_ln28_40_fu_4079_p2     |    and   |      0|  0|   2|           1|           1|
    |and_ln28_41_fu_4105_p2     |    and   |      0|  0|   2|           1|           1|
    |and_ln28_42_fu_4110_p2     |    and   |      0|  0|   2|           1|           1|
    |and_ln28_fu_3827_p2        |    and   |      0|  0|   2|           1|           1|
    |icmp_ln20_fu_2607_p2       |   icmp   |      0|  0|  11|           7|           8|
    |icmp_ln26_fu_3775_p2       |   icmp   |      0|  0|  13|          10|           9|
    |icmp_ln28_2_fu_3815_p2     |   icmp   |      0|  0|  20|          23|           1|
    |icmp_ln28_fu_3809_p2       |   icmp   |      0|  0|  11|           8|           2|
    |icmp_ln32_fu_4136_p2       |   icmp   |      0|  0|   9|           3|           4|
    |icmp_ln33_fu_4212_p2       |   icmp   |      0|  0|  11|           7|           8|
    |icmp_ln36_fu_4162_p2       |   icmp   |      0|  0|   9|           4|           4|
    |icmp_ln46_fu_5160_p2       |   icmp   |      0|  0|  11|           7|           8|
    |or_ln28_fu_3821_p2         |    or    |      0|  0|   2|           1|           1|
    |phitmp_i_0_fu_3839_p3      |  select  |      0|  0|  30|           1|          30|
    |phitmp_i_10_fu_4115_p3     |  select  |      0|  0|  30|           1|          30|
    |phitmp_i_1_fu_3868_p3      |  select  |      0|  0|  30|           1|          30|
    |phitmp_i_2_fu_3895_p3      |  select  |      0|  0|  30|           1|          30|
    |phitmp_i_3_fu_3922_p3      |  select  |      0|  0|  30|           1|          30|
    |phitmp_i_4_fu_3949_p3      |  select  |      0|  0|  30|           1|          30|
    |phitmp_i_5_fu_3976_p3      |  select  |      0|  0|  30|           1|          30|
    |phitmp_i_6_fu_4003_p3      |  select  |      0|  0|  30|           1|          30|
    |phitmp_i_7_fu_4030_p3      |  select  |      0|  0|  30|           1|          30|
    |phitmp_i_8_fu_4057_p3      |  select  |      0|  0|  30|           1|          30|
    |phitmp_i_9_fu_4084_p3      |  select  |      0|  0|  30|           1|          30|
    |select_ln28_11_fu_3876_p3  |  select  |      0|  0|  32|           1|          32|
    |select_ln28_12_fu_3903_p3  |  select  |      0|  0|  32|           1|          32|
    |select_ln28_13_fu_3930_p3  |  select  |      0|  0|  32|           1|          32|
    |select_ln28_14_fu_3957_p3  |  select  |      0|  0|  32|           1|          32|
    |select_ln28_15_fu_3984_p3  |  select  |      0|  0|  32|           1|          32|
    |select_ln28_16_fu_4011_p3  |  select  |      0|  0|  32|           1|          32|
    |select_ln28_17_fu_4038_p3  |  select  |      0|  0|  32|           1|          32|
    |select_ln28_18_fu_4065_p3  |  select  |      0|  0|  32|           1|          32|
    |select_ln28_19_fu_4092_p3  |  select  |      0|  0|  32|           1|          32|
    |select_ln28_20_fu_4123_p3  |  select  |      0|  0|  32|           1|          32|
    |select_ln28_fu_3847_p3     |  select  |      0|  0|  32|           1|          32|
    |ap_enable_pp1              |    xor   |      0|  0|   2|           1|           2|
    |ap_enable_pp2              |    xor   |      0|  0|   2|           1|           2|
    |ap_enable_reg_pp2_iter1    |    xor   |      0|  0|   2|           2|           1|
    |xor_ln18_fu_4152_p2        |    xor   |      0|  0|  33|          32|          33|
    +---------------------------+----------+-------+---+----+------------+------------+
    |Total                      |          |      0|  0|1029|         226|         835|
    +---------------------------+----------+-------+---+----+------------+------------+

    * Multiplexer: 
    +-----------------------------------+-----+-----------+-----+-----------+
    |                Name               | LUT | Input Size| Bits| Total Bits|
    +-----------------------------------+-----+-----------+-----+-----------+
    |acc_b_63_10_fu_1094                |    9|          2|   32|         64|
    |acc_b_63_11_fu_1098                |    9|          2|   32|         64|
    |acc_b_63_12_fu_1102                |    9|          2|   32|         64|
    |acc_b_63_13_fu_1106                |    9|          2|   32|         64|
    |acc_b_63_14_fu_1110                |    9|          2|   32|         64|
    |acc_b_63_15_fu_1114                |    9|          2|   32|         64|
    |acc_b_63_16_fu_1118                |    9|          2|   32|         64|
    |acc_b_63_17_fu_1122                |    9|          2|   32|         64|
    |acc_b_63_18_fu_1126                |    9|          2|   32|         64|
    |acc_b_63_19_fu_1130                |    9|          2|   32|         64|
    |acc_b_63_1_fu_1062                 |    9|          2|   32|         64|
    |acc_b_63_20_fu_1134                |    9|          2|   32|         64|
    |acc_b_63_21_fu_1138                |    9|          2|   32|         64|
    |acc_b_63_22_fu_1142                |    9|          2|   32|         64|
    |acc_b_63_23_fu_1146                |    9|          2|   32|         64|
    |acc_b_63_24_fu_1150                |    9|          2|   32|         64|
    |acc_b_63_25_fu_1154                |    9|          2|   32|         64|
    |acc_b_63_26_fu_1158                |    9|          2|   32|         64|
    |acc_b_63_27_fu_1162                |    9|          2|   32|         64|
    |acc_b_63_28_fu_1166                |    9|          2|   32|         64|
    |acc_b_63_29_fu_1170                |    9|          2|   32|         64|
    |acc_b_63_2_fu_1310                 |    9|          2|   32|         64|
    |acc_b_63_30_fu_1174                |    9|          2|   32|         64|
    |acc_b_63_31_fu_1178                |    9|          2|   32|         64|
    |acc_b_63_32_fu_1182                |    9|          2|   32|         64|
    |acc_b_63_33_fu_1186                |    9|          2|   32|         64|
    |acc_b_63_34_fu_1190                |    9|          2|   32|         64|
    |acc_b_63_35_fu_1194                |    9|          2|   32|         64|
    |acc_b_63_36_fu_1198                |    9|          2|   32|         64|
    |acc_b_63_37_fu_1202                |    9|          2|   32|         64|
    |acc_b_63_38_fu_1206                |    9|          2|   32|         64|
    |acc_b_63_39_fu_1210                |    9|          2|   32|         64|
    |acc_b_63_3_fu_1066                 |    9|          2|   32|         64|
    |acc_b_63_40_fu_1214                |    9|          2|   32|         64|
    |acc_b_63_41_fu_1218                |    9|          2|   32|         64|
    |acc_b_63_42_fu_1222                |    9|          2|   32|         64|
    |acc_b_63_43_fu_1226                |    9|          2|   32|         64|
    |acc_b_63_44_fu_1230                |    9|          2|   32|         64|
    |acc_b_63_45_fu_1234                |    9|          2|   32|         64|
    |acc_b_63_46_fu_1238                |    9|          2|   32|         64|
    |acc_b_63_47_fu_1242                |    9|          2|   32|         64|
    |acc_b_63_48_fu_1246                |    9|          2|   32|         64|
    |acc_b_63_49_fu_1250                |    9|          2|   32|         64|
    |acc_b_63_4_fu_1070                 |    9|          2|   32|         64|
    |acc_b_63_50_fu_1254                |    9|          2|   32|         64|
    |acc_b_63_51_fu_1258                |    9|          2|   32|         64|
    |acc_b_63_52_fu_1262                |    9|          2|   32|         64|
    |acc_b_63_53_fu_1266                |    9|          2|   32|         64|
    |acc_b_63_54_fu_1270                |    9|          2|   32|         64|
    |acc_b_63_55_fu_1274                |    9|          2|   32|         64|
    |acc_b_63_56_fu_1278                |    9|          2|   32|         64|
    |acc_b_63_57_fu_1282                |    9|          2|   32|         64|
    |acc_b_63_58_fu_1286                |    9|          2|   32|         64|
    |acc_b_63_59_fu_1290                |    9|          2|   32|         64|
    |acc_b_63_5_fu_1074                 |    9|          2|   32|         64|
    |acc_b_63_60_fu_1294                |    9|          2|   32|         64|
    |acc_b_63_61_fu_1298                |    9|          2|   32|         64|
    |acc_b_63_62_fu_1302                |    9|          2|   32|         64|
    |acc_b_63_63_fu_1306                |    9|          2|   32|         64|
    |acc_b_63_6_fu_1078                 |    9|          2|   32|         64|
    |acc_b_63_7_fu_1082                 |    9|          2|   32|         64|
    |acc_b_63_8_fu_1086                 |    9|          2|   32|         64|
    |acc_b_63_9_fu_1090                 |    9|          2|   32|         64|
    |acc_b_63_fu_1058                   |    9|          2|   32|         64|
    |acc_s_63_10_fu_838                 |    9|          2|   32|         64|
    |acc_s_63_11_fu_842                 |    9|          2|   32|         64|
    |acc_s_63_12_fu_846                 |    9|          2|   32|         64|
    |acc_s_63_13_fu_850                 |    9|          2|   32|         64|
    |acc_s_63_14_fu_854                 |    9|          2|   32|         64|
    |acc_s_63_15_fu_858                 |    9|          2|   32|         64|
    |acc_s_63_16_fu_862                 |    9|          2|   32|         64|
    |acc_s_63_17_fu_866                 |    9|          2|   32|         64|
    |acc_s_63_18_fu_870                 |    9|          2|   32|         64|
    |acc_s_63_19_fu_874                 |    9|          2|   32|         64|
    |acc_s_63_1_fu_806                  |    9|          2|   32|         64|
    |acc_s_63_20_fu_878                 |    9|          2|   32|         64|
    |acc_s_63_21_fu_882                 |    9|          2|   32|         64|
    |acc_s_63_22_fu_886                 |    9|          2|   32|         64|
    |acc_s_63_23_fu_890                 |    9|          2|   32|         64|
    |acc_s_63_24_fu_894                 |    9|          2|   32|         64|
    |acc_s_63_25_fu_898                 |    9|          2|   32|         64|
    |acc_s_63_26_fu_902                 |    9|          2|   32|         64|
    |acc_s_63_27_fu_906                 |    9|          2|   32|         64|
    |acc_s_63_28_fu_910                 |    9|          2|   32|         64|
    |acc_s_63_29_fu_914                 |    9|          2|   32|         64|
    |acc_s_63_2_fu_1054                 |    9|          2|   32|         64|
    |acc_s_63_30_fu_918                 |    9|          2|   32|         64|
    |acc_s_63_31_fu_922                 |    9|          2|   32|         64|
    |acc_s_63_32_fu_926                 |    9|          2|   32|         64|
    |acc_s_63_33_fu_930                 |    9|          2|   32|         64|
    |acc_s_63_34_fu_934                 |    9|          2|   32|         64|
    |acc_s_63_35_fu_938                 |    9|          2|   32|         64|
    |acc_s_63_36_fu_942                 |    9|          2|   32|         64|
    |acc_s_63_37_fu_946                 |    9|          2|   32|         64|
    |acc_s_63_38_fu_950                 |    9|          2|   32|         64|
    |acc_s_63_39_fu_954                 |    9|          2|   32|         64|
    |acc_s_63_3_fu_810                  |    9|          2|   32|         64|
    |acc_s_63_40_fu_958                 |    9|          2|   32|         64|
    |acc_s_63_41_fu_962                 |    9|          2|   32|         64|
    |acc_s_63_42_fu_966                 |    9|          2|   32|         64|
    |acc_s_63_43_fu_970                 |    9|          2|   32|         64|
    |acc_s_63_44_fu_974                 |    9|          2|   32|         64|
    |acc_s_63_45_fu_978                 |    9|          2|   32|         64|
    |acc_s_63_46_fu_982                 |    9|          2|   32|         64|
    |acc_s_63_47_fu_986                 |    9|          2|   32|         64|
    |acc_s_63_48_fu_990                 |    9|          2|   32|         64|
    |acc_s_63_49_fu_994                 |    9|          2|   32|         64|
    |acc_s_63_4_fu_814                  |    9|          2|   32|         64|
    |acc_s_63_50_fu_998                 |    9|          2|   32|         64|
    |acc_s_63_51_fu_1002                |    9|          2|   32|         64|
    |acc_s_63_52_fu_1006                |    9|          2|   32|         64|
    |acc_s_63_53_fu_1010                |    9|          2|   32|         64|
    |acc_s_63_54_fu_1014                |    9|          2|   32|         64|
    |acc_s_63_55_fu_1018                |    9|          2|   32|         64|
    |acc_s_63_56_fu_1022                |    9|          2|   32|         64|
    |acc_s_63_57_fu_1026                |    9|          2|   32|         64|
    |acc_s_63_58_fu_1030                |    9|          2|   32|         64|
    |acc_s_63_59_fu_1034                |    9|          2|   32|         64|
    |acc_s_63_5_fu_818                  |    9|          2|   32|         64|
    |acc_s_63_60_fu_1038                |    9|          2|   32|         64|
    |acc_s_63_61_fu_1042                |    9|          2|   32|         64|
    |acc_s_63_62_fu_1046                |    9|          2|   32|         64|
    |acc_s_63_63_fu_1050                |    9|          2|   32|         64|
    |acc_s_63_6_fu_822                  |    9|          2|   32|         64|
    |acc_s_63_7_fu_826                  |    9|          2|   32|         64|
    |acc_s_63_8_fu_830                  |    9|          2|   32|         64|
    |acc_s_63_9_fu_834                  |    9|          2|   32|         64|
    |acc_s_63_fu_802                    |    9|          2|   32|         64|
    |ap_NS_fsm                          |  325|         73|    1|         73|
    |ap_enable_reg_pp1_iter12           |    9|          2|    1|          2|
    |ap_enable_reg_pp2_iter1            |    9|          2|    1|          2|
    |ap_enable_reg_pp2_iter6            |    9|          2|    1|          2|
    |ap_phi_mux_o1_0_phi_fu_1666_p4     |    9|          2|    7|         14|
    |ap_phi_mux_o2_0_phi_fu_1689_p4     |    9|          2|    7|         14|
    |ap_phi_mux_phi_mul_phi_fu_1677_p4  |    9|          2|   16|         32|
    |b_address0                         |   41|          8|    4|         32|
    |b_address1                         |   41|          8|    4|         32|
    |b_d0                               |   38|          7|   32|        224|
    |b_d1                               |   38|          7|   32|        224|
    |grp_fu_1697_opcode                 |   15|          3|    2|          6|
    |grp_fu_1697_p0                     |   44|          9|   32|        288|
    |grp_fu_1697_p1                     |   44|          9|   32|        288|
    |grp_fu_1701_opcode                 |   15|          3|    2|          6|
    |grp_fu_1701_p0                     |   38|          7|   32|        224|
    |grp_fu_1701_p1                     |   38|          7|   32|        224|
    |grp_fu_1718_p0                     |   15|          3|   32|         96|
    |grp_fu_1718_p1                     |   15|          3|   32|         96|
    |grp_fu_1722_p0                     |   27|          5|   32|        160|
    |grp_fu_1722_p1                     |   27|          5|   32|        160|
    |grp_fu_1727_p0                     |   27|          5|   32|        160|
    |grp_fu_1727_p1                     |   27|          5|   32|        160|
    |grp_fu_1733_p0                     |   21|          4|   32|        128|
    |grp_fu_1733_p1                     |   21|          4|   32|        128|
    |grp_fu_1738_p0                     |   15|          3|   32|         96|
    |grp_fu_1738_p1                     |   15|          3|   32|         96|
    |grp_fu_1746_p0                     |   15|          3|   32|         96|
    |grp_fu_1746_p1                     |   38|          7|   32|        224|
    |grp_fu_1752_p0                     |   15|          3|   32|         96|
    |grp_fu_1752_p1                     |   38|          7|   32|        224|
    |grp_fu_1758_p0                     |   15|          3|   32|         96|
    |grp_fu_1758_p1                     |   33|          6|   32|        192|
    |grp_fu_1764_p0                     |   15|          3|   32|         96|
    |grp_fu_1764_p1                     |   33|          6|   32|        192|
    |i_0_reg_1616                       |    9|          2|   10|         20|
    |indvars_iv_i_reg_1628              |    9|          2|    4|          8|
    |k_0_i_reg_1640                     |    9|          2|    3|          6|
    |o1_0_reg_1662                      |    9|          2|    7|         14|
    |o2_0_reg_1685                      |    9|          2|    7|         14|
    |o_0_reg_1605                       |    9|          2|    7|         14|
    |phi_mul_reg_1673                   |    9|          2|   16|         32|
    |reg_2177                           |    9|          2|   32|         64|
    |reg_2206                           |    9|          2|   32|         64|
    |t1_0_i_reg_1651                    |    9|          2|    4|          8|
    +-----------------------------------+-----+-----------+-----+-----------+
    |Total                              | 2385|        507| 5032|      12619|
    +-----------------------------------+-----+-----------+-----+-----------+

    * Register: 
    +---------------------------+----+----+-----+-----------+
    |            Name           | FF | LUT| Bits| Const Bits|
    +---------------------------+----+----+-----+-----------+
    |acc_b_63_10_fu_1094        |  32|   0|   32|          0|
    |acc_b_63_11_fu_1098        |  32|   0|   32|          0|
    |acc_b_63_12_fu_1102        |  32|   0|   32|          0|
    |acc_b_63_13_fu_1106        |  32|   0|   32|          0|
    |acc_b_63_14_fu_1110        |  32|   0|   32|          0|
    |acc_b_63_15_fu_1114        |  32|   0|   32|          0|
    |acc_b_63_16_fu_1118        |  32|   0|   32|          0|
    |acc_b_63_17_fu_1122        |  32|   0|   32|          0|
    |acc_b_63_18_fu_1126        |  32|   0|   32|          0|
    |acc_b_63_19_fu_1130        |  32|   0|   32|          0|
    |acc_b_63_1_fu_1062         |  32|   0|   32|          0|
    |acc_b_63_20_fu_1134        |  32|   0|   32|          0|
    |acc_b_63_21_fu_1138        |  32|   0|   32|          0|
    |acc_b_63_22_fu_1142        |  32|   0|   32|          0|
    |acc_b_63_23_fu_1146        |  32|   0|   32|          0|
    |acc_b_63_24_fu_1150        |  32|   0|   32|          0|
    |acc_b_63_25_fu_1154        |  32|   0|   32|          0|
    |acc_b_63_26_fu_1158        |  32|   0|   32|          0|
    |acc_b_63_27_fu_1162        |  32|   0|   32|          0|
    |acc_b_63_28_fu_1166        |  32|   0|   32|          0|
    |acc_b_63_29_fu_1170        |  32|   0|   32|          0|
    |acc_b_63_2_fu_1310         |  32|   0|   32|          0|
    |acc_b_63_30_fu_1174        |  32|   0|   32|          0|
    |acc_b_63_31_fu_1178        |  32|   0|   32|          0|
    |acc_b_63_32_fu_1182        |  32|   0|   32|          0|
    |acc_b_63_33_fu_1186        |  32|   0|   32|          0|
    |acc_b_63_34_fu_1190        |  32|   0|   32|          0|
    |acc_b_63_35_fu_1194        |  32|   0|   32|          0|
    |acc_b_63_36_fu_1198        |  32|   0|   32|          0|
    |acc_b_63_37_fu_1202        |  32|   0|   32|          0|
    |acc_b_63_38_fu_1206        |  32|   0|   32|          0|
    |acc_b_63_39_fu_1210        |  32|   0|   32|          0|
    |acc_b_63_3_fu_1066         |  32|   0|   32|          0|
    |acc_b_63_40_fu_1214        |  32|   0|   32|          0|
    |acc_b_63_41_fu_1218        |  32|   0|   32|          0|
    |acc_b_63_42_fu_1222        |  32|   0|   32|          0|
    |acc_b_63_43_fu_1226        |  32|   0|   32|          0|
    |acc_b_63_44_fu_1230        |  32|   0|   32|          0|
    |acc_b_63_45_fu_1234        |  32|   0|   32|          0|
    |acc_b_63_46_fu_1238        |  32|   0|   32|          0|
    |acc_b_63_47_fu_1242        |  32|   0|   32|          0|
    |acc_b_63_48_fu_1246        |  32|   0|   32|          0|
    |acc_b_63_49_fu_1250        |  32|   0|   32|          0|
    |acc_b_63_4_fu_1070         |  32|   0|   32|          0|
    |acc_b_63_50_fu_1254        |  32|   0|   32|          0|
    |acc_b_63_51_fu_1258        |  32|   0|   32|          0|
    |acc_b_63_52_fu_1262        |  32|   0|   32|          0|
    |acc_b_63_53_fu_1266        |  32|   0|   32|          0|
    |acc_b_63_54_fu_1270        |  32|   0|   32|          0|
    |acc_b_63_55_fu_1274        |  32|   0|   32|          0|
    |acc_b_63_56_fu_1278        |  32|   0|   32|          0|
    |acc_b_63_57_fu_1282        |  32|   0|   32|          0|
    |acc_b_63_58_fu_1286        |  32|   0|   32|          0|
    |acc_b_63_59_fu_1290        |  32|   0|   32|          0|
    |acc_b_63_5_fu_1074         |  32|   0|   32|          0|
    |acc_b_63_60_fu_1294        |  32|   0|   32|          0|
    |acc_b_63_61_fu_1298        |  32|   0|   32|          0|
    |acc_b_63_62_fu_1302        |  32|   0|   32|          0|
    |acc_b_63_63_fu_1306        |  32|   0|   32|          0|
    |acc_b_63_6_fu_1078         |  32|   0|   32|          0|
    |acc_b_63_7_fu_1082         |  32|   0|   32|          0|
    |acc_b_63_8_fu_1086         |  32|   0|   32|          0|
    |acc_b_63_9_fu_1090         |  32|   0|   32|          0|
    |acc_b_63_fu_1058           |  32|   0|   32|          0|
    |acc_s_63_10_fu_838         |  32|   0|   32|          0|
    |acc_s_63_11_fu_842         |  32|   0|   32|          0|
    |acc_s_63_12_fu_846         |  32|   0|   32|          0|
    |acc_s_63_13_fu_850         |  32|   0|   32|          0|
    |acc_s_63_14_fu_854         |  32|   0|   32|          0|
    |acc_s_63_15_fu_858         |  32|   0|   32|          0|
    |acc_s_63_16_fu_862         |  32|   0|   32|          0|
    |acc_s_63_17_fu_866         |  32|   0|   32|          0|
    |acc_s_63_18_fu_870         |  32|   0|   32|          0|
    |acc_s_63_19_fu_874         |  32|   0|   32|          0|
    |acc_s_63_1_fu_806          |  32|   0|   32|          0|
    |acc_s_63_20_fu_878         |  32|   0|   32|          0|
    |acc_s_63_21_fu_882         |  32|   0|   32|          0|
    |acc_s_63_22_fu_886         |  32|   0|   32|          0|
    |acc_s_63_23_fu_890         |  32|   0|   32|          0|
    |acc_s_63_24_fu_894         |  32|   0|   32|          0|
    |acc_s_63_25_fu_898         |  32|   0|   32|          0|
    |acc_s_63_26_fu_902         |  32|   0|   32|          0|
    |acc_s_63_27_fu_906         |  32|   0|   32|          0|
    |acc_s_63_28_fu_910         |  32|   0|   32|          0|
    |acc_s_63_29_fu_914         |  32|   0|   32|          0|
    |acc_s_63_2_fu_1054         |  32|   0|   32|          0|
    |acc_s_63_30_fu_918         |  32|   0|   32|          0|
    |acc_s_63_31_fu_922         |  32|   0|   32|          0|
    |acc_s_63_32_fu_926         |  32|   0|   32|          0|
    |acc_s_63_33_fu_930         |  32|   0|   32|          0|
    |acc_s_63_34_fu_934         |  32|   0|   32|          0|
    |acc_s_63_35_fu_938         |  32|   0|   32|          0|
    |acc_s_63_36_fu_942         |  32|   0|   32|          0|
    |acc_s_63_37_fu_946         |  32|   0|   32|          0|
    |acc_s_63_38_fu_950         |  32|   0|   32|          0|
    |acc_s_63_39_fu_954         |  32|   0|   32|          0|
    |acc_s_63_3_fu_810          |  32|   0|   32|          0|
    |acc_s_63_40_fu_958         |  32|   0|   32|          0|
    |acc_s_63_41_fu_962         |  32|   0|   32|          0|
    |acc_s_63_42_fu_966         |  32|   0|   32|          0|
    |acc_s_63_43_fu_970         |  32|   0|   32|          0|
    |acc_s_63_44_fu_974         |  32|   0|   32|          0|
    |acc_s_63_45_fu_978         |  32|   0|   32|          0|
    |acc_s_63_46_fu_982         |  32|   0|   32|          0|
    |acc_s_63_47_fu_986         |  32|   0|   32|          0|
    |acc_s_63_48_fu_990         |  32|   0|   32|          0|
    |acc_s_63_49_fu_994         |  32|   0|   32|          0|
    |acc_s_63_4_fu_814          |  32|   0|   32|          0|
    |acc_s_63_50_fu_998         |  32|   0|   32|          0|
    |acc_s_63_51_fu_1002        |  32|   0|   32|          0|
    |acc_s_63_52_fu_1006        |  32|   0|   32|          0|
    |acc_s_63_53_fu_1010        |  32|   0|   32|          0|
    |acc_s_63_54_fu_1014        |  32|   0|   32|          0|
    |acc_s_63_55_fu_1018        |  32|   0|   32|          0|
    |acc_s_63_56_fu_1022        |  32|   0|   32|          0|
    |acc_s_63_57_fu_1026        |  32|   0|   32|          0|
    |acc_s_63_58_fu_1030        |  32|   0|   32|          0|
    |acc_s_63_59_fu_1034        |  32|   0|   32|          0|
    |acc_s_63_5_fu_818          |  32|   0|   32|          0|
    |acc_s_63_60_fu_1038        |  32|   0|   32|          0|
    |acc_s_63_61_fu_1042        |  32|   0|   32|          0|
    |acc_s_63_62_fu_1046        |  32|   0|   32|          0|
    |acc_s_63_63_fu_1050        |  32|   0|   32|          0|
    |acc_s_63_6_fu_822          |  32|   0|   32|          0|
    |acc_s_63_7_fu_826          |  32|   0|   32|          0|
    |acc_s_63_8_fu_830          |  32|   0|   32|          0|
    |acc_s_63_9_fu_834          |  32|   0|   32|          0|
    |acc_s_63_fu_802            |  32|   0|   32|          0|
    |add_ln39_1_reg_8120        |  16|   0|   16|          0|
    |ap_CS_fsm                  |  72|   0|   72|          0|
    |ap_enable_reg_pp1_iter0    |   1|   0|    1|          0|
    |ap_enable_reg_pp1_iter1    |   1|   0|    1|          0|
    |ap_enable_reg_pp1_iter10   |   1|   0|    1|          0|
    |ap_enable_reg_pp1_iter11   |   1|   0|    1|          0|
    |ap_enable_reg_pp1_iter12   |   1|   0|    1|          0|
    |ap_enable_reg_pp1_iter2    |   1|   0|    1|          0|
    |ap_enable_reg_pp1_iter3    |   1|   0|    1|          0|
    |ap_enable_reg_pp1_iter4    |   1|   0|    1|          0|
    |ap_enable_reg_pp1_iter5    |   1|   0|    1|          0|
    |ap_enable_reg_pp1_iter6    |   1|   0|    1|          0|
    |ap_enable_reg_pp1_iter7    |   1|   0|    1|          0|
    |ap_enable_reg_pp1_iter8    |   1|   0|    1|          0|
    |ap_enable_reg_pp1_iter9    |   1|   0|    1|          0|
    |ap_enable_reg_pp2_iter0    |   1|   0|    1|          0|
    |ap_enable_reg_pp2_iter1    |   1|   0|    1|          0|
    |ap_enable_reg_pp2_iter2    |   1|   0|    1|          0|
    |ap_enable_reg_pp2_iter3    |   1|   0|    1|          0|
    |ap_enable_reg_pp2_iter4    |   1|   0|    1|          0|
    |ap_enable_reg_pp2_iter5    |   1|   0|    1|          0|
    |ap_enable_reg_pp2_iter6    |   1|   0|    1|          0|
    |b_addr_23_reg_7928         |   4|   0|    4|          0|
    |b_load_11_reg_7985         |  32|   0|   32|          0|
    |b_load_12_reg_7990         |  32|   0|   32|          0|
    |b_load_13_reg_7995         |  32|   0|   32|          0|
    |b_load_14_reg_8000         |  32|   0|   32|          0|
    |b_load_15_reg_8005         |  32|   0|   32|          0|
    |b_load_16_reg_8010         |  32|   0|   32|          0|
    |bitcast_ln28_reg_7845      |  32|   0|   32|          0|
    |i_0_reg_1616               |  10|   0|   10|          0|
    |i_reg_7823                 |  10|   0|   10|          0|
    |icmp_ln33_reg_8015         |   1|   0|    1|          0|
    |icmp_ln46_reg_8200         |   1|   0|    1|          0|
    |indvars_iv_i_reg_1628      |   4|   0|    4|          0|
    |k_0_i_reg_1640             |   3|   0|    3|          0|
    |k_reg_7885                 |   3|   0|    3|          0|
    |l0_grid_load_1_reg_7949    |  32|   0|   32|          0|
    |l0_grid_load_2_reg_7954    |  32|   0|   32|          0|
    |l0_grid_load_3_reg_7960    |  32|   0|   32|          0|
    |l0_grid_load_reg_7944      |  32|   0|   32|          0|
    |l0_weight_3_load_reg_8090  |  32|   0|   32|          0|
    |l0_weight_4_load_reg_8095  |  32|   0|   32|          0|
    |l0_weight_5_load_reg_8100  |  32|   0|   32|          0|
    |l0_weight_6_load_reg_8105  |  32|   0|   32|          0|
    |l0_weight_7_load_reg_8110  |  32|   0|   32|          0|
    |l0_weight_8_load_reg_8115  |  32|   0|   32|          0|
    |o1_0_reg_1662              |   7|   0|    7|          0|
    |o2_0_reg_1685              |   7|   0|    7|          0|
    |o_0_reg_1605               |   7|   0|    7|          0|
    |o_3_reg_8204               |   7|   0|    7|          0|
    |o_4_reg_8019               |   7|   0|    7|          0|
    |or_ln28_reg_7850           |   1|   0|    1|          0|
    |phi_mul_reg_1673           |  16|   0|   16|          0|
    |reg_2177                   |  32|   0|   32|          0|
    |reg_2184                   |  32|   0|   32|          0|
    |reg_2193                   |  32|   0|   32|          0|
    |reg_2200                   |  32|   0|   32|          0|
    |reg_2206                   |  32|   0|   32|          0|
    |reg_2213                   |  32|   0|   32|          0|
    |reg_2218                   |  32|   0|   32|          0|
    |ss_1_reg_8165              |  32|   0|   32|          0|
    |ss_2_reg_8170              |  32|   0|   32|          0|
    |ss_3_reg_8175              |  32|   0|   32|          0|
    |ss_5_reg_8180              |  32|   0|   32|          0|
    |ss_6_reg_8185              |  32|   0|   32|          0|
    |ss_7_reg_8190              |  32|   0|   32|          0|
    |t1_0_i_reg_1651            |   4|   0|    4|          0|
    |t_reg_7903                 |   4|   0|    4|          0|
    |tmp_16_reg_7980            |  32|   0|   32|          0|
    |tmp_24_reg_7965            |  32|   0|   32|          0|
    |tmp_25_reg_7970            |  32|   0|   32|          0|
    |tmp_26_reg_7975            |  32|   0|   32|          0|
    |tmp_29_reg_8155            |  32|   0|   32|          0|
    |tmp_34_2_reg_8125          |  32|   0|   32|          0|
    |tmp_34_3_reg_8130          |  32|   0|   32|          0|
    |tmp_34_4_reg_8135          |  32|   0|   32|          0|
    |tmp_34_5_reg_8140          |  32|   0|   32|          0|
    |tmp_34_6_reg_8145          |  32|   0|   32|          0|
    |tmp_34_7_reg_8150          |  32|   0|   32|          0|
    |tmp_68_reg_8209            |  32|   0|   32|          0|
    |tmp_69_reg_8214            |  32|   0|   32|          0|
    |trunc_ln41_reg_8064        |   6|   0|    6|          0|
    |x_reg_7833                 |  32|   0|   32|          0|
    |zext_ln26_reg_7872         |  10|   0|   16|          6|
    |zext_ln32_reg_7877         |   3|   0|    4|          1|
    |zext_ln38_3_reg_7890       |   3|   0|    4|          1|
    |icmp_ln33_reg_8015         |  64|  32|    1|          0|
    |icmp_ln46_reg_8200         |  64|  32|    1|          0|
    |o2_0_reg_1685              |  64|  32|    7|          0|
    |reg_2218                   |  64|  32|   32|          0|
    |tmp_34_2_reg_8125          |  64|  32|   32|          0|
    |tmp_34_3_reg_8130          |  64|  32|   32|          0|
    |tmp_34_4_reg_8135          |  64|  32|   32|          0|
    |tmp_34_5_reg_8140          |  64|  32|   32|          0|
    |tmp_34_6_reg_8145          |  64|  32|   32|          0|
    |tmp_34_7_reg_8150          |  64|  32|   32|          0|
    |trunc_ln41_reg_8064        |  64|  32|    6|          0|
    +---------------------------+----+----+-----+-----------+
    |Total                      |6434| 352| 5977|          8|
    +---------------------------+----+----+-----+-----------+



================================================================
== Interface
================================================================
* Summary: 
+----------------+-----+-----+------------+--------------+--------------+
|    RTL Ports   | Dir | Bits|  Protocol  | Source Object|    C Type    |
+----------------+-----+-----+------------+--------------+--------------+
|ap_clk          |  in |    1| ap_ctrl_hs |    layer0    | return value |
|ap_rst          |  in |    1| ap_ctrl_hs |    layer0    | return value |
|ap_start        |  in |    1| ap_ctrl_hs |    layer0    | return value |
|ap_done         | out |    1| ap_ctrl_hs |    layer0    | return value |
|ap_idle         | out |    1| ap_ctrl_hs |    layer0    | return value |
|ap_ready        | out |    1| ap_ctrl_hs |    layer0    | return value |
|in_r_address0   | out |   10|  ap_memory |     in_r     |     array    |
|in_r_ce0        | out |    1|  ap_memory |     in_r     |     array    |
|in_r_q0         |  in |   32|  ap_memory |     in_r     |     array    |
|out_r_address0  | out |    6|  ap_memory |     out_r    |     array    |
|out_r_ce0       | out |    1|  ap_memory |     out_r    |     array    |
|out_r_we0       | out |    1|  ap_memory |     out_r    |     array    |
|out_r_d0        | out |   32|  ap_memory |     out_r    |     array    |
+----------------+-----+-----+------------+--------------+--------------+

