

================================================================
== Vivado HLS Report for 'layer1'
================================================================
* Date:           Fri Jul  3 18:18:11 2026

* Version:        2019.1 (Build 2552052 on Fri May 24 15:28:33 MDT 2019)
* Project:        fp32
* Solution:       sol1
* Product family: zynquplus
* Target device:  xczu9eg-ffvb1156-2-e


================================================================
== Performance Estimates
================================================================
+ Timing (ns): 
    * Summary: 
    +--------+-------+----------+------------+
    |  Clock | Target| Estimated| Uncertainty|
    +--------+-------+----------+------------+
    |ap_clk  |   6.67|     5.779|        0.83|
    +--------+-------+----------+------------+

+ Latency (clock cycles): 
    * Summary: 
    +-------+-------+-------+-------+---------+
    |    Latency    |    Interval   | Pipeline|
    |  min  |  max  |  min  |  max  |   Type  |
    +-------+-------+-------+-------+---------+
    |  49564|  67420|  49564|  67420|   none  |
    +-------+-------+-------+-------+---------+

    + Detail: 
        * Instance: 
        N/A

        * Loop: 
        +-------------+-------+-------+------------+-----------+-----------+--------+----------+
        |             |    Latency    |  Iteration |  Initiation Interval  |  Trip  |          |
        |  Loop Name  |  min  |  max  |   Latency  |  achieved |   target  |  Count | Pipelined|
        +-------------+-------+-------+------------+-----------+-----------+--------+----------+
        |- INIT1      |     10|     10|           1|          1|          1|      10|    yes   |
        |- IN1        |  49536|  67392| 774 ~ 1053 |          -|          -|      64|    no    |
        | + BSPL_REC  |    657|    936|  219 ~ 312 |          -|          -|       3|    no    |
        |  ++ BSPL_T  |    217|    310|          31|          -|          -| 7 ~ 10 |    no    |
        | + OUT1      |     84|     84|          49|          4|          1|      10|    yes   |
        |- REQ1       |     13|     13|           5|          1|          1|      10|    yes   |
        +-------------+-------+-------+------------+-----------+-----------+--------+----------+



================================================================
== Utilization Estimates
================================================================
* Summary: 
+-----------------+---------+-------+--------+--------+-----+
|       Name      | BRAM_18K| DSP48E|   FF   |   LUT  | URAM|
+-----------------+---------+-------+--------+--------+-----+
|DSP              |        -|      -|       -|       -|    -|
|Expression       |        -|      -|       0|     981|    -|
|FIFO             |        -|      -|       -|       -|    -|
|Instance         |        -|     24|    2923|    4694|    -|
|Memory           |       20|      -|     128|       6|    0|
|Multiplexer      |        -|      -|       -|    1395|    -|
|Register         |        0|      -|    2786|     320|    -|
+-----------------+---------+-------+--------+--------+-----+
|Total            |       20|     24|    5837|    7396|    0|
+-----------------+---------+-------+--------+--------+-----+
|Available        |     1824|   2520|  548160|  274080|    0|
+-----------------+---------+-------+--------+--------+-----+
|Utilization (%)  |        1|   ~0  |       1|       2|    0|
+-----------------+---------+-------+--------+--------+-----+

+ Detail: 
    * Instance: 
    +--------------------------+----------------------+---------+-------+-----+-----+-----+
    |         Instance         |        Module        | BRAM_18K| DSP48E|  FF | LUT | URAM|
    +--------------------------+----------------------+---------+-------+-----+-----+-----+
    |kan_top_fadd_32nsdEe_U45  |kan_top_fadd_32nsdEe  |        0|      2|  205|  208|    0|
    |kan_top_fadd_32nseOg_U46  |kan_top_fadd_32nseOg  |        0|      0|  168|  434|    0|
    |kan_top_faddfsub_bkb_U42  |kan_top_faddfsub_bkb  |        0|      2|  205|  208|    0|
    |kan_top_faddfsub_bkb_U43  |kan_top_faddfsub_bkb  |        0|      2|  205|  208|    0|
    |kan_top_fcmp_32nshbi_U52  |kan_top_fcmp_32nshbi  |        0|      0|   66|   72|    0|
    |kan_top_fcmp_32nshbi_U53  |kan_top_fcmp_32nshbi  |        0|      0|   66|   72|    0|
    |kan_top_fcmp_32nshbi_U54  |kan_top_fcmp_32nshbi  |        0|      0|   66|   72|    0|
    |kan_top_fcmp_32nshbi_U55  |kan_top_fcmp_32nshbi  |        0|      0|   66|   72|    0|
    |kan_top_fdiv_32nsg8j_U50  |kan_top_fdiv_32nsg8j  |        0|      0|  459|  799|    0|
    |kan_top_fdiv_32nsg8j_U51  |kan_top_fdiv_32nsg8j  |        0|      0|  459|  799|    0|
    |kan_top_fexp_32nsibs_U56  |kan_top_fexp_32nsibs  |        0|      7|  324|  905|    0|
    |kan_top_fmul_32nsfYi_U47  |kan_top_fmul_32nsfYi  |        0|      3|  143|  139|    0|
    |kan_top_fmul_32nsfYi_U48  |kan_top_fmul_32nsfYi  |        0|      3|  143|  139|    0|
    |kan_top_fmul_32nsfYi_U49  |kan_top_fmul_32nsfYi  |        0|      3|  143|  139|    0|
    |kan_top_fsub_32nscud_U44  |kan_top_fsub_32nscud  |        0|      2|  205|  208|    0|
    |kan_top_mux_104_3kbM_U57  |kan_top_mux_104_3kbM  |        0|      0|    0|   55|    0|
    |kan_top_mux_104_3kbM_U58  |kan_top_mux_104_3kbM  |        0|      0|    0|   55|    0|
    |kan_top_mux_104_3kbM_U59  |kan_top_mux_104_3kbM  |        0|      0|    0|   55|    0|
    |kan_top_mux_104_3kbM_U60  |kan_top_mux_104_3kbM  |        0|      0|    0|   55|    0|
    +--------------------------+----------------------+---------+-------+-----+-----+-----+
    |Total                     |                      |        0|     24| 2923| 4694|    0|
    +--------------------------+----------------------+---------+-------+-----+-----+-----+

    * DSP48E: 
    N/A

    * Memory: 
    +---------------+--------------------+---------+-----+----+-----+------+-----+------+-------------+
    |     Memory    |       Module       | BRAM_18K|  FF | LUT| URAM| Words| Bits| Banks| W*Bits*Banks|
    +---------------+--------------------+---------+-----+----+-----+------+-----+------+-------------+
    |b_U            |layer0_b            |        2|    0|   0|    0|    11|   32|     1|          352|
    |l1_grid_U      |layer0_l0_grid      |        0|  128|   6|    0|    12|   32|     1|          384|
    |l1_weight_0_U  |layer1_l1_weight_0  |        2|    0|   0|    0|   640|   32|     1|        20480|
    |l1_weight_1_U  |layer1_l1_weight_1  |        2|    0|   0|    0|   640|   32|     1|        20480|
    |l1_weight_2_U  |layer1_l1_weight_2  |        2|    0|   0|    0|   640|   32|     1|        20480|
    |l1_weight_3_U  |layer1_l1_weight_3  |        2|    0|   0|    0|   640|   32|     1|        20480|
    |l1_weight_4_U  |layer1_l1_weight_4  |        2|    0|   0|    0|   640|   32|     1|        20480|
    |l1_weight_5_U  |layer1_l1_weight_5  |        2|    0|   0|    0|   640|   32|     1|        20480|
    |l1_weight_6_U  |layer1_l1_weight_6  |        2|    0|   0|    0|   640|   32|     1|        20480|
    |l1_weight_7_U  |layer1_l1_weight_7  |        2|    0|   0|    0|   640|   32|     1|        20480|
    |l1_weight_8_U  |layer1_l1_weight_8  |        2|    0|   0|    0|   640|   32|     1|        20480|
    +---------------+--------------------+---------+-----+----+-----+------+-----+------+-------------+
    |Total          |                    |       20|  128|   6|    0|  5783|  352|    11|       185056|
    +---------------+--------------------+---------+-----+----+-----+------+-----+------+-------------+

    * FIFO: 
    N/A

    * Expression: 
    +---------------------------+----------+-------+---+----+------------+------------+
    |       Variable Name       | Operation| DSP48E| FF| LUT| Bitwidth P0| Bitwidth P1|
    +---------------------------+----------+-------+---+----+------------+------------+
    |add_ln32_fu_1587_p2        |     +    |      0|  0|  12|           4|           2|
    |add_ln37_fu_1555_p2        |     +    |      0|  0|  12|           4|           4|
    |add_ln38_fu_1571_p2        |     +    |      0|  0|  12|           4|           4|
    |add_ln78_fu_1613_p2        |     +    |      0|  0|  17|          10|          10|
    |i_fu_1162_p2               |     +    |      0|  0|  15|           7|           1|
    |k_fu_1523_p2               |     +    |      0|  0|  11|           3|           1|
    |o_1_fu_1791_p2             |     +    |      0|  0|  12|           4|           1|
    |o_2_fu_1599_p2             |     +    |      0|  0|  12|           4|           1|
    |o_fu_970_p2                |     +    |      0|  0|  12|           4|           1|
    |t_fu_1549_p2               |     +    |      0|  0|  12|           4|           1|
    |and_ln28_10_fu_1347_p2     |    and   |      0|  0|   2|           1|           1|
    |and_ln28_11_fu_1352_p2     |    and   |      0|  0|   2|           1|           1|
    |and_ln28_12_fu_1374_p2     |    and   |      0|  0|   2|           1|           1|
    |and_ln28_13_fu_1379_p2     |    and   |      0|  0|   2|           1|           1|
    |and_ln28_14_fu_1401_p2     |    and   |      0|  0|   2|           1|           1|
    |and_ln28_15_fu_1406_p2     |    and   |      0|  0|   2|           1|           1|
    |and_ln28_16_fu_1428_p2     |    and   |      0|  0|   2|           1|           1|
    |and_ln28_17_fu_1433_p2     |    and   |      0|  0|   2|           1|           1|
    |and_ln28_18_fu_1455_p2     |    and   |      0|  0|   2|           1|           1|
    |and_ln28_19_fu_1460_p2     |    and   |      0|  0|   2|           1|           1|
    |and_ln28_1_fu_1214_p2      |    and   |      0|  0|   2|           1|           1|
    |and_ln28_20_fu_1486_p2     |    and   |      0|  0|   2|           1|           1|
    |and_ln28_21_fu_1491_p2     |    and   |      0|  0|   2|           1|           1|
    |and_ln28_2_fu_1237_p2      |    and   |      0|  0|   2|           1|           1|
    |and_ln28_3_fu_1243_p2      |    and   |      0|  0|   2|           1|           1|
    |and_ln28_4_fu_1266_p2      |    and   |      0|  0|   2|           1|           1|
    |and_ln28_5_fu_1271_p2      |    and   |      0|  0|   2|           1|           1|
    |and_ln28_6_fu_1293_p2      |    and   |      0|  0|   2|           1|           1|
    |and_ln28_7_fu_1298_p2      |    and   |      0|  0|   2|           1|           1|
    |and_ln28_8_fu_1320_p2      |    and   |      0|  0|   2|           1|           1|
    |and_ln28_9_fu_1325_p2      |    and   |      0|  0|   2|           1|           1|
    |and_ln28_fu_1208_p2        |    and   |      0|  0|   2|           1|           1|
    |icmp_ln28_1_fu_1196_p2     |   icmp   |      0|  0|  20|          23|           1|
    |icmp_ln28_fu_1190_p2       |   icmp   |      0|  0|  11|           8|           2|
    |icmp_ln32_fu_1517_p2       |   icmp   |      0|  0|   9|           3|           4|
    |icmp_ln36_fu_1543_p2       |   icmp   |      0|  0|   9|           4|           4|
    |icmp_ln59_fu_964_p2        |   icmp   |      0|  0|   9|           4|           4|
    |icmp_ln65_fu_1156_p2       |   icmp   |      0|  0|  11|           7|           8|
    |icmp_ln72_fu_1593_p2       |   icmp   |      0|  0|   9|           4|           4|
    |icmp_ln85_fu_1785_p2       |   icmp   |      0|  0|   9|           4|           4|
    |or_ln28_fu_1202_p2         |    or    |      0|  0|   2|           1|           1|
    |phitmp_i_0_fu_1220_p3      |  select  |      0|  0|  30|           1|          30|
    |phitmp_i_10_fu_1496_p3     |  select  |      0|  0|  30|           1|          30|
    |phitmp_i_1_fu_1249_p3      |  select  |      0|  0|  30|           1|          30|
    |phitmp_i_2_fu_1276_p3      |  select  |      0|  0|  30|           1|          30|
    |phitmp_i_3_fu_1303_p3      |  select  |      0|  0|  30|           1|          30|
    |phitmp_i_4_fu_1330_p3      |  select  |      0|  0|  30|           1|          30|
    |phitmp_i_5_fu_1357_p3      |  select  |      0|  0|  30|           1|          30|
    |phitmp_i_6_fu_1384_p3      |  select  |      0|  0|  30|           1|          30|
    |phitmp_i_7_fu_1411_p3      |  select  |      0|  0|  30|           1|          30|
    |phitmp_i_8_fu_1438_p3      |  select  |      0|  0|  30|           1|          30|
    |phitmp_i_9_fu_1465_p3      |  select  |      0|  0|  30|           1|          30|
    |select_ln28_10_fu_1504_p3  |  select  |      0|  0|  32|           1|          32|
    |select_ln28_1_fu_1257_p3   |  select  |      0|  0|  32|           1|          32|
    |select_ln28_2_fu_1284_p3   |  select  |      0|  0|  32|           1|          32|
    |select_ln28_3_fu_1311_p3   |  select  |      0|  0|  32|           1|          32|
    |select_ln28_4_fu_1338_p3   |  select  |      0|  0|  32|           1|          32|
    |select_ln28_5_fu_1365_p3   |  select  |      0|  0|  32|           1|          32|
    |select_ln28_6_fu_1392_p3   |  select  |      0|  0|  32|           1|          32|
    |select_ln28_7_fu_1419_p3   |  select  |      0|  0|  32|           1|          32|
    |select_ln28_8_fu_1446_p3   |  select  |      0|  0|  32|           1|          32|
    |select_ln28_9_fu_1473_p3   |  select  |      0|  0|  32|           1|          32|
    |select_ln28_fu_1228_p3     |  select  |      0|  0|  32|           1|          32|
    |ap_enable_pp1              |    xor   |      0|  0|   2|           1|           2|
    |ap_enable_pp2              |    xor   |      0|  0|   2|           1|           2|
    |ap_enable_reg_pp2_iter1    |    xor   |      0|  0|   2|           2|           1|
    |xor_ln18_fu_1533_p2        |    xor   |      0|  0|  33|          32|          33|
    +---------------------------+----------+-------+---+----+------------+------------+
    |Total                      |          |      0|  0| 981|         186|         800|
    +---------------------------+----------+-------+---+----+------------+------------+

    * Multiplexer: 
    +-------------------------------+-----+-----------+-----+-----------+
    |              Name             | LUT | Input Size| Bits| Total Bits|
    +-------------------------------+-----+-----------+-----+-----------+
    |acc_b_9_1_fu_294               |    9|          2|   32|         64|
    |acc_b_9_2_fu_326               |    9|          2|   32|         64|
    |acc_b_9_3_fu_298               |    9|          2|   32|         64|
    |acc_b_9_4_fu_302               |    9|          2|   32|         64|
    |acc_b_9_5_fu_306               |    9|          2|   32|         64|
    |acc_b_9_6_fu_310               |    9|          2|   32|         64|
    |acc_b_9_7_fu_314               |    9|          2|   32|         64|
    |acc_b_9_8_fu_318               |    9|          2|   32|         64|
    |acc_b_9_9_fu_322               |    9|          2|   32|         64|
    |acc_b_9_fu_290                 |    9|          2|   32|         64|
    |acc_s_9_1_fu_254               |    9|          2|   32|         64|
    |acc_s_9_2_fu_286               |    9|          2|   32|         64|
    |acc_s_9_3_fu_258               |    9|          2|   32|         64|
    |acc_s_9_4_fu_262               |    9|          2|   32|         64|
    |acc_s_9_5_fu_266               |    9|          2|   32|         64|
    |acc_s_9_6_fu_270               |    9|          2|   32|         64|
    |acc_s_9_7_fu_274               |    9|          2|   32|         64|
    |acc_s_9_8_fu_278               |    9|          2|   32|         64|
    |acc_s_9_9_fu_282               |    9|          2|   32|         64|
    |acc_s_9_fu_250                 |    9|          2|   32|         64|
    |ap_NS_fsm                      |  325|         73|    1|         73|
    |ap_enable_reg_pp1_iter12       |    9|          2|    1|          2|
    |ap_enable_reg_pp2_iter1        |    9|          2|    1|          2|
    |ap_enable_reg_pp2_iter4        |    9|          2|    1|          2|
    |ap_phi_mux_o1_0_phi_fu_682_p4  |    9|          2|    4|          8|
    |ap_phi_mux_o2_0_phi_fu_694_p4  |    9|          2|    4|          8|
    |b_address0                     |   41|          8|    4|         32|
    |b_address1                     |   41|          8|    4|         32|
    |b_d0                           |   38|          7|   32|        224|
    |b_d1                           |   38|          7|   32|        224|
    |grp_fu_702_opcode              |   15|          3|    2|          6|
    |grp_fu_702_p0                  |   44|          9|   32|        288|
    |grp_fu_702_p1                  |   44|          9|   32|        288|
    |grp_fu_706_opcode              |   15|          3|    2|          6|
    |grp_fu_706_p0                  |   38|          7|   32|        224|
    |grp_fu_706_p1                  |   38|          7|   32|        224|
    |grp_fu_723_p0                  |   15|          3|   32|         96|
    |grp_fu_723_p1                  |   15|          3|   32|         96|
    |grp_fu_728_p0                  |   27|          5|   32|        160|
    |grp_fu_728_p1                  |   27|          5|   32|        160|
    |grp_fu_733_p0                  |   27|          5|   32|        160|
    |grp_fu_733_p1                  |   27|          5|   32|        160|
    |grp_fu_739_p0                  |   21|          4|   32|        128|
    |grp_fu_739_p1                  |   21|          4|   32|        128|
    |grp_fu_744_p0                  |   15|          3|   32|         96|
    |grp_fu_744_p1                  |   15|          3|   32|         96|
    |grp_fu_752_p0                  |   15|          3|   32|         96|
    |grp_fu_752_p1                  |   38|          7|   32|        224|
    |grp_fu_758_p0                  |   15|          3|   32|         96|
    |grp_fu_758_p1                  |   38|          7|   32|        224|
    |grp_fu_764_p0                  |   15|          3|   32|         96|
    |grp_fu_764_p1                  |   33|          6|   32|        192|
    |grp_fu_770_p0                  |   15|          3|   32|         96|
    |grp_fu_770_p1                  |   33|          6|   32|        192|
    |i_0_reg_632                    |    9|          2|    7|         14|
    |indvars_iv_i_reg_644           |    9|          2|    4|          8|
    |k_0_i_reg_656                  |    9|          2|    3|          6|
    |o1_0_reg_678                   |    9|          2|    4|          8|
    |o2_0_reg_690                   |    9|          2|    4|          8|
    |o_0_reg_621                    |    9|          2|    4|          8|
    |reg_859                        |    9|          2|   32|         64|
    |reg_887                        |    9|          2|   32|         64|
    |t1_0_i_reg_667                 |    9|          2|    4|          8|
    +-------------------------------+-----+-----------+-----+-----------+
    |Total                          | 1395|        287| 1526|       5607|
    +-------------------------------+-----+-----------+-----+-----------+

    * Register: 
    +---------------------------+----+----+-----+-----------+
    |            Name           | FF | LUT| Bits| Const Bits|
    +---------------------------+----+----+-----+-----------+
    |acc_b_9_1_fu_294           |  32|   0|   32|          0|
    |acc_b_9_2_fu_326           |  32|   0|   32|          0|
    |acc_b_9_3_fu_298           |  32|   0|   32|          0|
    |acc_b_9_4_fu_302           |  32|   0|   32|          0|
    |acc_b_9_5_fu_306           |  32|   0|   32|          0|
    |acc_b_9_6_fu_310           |  32|   0|   32|          0|
    |acc_b_9_7_fu_314           |  32|   0|   32|          0|
    |acc_b_9_8_fu_318           |  32|   0|   32|          0|
    |acc_b_9_9_fu_322           |  32|   0|   32|          0|
    |acc_b_9_fu_290             |  32|   0|   32|          0|
    |acc_s_9_1_fu_254           |  32|   0|   32|          0|
    |acc_s_9_2_fu_286           |  32|   0|   32|          0|
    |acc_s_9_3_fu_258           |  32|   0|   32|          0|
    |acc_s_9_4_fu_262           |  32|   0|   32|          0|
    |acc_s_9_5_fu_266           |  32|   0|   32|          0|
    |acc_s_9_6_fu_270           |  32|   0|   32|          0|
    |acc_s_9_7_fu_274           |  32|   0|   32|          0|
    |acc_s_9_8_fu_278           |  32|   0|   32|          0|
    |acc_s_9_9_fu_282           |  32|   0|   32|          0|
    |acc_s_9_fu_250             |  32|   0|   32|          0|
    |ap_CS_fsm                  |  72|   0|   72|          0|
    |ap_enable_reg_pp1_iter0    |   1|   0|    1|          0|
    |ap_enable_reg_pp1_iter1    |   1|   0|    1|          0|
    |ap_enable_reg_pp1_iter10   |   1|   0|    1|          0|
    |ap_enable_reg_pp1_iter11   |   1|   0|    1|          0|
    |ap_enable_reg_pp1_iter12   |   1|   0|    1|          0|
    |ap_enable_reg_pp1_iter2    |   1|   0|    1|          0|
    |ap_enable_reg_pp1_iter3    |   1|   0|    1|          0|
    |ap_enable_reg_pp1_iter4    |   1|   0|    1|          0|
    |ap_enable_reg_pp1_iter5    |   1|   0|    1|          0|
    |ap_enable_reg_pp1_iter6    |   1|   0|    1|          0|
    |ap_enable_reg_pp1_iter7    |   1|   0|    1|          0|
    |ap_enable_reg_pp1_iter8    |   1|   0|    1|          0|
    |ap_enable_reg_pp1_iter9    |   1|   0|    1|          0|
    |ap_enable_reg_pp2_iter0    |   1|   0|    1|          0|
    |ap_enable_reg_pp2_iter1    |   1|   0|    1|          0|
    |ap_enable_reg_pp2_iter2    |   1|   0|    1|          0|
    |ap_enable_reg_pp2_iter3    |   1|   0|    1|          0|
    |ap_enable_reg_pp2_iter4    |   1|   0|    1|          0|
    |b_addr_11_reg_2388         |   4|   0|    4|          0|
    |b_load_2_reg_2445          |  32|   0|   32|          0|
    |b_load_3_reg_2450          |  32|   0|   32|          0|
    |b_load_4_reg_2455          |  32|   0|   32|          0|
    |b_load_5_reg_2460          |  32|   0|   32|          0|
    |b_load_6_reg_2465          |  32|   0|   32|          0|
    |b_load_7_reg_2470          |  32|   0|   32|          0|
    |bitcast_ln28_reg_2305      |  32|   0|   32|          0|
    |i_0_reg_632                |   7|   0|    7|          0|
    |i_reg_2283                 |   7|   0|    7|          0|
    |icmp_ln72_reg_2475         |   1|   0|    1|          0|
    |icmp_ln85_reg_2649         |   1|   0|    1|          0|
    |indvars_iv_i_reg_644       |   4|   0|    4|          0|
    |k_0_i_reg_656              |   3|   0|    3|          0|
    |k_reg_2345                 |   3|   0|    3|          0|
    |l1_grid_load_1_reg_2409    |  32|   0|   32|          0|
    |l1_grid_load_2_reg_2414    |  32|   0|   32|          0|
    |l1_grid_load_3_reg_2420    |  32|   0|   32|          0|
    |l1_grid_load_reg_2404      |  32|   0|   32|          0|
    |l1_weight_3_load_reg_2544  |  32|   0|   32|          0|
    |l1_weight_4_load_reg_2549  |  32|   0|   32|          0|
    |l1_weight_5_load_reg_2554  |  32|   0|   32|          0|
    |l1_weight_6_load_reg_2559  |  32|   0|   32|          0|
    |l1_weight_7_load_reg_2564  |  32|   0|   32|          0|
    |l1_weight_8_load_reg_2569  |  32|   0|   32|          0|
    |o1_0_reg_678               |   4|   0|    4|          0|
    |o2_0_reg_690               |   4|   0|    4|          0|
    |o_0_reg_621                |   4|   0|    4|          0|
    |o_1_reg_2653               |   4|   0|    4|          0|
    |o_2_reg_2479               |   4|   0|    4|          0|
    |or_ln28_reg_2310           |   1|   0|    1|          0|
    |reg_859                    |  32|   0|   32|          0|
    |reg_866                    |  32|   0|   32|          0|
    |reg_874                    |  32|   0|   32|          0|
    |reg_881                    |  32|   0|   32|          0|
    |reg_887                    |  32|   0|   32|          0|
    |reg_894                    |  32|   0|   32|          0|
    |reg_899                    |  32|   0|   32|          0|
    |ss_1_reg_2614              |  32|   0|   32|          0|
    |ss_2_reg_2619              |  32|   0|   32|          0|
    |ss_3_reg_2624              |  32|   0|   32|          0|
    |ss_5_reg_2629              |  32|   0|   32|          0|
    |ss_6_reg_2634              |  32|   0|   32|          0|
    |ss_7_reg_2639              |  32|   0|   32|          0|
    |t1_0_i_reg_667             |   4|   0|    4|          0|
    |t_reg_2363                 |   4|   0|    4|          0|
    |tmp_10_reg_2430            |  32|   0|   32|          0|
    |tmp_11_reg_2435            |  32|   0|   32|          0|
    |tmp_14_reg_2604            |  32|   0|   32|          0|
    |tmp_17_2_reg_2574          |  32|   0|   32|          0|
    |tmp_17_3_reg_2579          |  32|   0|   32|          0|
    |tmp_17_4_reg_2584          |  32|   0|   32|          0|
    |tmp_17_5_reg_2589          |  32|   0|   32|          0|
    |tmp_17_6_reg_2594          |  32|   0|   32|          0|
    |tmp_17_7_reg_2599          |  32|   0|   32|          0|
    |tmp_4_reg_2440             |  32|   0|   32|          0|
    |tmp_6_reg_2425             |  32|   0|   32|          0|
    |x_reg_2293                 |  32|   0|   32|          0|
    |zext_ln32_reg_2337         |   3|   0|    4|          1|
    |zext_ln38_2_reg_2350       |   3|   0|    4|          1|
    |zext_ln65_reg_2332         |   7|   0|   10|          3|
    |icmp_ln85_reg_2649         |  64|  32|    1|          0|
    |o1_0_reg_678               |  64|  32|    4|          0|
    |o2_0_reg_690               |  64|  32|    4|          0|
    |reg_899                    |  64|  32|   32|          0|
    |tmp_17_2_reg_2574          |  64|  32|   32|          0|
    |tmp_17_3_reg_2579          |  64|  32|   32|          0|
    |tmp_17_4_reg_2584          |  64|  32|   32|          0|
    |tmp_17_5_reg_2589          |  64|  32|   32|          0|
    |tmp_17_6_reg_2594          |  64|  32|   32|          0|
    |tmp_17_7_reg_2599          |  64|  32|   32|          0|
    +---------------------------+----+----+-----+-----------+
    |Total                      |2786| 320| 2384|          5|
    +---------------------------+----+----+-----+-----------+



================================================================
== Interface
================================================================
* Summary: 
+----------------+-----+-----+------------+--------------+--------------+
|    RTL Ports   | Dir | Bits|  Protocol  | Source Object|    C Type    |
+----------------+-----+-----+------------+--------------+--------------+
|ap_clk          |  in |    1| ap_ctrl_hs |    layer1    | return value |
|ap_rst          |  in |    1| ap_ctrl_hs |    layer1    | return value |
|ap_start        |  in |    1| ap_ctrl_hs |    layer1    | return value |
|ap_done         | out |    1| ap_ctrl_hs |    layer1    | return value |
|ap_idle         | out |    1| ap_ctrl_hs |    layer1    | return value |
|ap_ready        | out |    1| ap_ctrl_hs |    layer1    | return value |
|in_r_address0   | out |    6|  ap_memory |     in_r     |     array    |
|in_r_ce0        | out |    1|  ap_memory |     in_r     |     array    |
|in_r_q0         |  in |   32|  ap_memory |     in_r     |     array    |
|out_r_address0  | out |    4|  ap_memory |     out_r    |     array    |
|out_r_ce0       | out |    1|  ap_memory |     out_r    |     array    |
|out_r_we0       | out |    1|  ap_memory |     out_r    |     array    |
|out_r_d0        | out |   32|  ap_memory |     out_r    |     array    |
+----------------+-----+-----+------------+--------------+--------------+

