

================================================================
== Vivado HLS Report for 'conv_stage_1'
================================================================
* Date:           Thu Jul  9 20:00:47 2026

* Version:        2019.1 (Build 2552052 on Fri May 24 15:28:33 MDT 2019)
* Project:        kagnconv_lsq_w4a4
* Solution:       sol1
* Product family: zynquplus
* Target device:  xczu9eg-ffvb1156-2-e


================================================================
== Performance Estimates
================================================================
+ Timing (ns): 
    * Summary: 
    +--------+-------+----------+------------+
    |  Clock | Target| Estimated| Uncertainty|
    +--------+-------+----------+------------+
    |ap_clk  |   6.67|     6.368|        0.83|
    +--------+-------+----------+------------+

+ Latency (clock cycles): 
    * Summary: 
    +-------+-------+-------+-------+---------+
    |    Latency    |    Interval   | Pipeline|
    |  min  |  max  |  min  |  max  |   Type  |
    +-------+-------+-------+-------+---------+
    |  52294|  52294|  52294|  52294|   none  |
    +-------+-------+-------+-------+---------+

    + Detail: 
        * Instance: 
        +--------------------------------+--------------------+-----+-----+-----+-----+---------+
        |                                |                    |  Latency  |  Interval | Pipeline|
        |            Instance            |       Module       | min | max | min | max |   Type  |
        +--------------------------------+--------------------+-----+-----+-----+-----+---------+
        |grp_int_instnorm_196_s_fu_5251  |int_instnorm_196_s  |  699|  699|  699|  699|   none  |
        +--------------------------------+--------------------+-----+-----+-----+-----+---------+

        * Loop: 
        +-----------------+-------+-------+----------+-----------+-----------+------+----------+
        |                 |    Latency    | Iteration|  Initiation Interval  | Trip |          |
        |    Loop Name    |  min  |  max  |  Latency |  achieved |   target  | Count| Pipelined|
        +-----------------+-------+-------+----------+-----------+-----------+------+----------+
        |- CONV_Y_CONV_X  |  37828|  37828|       193|          -|          -|   196|    no    |
        | + INIT          |     16|     16|         1|          1|          1|    16|    yes   |
        | + TAP_K_O_LOOP  |    154|    154|        12|          1|          1|   144|    yes   |
        | + REQ           |     16|     16|         2|          1|          1|    16|    yes   |
        |- NORM_O         |  14464|  14464|       904|          -|          -|    16|    no    |
        | + ACT_P         |    200|    200|         6|          1|          1|   196|    yes   |
        +-----------------+-------+-------+----------+-----------+-----------+------+----------+



================================================================
== Utilization Estimates
================================================================
* Summary: 
+-----------------+---------+-------+--------+--------+-----+
|       Name      | BRAM_18K| DSP48E|   FF   |   LUT  | URAM|
+-----------------+---------+-------+--------+--------+-----+
|DSP              |        -|      5|       -|       -|    -|
|Expression       |        -|     10|       0|    1614|    -|
|FIFO             |        -|      -|       -|       -|    -|
|Instance         |        4|     14|   18815|   15719|    0|
|Memory           |       10|      -|     140|      39|    0|
|Multiplexer      |        -|      -|       -|    2210|    -|
|Register         |        0|      -|    4641|     288|    -|
+-----------------+---------+-------+--------+--------+-----+
|Total            |       14|     29|   23596|   19870|    0|
+-----------------+---------+-------+--------+--------+-----+
|Available        |     1824|   2520|  548160|  274080|    0|
+-----------------+---------+-------+--------+--------+-----+
|Utilization (%)  |    ~0   |      1|       4|       7|    0|
+-----------------+---------+-------+--------+--------+-----+

+ Detail: 
    * Instance: 
    +--------------------------------+----------------------+---------+-------+-------+-------+-----+
    |            Instance            |        Module        | BRAM_18K| DSP48E|   FF  |  LUT  | URAM|
    +--------------------------------+----------------------+---------+-------+-------+-------+-----+
    |grp_int_instnorm_196_s_fu_5251  |int_instnorm_196_s    |        4|     14|  18679|  15437|    0|
    |kan_top_mux_164_3rcU_U16        |kan_top_mux_164_3rcU  |        0|      0|      0|     55|    0|
    |kan_top_mux_164_3rcU_U17        |kan_top_mux_164_3rcU  |        0|      0|      0|     55|    0|
    |kan_top_mux_164_3rcU_U18        |kan_top_mux_164_3rcU  |        0|      0|      0|     55|    0|
    |kan_top_mux_164_3rcU_U19        |kan_top_mux_164_3rcU  |        0|      0|      0|     55|    0|
    |kan_top_urem_4ns_qcK_U14        |kan_top_urem_4ns_qcK  |        0|      0|     68|     31|    0|
    |kan_top_urem_4ns_qcK_U15        |kan_top_urem_4ns_qcK  |        0|      0|     68|     31|    0|
    +--------------------------------+----------------------+---------+-------+-------+-------+-----+
    |Total                           |                      |        4|     14|  18815|  15719|    0|
    +--------------------------------+----------------------+---------+-------+-------+-------+-----+

    * DSP48E: 
    +--------------------------+----------------------+---------------------+
    |         Instance         |        Module        |      Expression     |
    +--------------------------+----------------------+---------------------+
    |kan_top_ama_submuwdI_U24  |kan_top_ama_submuwdI  | i0 * (i1 - i2) + i3 |
    |kan_top_mac_muladsc4_U20  |kan_top_mac_muladsc4  |     i0 * i1 + i2    |
    |kan_top_mac_muladtde_U21  |kan_top_mac_muladtde  |     i0 * i1 + i2    |
    |kan_top_mac_muladudo_U22  |kan_top_mac_muladudo  |     i0 + i1 * i2    |
    |kan_top_mac_muladvdy_U23  |kan_top_mac_muladvdy  |     i0 + i1 * i2    |
    +--------------------------+----------------------+---------------------+

    * Memory: 
    +----------------+----------------------+---------+----+----+-----+------+-----+------+-------------+
    |     Memory     |        Module        | BRAM_18K| FF | LUT| URAM| Words| Bits| Banks| W*Bits*Banks|
    +----------------+----------------------+---------+----+----+-----+------+-----+------+-------------+
    |c1_base_pk_U    |conv_stage_1_c1_blbW  |        0|  32|   9|    0|    18|   32|     1|          576|
    |c1_beta_q_U     |conv_stage_1_c1_bncg  |        0|  22|   6|    0|    16|   22|     1|          352|
    |c1_gamma_q_V_U  |conv_stage_1_c1_gmb6  |        0|  13|   4|    0|    16|   13|     1|          208|
    |c1_lut_b_V_0_U  |conv_stage_1_c1_lfYi  |        0|  15|   4|    0|    16|   15|     1|          240|
    |c1_lut_b_V_1_U  |conv_stage_1_c1_lg8j  |        0|  15|   4|    0|    16|   15|     1|          240|
    |c1_lut_b_V_2_U  |conv_stage_1_c1_lhbi  |        0|  15|   4|    0|    16|   15|     1|          240|
    |c1_lut_b_V_3_U  |conv_stage_1_c1_libs  |        0|  15|   4|    0|    16|   15|     1|          240|
    |c1_lut_s_V_U    |conv_stage_1_c1_ljbC  |        0|  13|   4|    0|    16|   13|     1|          208|
    |c1_poly_pk_U    |conv_stage_1_c1_pkbM  |        1|   0|   0|    0|   144|   16|     1|         2304|
    |silu_tab_V_U    |conv_stage_1_siluocq  |        1|   0|   0|    0|   257|   14|     1|         3598|
    |v_map_V_U       |conv_stage_1_v_mapcA  |        7|   0|   0|    0|  3136|   28|     1|        87808|
    |yb_U            |conv_stage_1_yb       |        1|   0|   0|    0|   196|   32|     1|         6272|
    +----------------+----------------------+---------+----+----+-----+------+-----+------+-------------+
    |Total           |                      |       10| 140|  39|    0|  3863|  230|    12|       102286|
    +----------------+----------------------+---------+----+----+-----+------+-----+------+-------------+

    * FIFO: 
    N/A

    * Expression: 
    +---------------------------+----------+-------+---+----+------------+------------+
    |       Variable Name       | Operation| DSP48E| FF| LUT| Bitwidth P0| Bitwidth P1|
    +---------------------------+----------+-------+---+----+------------+------------+
    |grp_fu_6719_p2             |     *    |      0|  0|   5|          15|           4|
    |mul_ln1353_fu_6603_p2      |     *    |      2|  0|  25|          16|          31|
    |mul_ln42_1_fu_5658_p2      |     *    |      0|  0|  17|           5|           4|
    |mul_ln42_fu_5410_p2        |     *    |      0|  0|  17|           4|           5|
    |mul_ln68_4_fu_6295_p2      |     *    |      4|  0|  20|          31|          32|
    |mul_ln68_fu_6243_p2        |     *    |      4|  0|  20|          28|          32|
    |acc_s_0_V_fu_6157_p2       |     +    |      0|  0|  39|          32|          32|
    |add_ln118_fu_6551_p2       |     +    |      0|  0|  16|           9|           1|
    |add_ln160_fu_6594_p2       |     +    |      0|  0|  23|          16|          16|
    |add_ln180_1_fu_6480_p2     |     +    |      0|  0|  21|          13|          13|
    |add_ln180_2_fu_6192_p2     |     +    |      0|  0|  20|          13|          13|
    |add_ln180_3_fu_6186_p2     |     +    |      0|  0|  19|           8|          12|
    |add_ln180_fu_6445_p2       |     +    |      0|  0|  18|          11|          11|
    |add_ln215_1_fu_5785_p2     |     +    |      0|  0|  21|          11|          11|
    |add_ln215_fu_5644_p2       |     +    |      0|  0|  21|          11|          11|
    |add_ln29_fu_5299_p2        |     +    |      0|  0|  15|           8|           1|
    |add_ln41_1_fu_5438_p2      |     +    |      0|  0|  15|           8|           1|
    |add_ln41_fu_5444_p2        |     +    |      0|  0|  12|           1|           4|
    |add_ln43_1_fu_5575_p2      |     +    |      0|  0|  15|           6|           2|
    |add_ln43_2_fu_5707_p2      |     +    |      0|  0|  15|           5|           5|
    |add_ln43_3_fu_5716_p2      |     +    |      0|  0|  15|           2|           6|
    |add_ln43_fu_5566_p2        |     +    |      0|  0|  15|           5|           5|
    |add_ln44_1_fu_5590_p2      |     +    |      0|  0|  15|           6|           2|
    |add_ln44_2_fu_5722_p2      |     +    |      0|  0|  15|           5|           5|
    |add_ln44_3_fu_5731_p2      |     +    |      0|  0|  15|           2|           6|
    |add_ln44_fu_5581_p2        |     +    |      0|  0|  15|           5|           5|
    |add_ln56_fu_5500_p2        |     +    |      0|  0|  15|           5|           1|
    |add_ln58_1_fu_5889_p2      |     +    |      0|  0|  21|          10|          10|
    |add_ln58_fu_5816_p2        |     +    |      0|  0|  21|           7|           7|
    |add_ln61_1_fu_5520_p2      |     +    |      0|  0|  12|           4|           4|
    |add_ln61_fu_5529_p2        |     +    |      0|  0|  15|           5|           5|
    |add_ln78_fu_6162_p2        |     +    |      0|  0|  16|           9|           9|
    |add_ln88_1_fu_6396_p2      |     +    |      0|  0|  15|           8|           1|
    |add_ln91_fu_6425_p2        |     +    |      0|  0|  23|          16|           9|
    |o_6_fu_5389_p2             |     +    |      0|  0|  15|           5|           1|
    |o_7_fu_6180_p2             |     +    |      0|  0|  15|           5|           1|
    |o_fu_6338_p2               |     +    |      0|  0|  15|           5|           1|
    |p_fu_6390_p2               |     +    |      0|  0|  15|           8|           1|
    |ret_V_1_fu_6307_p2         |     +    |      0|  0|  21|          35|          63|
    |ret_V_fu_6609_p2           |     +    |      0|  0|  53|          46|          38|
    |t2_V_fu_6301_p2            |     +    |      0|  0|  21|          63|          63|
    |x_fu_6327_p2               |     +    |      0|  0|  12|           4|           1|
    |y_fu_5305_p2               |     +    |      0|  0|  12|           4|           1|
    |sub_ln180_1_fu_6474_p2     |     -    |      0|  0|  21|          13|          13|
    |sub_ln180_fu_6374_p2       |     -    |      0|  0|  17|          10|          10|
    |sub_ln215_1_fu_5779_p2     |     -    |      0|  0|  21|          11|          11|
    |sub_ln215_fu_5638_p2       |     -    |      0|  0|  21|          11|          11|
    |sub_ln58_1_fu_5883_p2      |     -    |      0|  0|  21|          10|          10|
    |sub_ln58_fu_5810_p2        |     -    |      0|  0|  21|           7|           7|
    |sub_ln78_1_fu_5357_p2      |     -    |      0|  0|  16|           9|           9|
    |sub_ln78_fu_5287_p2        |     -    |      0|  0|  16|           9|           9|
    |and_ln45_1_fu_5749_p2      |    and   |      0|  0|   2|           1|           1|
    |and_ln45_fu_5608_p2        |    and   |      0|  0|   2|           1|           1|
    |ap_condition_466           |    and   |      0|  0|   2|           1|           1|
    |icmp_ln113_fu_6486_p2      |   icmp   |      0|  0|  20|          32|          17|
    |icmp_ln114_fu_6510_p2      |   icmp   |      0|  0|  20|          17|           1|
    |icmp_ln29_fu_5293_p2       |   icmp   |      0|  0|  11|           8|           7|
    |icmp_ln31_fu_5311_p2       |   icmp   |      0|  0|   9|           4|           3|
    |icmp_ln33_fu_5383_p2       |   icmp   |      0|  0|  11|           5|           6|
    |icmp_ln41_fu_5432_p2       |   icmp   |      0|  0|  11|           8|           8|
    |icmp_ln45_1_fu_5602_p2     |   icmp   |      0|  0|  11|           5|           1|
    |icmp_ln45_2_fu_5737_p2     |   icmp   |      0|  0|  11|           5|           1|
    |icmp_ln45_3_fu_5743_p2     |   icmp   |      0|  0|  11|           5|           1|
    |icmp_ln45_fu_5596_p2       |   icmp   |      0|  0|  11|           5|           1|
    |icmp_ln56_fu_5450_p2       |   icmp   |      0|  0|  11|           5|           6|
    |icmp_ln74_fu_6174_p2       |   icmp   |      0|  0|  11|           5|           6|
    |icmp_ln84_fu_6332_p2       |   icmp   |      0|  0|  11|           5|           6|
    |icmp_ln887_fu_6659_p2      |   icmp   |      0|  0|  13|           9|           5|
    |icmp_ln88_1_fu_6402_p2     |   icmp   |      0|  0|  11|           8|           4|
    |icmp_ln88_fu_6384_p2       |   icmp   |      0|  0|  11|           8|           7|
    |icmp_ln895_fu_6639_p2      |   icmp   |      0|  0|  11|           6|           1|
    |lshr_ln52_fu_5549_p2       |   lshr   |      0|  0|  97|          32|          32|
    |b_1_V_fu_5911_p3           |  select  |      0|  0|  15|           1|          15|
    |fout_V_d0                  |  select  |      0|  0|   5|           1|           5|
    |select_ln113_fu_6492_p3    |  select  |      0|  0|  32|           1|          17|
    |select_ln127_fu_6652_p3    |  select  |      0|  0|   9|           1|           3|
    |select_ln29_1_fu_5333_p3   |  select  |      0|  0|   5|           1|           5|
    |select_ln29_2_fu_5363_p3   |  select  |      0|  0|   9|           1|           9|
    |select_ln29_3_fu_5371_p3   |  select  |      0|  0|   4|           1|           4|
    |select_ln29_fu_5317_p3     |  select  |      0|  0|   4|           1|           1|
    |select_ln41_fu_5470_p3     |  select  |      0|  0|   4|           1|           4|
    |select_ln42_1_fu_5674_p3   |  select  |      0|  0|   4|           1|           4|
    |select_ln42_2_fu_5696_p3   |  select  |      0|  0|   2|           1|           2|
    |select_ln42_3_fu_5960_p3   |  select  |      0|  0|  13|           1|          13|
    |select_ln42_4_fu_5978_p3   |  select  |      0|  0|  15|           1|          15|
    |select_ln42_5_fu_5992_p3   |  select  |      0|  0|  15|           1|          15|
    |select_ln42_6_fu_5999_p3   |  select  |      0|  0|  15|           1|          15|
    |select_ln42_7_fu_6006_p3   |  select  |      0|  0|  15|           1|          15|
    |select_ln42_fu_5456_p3     |  select  |      0|  0|   5|           1|           1|
    |select_ln45_10_fu_5971_p3  |  select  |      0|  0|  15|           1|          15|
    |select_ln45_11_fu_5985_p3  |  select  |      0|  0|  15|           1|          15|
    |select_ln45_1_fu_5904_p3   |  select  |      0|  0|  15|           1|          15|
    |select_ln45_3_fu_5918_p3   |  select  |      0|  0|  15|           1|          15|
    |select_ln45_4_fu_5925_p3   |  select  |      0|  0|  15|           1|          15|
    |select_ln45_5_fu_5932_p3   |  select  |      0|  0|  13|           1|          13|
    |select_ln45_6_fu_5853_p3   |  select  |      0|  0|   4|           1|           4|
    |select_ln45_7_fu_5939_p3   |  select  |      0|  0|  15|           1|          15|
    |select_ln45_8_fu_5946_p3   |  select  |      0|  0|  15|           1|          15|
    |select_ln45_9_fu_5953_p3   |  select  |      0|  0|  13|           1|          13|
    |select_ln45_fu_5828_p3     |  select  |      0|  0|   4|           1|           4|
    |select_ln88_fu_6408_p3     |  select  |      0|  0|   8|           1|           8|
    |u_fu_6526_p3               |  select  |      0|  0|  16|           1|           2|
    |ap_enable_pp1              |    xor   |      0|  0|   2|           1|           2|
    |ap_enable_pp2              |    xor   |      0|  0|   2|           1|           2|
    |ap_enable_pp3              |    xor   |      0|  0|   2|           1|           2|
    |ap_enable_reg_pp2_iter1    |    xor   |      0|  0|   2|           2|           1|
    |ap_enable_reg_pp3_iter1    |    xor   |      0|  0|   2|           2|           1|
    |xor_ln115_fu_6520_p2       |    xor   |      0|  0|  17|          16|          17|
    |xor_ln214_1_fu_5847_p2     |    xor   |      0|  0|   5|           4|           5|
    |xor_ln214_fu_5822_p2       |    xor   |      0|  0|   5|           4|           5|
    +---------------------------+----------+-------+---+----+------------+------------+
    |Total                      |          |     10|  0|1614|         831|        1009|
    +---------------------------+----------+-------+---+----+------------+------------+

    * Multiplexer: 
    +-----------------------------------------+----+-----------+-----+-----------+
    |                   Name                  | LUT| Input Size| Bits| Total Bits|
    +-----------------------------------------+----+-----------+-----+-----------+
    |acc_b_0_V_2_reg_1080                     |   9|          2|   32|         64|
    |acc_b_0_V_5_reg_3252                     |   9|          2|   32|         64|
    |acc_b_0_V_62_reg_4074                    |  15|          3|   32|         96|
    |acc_b_10_V_2_reg_970                     |   9|          2|   32|         64|
    |acc_b_10_V_5_reg_3132                    |   9|          2|   32|         64|
    |acc_b_10_V_6_reg_3534                    |  15|          3|   32|         96|
    |acc_b_11_V_2_reg_959                     |   9|          2|   32|         64|
    |acc_b_11_V_5_reg_3120                    |   9|          2|   32|         64|
    |acc_b_11_V_6_reg_3480                    |  15|          3|   32|         96|
    |acc_b_12_V_2_reg_948                     |   9|          2|   32|         64|
    |acc_b_12_V_5_reg_3108                    |   9|          2|   32|         64|
    |acc_b_12_V_6_reg_3426                    |  15|          3|   32|         96|
    |acc_b_13_V_2_reg_937                     |   9|          2|   32|         64|
    |acc_b_13_V_5_reg_3096                    |   9|          2|   32|         64|
    |acc_b_13_V_6_reg_3372                    |  15|          3|   32|         96|
    |acc_b_14_V_2_reg_926                     |   9|          2|   32|         64|
    |acc_b_14_V_5_reg_3084                    |   9|          2|   32|         64|
    |acc_b_14_V_6_reg_3318                    |  15|          3|   32|         96|
    |acc_b_15_V_2_reg_915                     |   9|          2|   32|         64|
    |acc_b_15_V_5_reg_3072                    |   9|          2|   32|         64|
    |acc_b_15_V_6_reg_3264                    |  15|          3|   32|         96|
    |acc_b_1_V_2_reg_1069                     |   9|          2|   32|         64|
    |acc_b_1_V_5_reg_3240                     |   9|          2|   32|         64|
    |acc_b_1_V_6_reg_4020                     |  15|          3|   32|         96|
    |acc_b_2_V_2_reg_1058                     |   9|          2|   32|         64|
    |acc_b_2_V_5_reg_3228                     |   9|          2|   32|         64|
    |acc_b_2_V_6_reg_3966                     |  15|          3|   32|         96|
    |acc_b_3_V_2_reg_1047                     |   9|          2|   32|         64|
    |acc_b_3_V_5_reg_3216                     |   9|          2|   32|         64|
    |acc_b_3_V_6_reg_3912                     |  15|          3|   32|         96|
    |acc_b_4_V_2_reg_1036                     |   9|          2|   32|         64|
    |acc_b_4_V_5_reg_3204                     |   9|          2|   32|         64|
    |acc_b_4_V_6_reg_3858                     |  15|          3|   32|         96|
    |acc_b_5_V_2_reg_1025                     |   9|          2|   32|         64|
    |acc_b_5_V_5_reg_3192                     |   9|          2|   32|         64|
    |acc_b_5_V_6_reg_3804                     |  15|          3|   32|         96|
    |acc_b_6_V_2_reg_1014                     |   9|          2|   32|         64|
    |acc_b_6_V_5_reg_3180                     |   9|          2|   32|         64|
    |acc_b_6_V_6_reg_3750                     |  15|          3|   32|         96|
    |acc_b_7_V_2_reg_1003                     |   9|          2|   32|         64|
    |acc_b_7_V_5_reg_3168                     |   9|          2|   32|         64|
    |acc_b_7_V_6_reg_3696                     |  15|          3|   32|         96|
    |acc_b_8_V_2_reg_992                      |   9|          2|   32|         64|
    |acc_b_8_V_5_reg_3156                     |   9|          2|   32|         64|
    |acc_b_8_V_6_reg_3642                     |  15|          3|   32|         96|
    |acc_b_9_V_2_reg_981                      |   9|          2|   32|         64|
    |acc_b_9_V_5_reg_3144                     |   9|          2|   32|         64|
    |acc_b_9_V_6_reg_3588                     |  15|          3|   32|         96|
    |acc_s_0_V_2_reg_1256                     |   9|          2|   32|         64|
    |acc_s_0_V_5_reg_4308                     |   9|          2|   32|         64|
    |acc_s_10_V_2_reg_1146                    |   9|          2|   32|         64|
    |acc_s_10_V_5_reg_4188                    |   9|          2|   32|         64|
    |acc_s_11_V_2_reg_1135                    |   9|          2|   32|         64|
    |acc_s_11_V_5_reg_4176                    |   9|          2|   32|         64|
    |acc_s_12_V_2_reg_1124                    |   9|          2|   32|         64|
    |acc_s_12_V_5_reg_4164                    |   9|          2|   32|         64|
    |acc_s_13_V_2_reg_1113                    |   9|          2|   32|         64|
    |acc_s_13_V_5_reg_4152                    |   9|          2|   32|         64|
    |acc_s_14_V_2_reg_1102                    |   9|          2|   32|         64|
    |acc_s_14_V_5_reg_4140                    |   9|          2|   32|         64|
    |acc_s_15_V_2_reg_1091                    |   9|          2|   32|         64|
    |acc_s_15_V_5_reg_4128                    |   9|          2|   32|         64|
    |acc_s_1_V_2_reg_1245                     |   9|          2|   32|         64|
    |acc_s_1_V_5_reg_4296                     |   9|          2|   32|         64|
    |acc_s_2_V_2_reg_1234                     |   9|          2|   32|         64|
    |acc_s_2_V_5_reg_4284                     |   9|          2|   32|         64|
    |acc_s_3_V_2_reg_1223                     |   9|          2|   32|         64|
    |acc_s_3_V_5_reg_4272                     |   9|          2|   32|         64|
    |acc_s_4_V_2_reg_1212                     |   9|          2|   32|         64|
    |acc_s_4_V_5_reg_4260                     |   9|          2|   32|         64|
    |acc_s_5_V_2_reg_1201                     |   9|          2|   32|         64|
    |acc_s_5_V_5_reg_4248                     |   9|          2|   32|         64|
    |acc_s_6_V_2_reg_1190                     |   9|          2|   32|         64|
    |acc_s_6_V_5_reg_4236                     |   9|          2|   32|         64|
    |acc_s_7_V_2_reg_1179                     |   9|          2|   32|         64|
    |acc_s_7_V_5_reg_4224                     |   9|          2|   32|         64|
    |acc_s_8_V_2_reg_1168                     |   9|          2|   32|         64|
    |acc_s_8_V_5_reg_4212                     |   9|          2|   32|         64|
    |acc_s_9_V_2_reg_1157                     |   9|          2|   32|         64|
    |acc_s_9_V_5_reg_4200                     |   9|          2|   32|         64|
    |ap_NS_fsm                                |  59|         14|    1|         14|
    |ap_enable_reg_pp1_iter10                 |   9|          2|    1|          2|
    |ap_enable_reg_pp1_iter11                 |  15|          3|    1|          3|
    |ap_enable_reg_pp2_iter1                  |  15|          3|    1|          3|
    |ap_enable_reg_pp3_iter1                  |   9|          2|    1|          2|
    |ap_enable_reg_pp3_iter5                  |   9|          2|    1|          2|
    |ap_phi_mux_acc_b_0_V_3_phi_fu_2107_p32   |  15|          3|   32|         96|
    |ap_phi_mux_acc_b_0_V_5_phi_fu_3256_p4    |   9|          2|   32|         64|
    |ap_phi_mux_acc_b_10_V_3_phi_fu_1557_p32  |  15|          3|   32|         96|
    |ap_phi_mux_acc_b_10_V_5_phi_fu_3136_p4   |   9|          2|   32|         64|
    |ap_phi_mux_acc_b_11_V_3_phi_fu_1502_p32  |  15|          3|   32|         96|
    |ap_phi_mux_acc_b_11_V_5_phi_fu_3124_p4   |   9|          2|   32|         64|
    |ap_phi_mux_acc_b_12_V_3_phi_fu_1447_p32  |  15|          3|   32|         96|
    |ap_phi_mux_acc_b_12_V_5_phi_fu_3112_p4   |   9|          2|   32|         64|
    |ap_phi_mux_acc_b_13_V_3_phi_fu_1392_p32  |  15|          3|   32|         96|
    |ap_phi_mux_acc_b_13_V_5_phi_fu_3100_p4   |   9|          2|   32|         64|
    |ap_phi_mux_acc_b_14_V_3_phi_fu_1337_p32  |  15|          3|   32|         96|
    |ap_phi_mux_acc_b_14_V_5_phi_fu_3088_p4   |   9|          2|   32|         64|
    |ap_phi_mux_acc_b_15_V_3_phi_fu_1282_p32  |  15|          3|   32|         96|
    |ap_phi_mux_acc_b_15_V_5_phi_fu_3076_p4   |   9|          2|   32|         64|
    |ap_phi_mux_acc_b_1_V_3_phi_fu_2052_p32   |  15|          3|   32|         96|
    |ap_phi_mux_acc_b_1_V_5_phi_fu_3244_p4    |   9|          2|   32|         64|
    |ap_phi_mux_acc_b_2_V_3_phi_fu_1997_p32   |  15|          3|   32|         96|
    |ap_phi_mux_acc_b_2_V_5_phi_fu_3232_p4    |   9|          2|   32|         64|
    |ap_phi_mux_acc_b_3_V_3_phi_fu_1942_p32   |  15|          3|   32|         96|
    |ap_phi_mux_acc_b_3_V_5_phi_fu_3220_p4    |   9|          2|   32|         64|
    |ap_phi_mux_acc_b_4_V_3_phi_fu_1887_p32   |  15|          3|   32|         96|
    |ap_phi_mux_acc_b_4_V_5_phi_fu_3208_p4    |   9|          2|   32|         64|
    |ap_phi_mux_acc_b_5_V_3_phi_fu_1832_p32   |  15|          3|   32|         96|
    |ap_phi_mux_acc_b_5_V_5_phi_fu_3196_p4    |   9|          2|   32|         64|
    |ap_phi_mux_acc_b_6_V_3_phi_fu_1777_p32   |  15|          3|   32|         96|
    |ap_phi_mux_acc_b_6_V_5_phi_fu_3184_p4    |   9|          2|   32|         64|
    |ap_phi_mux_acc_b_7_V_3_phi_fu_1722_p32   |  15|          3|   32|         96|
    |ap_phi_mux_acc_b_7_V_5_phi_fu_3172_p4    |   9|          2|   32|         64|
    |ap_phi_mux_acc_b_8_V_3_phi_fu_1667_p32   |  15|          3|   32|         96|
    |ap_phi_mux_acc_b_8_V_5_phi_fu_3160_p4    |   9|          2|   32|         64|
    |ap_phi_mux_acc_b_9_V_3_phi_fu_1612_p32   |  15|          3|   32|         96|
    |ap_phi_mux_acc_b_9_V_5_phi_fu_3148_p4    |   9|          2|   32|         64|
    |ap_phi_mux_acc_s_0_V_3_phi_fu_2987_p32   |  15|          3|   32|         96|
    |ap_phi_mux_acc_s_0_V_5_phi_fu_4312_p4    |   9|          2|   32|         64|
    |ap_phi_mux_acc_s_0_V_61_phi_fu_5134_p32  |  15|          3|   32|         96|
    |ap_phi_mux_acc_s_10_V_3_phi_fu_2437_p32  |  15|          3|   32|         96|
    |ap_phi_mux_acc_s_10_V_5_phi_fu_4192_p4   |   9|          2|   32|         64|
    |ap_phi_mux_acc_s_10_V_6_phi_fu_4594_p32  |  15|          3|   32|         96|
    |ap_phi_mux_acc_s_11_V_3_phi_fu_2382_p32  |  15|          3|   32|         96|
    |ap_phi_mux_acc_s_11_V_5_phi_fu_4180_p4   |   9|          2|   32|         64|
    |ap_phi_mux_acc_s_11_V_6_phi_fu_4540_p32  |  15|          3|   32|         96|
    |ap_phi_mux_acc_s_12_V_3_phi_fu_2327_p32  |  15|          3|   32|         96|
    |ap_phi_mux_acc_s_12_V_5_phi_fu_4168_p4   |   9|          2|   32|         64|
    |ap_phi_mux_acc_s_12_V_6_phi_fu_4486_p32  |  15|          3|   32|         96|
    |ap_phi_mux_acc_s_13_V_3_phi_fu_2272_p32  |  15|          3|   32|         96|
    |ap_phi_mux_acc_s_13_V_5_phi_fu_4156_p4   |   9|          2|   32|         64|
    |ap_phi_mux_acc_s_13_V_6_phi_fu_4432_p32  |  15|          3|   32|         96|
    |ap_phi_mux_acc_s_14_V_3_phi_fu_2217_p32  |  15|          3|   32|         96|
    |ap_phi_mux_acc_s_14_V_5_phi_fu_4144_p4   |   9|          2|   32|         64|
    |ap_phi_mux_acc_s_14_V_6_phi_fu_4378_p32  |  15|          3|   32|         96|
    |ap_phi_mux_acc_s_15_V_3_phi_fu_2162_p32  |  15|          3|   32|         96|
    |ap_phi_mux_acc_s_15_V_5_phi_fu_4132_p4   |   9|          2|   32|         64|
    |ap_phi_mux_acc_s_15_V_6_phi_fu_4324_p32  |  15|          3|   32|         96|
    |ap_phi_mux_acc_s_1_V_3_phi_fu_2932_p32   |  15|          3|   32|         96|
    |ap_phi_mux_acc_s_1_V_5_phi_fu_4300_p4    |   9|          2|   32|         64|
    |ap_phi_mux_acc_s_1_V_6_phi_fu_5080_p32   |  15|          3|   32|         96|
    |ap_phi_mux_acc_s_2_V_3_phi_fu_2877_p32   |  15|          3|   32|         96|
    |ap_phi_mux_acc_s_2_V_5_phi_fu_4288_p4    |   9|          2|   32|         64|
    |ap_phi_mux_acc_s_2_V_6_phi_fu_5026_p32   |  15|          3|   32|         96|
    |ap_phi_mux_acc_s_3_V_3_phi_fu_2822_p32   |  15|          3|   32|         96|
    |ap_phi_mux_acc_s_3_V_5_phi_fu_4276_p4    |   9|          2|   32|         64|
    |ap_phi_mux_acc_s_3_V_6_phi_fu_4972_p32   |  15|          3|   32|         96|
    |ap_phi_mux_acc_s_4_V_3_phi_fu_2767_p32   |  15|          3|   32|         96|
    |ap_phi_mux_acc_s_4_V_5_phi_fu_4264_p4    |   9|          2|   32|         64|
    |ap_phi_mux_acc_s_4_V_6_phi_fu_4918_p32   |  15|          3|   32|         96|
    |ap_phi_mux_acc_s_5_V_3_phi_fu_2712_p32   |  15|          3|   32|         96|
    |ap_phi_mux_acc_s_5_V_5_phi_fu_4252_p4    |   9|          2|   32|         64|
    |ap_phi_mux_acc_s_5_V_6_phi_fu_4864_p32   |  15|          3|   32|         96|
    |ap_phi_mux_acc_s_6_V_3_phi_fu_2657_p32   |  15|          3|   32|         96|
    |ap_phi_mux_acc_s_6_V_5_phi_fu_4240_p4    |   9|          2|   32|         64|
    |ap_phi_mux_acc_s_6_V_6_phi_fu_4810_p32   |  15|          3|   32|         96|
    |ap_phi_mux_acc_s_7_V_3_phi_fu_2602_p32   |  15|          3|   32|         96|
    |ap_phi_mux_acc_s_7_V_5_phi_fu_4228_p4    |   9|          2|   32|         64|
    |ap_phi_mux_acc_s_7_V_6_phi_fu_4756_p32   |  15|          3|   32|         96|
    |ap_phi_mux_acc_s_8_V_3_phi_fu_2547_p32   |  15|          3|   32|         96|
    |ap_phi_mux_acc_s_8_V_5_phi_fu_4216_p4    |   9|          2|   32|         64|
    |ap_phi_mux_acc_s_8_V_6_phi_fu_4702_p32   |  15|          3|   32|         96|
    |ap_phi_mux_acc_s_9_V_3_phi_fu_2492_p32   |  15|          3|   32|         96|
    |ap_phi_mux_acc_s_9_V_5_phi_fu_4204_p4    |   9|          2|   32|         64|
    |ap_phi_mux_acc_s_9_V_6_phi_fu_4648_p32   |  15|          3|   32|         96|
    |ap_phi_mux_t_0_0_phi_fu_3053_p4          |   9|          2|    4|          8|
    |c1_lut_b_V_0_address0                    |  15|          3|    4|         12|
    |c1_lut_b_V_1_address0                    |  15|          3|    4|         12|
    |c1_lut_b_V_2_address0                    |  15|          3|    4|         12|
    |c1_lut_b_V_3_address0                    |  15|          3|    4|         12|
    |c1_lut_s_V_address0                      |  15|          3|    4|         12|
    |indvar_flatten13_reg_498                 |   9|          2|    8|         16|
    |indvar_flatten_reg_3038                  |   9|          2|    8|         16|
    |o10_0_reg_5206                           |   9|          2|    5|         10|
    |o7_0_0_reg_3061                          |   9|          2|    5|         10|
    |o9_0_reg_5184                            |   9|          2|    5|         10|
    |o_0_reg_1267                             |   9|          2|    5|         10|
    |p_0_reg_5218                             |   9|          2|    8|         16|
    |phi_mul25_reg_5229                       |   9|          2|   16|         32|
    |phi_mul_reg_5195                         |   9|          2|   12|         24|
    |phi_urem_reg_5240                        |   9|          2|    8|         16|
    |t_0_0_reg_3049                           |   9|          2|    4|          8|
    |v_map_V_address0                         |  15|          3|   12|         36|
    |v_map_V_ce0                              |  15|          3|    1|          3|
    |x_0_reg_904                              |   9|          2|    4|          8|
    |y_0_reg_509                              |   9|          2|    4|          8|
    |yb_address0                              |  15|          3|    8|         24|
    |yb_ce0                                   |  15|          3|    1|          3|
    |yb_we0                                   |   9|          2|    1|          2|
    +-----------------------------------------+----+-----------+-----+-----------+
    |Total                                    |2210|        467| 5265|      12634|
    +-----------------------------------------+----+-----------+-----+-----------+

    * Register: 
    +---------------------------------------------+----+----+-----+-----------+
    |                     Name                    | FF | LUT| Bits| Const Bits|
    +---------------------------------------------+----+----+-----+-----------+
    |acc_b_0_V_1_reg_700                          |  32|   0|   32|          0|
    |acc_b_0_V_2_reg_1080                         |  32|   0|   32|          0|
    |acc_b_0_V_5_reg_3252                         |  32|   0|   32|          0|
    |acc_b_0_V_62_reg_4074                        |  32|   0|   32|          0|
    |acc_b_10_V_1_reg_580                         |  32|   0|   32|          0|
    |acc_b_10_V_2_reg_970                         |  32|   0|   32|          0|
    |acc_b_10_V_5_reg_3132                        |  32|   0|   32|          0|
    |acc_b_10_V_6_reg_3534                        |  32|   0|   32|          0|
    |acc_b_11_V_1_reg_568                         |  32|   0|   32|          0|
    |acc_b_11_V_2_reg_959                         |  32|   0|   32|          0|
    |acc_b_11_V_5_reg_3120                        |  32|   0|   32|          0|
    |acc_b_11_V_6_reg_3480                        |  32|   0|   32|          0|
    |acc_b_12_V_1_reg_556                         |  32|   0|   32|          0|
    |acc_b_12_V_2_reg_948                         |  32|   0|   32|          0|
    |acc_b_12_V_5_reg_3108                        |  32|   0|   32|          0|
    |acc_b_12_V_6_reg_3426                        |  32|   0|   32|          0|
    |acc_b_13_V_1_reg_544                         |  32|   0|   32|          0|
    |acc_b_13_V_2_reg_937                         |  32|   0|   32|          0|
    |acc_b_13_V_5_reg_3096                        |  32|   0|   32|          0|
    |acc_b_13_V_6_reg_3372                        |  32|   0|   32|          0|
    |acc_b_14_V_1_reg_532                         |  32|   0|   32|          0|
    |acc_b_14_V_2_reg_926                         |  32|   0|   32|          0|
    |acc_b_14_V_5_reg_3084                        |  32|   0|   32|          0|
    |acc_b_14_V_6_reg_3318                        |  32|   0|   32|          0|
    |acc_b_15_V_1_reg_520                         |  32|   0|   32|          0|
    |acc_b_15_V_2_reg_915                         |  32|   0|   32|          0|
    |acc_b_15_V_5_reg_3072                        |  32|   0|   32|          0|
    |acc_b_15_V_6_reg_3264                        |  32|   0|   32|          0|
    |acc_b_1_V_1_reg_688                          |  32|   0|   32|          0|
    |acc_b_1_V_2_reg_1069                         |  32|   0|   32|          0|
    |acc_b_1_V_5_reg_3240                         |  32|   0|   32|          0|
    |acc_b_1_V_6_reg_4020                         |  32|   0|   32|          0|
    |acc_b_2_V_1_reg_676                          |  32|   0|   32|          0|
    |acc_b_2_V_2_reg_1058                         |  32|   0|   32|          0|
    |acc_b_2_V_5_reg_3228                         |  32|   0|   32|          0|
    |acc_b_2_V_6_reg_3966                         |  32|   0|   32|          0|
    |acc_b_3_V_1_reg_664                          |  32|   0|   32|          0|
    |acc_b_3_V_2_reg_1047                         |  32|   0|   32|          0|
    |acc_b_3_V_5_reg_3216                         |  32|   0|   32|          0|
    |acc_b_3_V_6_reg_3912                         |  32|   0|   32|          0|
    |acc_b_4_V_1_reg_652                          |  32|   0|   32|          0|
    |acc_b_4_V_2_reg_1036                         |  32|   0|   32|          0|
    |acc_b_4_V_5_reg_3204                         |  32|   0|   32|          0|
    |acc_b_4_V_6_reg_3858                         |  32|   0|   32|          0|
    |acc_b_5_V_1_reg_640                          |  32|   0|   32|          0|
    |acc_b_5_V_2_reg_1025                         |  32|   0|   32|          0|
    |acc_b_5_V_5_reg_3192                         |  32|   0|   32|          0|
    |acc_b_5_V_6_reg_3804                         |  32|   0|   32|          0|
    |acc_b_6_V_1_reg_628                          |  32|   0|   32|          0|
    |acc_b_6_V_2_reg_1014                         |  32|   0|   32|          0|
    |acc_b_6_V_5_reg_3180                         |  32|   0|   32|          0|
    |acc_b_6_V_6_reg_3750                         |  32|   0|   32|          0|
    |acc_b_7_V_1_reg_616                          |  32|   0|   32|          0|
    |acc_b_7_V_2_reg_1003                         |  32|   0|   32|          0|
    |acc_b_7_V_5_reg_3168                         |  32|   0|   32|          0|
    |acc_b_7_V_6_reg_3696                         |  32|   0|   32|          0|
    |acc_b_8_V_1_reg_604                          |  32|   0|   32|          0|
    |acc_b_8_V_2_reg_992                          |  32|   0|   32|          0|
    |acc_b_8_V_5_reg_3156                         |  32|   0|   32|          0|
    |acc_b_8_V_6_reg_3642                         |  32|   0|   32|          0|
    |acc_b_9_V_1_reg_592                          |  32|   0|   32|          0|
    |acc_b_9_V_2_reg_981                          |  32|   0|   32|          0|
    |acc_b_9_V_5_reg_3144                         |  32|   0|   32|          0|
    |acc_b_9_V_6_reg_3588                         |  32|   0|   32|          0|
    |acc_s_0_V_1_reg_892                          |  32|   0|   32|          0|
    |acc_s_0_V_2_reg_1256                         |  32|   0|   32|          0|
    |acc_s_0_V_5_reg_4308                         |  32|   0|   32|          0|
    |acc_s_0_V_reg_7004                           |  32|   0|   32|          0|
    |acc_s_10_V_1_reg_772                         |  32|   0|   32|          0|
    |acc_s_10_V_2_reg_1146                        |  32|   0|   32|          0|
    |acc_s_10_V_5_reg_4188                        |  32|   0|   32|          0|
    |acc_s_11_V_1_reg_760                         |  32|   0|   32|          0|
    |acc_s_11_V_2_reg_1135                        |  32|   0|   32|          0|
    |acc_s_11_V_5_reg_4176                        |  32|   0|   32|          0|
    |acc_s_12_V_1_reg_748                         |  32|   0|   32|          0|
    |acc_s_12_V_2_reg_1124                        |  32|   0|   32|          0|
    |acc_s_12_V_5_reg_4164                        |  32|   0|   32|          0|
    |acc_s_13_V_1_reg_736                         |  32|   0|   32|          0|
    |acc_s_13_V_2_reg_1113                        |  32|   0|   32|          0|
    |acc_s_13_V_5_reg_4152                        |  32|   0|   32|          0|
    |acc_s_14_V_1_reg_724                         |  32|   0|   32|          0|
    |acc_s_14_V_2_reg_1102                        |  32|   0|   32|          0|
    |acc_s_14_V_5_reg_4140                        |  32|   0|   32|          0|
    |acc_s_15_V_1_reg_712                         |  32|   0|   32|          0|
    |acc_s_15_V_2_reg_1091                        |  32|   0|   32|          0|
    |acc_s_15_V_5_reg_4128                        |  32|   0|   32|          0|
    |acc_s_1_V_1_reg_880                          |  32|   0|   32|          0|
    |acc_s_1_V_2_reg_1245                         |  32|   0|   32|          0|
    |acc_s_1_V_5_reg_4296                         |  32|   0|   32|          0|
    |acc_s_2_V_1_reg_868                          |  32|   0|   32|          0|
    |acc_s_2_V_2_reg_1234                         |  32|   0|   32|          0|
    |acc_s_2_V_5_reg_4284                         |  32|   0|   32|          0|
    |acc_s_3_V_1_reg_856                          |  32|   0|   32|          0|
    |acc_s_3_V_2_reg_1223                         |  32|   0|   32|          0|
    |acc_s_3_V_5_reg_4272                         |  32|   0|   32|          0|
    |acc_s_4_V_1_reg_844                          |  32|   0|   32|          0|
    |acc_s_4_V_2_reg_1212                         |  32|   0|   32|          0|
    |acc_s_4_V_5_reg_4260                         |  32|   0|   32|          0|
    |acc_s_5_V_1_reg_832                          |  32|   0|   32|          0|
    |acc_s_5_V_2_reg_1201                         |  32|   0|   32|          0|
    |acc_s_5_V_5_reg_4248                         |  32|   0|   32|          0|
    |acc_s_6_V_1_reg_820                          |  32|   0|   32|          0|
    |acc_s_6_V_2_reg_1190                         |  32|   0|   32|          0|
    |acc_s_6_V_5_reg_4236                         |  32|   0|   32|          0|
    |acc_s_7_V_1_reg_808                          |  32|   0|   32|          0|
    |acc_s_7_V_2_reg_1179                         |  32|   0|   32|          0|
    |acc_s_7_V_5_reg_4224                         |  32|   0|   32|          0|
    |acc_s_8_V_1_reg_796                          |  32|   0|   32|          0|
    |acc_s_8_V_2_reg_1168                         |  32|   0|   32|          0|
    |acc_s_8_V_5_reg_4212                         |  32|   0|   32|          0|
    |acc_s_9_V_1_reg_784                          |  32|   0|   32|          0|
    |acc_s_9_V_2_reg_1157                         |  32|   0|   32|          0|
    |acc_s_9_V_5_reg_4200                         |  32|   0|   32|          0|
    |add_ln160_reg_7141                           |  16|   0|   16|          0|
    |add_ln180_1_reg_7115                         |  13|   0|   13|          0|
    |add_ln180_2_reg_7043                         |  13|   0|   13|          0|
    |add_ln29_reg_6743                            |   8|   0|    8|          0|
    |add_ln41_reg_6807                            |   4|   0|    4|          0|
    |add_ln58_reg_6903                            |   7|   0|    7|          0|
    |and_ln45_1_reg_6888                          |   1|   0|    1|          0|
    |and_ln45_1_reg_6888_pp1_iter8_reg            |   1|   0|    1|          0|
    |and_ln45_reg_6868                            |   1|   0|    1|          0|
    |and_ln45_reg_6868_pp1_iter8_reg              |   1|   0|    1|          0|
    |ap_CS_fsm                                    |  13|   0|   13|          0|
    |ap_enable_reg_pp1_iter0                      |   1|   0|    1|          0|
    |ap_enable_reg_pp1_iter1                      |   1|   0|    1|          0|
    |ap_enable_reg_pp1_iter10                     |   1|   0|    1|          0|
    |ap_enable_reg_pp1_iter11                     |   1|   0|    1|          0|
    |ap_enable_reg_pp1_iter2                      |   1|   0|    1|          0|
    |ap_enable_reg_pp1_iter3                      |   1|   0|    1|          0|
    |ap_enable_reg_pp1_iter4                      |   1|   0|    1|          0|
    |ap_enable_reg_pp1_iter5                      |   1|   0|    1|          0|
    |ap_enable_reg_pp1_iter6                      |   1|   0|    1|          0|
    |ap_enable_reg_pp1_iter7                      |   1|   0|    1|          0|
    |ap_enable_reg_pp1_iter8                      |   1|   0|    1|          0|
    |ap_enable_reg_pp1_iter9                      |   1|   0|    1|          0|
    |ap_enable_reg_pp2_iter0                      |   1|   0|    1|          0|
    |ap_enable_reg_pp2_iter1                      |   1|   0|    1|          0|
    |ap_enable_reg_pp3_iter0                      |   1|   0|    1|          0|
    |ap_enable_reg_pp3_iter1                      |   1|   0|    1|          0|
    |ap_enable_reg_pp3_iter2                      |   1|   0|    1|          0|
    |ap_enable_reg_pp3_iter3                      |   1|   0|    1|          0|
    |ap_enable_reg_pp3_iter4                      |   1|   0|    1|          0|
    |ap_enable_reg_pp3_iter5                      |   1|   0|    1|          0|
    |c1_beta_q_load_reg_7081                      |  22|   0|   22|          0|
    |c1_gamma_q_V_load_reg_7076                   |  13|   0|   13|          0|
    |frac_reg_7120                                |   8|   0|    8|          0|
    |frac_reg_7120_pp3_iter2_reg                  |   8|   0|    8|          0|
    |grp_int_instnorm_196_s_fu_5251_ap_start_reg  |   1|   0|    1|          0|
    |icmp_ln41_reg_6798                           |   1|   0|    1|          0|
    |icmp_ln56_reg_6813                           |   1|   0|    1|          0|
    |icmp_ln74_reg_7029                           |   1|   0|    1|          0|
    |icmp_ln88_reg_7091                           |   1|   0|    1|          0|
    |icmp_ln895_reg_7151                          |   1|   0|    1|          0|
    |indvar_flatten13_reg_498                     |   8|   0|    8|          0|
    |indvar_flatten_reg_3038                      |   8|   0|    8|          0|
    |lshr_ln_reg_7125                             |   8|   0|    8|          0|
    |o10_0_reg_5206                               |   5|   0|    5|          0|
    |o7_0_0_reg_3061                              |   5|   0|    5|          0|
    |o9_0_reg_5184                                |   5|   0|    5|          0|
    |o_0_reg_1267                                 |   5|   0|    5|          0|
    |o_reg_7061                                   |   5|   0|    5|          0|
    |p_0_reg_5218                                 |   8|   0|    8|          0|
    |phi_mul25_reg_5229                           |  16|   0|   16|          0|
    |phi_mul_reg_5195                             |  12|   0|   12|          0|
    |phi_urem_reg_5240                            |   8|   0|    8|          0|
    |select_ln29_1_reg_6754                       |   4|   0|    5|          1|
    |select_ln29_2_reg_6760                       |   8|   0|    9|          1|
    |select_ln29_3_reg_6765                       |   4|   0|    4|          0|
    |select_ln29_reg_6748                         |   4|   0|    4|          0|
    |select_ln41_reg_6830                         |   4|   0|    4|          0|
    |select_ln42_2_reg_6883                       |   2|   0|    2|          0|
    |select_ln42_4_reg_6964                       |  15|   0|   15|          0|
    |select_ln42_5_reg_6969                       |  15|   0|   15|          0|
    |select_ln42_6_reg_6974                       |  15|   0|   15|          0|
    |select_ln42_7_reg_6979                       |  15|   0|   15|          0|
    |select_ln42_reg_6824                         |   5|   0|    5|          0|
    |sext_ln180_reg_7086                          |  10|   0|   11|          1|
    |sext_ln74_reg_7024                           |  13|   0|   13|          0|
    |shl_ln2_reg_6786                             |   4|   0|    5|          1|
    |t_0_0_reg_3049                               |   4|   0|    4|          0|
    |tmp_16_reg_6843                              |   2|   0|    2|          0|
    |tmp_38_reg_7146                              |   8|   0|    8|          0|
    |tmp_40_reg_6848                              |   1|   0|    1|          0|
    |tmp_41_reg_6989                              |   4|   0|    4|          0|
    |trunc_ln1503_2_reg_7048                      |  28|   0|   28|          0|
    |trunc_ln53_1_reg_6999                        |   4|   0|    4|          0|
    |trunc_ln53_s_reg_6994                        |   4|   0|    4|          0|
    |trunc_ln58_reg_6836                          |   4|   0|    4|          0|
    |trunc_ln700_2_reg_6863                       |   4|   0|    4|          0|
    |trunc_ln700_reg_6984                         |   4|   0|    4|          0|
    |udiv_ln_reg_6792                             |   4|   0|    4|          0|
    |x_0_reg_904                                  |   4|   0|    4|          0|
    |y_0_reg_509                                  |   4|   0|    4|          0|
    |zext_ln31_reg_6770                           |   4|   0|    9|          5|
    |add_ln180_1_reg_7115                         |  64|  32|   13|          0|
    |add_ln41_reg_6807                            |  64|  32|    4|          0|
    |icmp_ln41_reg_6798                           |  64|  32|    1|          0|
    |icmp_ln56_reg_6813                           |  64|  32|    1|          0|
    |icmp_ln88_reg_7091                           |  64|  32|    1|          0|
    |select_ln42_reg_6824                         |  64|  32|    5|          0|
    |trunc_ln58_reg_6836                          |  64|  32|    4|          0|
    |trunc_ln700_2_reg_6863                       |  64|  32|    4|          0|
    |udiv_ln_reg_6792                             |  64|  32|    4|          0|
    +---------------------------------------------+----+----+-----+-----------+
    |Total                                        |4641| 288| 4111|          9|
    +---------------------------------------------+----+----+-----+-----------+



================================================================
== Interface
================================================================
* Summary: 
+------------------+-----+-----+------------+--------------+--------------+
|     RTL Ports    | Dir | Bits|  Protocol  | Source Object|    C Type    |
+------------------+-----+-----+------------+--------------+--------------+
|ap_clk            |  in |    1| ap_ctrl_hs | conv_stage.1 | return value |
|ap_rst            |  in |    1| ap_ctrl_hs | conv_stage.1 | return value |
|ap_start          |  in |    1| ap_ctrl_hs | conv_stage.1 | return value |
|ap_done           | out |    1| ap_ctrl_hs | conv_stage.1 | return value |
|ap_idle           | out |    1| ap_ctrl_hs | conv_stage.1 | return value |
|ap_ready          | out |    1| ap_ctrl_hs | conv_stage.1 | return value |
|fin_0_V_address0  | out |   10|  ap_memory |    fin_0_V   |     array    |
|fin_0_V_ce0       | out |    1|  ap_memory |    fin_0_V   |     array    |
|fin_0_V_q0        |  in |    4|  ap_memory |    fin_0_V   |     array    |
|fin_0_V_address1  | out |   10|  ap_memory |    fin_0_V   |     array    |
|fin_0_V_ce1       | out |    1|  ap_memory |    fin_0_V   |     array    |
|fin_0_V_q1        |  in |    4|  ap_memory |    fin_0_V   |     array    |
|fout_V_address0   | out |   12|  ap_memory |    fout_V    |     array    |
|fout_V_ce0        | out |    1|  ap_memory |    fout_V    |     array    |
|fout_V_we0        | out |    1|  ap_memory |    fout_V    |     array    |
|fout_V_d0         | out |    4|  ap_memory |    fout_V    |     array    |
+------------------+-----+-----+------------+--------------+--------------+

