

================================================================
== Vivado HLS Report for 'conv_stage'
================================================================
* Date:           Thu Jul  9 20:00:51 2026

* Version:        2019.1 (Build 2552052 on Fri May 24 15:28:33 MDT 2019)
* Project:        kagnconv_lsq_w4a4
* Solution:       sol1
* Product family: zynquplus
* Target device:  xczu9eg-ffvb1156-2-e


================================================================
== Performance Estimates
================================================================
+ Timing (ns): 
    * Summary: 
    +--------+-------+----------+------------+
    |  Clock | Target| Estimated| Uncertainty|
    +--------+-------+----------+------------+
    |ap_clk  |   6.67|     6.700|        0.83|
    +--------+-------+----------+------------+

+ Latency (clock cycles): 
    * Summary: 
    +--------+--------+--------+--------+---------+
    |     Latency     |     Interval    | Pipeline|
    |   min  |   max  |   min  |   max  |   Type  |
    +--------+--------+--------+--------+---------+
    |  239924|  239924|  239924|  239924|   none  |
    +--------+--------+--------+--------+---------+

    + Detail: 
        * Instance: 
        +--------------------------------+-------------------+-----+-----+-----+-----+---------+
        |                                |                   |  Latency  |  Interval | Pipeline|
        |            Instance            |       Module      | min | max | min | max |   Type  |
        +--------------------------------+-------------------+-----+-----+-----+-----+---------+
        |grp_int_instnorm_49_s_fu_16120  |int_instnorm_49_s  |  258|  258|  258|  258|   none  |
        +--------------------------------+-------------------+-----+-----+-----+-----+---------+

        * Loop: 
        +-----------------------+--------+--------+----------+-----------+-----------+------+----------+
        |                       |     Latency     | Iteration|  Initiation Interval  | Trip |          |
        |       Loop Name       |   min  |   max  |  Latency |  achieved |   target  | Count| Pipelined|
        +-----------------------+--------+--------+----------+-----------+-----------+------+----------+
        |- CONV_Y_CONV_X        |  229810|  229810|      4690|          -|          -|    49|    no    |
        | + INIT                |      32|      32|         1|          1|          1|    32|    yes   |
        | + TAP_I_TAP_K_O_LOOP  |    4619|    4619|        13|          1|          1|  4608|    yes   |
        | + REQ                 |      32|      32|         2|          1|          1|    32|    yes   |
        |- NORM_O               |   10112|   10112|       316|          -|          -|    32|    no    |
        | + ACT_P               |      53|      53|         6|          1|          1|    49|    yes   |
        +-----------------------+--------+--------+----------+-----------+-----------+------+----------+



================================================================
== Utilization Estimates
================================================================
* Summary: 
+-----------------+---------+-------+--------+--------+-----+
|       Name      | BRAM_18K| DSP48E|   FF   |   LUT  | URAM|
+-----------------+---------+-------+--------+--------+-----+
|DSP              |        -|      5|       -|       -|    -|
|Expression       |        -|     10|       0|    2152|    -|
|FIFO             |        -|      -|       -|       -|    -|
|Instance         |        4|     14|   18800|   15702|    0|
|Memory           |       15|      -|     107|      37|    0|
|Multiplexer      |        -|      -|       -|    4112|    -|
|Register         |        0|      -|    8674|     480|    -|
+-----------------+---------+-------+--------+--------+-----+
|Total            |       19|     29|   27581|   22483|    0|
+-----------------+---------+-------+--------+--------+-----+
|Available        |     1824|   2520|  548160|  274080|    0|
+-----------------+---------+-------+--------+--------+-----+
|Utilization (%)  |        1|      1|       5|       8|    0|
+-----------------+---------+-------+--------+--------+-----+

+ Detail: 
    * Instance: 
    +--------------------------------+----------------------+---------+-------+-------+-------+-----+
    |            Instance            |        Module        | BRAM_18K| DSP48E|   FF  |  LUT  | URAM|
    +--------------------------------+----------------------+---------+-------+-------+-------+-----+
    |grp_int_instnorm_49_s_fu_16120  |int_instnorm_49_s     |        4|     14|  18664|  15420|    0|
    |kan_top_mux_325_3JfO_U58        |kan_top_mux_325_3JfO  |        0|      0|      0|     55|    0|
    |kan_top_mux_325_3JfO_U59        |kan_top_mux_325_3JfO  |        0|      0|      0|     55|    0|
    |kan_top_mux_325_3JfO_U60        |kan_top_mux_325_3JfO  |        0|      0|      0|     55|    0|
    |kan_top_mux_325_3JfO_U61        |kan_top_mux_325_3JfO  |        0|      0|      0|     55|    0|
    |kan_top_urem_4ns_qcK_U56        |kan_top_urem_4ns_qcK  |        0|      0|     68|     31|    0|
    |kan_top_urem_4ns_qcK_U57        |kan_top_urem_4ns_qcK  |        0|      0|     68|     31|    0|
    +--------------------------------+----------------------+---------+-------+-------+-------+-----+
    |Total                           |                      |        4|     14|  18800|  15702|    0|
    +--------------------------------+----------------------+---------+-------+-------+-------+-----+

    * DSP48E: 
    +--------------------------+----------------------+---------------------+
    |         Instance         |        Module        |      Expression     |
    +--------------------------+----------------------+---------------------+
    |kan_top_ama_submuwdI_U66  |kan_top_ama_submuwdI  | i0 + (i1 - i2) * i3 |
    |kan_top_mac_muladKfY_U62  |kan_top_mac_muladKfY  |     i0 + i1 * i2    |
    |kan_top_mac_muladLf8_U63  |kan_top_mac_muladLf8  |     i0 + i1 * i2    |
    |kan_top_mac_muladMgi_U64  |kan_top_mac_muladMgi  |     i0 * i1 + i2    |
    |kan_top_mac_muladNgs_U65  |kan_top_mac_muladNgs  |     i0 + i1 * i2    |
    +--------------------------+----------------------+---------------------+

    * Memory: 
    +----------------+----------------------+---------+----+----+-----+------+-----+------+-------------+
    |     Memory     |        Module        | BRAM_18K| FF | LUT| URAM| Words| Bits| Banks| W*Bits*Banks|
    +----------------+----------------------+---------+----+----+-----+------+-----+------+-------------+
    |c2_lut_b_V_0_U  |conv_stage_1_c1_lfYi  |        0|  15|   4|    0|    16|   15|     1|          240|
    |silu_tab_V_U    |conv_stage_1_siluocq  |        1|   0|   0|    0|   257|   14|     1|         3598|
    |c2_base_pk_U    |conv_stage_c2_basFfa  |        2|   0|   0|    0|   576|   32|     1|        18432|
    |c2_beta_q_U     |conv_stage_c2_betHfu  |        0|  22|  11|    0|    32|   22|     1|          704|
    |c2_gamma_q_V_U  |conv_stage_c2_gamGfk  |        0|  13|   7|    0|    32|   13|     1|          416|
    |c2_lut_b_V_1_U  |conv_stage_c2_lutAem  |        0|  15|   4|    0|    16|   15|     1|          240|
    |c2_lut_b_V_2_U  |conv_stage_c2_lutBew  |        0|  15|   4|    0|    16|   15|     1|          240|
    |c2_lut_b_V_3_U  |conv_stage_c2_lutCeG  |        0|  15|   4|    0|    16|   15|     1|          240|
    |c2_lut_s_V_U    |conv_stage_c2_lutDeQ  |        0|  12|   3|    0|    16|   12|     1|          192|
    |c2_poly_pk_U    |conv_stage_c2_polEe0  |        7|   0|   0|    0|  4608|   16|     1|        73728|
    |v_map_V_U       |conv_stage_v_map_V    |        4|   0|   0|    0|  1568|   28|     1|        43904|
    |yb_U            |conv_stage_yb         |        1|   0|   0|    0|    49|   32|     1|         1568|
    +----------------+----------------------+---------+----+----+-----+------+-----+------+-------------+
    |Total           |                      |       15| 107|  37|    0|  7202|  229|    12|       143502|
    +----------------+----------------------+---------+----+----+-----+------+-----+------+-------------+

    * FIFO: 
    N/A

    * Expression: 
    +----------------------------+----------+-------+---+----+------------+------------+
    |        Variable Name       | Operation| DSP48E| FF| LUT| Bitwidth P0| Bitwidth P1|
    +----------------------------+----------+-------+---+----+------------+------------+
    |grp_fu_18204_p2             |     *    |      0|  0|   5|           4|          15|
    |mul_ln215_fu_18020_p2       |     *    |      2|  0|  25|          31|          16|
    |mul_ln42_2_fu_16497_p2      |     *    |      0|  0|  17|           5|           4|
    |mul_ln42_fu_16432_p2        |     *    |      0|  0|  17|           5|           4|
    |mul_ln68_4_fu_17789_p2      |     *    |      4|  0|  20|          31|          32|
    |mul_ln68_fu_17705_p2        |     *    |      4|  0|  20|          28|          32|
    |acc_s_0_V_fu_17555_p2       |     +    |      0|  0|  39|          32|          32|
    |add_ln118_fu_17968_p2       |     +    |      0|  0|  16|           1|           9|
    |add_ln160_fu_18011_p2       |     +    |      0|  0|  23|          16|          16|
    |add_ln180_3_fu_18112_p2     |     +    |      0|  0|  21|          12|          12|
    |add_ln180_4_fu_17622_p2     |     +    |      0|  0|  19|          12|          12|
    |add_ln180_5_fu_17616_p2     |     +    |      0|  0|  18|           6|          11|
    |add_ln180_fu_18085_p2       |     +    |      0|  0|  18|          11|          11|
    |add_ln215_2_fu_16689_p2     |     +    |      0|  0|  21|          13|          13|
    |add_ln215_3_fu_16816_p2     |     +    |      0|  0|  41|          34|          34|
    |add_ln215_4_fu_16851_p2     |     +    |      0|  0|  21|          13|          13|
    |add_ln215_5_fu_16901_p2     |     +    |      0|  0|  21|          64|          64|
    |add_ln215_6_fu_16937_p2     |     +    |      0|  0|  21|          13|          13|
    |add_ln215_fu_16653_p2       |     +    |      0|  0|  41|          34|          34|
    |add_ln29_fu_16160_p2        |     +    |      0|  0|  15|           6|           1|
    |add_ln39_fu_16318_p2        |     +    |      0|  0|  20|           1|          13|
    |add_ln41_fu_16414_p2        |     +    |      0|  0|  17|          10|           1|
    |add_ln43_4_fu_16262_p2      |     +    |      0|  0|  15|           5|           2|
    |add_ln43_6_fu_16531_p2      |     +    |      0|  0|  12|           4|           4|
    |add_ln43_7_fu_16874_p2      |     +    |      0|  0|  15|           2|           5|
    |add_ln43_fu_16452_p2        |     +    |      0|  0|  12|           4|           4|
    |add_ln44_4_fu_16276_p2      |     +    |      0|  0|  15|           5|           2|
    |add_ln44_6_fu_16536_p2      |     +    |      0|  0|  12|           4|           4|
    |add_ln44_7_fu_16887_p2      |     +    |      0|  0|  15|           2|           5|
    |add_ln44_fu_16457_p2        |     +    |      0|  0|  12|           4|           4|
    |add_ln58_1_fu_17300_p2      |     +    |      0|  0|  21|          12|          12|
    |add_ln58_fu_17272_p2        |     +    |      0|  0|  16|           9|           9|
    |add_ln61_1_fu_16979_p2      |     +    |      0|  0|  17|          10|          10|
    |add_ln61_2_fu_16700_p2      |     +    |      0|  0|  15|           8|           8|
    |add_ln61_3_fu_16803_p2      |     +    |      0|  0|  15|           8|           8|
    |add_ln61_4_fu_16948_p2      |     +    |      0|  0|  15|           8|           8|
    |add_ln61_fu_16613_p2        |     +    |      0|  0|  15|           8|           8|
    |add_ln78_fu_17592_p2        |     +    |      0|  0|  15|           7|           7|
    |add_ln88_2_fu_18058_p2      |     +    |      0|  0|  15|           1|           6|
    |add_ln91_fu_17887_p2        |     +    |      0|  0|  19|           7|          12|
    |edge_fu_17328_p2            |     +    |      0|  0|  21|          15|          15|
    |i_fu_16706_p2               |     +    |      0|  0|  15|           1|           5|
    |ix_fu_16639_p2              |     +    |      0|  0|  15|           2|           5|
    |iy_fu_16626_p2              |     +    |      0|  0|  15|           2|           5|
    |o_10_fu_16408_p2            |     +    |      0|  0|  15|           6|           1|
    |o_8_fu_16242_p2             |     +    |      0|  0|  15|           6|           1|
    |o_9_fu_17610_p2             |     +    |      0|  0|  15|           6|           1|
    |o_fu_17832_p2               |     +    |      0|  0|  15|           6|           1|
    |p_fu_17876_p2               |     +    |      0|  0|  15|           6|           1|
    |ret_V_2_fu_17801_p2         |     +    |      0|  0|  21|          35|          63|
    |ret_V_fu_18026_p2           |     +    |      0|  0|  54|          38|          47|
    |t2_V_fu_17795_p2            |     +    |      0|  0|  21|          63|          63|
    |t_fu_16356_p2               |     +    |      0|  0|  12|           1|           4|
    |x_fu_17821_p2               |     +    |      0|  0|  11|           3|           1|
    |y_fu_16166_p2               |     +    |      0|  0|  11|           3|           1|
    |sub_ln180_2_fu_18106_p2     |     -    |      0|  0|  21|          12|          12|
    |sub_ln180_fu_17860_p2       |     -    |      0|  0|  17|          10|          10|
    |sub_ln215_2_fu_16683_p2     |     -    |      0|  0|  21|          13|          13|
    |sub_ln215_3_fu_16747_p2     |     -    |      0|  0|  17|          10|          10|
    |sub_ln215_4_fu_16781_p2     |     -    |      0|  0|  21|          64|          64|
    |sub_ln215_5_fu_16845_p2     |     -    |      0|  0|  21|          13|          13|
    |sub_ln215_6_fu_16931_p2     |     -    |      0|  0|  21|          13|          13|
    |sub_ln215_fu_16587_p2       |     -    |      0|  0|  17|          10|          10|
    |sub_ln58_1_fu_17322_p2      |     -    |      0|  0|  21|          15|          15|
    |sub_ln58_fu_17294_p2        |     -    |      0|  0|  21|          12|          12|
    |sub_ln78_2_fu_16218_p2      |     -    |      0|  0|  15|           7|           7|
    |sub_ln78_fu_16148_p2        |     -    |      0|  0|  15|           7|           7|
    |and_ln39_fu_16350_p2        |    and   |      0|  0|   2|           1|           1|
    |and_ln45_3_fu_16553_p2      |    and   |      0|  0|   2|           1|           1|
    |and_ln45_fu_16292_p2        |    and   |      0|  0|   2|           1|           1|
    |ap_condition_4660           |    and   |      0|  0|   2|           1|           1|
    |ap_condition_4669           |    and   |      0|  0|   2|           1|           1|
    |ap_condition_4680           |    and   |      0|  0|   2|           1|           1|
    |ap_condition_660            |    and   |      0|  0|   2|           1|           1|
    |ap_condition_676            |    and   |      0|  0|   2|           1|           1|
    |ap_condition_691            |    and   |      0|  0|   2|           1|           1|
    |inb_fu_16474_p2             |    and   |      0|  0|   2|           1|           1|
    |icmp_ln113_fu_17903_p2      |   icmp   |      0|  0|  20|          32|          17|
    |icmp_ln114_fu_17927_p2      |   icmp   |      0|  0|  20|          17|           1|
    |icmp_ln29_fu_16154_p2       |   icmp   |      0|  0|  11|           6|           5|
    |icmp_ln31_fu_16172_p2       |   icmp   |      0|  0|   9|           3|           2|
    |icmp_ln33_fu_16236_p2       |   icmp   |      0|  0|  11|           6|           7|
    |icmp_ln39_fu_16312_p2       |   icmp   |      0|  0|  13|          13|          13|
    |icmp_ln41_fu_16324_p2       |   icmp   |      0|  0|  13|          10|           9|
    |icmp_ln45_1_fu_16468_p2     |   icmp   |      0|  0|   9|           4|           1|
    |icmp_ln45_4_fu_16282_p2     |   icmp   |      0|  0|   9|           3|           1|
    |icmp_ln45_5_fu_16287_p2     |   icmp   |      0|  0|   9|           3|           1|
    |icmp_ln45_6_fu_16541_p2     |   icmp   |      0|  0|   9|           4|           1|
    |icmp_ln45_7_fu_16547_p2     |   icmp   |      0|  0|   9|           4|           1|
    |icmp_ln45_fu_16462_p2       |   icmp   |      0|  0|   9|           4|           1|
    |icmp_ln56_fu_16344_p2       |   icmp   |      0|  0|  11|           6|           7|
    |icmp_ln74_fu_17604_p2       |   icmp   |      0|  0|  11|           6|           7|
    |icmp_ln84_fu_17826_p2       |   icmp   |      0|  0|  11|           6|           7|
    |icmp_ln887_fu_18129_p2      |   icmp   |      0|  0|  13|           9|           5|
    |icmp_ln88_2_fu_18064_p2     |   icmp   |      0|  0|  11|           6|           3|
    |icmp_ln88_fu_17870_p2       |   icmp   |      0|  0|  11|           6|           5|
    |icmp_ln895_fu_18052_p2      |   icmp   |      0|  0|  11|           6|           1|
    |lshr_ln52_fu_17067_p2       |   lshr   |      0|  0|  97|          32|          32|
    |or_ln41_fu_16362_p2         |    or    |      0|  0|   2|           1|           1|
    |b_1_V_fu_17084_p3           |  select  |      0|  0|  15|           1|          15|
    |fout_V_d0                   |  select  |      0|  0|   5|           1|           5|
    |select_ln113_fu_17909_p3    |  select  |      0|  0|  32|           1|          17|
    |select_ln127_fu_18123_p3    |  select  |      0|  0|   9|           1|           3|
    |select_ln29_4_fu_16190_p3   |  select  |      0|  0|   3|           1|           3|
    |select_ln29_5_fu_16224_p3   |  select  |      0|  0|   7|           1|           7|
    |select_ln29_fu_16178_p3     |  select  |      0|  0|   3|           1|           1|
    |select_ln39_10_fu_17237_p3  |  select  |      0|  0|  15|           1|          15|
    |select_ln39_1_fu_16716_p3   |  select  |      0|  0|   5|           1|           5|
    |select_ln39_2_fu_16809_p3   |  select  |      0|  0|   8|           1|           8|
    |select_ln39_3_fu_16480_p3   |  select  |      0|  0|   4|           1|           1|
    |select_ln39_4_fu_16487_p3   |  select  |      0|  0|   2|           1|           1|
    |select_ln39_5_fu_17129_p3   |  select  |      0|  0|  15|           1|          15|
    |select_ln39_6_fu_17136_p3   |  select  |      0|  0|  15|           1|          15|
    |select_ln39_7_fu_16861_p3   |  select  |      0|  0|   8|           1|           8|
    |select_ln39_8_fu_17177_p3   |  select  |      0|  0|  11|           1|          12|
    |select_ln39_9_fu_17209_p3   |  select  |      0|  0|  15|           1|          15|
    |select_ln39_fu_16330_p3     |  select  |      0|  0|   4|           1|           1|
    |select_ln41_10_fu_16420_p3  |  select  |      0|  0|  10|           1|           1|
    |select_ln41_1_fu_16513_p3   |  select  |      0|  0|   4|           1|           4|
    |select_ln41_2_fu_16524_p3   |  select  |      0|  0|   2|           1|           2|
    |select_ln41_3_fu_17184_p3   |  select  |      0|  0|  11|           1|          12|
    |select_ln41_4_fu_17216_p3   |  select  |      0|  0|  15|           1|          15|
    |select_ln41_5_fu_17244_p3   |  select  |      0|  0|  15|           1|          15|
    |select_ln41_6_fu_17251_p3   |  select  |      0|  0|  15|           1|          15|
    |select_ln41_7_fu_17258_p3   |  select  |      0|  0|  15|           1|          15|
    |select_ln41_8_fu_16954_p3   |  select  |      0|  0|   8|           1|           8|
    |select_ln41_9_fu_16382_p3   |  select  |      0|  0|   4|           1|           4|
    |select_ln41_fu_16368_p3     |  select  |      0|  0|   6|           1|           1|
    |select_ln45_13_fu_17018_p3  |  select  |      0|  0|   4|           1|           4|
    |select_ln45_14_fu_17115_p3  |  select  |      0|  0|  15|           1|          15|
    |select_ln45_15_fu_17122_p3  |  select  |      0|  0|  15|           1|          15|
    |select_ln45_16_fu_17040_p3  |  select  |      0|  0|   4|           1|           4|
    |select_ln45_17_fu_17149_p3  |  select  |      0|  0|  15|           1|          15|
    |select_ln45_18_fu_17156_p3  |  select  |      0|  0|  15|           1|          15|
    |select_ln45_19_fu_17163_p3  |  select  |      0|  0|  11|           1|          12|
    |select_ln45_1_fu_17077_p3   |  select  |      0|  0|  15|           1|          15|
    |select_ln45_20_fu_17170_p3  |  select  |      0|  0|  11|           1|          12|
    |select_ln45_21_fu_17195_p3  |  select  |      0|  0|  15|           1|          15|
    |select_ln45_22_fu_17202_p3  |  select  |      0|  0|  15|           1|          15|
    |select_ln45_23_fu_17223_p3  |  select  |      0|  0|  15|           1|          15|
    |select_ln45_24_fu_17230_p3  |  select  |      0|  0|  15|           1|          15|
    |select_ln45_3_fu_17091_p3   |  select  |      0|  0|  15|           1|          15|
    |select_ln45_4_fu_17098_p3   |  select  |      0|  0|  15|           1|          15|
    |select_ln45_5_fu_17105_p3   |  select  |      0|  0|  11|           1|          12|
    |select_ln45_fu_16996_p3     |  select  |      0|  0|   4|           1|           4|
    |select_ln88_fu_18070_p3     |  select  |      0|  0|   6|           1|           6|
    |u_fu_17943_p3               |  select  |      0|  0|  16|           1|           2|
    |ap_enable_pp1               |    xor   |      0|  0|   2|           1|           2|
    |ap_enable_pp2               |    xor   |      0|  0|   2|           1|           2|
    |ap_enable_pp3               |    xor   |      0|  0|   2|           1|           2|
    |ap_enable_reg_pp2_iter1     |    xor   |      0|  0|   2|           2|           1|
    |ap_enable_reg_pp3_iter1     |    xor   |      0|  0|   2|           2|           1|
    |u_V_fu_16990_p2             |    xor   |      0|  0|   5|           4|           5|
    |xor_ln115_fu_17937_p2       |    xor   |      0|  0|  17|          16|          17|
    |xor_ln214_2_fu_17034_p2     |    xor   |      0|  0|   5|           4|           5|
    |xor_ln214_fu_17012_p2       |    xor   |      0|  0|   5|           4|           5|
    |xor_ln39_fu_16338_p2        |    xor   |      0|  0|   2|           1|           2|
    +----------------------------+----------+-------+---+----+------------+------------+
    |Total                       |          |     10|  0|2152|        1150|        1550|
    +----------------------------+----------+-------+---+----+------------+------------+

    * Multiplexer: 
    +------------------------------------------+----+-----------+-----+-----------+
    |                   Name                   | LUT| Input Size| Bits| Total Bits|
    +------------------------------------------+----+-----------+-----+-----------+
    |acc_b_0_V_2_reg_1734                      |   9|          2|   32|         64|
    |acc_b_0_V_6_reg_9128                      |   9|          2|   32|         64|
    |acc_b_0_V_7_reg_12302                     |  15|          3|   32|         96|
    |acc_b_10_V_2_reg_1624                     |   9|          2|   32|         64|
    |acc_b_10_V_6_reg_9008                     |   9|          2|   32|         64|
    |acc_b_10_V_7_reg_11282                    |  15|          3|   32|         96|
    |acc_b_11_V_2_reg_1613                     |   9|          2|   32|         64|
    |acc_b_11_V_6_reg_8996                     |   9|          2|   32|         64|
    |acc_b_11_V_7_reg_11180                    |  15|          3|   32|         96|
    |acc_b_12_V_2_reg_1602                     |   9|          2|   32|         64|
    |acc_b_12_V_6_reg_8984                     |   9|          2|   32|         64|
    |acc_b_12_V_7_reg_11078                    |  15|          3|   32|         96|
    |acc_b_13_V_2_reg_1591                     |   9|          2|   32|         64|
    |acc_b_13_V_6_reg_8972                     |   9|          2|   32|         64|
    |acc_b_13_V_7_reg_10976                    |  15|          3|   32|         96|
    |acc_b_14_V_2_reg_1580                     |   9|          2|   32|         64|
    |acc_b_14_V_6_reg_8960                     |   9|          2|   32|         64|
    |acc_b_14_V_7_reg_10874                    |  15|          3|   32|         96|
    |acc_b_15_V_2_reg_1569                     |   9|          2|   32|         64|
    |acc_b_15_V_6_reg_8948                     |   9|          2|   32|         64|
    |acc_b_15_V_7_reg_10772                    |  15|          3|   32|         96|
    |acc_b_16_V_2_reg_1558                     |   9|          2|   32|         64|
    |acc_b_16_V_6_reg_8936                     |   9|          2|   32|         64|
    |acc_b_16_V_7_reg_10670                    |  15|          3|   32|         96|
    |acc_b_17_V_2_reg_1547                     |   9|          2|   32|         64|
    |acc_b_17_V_6_reg_8924                     |   9|          2|   32|         64|
    |acc_b_17_V_7_reg_10568                    |  15|          3|   32|         96|
    |acc_b_18_V_2_reg_1536                     |   9|          2|   32|         64|
    |acc_b_18_V_6_reg_8912                     |   9|          2|   32|         64|
    |acc_b_18_V_7_reg_10466                    |  15|          3|   32|         96|
    |acc_b_19_V_2_reg_1525                     |   9|          2|   32|         64|
    |acc_b_19_V_6_reg_8900                     |   9|          2|   32|         64|
    |acc_b_19_V_7_reg_10364                    |  15|          3|   32|         96|
    |acc_b_1_V_2_reg_1723                      |   9|          2|   32|         64|
    |acc_b_1_V_6_reg_9116                      |   9|          2|   32|         64|
    |acc_b_1_V_7_reg_12200                     |  15|          3|   32|         96|
    |acc_b_20_V_2_reg_1514                     |   9|          2|   32|         64|
    |acc_b_20_V_6_reg_8888                     |   9|          2|   32|         64|
    |acc_b_20_V_7_reg_10262                    |  15|          3|   32|         96|
    |acc_b_21_V_2_reg_1503                     |   9|          2|   32|         64|
    |acc_b_21_V_6_reg_8876                     |   9|          2|   32|         64|
    |acc_b_21_V_7_reg_10160                    |  15|          3|   32|         96|
    |acc_b_22_V_2_reg_1492                     |   9|          2|   32|         64|
    |acc_b_22_V_6_reg_8864                     |   9|          2|   32|         64|
    |acc_b_22_V_7_reg_10058                    |  15|          3|   32|         96|
    |acc_b_23_V_2_reg_1481                     |   9|          2|   32|         64|
    |acc_b_23_V_6_reg_8852                     |   9|          2|   32|         64|
    |acc_b_23_V_7_reg_9956                     |  15|          3|   32|         96|
    |acc_b_24_V_2_reg_1470                     |   9|          2|   32|         64|
    |acc_b_24_V_6_reg_8840                     |   9|          2|   32|         64|
    |acc_b_24_V_7_reg_9854                     |  15|          3|   32|         96|
    |acc_b_25_V_2_reg_1459                     |   9|          2|   32|         64|
    |acc_b_25_V_6_reg_8828                     |   9|          2|   32|         64|
    |acc_b_25_V_7_reg_9752                     |  15|          3|   32|         96|
    |acc_b_26_V_2_reg_1448                     |   9|          2|   32|         64|
    |acc_b_26_V_6_reg_8816                     |   9|          2|   32|         64|
    |acc_b_26_V_7_reg_9650                     |  15|          3|   32|         96|
    |acc_b_27_V_2_reg_1437                     |   9|          2|   32|         64|
    |acc_b_27_V_6_reg_8804                     |   9|          2|   32|         64|
    |acc_b_27_V_7_reg_9548                     |  15|          3|   32|         96|
    |acc_b_28_V_2_reg_1426                     |   9|          2|   32|         64|
    |acc_b_28_V_6_reg_8792                     |   9|          2|   32|         64|
    |acc_b_28_V_7_reg_9446                     |  15|          3|   32|         96|
    |acc_b_29_V_2_reg_1415                     |   9|          2|   32|         64|
    |acc_b_29_V_6_reg_8780                     |   9|          2|   32|         64|
    |acc_b_29_V_7_reg_9344                     |  15|          3|   32|         96|
    |acc_b_2_V_2_reg_1712                      |   9|          2|   32|         64|
    |acc_b_2_V_6_reg_9104                      |   9|          2|   32|         64|
    |acc_b_2_V_7_reg_12098                     |  15|          3|   32|         96|
    |acc_b_30_V_2_reg_1404                     |   9|          2|   32|         64|
    |acc_b_30_V_6_reg_8768                     |   9|          2|   32|         64|
    |acc_b_30_V_7_reg_9242                     |  15|          3|   32|         96|
    |acc_b_31_V_2_reg_1393                     |   9|          2|   32|         64|
    |acc_b_31_V_6_reg_8756                     |   9|          2|   32|         64|
    |acc_b_31_V_7_reg_9140                     |  15|          3|   32|         96|
    |acc_b_3_V_2_reg_1701                      |   9|          2|   32|         64|
    |acc_b_3_V_6_reg_9092                      |   9|          2|   32|         64|
    |acc_b_3_V_7_reg_11996                     |  15|          3|   32|         96|
    |acc_b_4_V_2_reg_1690                      |   9|          2|   32|         64|
    |acc_b_4_V_6_reg_9080                      |   9|          2|   32|         64|
    |acc_b_4_V_7_reg_11894                     |  15|          3|   32|         96|
    |acc_b_5_V_2_reg_1679                      |   9|          2|   32|         64|
    |acc_b_5_V_6_reg_9068                      |   9|          2|   32|         64|
    |acc_b_5_V_7_reg_11792                     |  15|          3|   32|         96|
    |acc_b_6_V_2_reg_1668                      |   9|          2|   32|         64|
    |acc_b_6_V_6_reg_9056                      |   9|          2|   32|         64|
    |acc_b_6_V_7_reg_11690                     |  15|          3|   32|         96|
    |acc_b_7_V_2_reg_1657                      |   9|          2|   32|         64|
    |acc_b_7_V_6_reg_9044                      |   9|          2|   32|         64|
    |acc_b_7_V_7_reg_11588                     |  15|          3|   32|         96|
    |acc_b_8_V_2_reg_1646                      |   9|          2|   32|         64|
    |acc_b_8_V_6_reg_9032                      |   9|          2|   32|         64|
    |acc_b_8_V_7_reg_11486                     |  15|          3|   32|         96|
    |acc_b_9_V_2_reg_1635                      |   9|          2|   32|         64|
    |acc_b_9_V_6_reg_9020                      |   9|          2|   32|         64|
    |acc_b_9_V_7_reg_11384                     |  15|          3|   32|         96|
    |acc_s_0_V_2_reg_2086                      |   9|          2|   32|         64|
    |acc_s_0_V_6_reg_12776                     |   9|          2|   32|         64|
    |acc_s_10_V_2_reg_1976                     |   9|          2|   32|         64|
    |acc_s_10_V_6_reg_12656                    |   9|          2|   32|         64|
    |acc_s_11_V_2_reg_1965                     |   9|          2|   32|         64|
    |acc_s_11_V_6_reg_12644                    |   9|          2|   32|         64|
    |acc_s_12_V_2_reg_1954                     |   9|          2|   32|         64|
    |acc_s_12_V_6_reg_12632                    |   9|          2|   32|         64|
    |acc_s_13_V_2_reg_1943                     |   9|          2|   32|         64|
    |acc_s_13_V_6_reg_12620                    |   9|          2|   32|         64|
    |acc_s_14_V_2_reg_1932                     |   9|          2|   32|         64|
    |acc_s_14_V_6_reg_12608                    |   9|          2|   32|         64|
    |acc_s_15_V_2_reg_1921                     |   9|          2|   32|         64|
    |acc_s_15_V_6_reg_12596                    |   9|          2|   32|         64|
    |acc_s_16_V_2_reg_1910                     |   9|          2|   32|         64|
    |acc_s_16_V_6_reg_12584                    |   9|          2|   32|         64|
    |acc_s_17_V_2_reg_1899                     |   9|          2|   32|         64|
    |acc_s_17_V_6_reg_12572                    |   9|          2|   32|         64|
    |acc_s_18_V_2_reg_1888                     |   9|          2|   32|         64|
    |acc_s_18_V_6_reg_12560                    |   9|          2|   32|         64|
    |acc_s_19_V_2_reg_1877                     |   9|          2|   32|         64|
    |acc_s_19_V_6_reg_12548                    |   9|          2|   32|         64|
    |acc_s_1_V_2_reg_2075                      |   9|          2|   32|         64|
    |acc_s_1_V_6_reg_12764                     |   9|          2|   32|         64|
    |acc_s_20_V_2_reg_1866                     |   9|          2|   32|         64|
    |acc_s_20_V_6_reg_12536                    |   9|          2|   32|         64|
    |acc_s_21_V_2_reg_1855                     |   9|          2|   32|         64|
    |acc_s_21_V_6_reg_12524                    |   9|          2|   32|         64|
    |acc_s_22_V_2_reg_1844                     |   9|          2|   32|         64|
    |acc_s_22_V_6_reg_12512                    |   9|          2|   32|         64|
    |acc_s_23_V_2_reg_1833                     |   9|          2|   32|         64|
    |acc_s_23_V_6_reg_12500                    |   9|          2|   32|         64|
    |acc_s_24_V_2_reg_1822                     |   9|          2|   32|         64|
    |acc_s_24_V_6_reg_12488                    |   9|          2|   32|         64|
    |acc_s_25_V_2_reg_1811                     |   9|          2|   32|         64|
    |acc_s_25_V_6_reg_12476                    |   9|          2|   32|         64|
    |acc_s_26_V_2_reg_1800                     |   9|          2|   32|         64|
    |acc_s_26_V_6_reg_12464                    |   9|          2|   32|         64|
    |acc_s_27_V_2_reg_1789                     |   9|          2|   32|         64|
    |acc_s_27_V_6_reg_12452                    |   9|          2|   32|         64|
    |acc_s_28_V_2_reg_1778                     |   9|          2|   32|         64|
    |acc_s_28_V_6_reg_12440                    |   9|          2|   32|         64|
    |acc_s_29_V_2_reg_1767                     |   9|          2|   32|         64|
    |acc_s_29_V_6_reg_12428                    |   9|          2|   32|         64|
    |acc_s_2_V_2_reg_2064                      |   9|          2|   32|         64|
    |acc_s_2_V_6_reg_12752                     |   9|          2|   32|         64|
    |acc_s_30_V_2_reg_1756                     |   9|          2|   32|         64|
    |acc_s_30_V_6_reg_12416                    |   9|          2|   32|         64|
    |acc_s_31_V_2_reg_1745                     |   9|          2|   32|         64|
    |acc_s_31_V_6_reg_12404                    |   9|          2|   32|         64|
    |acc_s_3_V_2_reg_2053                      |   9|          2|   32|         64|
    |acc_s_3_V_6_reg_12740                     |   9|          2|   32|         64|
    |acc_s_4_V_2_reg_2042                      |   9|          2|   32|         64|
    |acc_s_4_V_6_reg_12728                     |   9|          2|   32|         64|
    |acc_s_5_V_2_reg_2031                      |   9|          2|   32|         64|
    |acc_s_5_V_6_reg_12716                     |   9|          2|   32|         64|
    |acc_s_6_V_2_reg_2020                      |   9|          2|   32|         64|
    |acc_s_6_V_6_reg_12704                     |   9|          2|   32|         64|
    |acc_s_7_V_2_reg_2009                      |   9|          2|   32|         64|
    |acc_s_7_V_6_reg_12692                     |   9|          2|   32|         64|
    |acc_s_8_V_2_reg_1998                      |   9|          2|   32|         64|
    |acc_s_8_V_6_reg_12680                     |   9|          2|   32|         64|
    |acc_s_9_V_2_reg_1987                      |   9|          2|   32|         64|
    |acc_s_9_V_6_reg_12668                     |   9|          2|   32|         64|
    |ap_NS_fsm                                 |  59|         14|    1|         14|
    |ap_enable_reg_pp1_iter11                  |   9|          2|    1|          2|
    |ap_enable_reg_pp1_iter12                  |  15|          3|    1|          3|
    |ap_enable_reg_pp2_iter1                   |  15|          3|    1|          3|
    |ap_enable_reg_pp3_iter1                   |   9|          2|    1|          2|
    |ap_enable_reg_pp3_iter5                   |   9|          2|    1|          2|
    |ap_phi_mux_acc_b_0_V_3_phi_fu_5305_p64    |  15|          3|   32|         96|
    |ap_phi_mux_acc_b_0_V_6_phi_fu_9132_p4     |   9|          2|   32|         64|
    |ap_phi_mux_acc_b_10_V_3_phi_fu_4275_p64   |  15|          3|   32|         96|
    |ap_phi_mux_acc_b_10_V_6_phi_fu_9012_p4    |   9|          2|   32|         64|
    |ap_phi_mux_acc_b_11_V_3_phi_fu_4172_p64   |  15|          3|   32|         96|
    |ap_phi_mux_acc_b_11_V_6_phi_fu_9000_p4    |   9|          2|   32|         64|
    |ap_phi_mux_acc_b_12_V_3_phi_fu_4069_p64   |  15|          3|   32|         96|
    |ap_phi_mux_acc_b_12_V_6_phi_fu_8988_p4    |   9|          2|   32|         64|
    |ap_phi_mux_acc_b_13_V_3_phi_fu_3966_p64   |  15|          3|   32|         96|
    |ap_phi_mux_acc_b_13_V_6_phi_fu_8976_p4    |   9|          2|   32|         64|
    |ap_phi_mux_acc_b_14_V_3_phi_fu_3863_p64   |  15|          3|   32|         96|
    |ap_phi_mux_acc_b_14_V_6_phi_fu_8964_p4    |   9|          2|   32|         64|
    |ap_phi_mux_acc_b_15_V_3_phi_fu_3760_p64   |  15|          3|   32|         96|
    |ap_phi_mux_acc_b_15_V_6_phi_fu_8952_p4    |   9|          2|   32|         64|
    |ap_phi_mux_acc_b_16_V_3_phi_fu_3657_p64   |  15|          3|   32|         96|
    |ap_phi_mux_acc_b_16_V_6_phi_fu_8940_p4    |   9|          2|   32|         64|
    |ap_phi_mux_acc_b_17_V_3_phi_fu_3554_p64   |  15|          3|   32|         96|
    |ap_phi_mux_acc_b_17_V_6_phi_fu_8928_p4    |   9|          2|   32|         64|
    |ap_phi_mux_acc_b_18_V_3_phi_fu_3451_p64   |  15|          3|   32|         96|
    |ap_phi_mux_acc_b_18_V_6_phi_fu_8916_p4    |   9|          2|   32|         64|
    |ap_phi_mux_acc_b_19_V_3_phi_fu_3348_p64   |  15|          3|   32|         96|
    |ap_phi_mux_acc_b_19_V_6_phi_fu_8904_p4    |   9|          2|   32|         64|
    |ap_phi_mux_acc_b_1_V_3_phi_fu_5202_p64    |  15|          3|   32|         96|
    |ap_phi_mux_acc_b_1_V_6_phi_fu_9120_p4     |   9|          2|   32|         64|
    |ap_phi_mux_acc_b_20_V_3_phi_fu_3245_p64   |  15|          3|   32|         96|
    |ap_phi_mux_acc_b_20_V_6_phi_fu_8892_p4    |   9|          2|   32|         64|
    |ap_phi_mux_acc_b_21_V_3_phi_fu_3142_p64   |  15|          3|   32|         96|
    |ap_phi_mux_acc_b_21_V_6_phi_fu_8880_p4    |   9|          2|   32|         64|
    |ap_phi_mux_acc_b_22_V_3_phi_fu_3039_p64   |  15|          3|   32|         96|
    |ap_phi_mux_acc_b_22_V_6_phi_fu_8868_p4    |   9|          2|   32|         64|
    |ap_phi_mux_acc_b_23_V_3_phi_fu_2936_p64   |  15|          3|   32|         96|
    |ap_phi_mux_acc_b_23_V_6_phi_fu_8856_p4    |   9|          2|   32|         64|
    |ap_phi_mux_acc_b_24_V_3_phi_fu_2833_p64   |  15|          3|   32|         96|
    |ap_phi_mux_acc_b_24_V_6_phi_fu_8844_p4    |   9|          2|   32|         64|
    |ap_phi_mux_acc_b_25_V_3_phi_fu_2730_p64   |  15|          3|   32|         96|
    |ap_phi_mux_acc_b_25_V_6_phi_fu_8832_p4    |   9|          2|   32|         64|
    |ap_phi_mux_acc_b_26_V_3_phi_fu_2627_p64   |  15|          3|   32|         96|
    |ap_phi_mux_acc_b_26_V_6_phi_fu_8820_p4    |   9|          2|   32|         64|
    |ap_phi_mux_acc_b_27_V_3_phi_fu_2524_p64   |  15|          3|   32|         96|
    |ap_phi_mux_acc_b_27_V_6_phi_fu_8808_p4    |   9|          2|   32|         64|
    |ap_phi_mux_acc_b_28_V_3_phi_fu_2421_p64   |  15|          3|   32|         96|
    |ap_phi_mux_acc_b_28_V_6_phi_fu_8796_p4    |   9|          2|   32|         64|
    |ap_phi_mux_acc_b_29_V_3_phi_fu_2318_p64   |  15|          3|   32|         96|
    |ap_phi_mux_acc_b_29_V_6_phi_fu_8784_p4    |   9|          2|   32|         64|
    |ap_phi_mux_acc_b_2_V_3_phi_fu_5099_p64    |  15|          3|   32|         96|
    |ap_phi_mux_acc_b_2_V_6_phi_fu_9108_p4     |   9|          2|   32|         64|
    |ap_phi_mux_acc_b_30_V_3_phi_fu_2215_p64   |  15|          3|   32|         96|
    |ap_phi_mux_acc_b_30_V_6_phi_fu_8772_p4    |   9|          2|   32|         64|
    |ap_phi_mux_acc_b_31_V_3_phi_fu_2112_p64   |  15|          3|   32|         96|
    |ap_phi_mux_acc_b_31_V_6_phi_fu_8760_p4    |   9|          2|   32|         64|
    |ap_phi_mux_acc_b_3_V_3_phi_fu_4996_p64    |  15|          3|   32|         96|
    |ap_phi_mux_acc_b_3_V_6_phi_fu_9096_p4     |   9|          2|   32|         64|
    |ap_phi_mux_acc_b_4_V_3_phi_fu_4893_p64    |  15|          3|   32|         96|
    |ap_phi_mux_acc_b_4_V_6_phi_fu_9084_p4     |   9|          2|   32|         64|
    |ap_phi_mux_acc_b_5_V_3_phi_fu_4790_p64    |  15|          3|   32|         96|
    |ap_phi_mux_acc_b_5_V_6_phi_fu_9072_p4     |   9|          2|   32|         64|
    |ap_phi_mux_acc_b_6_V_3_phi_fu_4687_p64    |  15|          3|   32|         96|
    |ap_phi_mux_acc_b_6_V_6_phi_fu_9060_p4     |   9|          2|   32|         64|
    |ap_phi_mux_acc_b_7_V_3_phi_fu_4584_p64    |  15|          3|   32|         96|
    |ap_phi_mux_acc_b_7_V_6_phi_fu_9048_p4     |   9|          2|   32|         64|
    |ap_phi_mux_acc_b_8_V_3_phi_fu_4481_p64    |  15|          3|   32|         96|
    |ap_phi_mux_acc_b_8_V_6_phi_fu_9036_p4     |   9|          2|   32|         64|
    |ap_phi_mux_acc_b_9_V_3_phi_fu_4378_p64    |  15|          3|   32|         96|
    |ap_phi_mux_acc_b_9_V_6_phi_fu_9024_p4     |   9|          2|   32|         64|
    |ap_phi_mux_acc_s_0_V_3_phi_fu_8601_p64    |  15|          3|   32|         96|
    |ap_phi_mux_acc_s_0_V_6_phi_fu_12780_p4    |   9|          2|   32|         64|
    |ap_phi_mux_acc_s_0_V_7_phi_fu_15954_p64   |  15|          3|   32|         96|
    |ap_phi_mux_acc_s_10_V_3_phi_fu_7571_p64   |  15|          3|   32|         96|
    |ap_phi_mux_acc_s_10_V_6_phi_fu_12660_p4   |   9|          2|   32|         64|
    |ap_phi_mux_acc_s_10_V_7_phi_fu_14934_p64  |  15|          3|   32|         96|
    |ap_phi_mux_acc_s_11_V_3_phi_fu_7468_p64   |  15|          3|   32|         96|
    |ap_phi_mux_acc_s_11_V_6_phi_fu_12648_p4   |   9|          2|   32|         64|
    |ap_phi_mux_acc_s_11_V_7_phi_fu_14832_p64  |  15|          3|   32|         96|
    |ap_phi_mux_acc_s_12_V_3_phi_fu_7365_p64   |  15|          3|   32|         96|
    |ap_phi_mux_acc_s_12_V_6_phi_fu_12636_p4   |   9|          2|   32|         64|
    |ap_phi_mux_acc_s_12_V_7_phi_fu_14730_p64  |  15|          3|   32|         96|
    |ap_phi_mux_acc_s_13_V_3_phi_fu_7262_p64   |  15|          3|   32|         96|
    |ap_phi_mux_acc_s_13_V_6_phi_fu_12624_p4   |   9|          2|   32|         64|
    |ap_phi_mux_acc_s_13_V_7_phi_fu_14628_p64  |  15|          3|   32|         96|
    |ap_phi_mux_acc_s_14_V_3_phi_fu_7159_p64   |  15|          3|   32|         96|
    |ap_phi_mux_acc_s_14_V_6_phi_fu_12612_p4   |   9|          2|   32|         64|
    |ap_phi_mux_acc_s_14_V_7_phi_fu_14526_p64  |  15|          3|   32|         96|
    |ap_phi_mux_acc_s_15_V_3_phi_fu_7056_p64   |  15|          3|   32|         96|
    |ap_phi_mux_acc_s_15_V_6_phi_fu_12600_p4   |   9|          2|   32|         64|
    |ap_phi_mux_acc_s_15_V_7_phi_fu_14424_p64  |  15|          3|   32|         96|
    |ap_phi_mux_acc_s_16_V_3_phi_fu_6953_p64   |  15|          3|   32|         96|
    |ap_phi_mux_acc_s_16_V_6_phi_fu_12588_p4   |   9|          2|   32|         64|
    |ap_phi_mux_acc_s_16_V_7_phi_fu_14322_p64  |  15|          3|   32|         96|
    |ap_phi_mux_acc_s_17_V_3_phi_fu_6850_p64   |  15|          3|   32|         96|
    |ap_phi_mux_acc_s_17_V_6_phi_fu_12576_p4   |   9|          2|   32|         64|
    |ap_phi_mux_acc_s_17_V_7_phi_fu_14220_p64  |  15|          3|   32|         96|
    |ap_phi_mux_acc_s_18_V_3_phi_fu_6747_p64   |  15|          3|   32|         96|
    |ap_phi_mux_acc_s_18_V_6_phi_fu_12564_p4   |   9|          2|   32|         64|
    |ap_phi_mux_acc_s_18_V_7_phi_fu_14118_p64  |  15|          3|   32|         96|
    |ap_phi_mux_acc_s_19_V_3_phi_fu_6644_p64   |  15|          3|   32|         96|
    |ap_phi_mux_acc_s_19_V_6_phi_fu_12552_p4   |   9|          2|   32|         64|
    |ap_phi_mux_acc_s_19_V_7_phi_fu_14016_p64  |  15|          3|   32|         96|
    |ap_phi_mux_acc_s_1_V_3_phi_fu_8498_p64    |  15|          3|   32|         96|
    |ap_phi_mux_acc_s_1_V_6_phi_fu_12768_p4    |   9|          2|   32|         64|
    |ap_phi_mux_acc_s_1_V_7_phi_fu_15852_p64   |  15|          3|   32|         96|
    |ap_phi_mux_acc_s_20_V_3_phi_fu_6541_p64   |  15|          3|   32|         96|
    |ap_phi_mux_acc_s_20_V_6_phi_fu_12540_p4   |   9|          2|   32|         64|
    |ap_phi_mux_acc_s_20_V_7_phi_fu_13914_p64  |  15|          3|   32|         96|
    |ap_phi_mux_acc_s_21_V_3_phi_fu_6438_p64   |  15|          3|   32|         96|
    |ap_phi_mux_acc_s_21_V_6_phi_fu_12528_p4   |   9|          2|   32|         64|
    |ap_phi_mux_acc_s_21_V_7_phi_fu_13812_p64  |  15|          3|   32|         96|
    |ap_phi_mux_acc_s_22_V_3_phi_fu_6335_p64   |  15|          3|   32|         96|
    |ap_phi_mux_acc_s_22_V_6_phi_fu_12516_p4   |   9|          2|   32|         64|
    |ap_phi_mux_acc_s_22_V_7_phi_fu_13710_p64  |  15|          3|   32|         96|
    |ap_phi_mux_acc_s_23_V_3_phi_fu_6232_p64   |  15|          3|   32|         96|
    |ap_phi_mux_acc_s_23_V_6_phi_fu_12504_p4   |   9|          2|   32|         64|
    |ap_phi_mux_acc_s_23_V_7_phi_fu_13608_p64  |  15|          3|   32|         96|
    |ap_phi_mux_acc_s_24_V_3_phi_fu_6129_p64   |  15|          3|   32|         96|
    |ap_phi_mux_acc_s_24_V_6_phi_fu_12492_p4   |   9|          2|   32|         64|
    |ap_phi_mux_acc_s_24_V_7_phi_fu_13506_p64  |  15|          3|   32|         96|
    |ap_phi_mux_acc_s_25_V_3_phi_fu_6026_p64   |  15|          3|   32|         96|
    |ap_phi_mux_acc_s_25_V_6_phi_fu_12480_p4   |   9|          2|   32|         64|
    |ap_phi_mux_acc_s_25_V_7_phi_fu_13404_p64  |  15|          3|   32|         96|
    |ap_phi_mux_acc_s_26_V_3_phi_fu_5923_p64   |  15|          3|   32|         96|
    |ap_phi_mux_acc_s_26_V_6_phi_fu_12468_p4   |   9|          2|   32|         64|
    |ap_phi_mux_acc_s_26_V_7_phi_fu_13302_p64  |  15|          3|   32|         96|
    |ap_phi_mux_acc_s_27_V_3_phi_fu_5820_p64   |  15|          3|   32|         96|
    |ap_phi_mux_acc_s_27_V_6_phi_fu_12456_p4   |   9|          2|   32|         64|
    |ap_phi_mux_acc_s_27_V_7_phi_fu_13200_p64  |  15|          3|   32|         96|
    |ap_phi_mux_acc_s_28_V_3_phi_fu_5717_p64   |  15|          3|   32|         96|
    |ap_phi_mux_acc_s_28_V_6_phi_fu_12444_p4   |   9|          2|   32|         64|
    |ap_phi_mux_acc_s_28_V_7_phi_fu_13098_p64  |  15|          3|   32|         96|
    |ap_phi_mux_acc_s_29_V_3_phi_fu_5614_p64   |  15|          3|   32|         96|
    |ap_phi_mux_acc_s_29_V_6_phi_fu_12432_p4   |   9|          2|   32|         64|
    |ap_phi_mux_acc_s_29_V_7_phi_fu_12996_p64  |  15|          3|   32|         96|
    |ap_phi_mux_acc_s_2_V_3_phi_fu_8395_p64    |  15|          3|   32|         96|
    |ap_phi_mux_acc_s_2_V_6_phi_fu_12756_p4    |   9|          2|   32|         64|
    |ap_phi_mux_acc_s_2_V_7_phi_fu_15750_p64   |  15|          3|   32|         96|
    |ap_phi_mux_acc_s_30_V_3_phi_fu_5511_p64   |  15|          3|   32|         96|
    |ap_phi_mux_acc_s_30_V_6_phi_fu_12420_p4   |   9|          2|   32|         64|
    |ap_phi_mux_acc_s_30_V_7_phi_fu_12894_p64  |  15|          3|   32|         96|
    |ap_phi_mux_acc_s_31_V_3_phi_fu_5408_p64   |  15|          3|   32|         96|
    |ap_phi_mux_acc_s_31_V_6_phi_fu_12408_p4   |   9|          2|   32|         64|
    |ap_phi_mux_acc_s_31_V_7_phi_fu_12792_p64  |  15|          3|   32|         96|
    |ap_phi_mux_acc_s_3_V_3_phi_fu_8292_p64    |  15|          3|   32|         96|
    |ap_phi_mux_acc_s_3_V_6_phi_fu_12744_p4    |   9|          2|   32|         64|
    |ap_phi_mux_acc_s_3_V_7_phi_fu_15648_p64   |  15|          3|   32|         96|
    |ap_phi_mux_acc_s_4_V_3_phi_fu_8189_p64    |  15|          3|   32|         96|
    |ap_phi_mux_acc_s_4_V_6_phi_fu_12732_p4    |   9|          2|   32|         64|
    |ap_phi_mux_acc_s_4_V_7_phi_fu_15546_p64   |  15|          3|   32|         96|
    |ap_phi_mux_acc_s_5_V_3_phi_fu_8086_p64    |  15|          3|   32|         96|
    |ap_phi_mux_acc_s_5_V_6_phi_fu_12720_p4    |   9|          2|   32|         64|
    |ap_phi_mux_acc_s_5_V_7_phi_fu_15444_p64   |  15|          3|   32|         96|
    |ap_phi_mux_acc_s_6_V_3_phi_fu_7983_p64    |  15|          3|   32|         96|
    |ap_phi_mux_acc_s_6_V_6_phi_fu_12708_p4    |   9|          2|   32|         64|
    |ap_phi_mux_acc_s_6_V_7_phi_fu_15342_p64   |  15|          3|   32|         96|
    |ap_phi_mux_acc_s_7_V_3_phi_fu_7880_p64    |  15|          3|   32|         96|
    |ap_phi_mux_acc_s_7_V_6_phi_fu_12696_p4    |   9|          2|   32|         64|
    |ap_phi_mux_acc_s_7_V_7_phi_fu_15240_p64   |  15|          3|   32|         96|
    |ap_phi_mux_acc_s_8_V_3_phi_fu_7777_p64    |  15|          3|   32|         96|
    |ap_phi_mux_acc_s_8_V_6_phi_fu_12684_p4    |   9|          2|   32|         64|
    |ap_phi_mux_acc_s_8_V_7_phi_fu_15138_p64   |  15|          3|   32|         96|
    |ap_phi_mux_acc_s_9_V_3_phi_fu_7674_p64    |  15|          3|   32|         96|
    |ap_phi_mux_acc_s_9_V_6_phi_fu_12672_p4    |   9|          2|   32|         64|
    |ap_phi_mux_acc_s_9_V_7_phi_fu_15036_p64   |  15|          3|   32|         96|
    |ap_phi_mux_i_0_phi_fu_8749_p4             |   9|          2|    5|         10|
    |ap_phi_mux_t_0_phi_fu_8726_p4             |   9|          2|    4|          8|
    |c2_lut_b_V_0_address0                     |  21|          4|    4|         16|
    |c2_lut_b_V_1_address0                     |  21|          4|    4|         16|
    |c2_lut_b_V_2_address0                     |  21|          4|    4|         16|
    |c2_lut_b_V_3_address0                     |  21|          4|    4|         16|
    |c2_lut_s_V_address0                       |  21|          4|    4|         16|
    |f1_V_address0                             |  21|          4|   12|         48|
    |i_0_reg_8745                              |   9|          2|    5|         10|
    |indvar_flatten235_reg_8700                |   9|          2|   13|         26|
    |indvar_flatten243_reg_592                 |   9|          2|    6|         12|
    |indvar_flatten_reg_8711                   |   9|          2|   10|         20|
    |o10_0_reg_16074                           |   9|          2|    6|         12|
    |o7_0_reg_8734                             |   9|          2|    6|         12|
    |o9_0_reg_16052                            |   9|          2|    6|         12|
    |o_0_reg_2097                              |   9|          2|    6|         12|
    |p_0_reg_16086                             |   9|          2|    6|         12|
    |phi_mul37_reg_16097                       |   9|          2|   12|         24|
    |phi_mul_reg_16063                         |   9|          2|   11|         22|
    |phi_urem_reg_16108                        |   9|          2|    6|         12|
    |t_0_reg_8722                              |   9|          2|    4|          8|
    |v_map_V_address0                          |  15|          3|   11|         33|
    |v_map_V_ce0                               |  15|          3|    1|          3|
    |x_0_reg_1382                              |   9|          2|    3|          6|
    |y_0_reg_603                               |   9|          2|    3|          6|
    |yb_address0                               |  15|          3|    6|         18|
    |yb_ce0                                    |  15|          3|    1|          3|
    |yb_we0                                    |   9|          2|    1|          2|
    +------------------------------------------+----+-----------+-----+-----------+
    |Total                                     |4112|        866|10410|      25013|
    +------------------------------------------+----+-----------+-----+-----------+

    * Register: 
    +---------------------------------------------+----+----+-----+-----------+
    |                     Name                    | FF | LUT| Bits| Const Bits|
    +---------------------------------------------+----+----+-----+-----------+
    |acc_b_0_V_1_reg_986                          |  32|   0|   32|          0|
    |acc_b_0_V_2_reg_1734                         |  32|   0|   32|          0|
    |acc_b_0_V_6_reg_9128                         |  32|   0|   32|          0|
    |acc_b_0_V_7_reg_12302                        |  32|   0|   32|          0|
    |acc_b_10_V_1_reg_866                         |  32|   0|   32|          0|
    |acc_b_10_V_2_reg_1624                        |  32|   0|   32|          0|
    |acc_b_10_V_6_reg_9008                        |  32|   0|   32|          0|
    |acc_b_10_V_7_reg_11282                       |  32|   0|   32|          0|
    |acc_b_11_V_1_reg_854                         |  32|   0|   32|          0|
    |acc_b_11_V_2_reg_1613                        |  32|   0|   32|          0|
    |acc_b_11_V_6_reg_8996                        |  32|   0|   32|          0|
    |acc_b_11_V_7_reg_11180                       |  32|   0|   32|          0|
    |acc_b_12_V_1_reg_842                         |  32|   0|   32|          0|
    |acc_b_12_V_2_reg_1602                        |  32|   0|   32|          0|
    |acc_b_12_V_6_reg_8984                        |  32|   0|   32|          0|
    |acc_b_12_V_7_reg_11078                       |  32|   0|   32|          0|
    |acc_b_13_V_1_reg_830                         |  32|   0|   32|          0|
    |acc_b_13_V_2_reg_1591                        |  32|   0|   32|          0|
    |acc_b_13_V_6_reg_8972                        |  32|   0|   32|          0|
    |acc_b_13_V_7_reg_10976                       |  32|   0|   32|          0|
    |acc_b_14_V_1_reg_818                         |  32|   0|   32|          0|
    |acc_b_14_V_2_reg_1580                        |  32|   0|   32|          0|
    |acc_b_14_V_6_reg_8960                        |  32|   0|   32|          0|
    |acc_b_14_V_7_reg_10874                       |  32|   0|   32|          0|
    |acc_b_15_V_1_reg_806                         |  32|   0|   32|          0|
    |acc_b_15_V_2_reg_1569                        |  32|   0|   32|          0|
    |acc_b_15_V_6_reg_8948                        |  32|   0|   32|          0|
    |acc_b_15_V_7_reg_10772                       |  32|   0|   32|          0|
    |acc_b_16_V_1_reg_794                         |  32|   0|   32|          0|
    |acc_b_16_V_2_reg_1558                        |  32|   0|   32|          0|
    |acc_b_16_V_6_reg_8936                        |  32|   0|   32|          0|
    |acc_b_16_V_7_reg_10670                       |  32|   0|   32|          0|
    |acc_b_17_V_1_reg_782                         |  32|   0|   32|          0|
    |acc_b_17_V_2_reg_1547                        |  32|   0|   32|          0|
    |acc_b_17_V_6_reg_8924                        |  32|   0|   32|          0|
    |acc_b_17_V_7_reg_10568                       |  32|   0|   32|          0|
    |acc_b_18_V_1_reg_770                         |  32|   0|   32|          0|
    |acc_b_18_V_2_reg_1536                        |  32|   0|   32|          0|
    |acc_b_18_V_6_reg_8912                        |  32|   0|   32|          0|
    |acc_b_18_V_7_reg_10466                       |  32|   0|   32|          0|
    |acc_b_19_V_1_reg_758                         |  32|   0|   32|          0|
    |acc_b_19_V_2_reg_1525                        |  32|   0|   32|          0|
    |acc_b_19_V_6_reg_8900                        |  32|   0|   32|          0|
    |acc_b_19_V_7_reg_10364                       |  32|   0|   32|          0|
    |acc_b_1_V_1_reg_974                          |  32|   0|   32|          0|
    |acc_b_1_V_2_reg_1723                         |  32|   0|   32|          0|
    |acc_b_1_V_6_reg_9116                         |  32|   0|   32|          0|
    |acc_b_1_V_7_reg_12200                        |  32|   0|   32|          0|
    |acc_b_20_V_1_reg_746                         |  32|   0|   32|          0|
    |acc_b_20_V_2_reg_1514                        |  32|   0|   32|          0|
    |acc_b_20_V_6_reg_8888                        |  32|   0|   32|          0|
    |acc_b_20_V_7_reg_10262                       |  32|   0|   32|          0|
    |acc_b_21_V_1_reg_734                         |  32|   0|   32|          0|
    |acc_b_21_V_2_reg_1503                        |  32|   0|   32|          0|
    |acc_b_21_V_6_reg_8876                        |  32|   0|   32|          0|
    |acc_b_21_V_7_reg_10160                       |  32|   0|   32|          0|
    |acc_b_22_V_1_reg_722                         |  32|   0|   32|          0|
    |acc_b_22_V_2_reg_1492                        |  32|   0|   32|          0|
    |acc_b_22_V_6_reg_8864                        |  32|   0|   32|          0|
    |acc_b_22_V_7_reg_10058                       |  32|   0|   32|          0|
    |acc_b_23_V_1_reg_710                         |  32|   0|   32|          0|
    |acc_b_23_V_2_reg_1481                        |  32|   0|   32|          0|
    |acc_b_23_V_6_reg_8852                        |  32|   0|   32|          0|
    |acc_b_23_V_7_reg_9956                        |  32|   0|   32|          0|
    |acc_b_24_V_1_reg_698                         |  32|   0|   32|          0|
    |acc_b_24_V_2_reg_1470                        |  32|   0|   32|          0|
    |acc_b_24_V_6_reg_8840                        |  32|   0|   32|          0|
    |acc_b_24_V_7_reg_9854                        |  32|   0|   32|          0|
    |acc_b_25_V_1_reg_686                         |  32|   0|   32|          0|
    |acc_b_25_V_2_reg_1459                        |  32|   0|   32|          0|
    |acc_b_25_V_6_reg_8828                        |  32|   0|   32|          0|
    |acc_b_25_V_7_reg_9752                        |  32|   0|   32|          0|
    |acc_b_26_V_1_reg_674                         |  32|   0|   32|          0|
    |acc_b_26_V_2_reg_1448                        |  32|   0|   32|          0|
    |acc_b_26_V_6_reg_8816                        |  32|   0|   32|          0|
    |acc_b_26_V_7_reg_9650                        |  32|   0|   32|          0|
    |acc_b_27_V_1_reg_662                         |  32|   0|   32|          0|
    |acc_b_27_V_2_reg_1437                        |  32|   0|   32|          0|
    |acc_b_27_V_6_reg_8804                        |  32|   0|   32|          0|
    |acc_b_27_V_7_reg_9548                        |  32|   0|   32|          0|
    |acc_b_28_V_1_reg_650                         |  32|   0|   32|          0|
    |acc_b_28_V_2_reg_1426                        |  32|   0|   32|          0|
    |acc_b_28_V_6_reg_8792                        |  32|   0|   32|          0|
    |acc_b_28_V_7_reg_9446                        |  32|   0|   32|          0|
    |acc_b_29_V_1_reg_638                         |  32|   0|   32|          0|
    |acc_b_29_V_2_reg_1415                        |  32|   0|   32|          0|
    |acc_b_29_V_6_reg_8780                        |  32|   0|   32|          0|
    |acc_b_29_V_7_reg_9344                        |  32|   0|   32|          0|
    |acc_b_2_V_1_reg_962                          |  32|   0|   32|          0|
    |acc_b_2_V_2_reg_1712                         |  32|   0|   32|          0|
    |acc_b_2_V_6_reg_9104                         |  32|   0|   32|          0|
    |acc_b_2_V_7_reg_12098                        |  32|   0|   32|          0|
    |acc_b_30_V_1_reg_626                         |  32|   0|   32|          0|
    |acc_b_30_V_2_reg_1404                        |  32|   0|   32|          0|
    |acc_b_30_V_6_reg_8768                        |  32|   0|   32|          0|
    |acc_b_30_V_7_reg_9242                        |  32|   0|   32|          0|
    |acc_b_31_V_1_reg_614                         |  32|   0|   32|          0|
    |acc_b_31_V_2_reg_1393                        |  32|   0|   32|          0|
    |acc_b_31_V_6_reg_8756                        |  32|   0|   32|          0|
    |acc_b_31_V_7_reg_9140                        |  32|   0|   32|          0|
    |acc_b_3_V_1_reg_950                          |  32|   0|   32|          0|
    |acc_b_3_V_2_reg_1701                         |  32|   0|   32|          0|
    |acc_b_3_V_6_reg_9092                         |  32|   0|   32|          0|
    |acc_b_3_V_7_reg_11996                        |  32|   0|   32|          0|
    |acc_b_4_V_1_reg_938                          |  32|   0|   32|          0|
    |acc_b_4_V_2_reg_1690                         |  32|   0|   32|          0|
    |acc_b_4_V_6_reg_9080                         |  32|   0|   32|          0|
    |acc_b_4_V_7_reg_11894                        |  32|   0|   32|          0|
    |acc_b_5_V_1_reg_926                          |  32|   0|   32|          0|
    |acc_b_5_V_2_reg_1679                         |  32|   0|   32|          0|
    |acc_b_5_V_6_reg_9068                         |  32|   0|   32|          0|
    |acc_b_5_V_7_reg_11792                        |  32|   0|   32|          0|
    |acc_b_6_V_1_reg_914                          |  32|   0|   32|          0|
    |acc_b_6_V_2_reg_1668                         |  32|   0|   32|          0|
    |acc_b_6_V_6_reg_9056                         |  32|   0|   32|          0|
    |acc_b_6_V_7_reg_11690                        |  32|   0|   32|          0|
    |acc_b_7_V_1_reg_902                          |  32|   0|   32|          0|
    |acc_b_7_V_2_reg_1657                         |  32|   0|   32|          0|
    |acc_b_7_V_6_reg_9044                         |  32|   0|   32|          0|
    |acc_b_7_V_7_reg_11588                        |  32|   0|   32|          0|
    |acc_b_8_V_1_reg_890                          |  32|   0|   32|          0|
    |acc_b_8_V_2_reg_1646                         |  32|   0|   32|          0|
    |acc_b_8_V_6_reg_9032                         |  32|   0|   32|          0|
    |acc_b_8_V_7_reg_11486                        |  32|   0|   32|          0|
    |acc_b_9_V_1_reg_878                          |  32|   0|   32|          0|
    |acc_b_9_V_2_reg_1635                         |  32|   0|   32|          0|
    |acc_b_9_V_6_reg_9020                         |  32|   0|   32|          0|
    |acc_b_9_V_7_reg_11384                        |  32|   0|   32|          0|
    |acc_s_0_V_1_reg_1370                         |  32|   0|   32|          0|
    |acc_s_0_V_2_reg_2086                         |  32|   0|   32|          0|
    |acc_s_0_V_6_reg_12776                        |  32|   0|   32|          0|
    |acc_s_10_V_1_reg_1250                        |  32|   0|   32|          0|
    |acc_s_10_V_2_reg_1976                        |  32|   0|   32|          0|
    |acc_s_10_V_6_reg_12656                       |  32|   0|   32|          0|
    |acc_s_11_V_1_reg_1238                        |  32|   0|   32|          0|
    |acc_s_11_V_2_reg_1965                        |  32|   0|   32|          0|
    |acc_s_11_V_6_reg_12644                       |  32|   0|   32|          0|
    |acc_s_12_V_1_reg_1226                        |  32|   0|   32|          0|
    |acc_s_12_V_2_reg_1954                        |  32|   0|   32|          0|
    |acc_s_12_V_6_reg_12632                       |  32|   0|   32|          0|
    |acc_s_13_V_1_reg_1214                        |  32|   0|   32|          0|
    |acc_s_13_V_2_reg_1943                        |  32|   0|   32|          0|
    |acc_s_13_V_6_reg_12620                       |  32|   0|   32|          0|
    |acc_s_14_V_1_reg_1202                        |  32|   0|   32|          0|
    |acc_s_14_V_2_reg_1932                        |  32|   0|   32|          0|
    |acc_s_14_V_6_reg_12608                       |  32|   0|   32|          0|
    |acc_s_15_V_1_reg_1190                        |  32|   0|   32|          0|
    |acc_s_15_V_2_reg_1921                        |  32|   0|   32|          0|
    |acc_s_15_V_6_reg_12596                       |  32|   0|   32|          0|
    |acc_s_16_V_1_reg_1178                        |  32|   0|   32|          0|
    |acc_s_16_V_2_reg_1910                        |  32|   0|   32|          0|
    |acc_s_16_V_6_reg_12584                       |  32|   0|   32|          0|
    |acc_s_17_V_1_reg_1166                        |  32|   0|   32|          0|
    |acc_s_17_V_2_reg_1899                        |  32|   0|   32|          0|
    |acc_s_17_V_6_reg_12572                       |  32|   0|   32|          0|
    |acc_s_18_V_1_reg_1154                        |  32|   0|   32|          0|
    |acc_s_18_V_2_reg_1888                        |  32|   0|   32|          0|
    |acc_s_18_V_6_reg_12560                       |  32|   0|   32|          0|
    |acc_s_19_V_1_reg_1142                        |  32|   0|   32|          0|
    |acc_s_19_V_2_reg_1877                        |  32|   0|   32|          0|
    |acc_s_19_V_6_reg_12548                       |  32|   0|   32|          0|
    |acc_s_1_V_1_reg_1358                         |  32|   0|   32|          0|
    |acc_s_1_V_2_reg_2075                         |  32|   0|   32|          0|
    |acc_s_1_V_6_reg_12764                        |  32|   0|   32|          0|
    |acc_s_20_V_1_reg_1130                        |  32|   0|   32|          0|
    |acc_s_20_V_2_reg_1866                        |  32|   0|   32|          0|
    |acc_s_20_V_6_reg_12536                       |  32|   0|   32|          0|
    |acc_s_21_V_1_reg_1118                        |  32|   0|   32|          0|
    |acc_s_21_V_2_reg_1855                        |  32|   0|   32|          0|
    |acc_s_21_V_6_reg_12524                       |  32|   0|   32|          0|
    |acc_s_22_V_1_reg_1106                        |  32|   0|   32|          0|
    |acc_s_22_V_2_reg_1844                        |  32|   0|   32|          0|
    |acc_s_22_V_6_reg_12512                       |  32|   0|   32|          0|
    |acc_s_23_V_1_reg_1094                        |  32|   0|   32|          0|
    |acc_s_23_V_2_reg_1833                        |  32|   0|   32|          0|
    |acc_s_23_V_6_reg_12500                       |  32|   0|   32|          0|
    |acc_s_24_V_1_reg_1082                        |  32|   0|   32|          0|
    |acc_s_24_V_2_reg_1822                        |  32|   0|   32|          0|
    |acc_s_24_V_6_reg_12488                       |  32|   0|   32|          0|
    |acc_s_25_V_1_reg_1070                        |  32|   0|   32|          0|
    |acc_s_25_V_2_reg_1811                        |  32|   0|   32|          0|
    |acc_s_25_V_6_reg_12476                       |  32|   0|   32|          0|
    |acc_s_26_V_1_reg_1058                        |  32|   0|   32|          0|
    |acc_s_26_V_2_reg_1800                        |  32|   0|   32|          0|
    |acc_s_26_V_6_reg_12464                       |  32|   0|   32|          0|
    |acc_s_27_V_1_reg_1046                        |  32|   0|   32|          0|
    |acc_s_27_V_2_reg_1789                        |  32|   0|   32|          0|
    |acc_s_27_V_6_reg_12452                       |  32|   0|   32|          0|
    |acc_s_28_V_1_reg_1034                        |  32|   0|   32|          0|
    |acc_s_28_V_2_reg_1778                        |  32|   0|   32|          0|
    |acc_s_28_V_6_reg_12440                       |  32|   0|   32|          0|
    |acc_s_29_V_1_reg_1022                        |  32|   0|   32|          0|
    |acc_s_29_V_2_reg_1767                        |  32|   0|   32|          0|
    |acc_s_29_V_6_reg_12428                       |  32|   0|   32|          0|
    |acc_s_2_V_1_reg_1346                         |  32|   0|   32|          0|
    |acc_s_2_V_2_reg_2064                         |  32|   0|   32|          0|
    |acc_s_2_V_6_reg_12752                        |  32|   0|   32|          0|
    |acc_s_30_V_1_reg_1010                        |  32|   0|   32|          0|
    |acc_s_30_V_2_reg_1756                        |  32|   0|   32|          0|
    |acc_s_30_V_6_reg_12416                       |  32|   0|   32|          0|
    |acc_s_31_V_1_reg_998                         |  32|   0|   32|          0|
    |acc_s_31_V_2_reg_1745                        |  32|   0|   32|          0|
    |acc_s_31_V_6_reg_12404                       |  32|   0|   32|          0|
    |acc_s_3_V_1_reg_1334                         |  32|   0|   32|          0|
    |acc_s_3_V_2_reg_2053                         |  32|   0|   32|          0|
    |acc_s_3_V_6_reg_12740                        |  32|   0|   32|          0|
    |acc_s_4_V_1_reg_1322                         |  32|   0|   32|          0|
    |acc_s_4_V_2_reg_2042                         |  32|   0|   32|          0|
    |acc_s_4_V_6_reg_12728                        |  32|   0|   32|          0|
    |acc_s_5_V_1_reg_1310                         |  32|   0|   32|          0|
    |acc_s_5_V_2_reg_2031                         |  32|   0|   32|          0|
    |acc_s_5_V_6_reg_12716                        |  32|   0|   32|          0|
    |acc_s_6_V_1_reg_1298                         |  32|   0|   32|          0|
    |acc_s_6_V_2_reg_2020                         |  32|   0|   32|          0|
    |acc_s_6_V_6_reg_12704                        |  32|   0|   32|          0|
    |acc_s_7_V_1_reg_1286                         |  32|   0|   32|          0|
    |acc_s_7_V_2_reg_2009                         |  32|   0|   32|          0|
    |acc_s_7_V_6_reg_12692                        |  32|   0|   32|          0|
    |acc_s_8_V_1_reg_1274                         |  32|   0|   32|          0|
    |acc_s_8_V_2_reg_1998                         |  32|   0|   32|          0|
    |acc_s_8_V_6_reg_12680                        |  32|   0|   32|          0|
    |acc_s_9_V_1_reg_1262                         |  32|   0|   32|          0|
    |acc_s_9_V_2_reg_1987                         |  32|   0|   32|          0|
    |acc_s_9_V_6_reg_12668                        |  32|   0|   32|          0|
    |add_ln160_reg_18705                          |  16|   0|   16|          0|
    |add_ln180_4_reg_18612                        |  12|   0|   12|          0|
    |add_ln29_reg_18227                           |   6|   0|    6|          0|
    |add_ln43_6_reg_18424                         |   4|   0|    4|          0|
    |add_ln43_reg_18386                           |   4|   0|    4|          0|
    |add_ln44_6_reg_18429                         |   4|   0|    4|          0|
    |add_ln44_reg_18391                           |   4|   0|    4|          0|
    |add_ln700_53_reg_18588                       |  32|   0|   32|          0|
    |add_ln700_reg_18583                          |  19|   0|   19|          0|
    |and_ln39_reg_18334                           |   1|   0|    1|          0|
    |and_ln45_3_reg_18442                         |   1|   0|    1|          0|
    |and_ln45_reg_18287                           |   1|   0|    1|          0|
    |ap_CS_fsm                                    |  13|   0|   13|          0|
    |ap_enable_reg_pp1_iter0                      |   1|   0|    1|          0|
    |ap_enable_reg_pp1_iter1                      |   1|   0|    1|          0|
    |ap_enable_reg_pp1_iter10                     |   1|   0|    1|          0|
    |ap_enable_reg_pp1_iter11                     |   1|   0|    1|          0|
    |ap_enable_reg_pp1_iter12                     |   1|   0|    1|          0|
    |ap_enable_reg_pp1_iter2                      |   1|   0|    1|          0|
    |ap_enable_reg_pp1_iter3                      |   1|   0|    1|          0|
    |ap_enable_reg_pp1_iter4                      |   1|   0|    1|          0|
    |ap_enable_reg_pp1_iter5                      |   1|   0|    1|          0|
    |ap_enable_reg_pp1_iter6                      |   1|   0|    1|          0|
    |ap_enable_reg_pp1_iter7                      |   1|   0|    1|          0|
    |ap_enable_reg_pp1_iter8                      |   1|   0|    1|          0|
    |ap_enable_reg_pp1_iter9                      |   1|   0|    1|          0|
    |ap_enable_reg_pp2_iter0                      |   1|   0|    1|          0|
    |ap_enable_reg_pp2_iter1                      |   1|   0|    1|          0|
    |ap_enable_reg_pp3_iter0                      |   1|   0|    1|          0|
    |ap_enable_reg_pp3_iter1                      |   1|   0|    1|          0|
    |ap_enable_reg_pp3_iter2                      |   1|   0|    1|          0|
    |ap_enable_reg_pp3_iter3                      |   1|   0|    1|          0|
    |ap_enable_reg_pp3_iter4                      |   1|   0|    1|          0|
    |ap_enable_reg_pp3_iter5                      |   1|   0|    1|          0|
    |c2_beta_q_load_reg_18650                     |  22|   0|   22|          0|
    |c2_gamma_q_V_load_reg_18645                  |  13|   0|   13|          0|
    |frac_reg_18684                               |   8|   0|    8|          0|
    |frac_reg_18684_pp3_iter2_reg                 |   8|   0|    8|          0|
    |grp_int_instnorm_49_s_fu_16120_ap_start_reg  |   1|   0|    1|          0|
    |i_0_reg_8745                                 |   5|   0|    5|          0|
    |icmp_ln39_reg_18307                          |   1|   0|    1|          0|
    |icmp_ln41_reg_18316                          |   1|   0|    1|          0|
    |icmp_ln45_1_reg_18400                        |   1|   0|    1|          0|
    |icmp_ln45_4_reg_18279                        |   1|   0|    1|          0|
    |icmp_ln45_5_reg_18283                        |   1|   0|    1|          0|
    |icmp_ln45_6_reg_18434                        |   1|   0|    1|          0|
    |icmp_ln45_7_reg_18438                        |   1|   0|    1|          0|
    |icmp_ln45_reg_18396                          |   1|   0|    1|          0|
    |icmp_ln56_reg_18330                          |   1|   0|    1|          0|
    |icmp_ln74_reg_18598                          |   1|   0|    1|          0|
    |icmp_ln88_reg_18660                          |   1|   0|    1|          0|
    |icmp_ln895_reg_18715                         |   1|   0|    1|          0|
    |inb_reg_18404                                |   1|   0|    1|          0|
    |indvar_flatten235_reg_8700                   |  13|   0|   13|          0|
    |indvar_flatten243_reg_592                    |   6|   0|    6|          0|
    |indvar_flatten_reg_8711                      |  10|   0|   10|          0|
    |lshr_ln_reg_18689                            |   8|   0|    8|          0|
    |o10_0_reg_16074                              |   6|   0|    6|          0|
    |o7_0_reg_8734                                |   6|   0|    6|          0|
    |o9_0_reg_16052                               |   6|   0|    6|          0|
    |o_0_reg_2097                                 |   6|   0|    6|          0|
    |o_reg_18630                                  |   6|   0|    6|          0|
    |p_0_reg_16086                                |   6|   0|    6|          0|
    |phi_mul37_reg_16097                          |  12|   0|   12|          0|
    |phi_mul_reg_16063                            |  11|   0|   11|          0|
    |phi_urem_reg_16108                           |   6|   0|    6|          0|
    |select_ln29_4_reg_18239                      |   3|   0|    3|          0|
    |select_ln29_5_reg_18252                      |   7|   0|    7|          0|
    |select_ln29_reg_18232                        |   3|   0|    3|          0|
    |select_ln39_1_reg_18457                      |   5|   0|    5|          0|
    |select_ln39_1_reg_18457_pp1_iter9_reg        |   5|   0|    5|          0|
    |select_ln41_1_reg_18414                      |   4|   0|    4|          0|
    |select_ln41_2_reg_18419                      |   2|   0|    2|          0|
    |select_ln41_4_reg_18558                      |  15|   0|   15|          0|
    |select_ln41_5_reg_18563                      |  15|   0|   15|          0|
    |select_ln41_6_reg_18568                      |  15|   0|   15|          0|
    |select_ln41_7_reg_18573                      |  15|   0|   15|          0|
    |select_ln41_9_reg_18353                      |   4|   0|    4|          0|
    |sext_ln180_reg_18655                         |  11|   0|   11|          0|
    |sext_ln46_reg_18297                          |  12|   0|   13|          1|
    |sext_ln74_reg_18593                          |  12|   0|   12|          0|
    |shl_ln43_mid2_reg_18245                      |   3|   0|    4|          1|
    |shl_ln4_reg_18273                            |   3|   0|    4|          1|
    |t_0_reg_8722                                 |   4|   0|    4|          0|
    |t_reg_18346                                  |   4|   0|    4|          0|
    |tmp_43_reg_18679                             |   3|   0|    3|          0|
    |trunc_ln1503_1_reg_18617                     |  28|   0|   28|          0|
    |trunc_ln1_reg_18710                          |   9|   0|    9|          0|
    |trunc_ln52_reg_18371                         |   3|   0|    3|          0|
    |trunc_ln56_reg_18358                         |   5|   0|    5|          0|
    |trunc_ln61_2_reg_18365                       |   2|   0|    2|          0|
    |trunc_ln700_3_reg_18553                      |   4|   0|    4|          0|
    |x_0_reg_1382                                 |   3|   0|    3|          0|
    |y_0_reg_603                                  |   3|   0|    3|          0|
    |zext_ln31_reg_18257                          |   3|   0|    7|          4|
    |zext_ln39_3_reg_18302                        |  31|   0|   34|          3|
    |and_ln39_reg_18334                           |  64|  32|    1|          0|
    |and_ln45_3_reg_18442                         |  64|  32|    1|          0|
    |icmp_ln39_reg_18307                          |  64|  32|    1|          0|
    |icmp_ln41_reg_18316                          |  64|  32|    1|          0|
    |icmp_ln56_reg_18330                          |  64|  32|    1|          0|
    |icmp_ln88_reg_18660                          |  64|  32|    1|          0|
    |inb_reg_18404                                |  64|  32|    1|          0|
    |select_ln41_1_reg_18414                      |  64|  32|    4|          0|
    |select_ln41_2_reg_18419                      |  64|  32|    2|          0|
    |t_0_reg_8722                                 |  64|  32|    4|          0|
    |t_reg_18346                                  |  64|  32|    4|          0|
    |tmp_43_reg_18679                             |  64|  32|    3|          0|
    |trunc_ln52_reg_18371                         |  64|  32|    3|          0|
    |trunc_ln56_reg_18358                         |  64|  32|    5|          0|
    |trunc_ln61_2_reg_18365                       |  64|  32|    2|          0|
    +---------------------------------------------+----+----+-----+-----------+
    |Total                                        |8674| 480| 7758|         10|
    +---------------------------------------------+----+----+-----+-----------+



================================================================
== Interface
================================================================
* Summary: 
+-----------------+-----+-----+------------+--------------+--------------+
|    RTL Ports    | Dir | Bits|  Protocol  | Source Object|    C Type    |
+-----------------+-----+-----+------------+--------------+--------------+
|ap_clk           |  in |    1| ap_ctrl_hs |  conv_stage  | return value |
|ap_rst           |  in |    1| ap_ctrl_hs |  conv_stage  | return value |
|ap_start         |  in |    1| ap_ctrl_hs |  conv_stage  | return value |
|ap_done          | out |    1| ap_ctrl_hs |  conv_stage  | return value |
|ap_idle          | out |    1| ap_ctrl_hs |  conv_stage  | return value |
|ap_ready         | out |    1| ap_ctrl_hs |  conv_stage  | return value |
|fout_V_address0  | out |   11|  ap_memory |    fout_V    |     array    |
|fout_V_ce0       | out |    1|  ap_memory |    fout_V    |     array    |
|fout_V_we0       | out |    1|  ap_memory |    fout_V    |     array    |
|fout_V_d0        | out |    4|  ap_memory |    fout_V    |     array    |
|f1_V_address0    | out |   12|  ap_memory |     f1_V     |     array    |
|f1_V_ce0         | out |    1|  ap_memory |     f1_V     |     array    |
|f1_V_q0          |  in |    4|  ap_memory |     f1_V     |     array    |
+-----------------+-----+-----+------------+--------------+--------------+

