

================================================================
== Vivado HLS Report for 'head_stage'
================================================================
* Date:           Thu Jul  9 20:00:55 2026

* Version:        2019.1 (Build 2552052 on Fri May 24 15:28:33 MDT 2019)
* Project:        kagnconv_lsq_w4a4
* Solution:       sol1
* Product family: zynquplus
* Target device:  xczu9eg-ffvb1156-2-e


================================================================
== Performance Estimates
================================================================
+ Timing (ns): 
    * Summary: 
    +--------+-------+----------+------------+
    |  Clock | Target| Estimated| Uncertainty|
    +--------+-------+----------+------------+
    |ap_clk  |   6.67|     6.504|        0.83|
    +--------+-------+----------+------------+

+ Latency (clock cycles): 
    * Summary: 
    +-----+-----+-----+-----+---------+
    |  Latency  |  Interval | Pipeline|
    | min | max | min | max |   Type  |
    +-----+-----+-----+-----+---------+
    |  504|  504|  504|  504|   none  |
    +-----+-----+-----+-----+---------+

    + Detail: 
        * Instance: 
        +-------------------------------+--------------------+-----+-----+-----+-----+---------+
        |                               |                    |  Latency  |  Interval | Pipeline|
        |            Instance           |       Module       | min | max | min | max |   Type  |
        +-------------------------------+--------------------+-----+-----+-----+-----+---------+
        |grp_int_layernorm_10_s_fu_558  |int_layernorm_10_s  |  142|  142|  142|  142|   none  |
        +-------------------------------+--------------------+-----+-----+-----+-----+---------+

        * Loop: 
        +------------+-----+-----+----------+-----------+-----------+------+----------+
        |            |  Latency  | Iteration|  Initiation Interval  | Trip |          |
        |  Loop Name | min | max |  Latency |  achieved |   target  | Count| Pipelined|
        +------------+-----+-----+----------+-----------+-----------+------+----------+
        |- HINIT     |   10|   10|         1|          1|          1|    10|    yes   |
        |- HIN_HOUT  |  322|  322|         4|          1|          1|   320|    yes   |
        |- HPRE      |   10|   10|         1|          1|          1|    10|    yes   |
        |- HACT      |   11|   11|         3|          1|          1|    10|    yes   |
        +------------+-----+-----+----------+-----------+-----------+------+----------+



================================================================
== Utilization Estimates
================================================================
* Summary: 
+-----------------+---------+-------+--------+--------+-----+
|       Name      | BRAM_18K| DSP48E|   FF   |   LUT  | URAM|
+-----------------+---------+-------+--------+--------+-----+
|DSP              |        -|      5|       -|       -|    -|
|Expression       |        -|      6|       0|     555|    -|
|FIFO             |        -|      -|       -|       -|    -|
|Instance         |        2|     13|   18649|   15571|    0|
|Memory           |        3|      -|     183|      26|    0|
|Multiplexer      |        -|      -|       -|     398|    -|
|Register         |        0|      -|     905|      64|    -|
+-----------------+---------+-------+--------+--------+-----+
|Total            |        5|     24|   19737|   16614|    0|
+-----------------+---------+-------+--------+--------+-----+
|Available        |     1824|   2520|  548160|  274080|    0|
+-----------------+---------+-------+--------+--------+-----+
|Utilization (%)  |    ~0   |   ~0  |       3|       6|    0|
+-----------------+---------+-------+--------+--------+-----+

+ Detail: 
    * Instance: 
    +-------------------------------+----------------------+---------+-------+-------+-------+-----+
    |            Instance           |        Module        | BRAM_18K| DSP48E|   FF  |  LUT  | URAM|
    +-------------------------------+----------------------+---------+-------+-------+-------+-----+
    |grp_int_layernorm_10_s_fu_558  |int_layernorm_10_s    |        2|     13|  18649|  15351|    0|
    |kan_top_mux_104_3Zio_U91       |kan_top_mux_104_3Zio  |        0|      0|      0|     55|    0|
    |kan_top_mux_104_3Zio_U92       |kan_top_mux_104_3Zio  |        0|      0|      0|     55|    0|
    |kan_top_mux_104_3Zio_U93       |kan_top_mux_104_3Zio  |        0|      0|      0|     55|    0|
    |kan_top_mux_104_3Zio_U94       |kan_top_mux_104_3Zio  |        0|      0|      0|     55|    0|
    +-------------------------------+----------------------+---------+-------+-------+-------+-----+
    |Total                          |                      |        2|     13|  18649|  15571|    0|
    +-------------------------------+----------------------+---------+-------+-------+-------+-----+

    * DSP48E: 
    +--------------------------+----------------------+---------------------+
    |         Instance         |        Module        |      Expression     |
    +--------------------------+----------------------+---------------------+
    |kan_top_ama_submuwdI_U99  |kan_top_ama_submuwdI  | i0 + (i1 - i2) * i3 |
    |kan_top_mac_mulad0iy_U95  |kan_top_mac_mulad0iy  |     i0 * i1 + i2    |
    |kan_top_mac_mulad1iI_U96  |kan_top_mac_mulad1iI  |     i0 + i1 * i2    |
    |kan_top_mac_mulad2iS_U97  |kan_top_mac_mulad2iS  |     i0 * i1 + i2    |
    |kan_top_mac_muladsc4_U98  |kan_top_mac_muladsc4  |     i0 + i1 * i2    |
    +--------------------------+----------------------+---------------------+

    * Memory: 
    +----------------+----------------------+---------+----+----+-----+------+-----+------+-------------+
    |     Memory     |        Module        | BRAM_18K| FF | LUT| URAM| Words| Bits| Banks| W*Bits*Banks|
    +----------------+----------------------+---------+----+----+-----+------+-----+------+-------------+
    |hd_lut_b_V_0_U  |conv_stage_1_c1_lfYi  |        0|  15|   4|    0|    16|   15|     1|          240|
    |silu_tab_V_U    |conv_stage_1_siluocq  |        1|   0|   0|    0|   257|   14|     1|         3598|
    |hd_basis_pk_U   |head_stage_hd_basWhU  |        1|   0|   0|    0|   320|   16|     1|         5120|
    |hd_base_pk_U    |head_stage_hd_basXh4  |        1|   0|   0|    0|    64|   32|     1|         2048|
    |hd_lut_b_V_2_U  |head_stage_hd_lutRg6  |        0|  12|   3|    0|    16|   12|     1|          192|
    |hd_lut_b_V_3_U  |head_stage_hd_lutShg  |        0|  11|   3|    0|    16|   11|     1|          176|
    |hd_lut_s_V_U    |head_stage_hd_lutThq  |        0|   8|   2|    0|    16|    8|     1|          128|
    |hd_lut_b_V_1_U  |head_stage_hd_lutVhK  |        0|  13|   4|    0|    16|   13|     1|          208|
    |v_V_U           |head_stage_v_V        |        0|  60|   5|    0|    10|   30|     1|          300|
    |y_U             |head_stage_y          |        0|  64|   5|    0|    10|   32|     1|          320|
    +----------------+----------------------+---------+----+----+-----+------+-----+------+-------------+
    |Total           |                      |        3| 183|  26|    0|   741|  183|    10|        12330|
    +----------------+----------------------+---------+----+----+-----+------+-----+------+-------------+

    * FIFO: 
    N/A

    * Expression: 
    +--------------------------+----------+-------+---+----+------------+------------+
    |       Variable Name      | Operation| DSP48E| FF| LUT| Bitwidth P0| Bitwidth P1|
    +--------------------------+----------+-------+---+----+------------+------------+
    |grp_fu_1523_p2            |     *    |      0|  0|   5|           4|          12|
    |mul_ln68_3_fu_1344_p2     |     *    |      4|  0|  20|          32|          31|
    |mul_ln68_fu_1304_p2       |     *    |      2|  0|  20|          32|          25|
    |acc_s_0_V_fu_1202_p2      |     +    |      0|  0|  39|          32|          32|
    |add_ln107_fu_886_p2       |     +    |      0|  0|  16|           9|           1|
    |add_ln118_fu_1460_p2      |     +    |      0|  0|  16|           1|           9|
    |add_ln120_fu_979_p2       |     +    |      0|  0|  16|           9|           9|
    |add_ln121_fu_1001_p2      |     +    |      0|  0|  15|           7|           7|
    |add_ln160_fu_1504_p2      |     +    |      0|  0|  23|          16|          16|
    |i_fu_892_p2               |     +    |      0|  0|  15|           1|           6|
    |o_3_fu_1263_p2            |     +    |      0|  0|  12|           4|           1|
    |o_4_fu_1383_p2            |     +    |      0|  0|  12|           4|           1|
    |o_5_fu_945_p2             |     +    |      0|  0|  12|           4|           1|
    |o_fu_694_p2               |     +    |      0|  0|  12|           4|           1|
    |ret_V_fu_1360_p2          |     +    |      0|  0|  21|          64|          34|
    |t_V_fu_1354_p2            |     +    |      0|  0|  21|          64|          64|
    |icmp_ln101_fu_688_p2      |   icmp   |      0|  0|   9|           4|           4|
    |icmp_ln107_fu_880_p2      |   icmp   |      0|  0|  13|           9|           9|
    |icmp_ln113_fu_1394_p2     |   icmp   |      0|  0|  20|          32|          17|
    |icmp_ln114_fu_1418_p2     |   icmp   |      0|  0|  20|          17|           1|
    |icmp_ln118_fu_898_p2      |   icmp   |      0|  0|   9|           4|           4|
    |icmp_ln134_fu_1257_p2     |   icmp   |      0|  0|   9|           4|           4|
    |icmp_ln142_fu_1377_p2     |   icmp   |      0|  0|   9|           4|           4|
    |lshr_ln52_fu_1083_p2      |   lshr   |      0|  0|  97|          32|          32|
    |select_ln107_1_fu_912_p3  |  select  |      0|  0|   6|           1|           6|
    |select_ln107_3_fu_920_p3  |  select  |      0|  0|   6|           1|           6|
    |select_ln107_fu_904_p3    |  select  |      0|  0|   4|           1|           1|
    |select_ln113_fu_1400_p3   |  select  |      0|  0|  32|           1|          17|
    |u_fu_1434_p3              |  select  |      0|  0|  16|           1|           2|
    |ap_enable_pp1             |    xor   |      0|  0|   2|           1|           2|
    |ap_enable_pp3             |    xor   |      0|  0|   2|           1|           2|
    |ap_enable_reg_pp1_iter1   |    xor   |      0|  0|   2|           2|           1|
    |ap_enable_reg_pp3_iter1   |    xor   |      0|  0|   2|           2|           1|
    |xor_ln107_fu_957_p2       |    xor   |      0|  0|   5|           4|           5|
    |xor_ln115_fu_1428_p2      |    xor   |      0|  0|  17|          16|          17|
    +--------------------------+----------+-------+---+----+------------+------------+
    |Total                     |          |      6|  0| 555|         424|         385|
    +--------------------------+----------+-------+---+----+------------+------------+

    * Multiplexer: 
    +------------------------------+----+-----------+-----+-----------+
    |             Name             | LUT| Input Size| Bits| Total Bits|
    +------------------------------+----+-----------+-----+-----------+
    |acc_b_9_V_1_fu_290            |   9|          2|   32|         64|
    |acc_b_9_V_2_fu_294            |   9|          2|   32|         64|
    |acc_b_9_V_3_fu_322            |   9|          2|   32|         64|
    |acc_b_9_V_4_fu_298            |   9|          2|   32|         64|
    |acc_b_9_V_5_fu_302            |   9|          2|   32|         64|
    |acc_b_9_V_6_fu_306            |   9|          2|   32|         64|
    |acc_b_9_V_7_fu_310            |   9|          2|   32|         64|
    |acc_b_9_V_8_fu_314            |   9|          2|   32|         64|
    |acc_b_9_V_9_fu_318            |   9|          2|   32|         64|
    |acc_b_9_V_fu_286              |   9|          2|   32|         64|
    |acc_s_9_V_1_fu_250            |   9|          2|   32|         64|
    |acc_s_9_V_2_fu_254            |   9|          2|   32|         64|
    |acc_s_9_V_3_fu_282            |   9|          2|   32|         64|
    |acc_s_9_V_4_fu_258            |   9|          2|   32|         64|
    |acc_s_9_V_5_fu_262            |   9|          2|   32|         64|
    |acc_s_9_V_6_fu_266            |   9|          2|   32|         64|
    |acc_s_9_V_7_fu_270            |   9|          2|   32|         64|
    |acc_s_9_V_8_fu_274            |   9|          2|   32|         64|
    |acc_s_9_V_9_fu_278            |   9|          2|   32|         64|
    |acc_s_9_V_fu_246              |   9|          2|   32|         64|
    |ap_NS_fsm                     |  50|         11|    1|         11|
    |ap_enable_reg_pp1_iter1       |   9|          2|    1|          2|
    |ap_enable_reg_pp1_iter3       |   9|          2|    1|          2|
    |ap_enable_reg_pp3_iter1       |   9|          2|    1|          2|
    |ap_enable_reg_pp3_iter2       |   9|          2|    1|          2|
    |ap_phi_mux_i_0_phi_fu_518_p4  |   9|          2|    6|         12|
    |i_0_reg_514                   |   9|          2|    6|         12|
    |indvar_flatten_reg_503        |   9|          2|    9|         18|
    |o3_0_reg_525                  |   9|          2|    4|          8|
    |o7_0_reg_536                  |   9|          2|    4|          8|
    |o8_0_reg_547                  |   9|          2|    4|          8|
    |o_0_reg_492                   |   9|          2|    4|          8|
    |v_V_address0                  |  15|          3|    4|         12|
    |v_V_ce0                       |  15|          3|    1|          3|
    |y_address0                    |  15|          3|    4|         12|
    |y_ce0                         |  15|          3|    1|          3|
    |y_we0                         |   9|          2|    1|          2|
    +------------------------------+----+-----------+-----+-----------+
    |Total                         | 398|         87|  693|       1405|
    +------------------------------+----+-----------+-----+-----------+

    * Register: 
    +--------------------------------------------+----+----+-----+-----------+
    |                    Name                    | FF | LUT| Bits| Const Bits|
    +--------------------------------------------+----+----+-----+-----------+
    |acc_b_9_V_1_fu_290                          |  32|   0|   32|          0|
    |acc_b_9_V_2_fu_294                          |  32|   0|   32|          0|
    |acc_b_9_V_3_fu_322                          |  32|   0|   32|          0|
    |acc_b_9_V_4_fu_298                          |  32|   0|   32|          0|
    |acc_b_9_V_5_fu_302                          |  32|   0|   32|          0|
    |acc_b_9_V_6_fu_306                          |  32|   0|   32|          0|
    |acc_b_9_V_7_fu_310                          |  32|   0|   32|          0|
    |acc_b_9_V_8_fu_314                          |  32|   0|   32|          0|
    |acc_b_9_V_9_fu_318                          |  32|   0|   32|          0|
    |acc_b_9_V_fu_286                            |  32|   0|   32|          0|
    |acc_s_9_V_1_fu_250                          |  32|   0|   32|          0|
    |acc_s_9_V_2_fu_254                          |  32|   0|   32|          0|
    |acc_s_9_V_3_fu_282                          |  32|   0|   32|          0|
    |acc_s_9_V_4_fu_258                          |  32|   0|   32|          0|
    |acc_s_9_V_5_fu_262                          |  32|   0|   32|          0|
    |acc_s_9_V_6_fu_266                          |  32|   0|   32|          0|
    |acc_s_9_V_7_fu_270                          |  32|   0|   32|          0|
    |acc_s_9_V_8_fu_274                          |  32|   0|   32|          0|
    |acc_s_9_V_9_fu_278                          |  32|   0|   32|          0|
    |acc_s_9_V_fu_246                            |  32|   0|   32|          0|
    |add_ln700_reg_2043                          |  16|   0|   16|          0|
    |ap_CS_fsm                                   |  10|   0|   10|          0|
    |ap_enable_reg_pp1_iter0                     |   1|   0|    1|          0|
    |ap_enable_reg_pp1_iter1                     |   1|   0|    1|          0|
    |ap_enable_reg_pp1_iter2                     |   1|   0|    1|          0|
    |ap_enable_reg_pp1_iter3                     |   1|   0|    1|          0|
    |ap_enable_reg_pp3_iter0                     |   1|   0|    1|          0|
    |ap_enable_reg_pp3_iter1                     |   1|   0|    1|          0|
    |ap_enable_reg_pp3_iter2                     |   1|   0|    1|          0|
    |frac_reg_2075                               |   8|   0|    8|          0|
    |grp_int_layernorm_10_s_fu_558_ap_start_reg  |   1|   0|    1|          0|
    |hd_lut_b_V_0_load_reg_2023                  |  15|   0|   15|          0|
    |hd_lut_b_V_1_load_reg_2028                  |  13|   0|   13|          0|
    |i_0_reg_514                                 |   6|   0|    6|          0|
    |icmp_ln107_reg_1945                         |   1|   0|    1|          0|
    |icmp_ln142_reg_2056                         |   1|   0|    1|          0|
    |icmp_ln142_reg_2056_pp3_iter1_reg           |   1|   0|    1|          0|
    |indvar_flatten_reg_503                      |   9|   0|    9|          0|
    |o3_0_reg_525                                |   4|   0|    4|          0|
    |o7_0_reg_536                                |   4|   0|    4|          0|
    |o8_0_reg_547                                |   4|   0|    4|          0|
    |o_0_reg_492                                 |   4|   0|    4|          0|
    |select_ln107_1_reg_1961                     |   6|   0|    6|          0|
    |select_ln107_reg_1954                       |   4|   0|    4|          0|
    |tmp_28_reg_1978                             |   1|   0|    1|          0|
    |tmp_29_reg_2038                             |   4|   0|    4|          0|
    |trunc_ln121_reg_1973                        |   3|   0|    3|          0|
    |trunc_ln121_reg_1973_pp1_iter1_reg          |   3|   0|    3|          0|
    |trunc_ln700_reg_2033                        |   4|   0|    4|          0|
    |zext_ln144_reg_2065                         |   4|   0|   64|         60|
    |zext_ln144_reg_2065_pp3_iter1_reg           |   4|   0|   64|         60|
    |icmp_ln107_reg_1945                         |  64|  32|    1|          0|
    |select_ln107_reg_1954                       |  64|  32|    4|          0|
    +--------------------------------------------+----+----+-----+-----------+
    |Total                                       | 905|  64|  902|        120|
    +--------------------------------------------+----+----+-----+-----------+



================================================================
== Interface
================================================================
* Summary: 
+----------------+-----+-----+------------+--------------+--------------+
|    RTL Ports   | Dir | Bits|  Protocol  | Source Object|    C Type    |
+----------------+-----+-----+------------+--------------+--------------+
|ap_clk          |  in |    1| ap_ctrl_hs |  head_stage  | return value |
|ap_rst          |  in |    1| ap_ctrl_hs |  head_stage  | return value |
|ap_start        |  in |    1| ap_ctrl_hs |  head_stage  | return value |
|ap_done         | out |    1| ap_ctrl_hs |  head_stage  | return value |
|ap_idle         | out |    1| ap_ctrl_hs |  head_stage  | return value |
|ap_ready        | out |    1| ap_ctrl_hs |  head_stage  | return value |
|hq_V_address0   | out |    5|  ap_memory |     hq_V     |     array    |
|hq_V_ce0        | out |    1|  ap_memory |     hq_V     |     array    |
|hq_V_q0         |  in |    4|  ap_memory |     hq_V     |     array    |
|out_V_address0  | out |    4|  ap_memory |     out_V    |     array    |
|out_V_ce0       | out |    1|  ap_memory |     out_V    |     array    |
|out_V_we0       | out |    1|  ap_memory |     out_V    |     array    |
|out_V_d0        | out |   32|  ap_memory |     out_V    |     array    |
+----------------+-----+-----+------------+--------------+--------------+

