

================================================================
== Vivado HLS Report for 'kan_top'
================================================================
* Date:           Thu Jul  9 20:00:56 2026

* Version:        2019.1 (Build 2552052 on Fri May 24 15:28:33 MDT 2019)
* Project:        kagnconv_lsq_w4a4
* Solution:       sol1
* Product family: zynquplus
* Target device:  xczu9eg-ffvb1156-2-e


================================================================
== Performance Estimates
================================================================
+ Timing (ns): 
    * Summary: 
    +--------+-------+----------+------------+
    |  Clock | Target| Estimated| Uncertainty|
    +--------+-------+----------+------------+
    |ap_clk  |   6.67|     6.700|        0.83|
    +--------+-------+----------+------------+

+ Latency (clock cycles): 
    * Summary: 
    +--------+--------+--------+--------+---------+
    |     Latency     |     Interval    | Pipeline|
    |   min  |   max  |   min  |   max  |   Type  |
    +--------+--------+--------+--------+---------+
    |  294316|  294316|  294316|  294316|   none  |
    +--------+--------+--------+--------+---------+

    + Detail: 
        * Instance: 
        +-------------------------+--------------+--------+--------+--------+--------+---------+
        |                         |              |     Latency     |     Interval    | Pipeline|
        |         Instance        |    Module    |   min  |   max  |   min  |   max  |   Type  |
        +-------------------------+--------------+--------+--------+--------+--------+---------+
        |grp_conv_stage_fu_761    |conv_stage    |  239924|  239924|  239924|  239924|   none  |
        |grp_conv_stage_1_fu_789  |conv_stage_1  |   52294|   52294|   52294|   52294|   none  |
        |grp_head_stage_fu_817    |head_stage    |     504|     504|     504|     504|   none  |
        +-------------------------+--------------+--------+--------+--------+--------+---------+

        * Loop: 
        +----------+-----+-----+----------+-----------+-----------+------+----------+
        |          |  Latency  | Iteration|  Initiation Interval  | Trip |          |
        | Loop Name| min | max |  Latency |  achieved |   target  | Count| Pipelined|
        +----------+-----+-----+----------+-----------+-----------+------+----------+
        |- LOAD_L  |  784|  784|         2|          1|          1|   784|    yes   |
        |- POOL    |  802|  802|        28|         25|          1|    32|    yes   |
        +----------+-----+-----+----------+-----------+-----------+------+----------+



================================================================
== Utilization Estimates
================================================================
* Summary: 
+-----------------+---------+-------+--------+--------+-----+
|       Name      | BRAM_18K| DSP48E|   FF   |   LUT  | URAM|
+-----------------+---------+-------+--------+--------+-----+
|DSP              |        -|      -|       -|       -|    -|
|Expression       |        -|      2|       0|    1931|    -|
|FIFO             |        -|      -|       -|       -|    -|
|Instance         |       38|     82|   70914|   58967|    0|
|Memory           |        3|      -|       8|       2|    0|
|Multiplexer      |        -|      -|       -|     632|    -|
|Register         |        -|      -|     247|       -|    -|
+-----------------+---------+-------+--------+--------+-----+
|Total            |       41|     84|   71169|   61532|    0|
+-----------------+---------+-------+--------+--------+-----+
|Available        |     1824|   2520|  548160|  274080|    0|
+-----------------+---------+-------+--------+--------+-----+
|Utilization (%)  |        2|      3|      12|      22|    0|
+-----------------+---------+-------+--------+--------+-----+

+ Detail: 
    * Instance: 
    +-------------------------+--------------+---------+-------+-------+-------+-----+
    |         Instance        |    Module    | BRAM_18K| DSP48E|   FF  |  LUT  | URAM|
    +-------------------------+--------------+---------+-------+-------+-------+-----+
    |grp_conv_stage_fu_761    |conv_stage    |       19|     29|  27581|  22483|    0|
    |grp_conv_stage_1_fu_789  |conv_stage_1  |       14|     29|  23596|  19870|    0|
    |grp_head_stage_fu_817    |head_stage    |        5|     24|  19737|  16614|    0|
    +-------------------------+--------------+---------+-------+-------+-------+-----+
    |Total                    |              |       38|     82|  70914|  58967|    0|
    +-------------------------+--------------+---------+-------+-------+-------+-----+

    * DSP48E: 
    N/A

    * Memory: 
    +----------+----------------+---------+---+----+-----+------+-----+------+-------------+
    |  Memory  |     Module     | BRAM_18K| FF| LUT| URAM| Words| Bits| Banks| W*Bits*Banks|
    +----------+----------------+---------+---+----+-----+------+-----+------+-------------+
    |f0_V_0_U  |kan_top_f0_V_0  |        1|  0|   0|    0|   784|    4|     1|         3136|
    |f1_V_U    |kan_top_f1_V    |        1|  0|   0|    0|  3136|    4|     1|        12544|
    |f2_V_U    |kan_top_f2_V    |        1|  0|   0|    0|  1568|    4|     1|         6272|
    |hq_V_U    |kan_top_hq_V    |        0|  8|   2|    0|    32|    4|     1|          128|
    +----------+----------------+---------+---+----+-----+------+-----+------+-------------+
    |Total     |                |        3|  8|   2|    0|  5520|   16|     4|        22080|
    +----------+----------------+---------+---+----+-----+------+-----+------+-------------+

    * FIFO: 
    N/A

    * Expression: 
    +--------------------------+----------+-------+---+----+------------+------------+
    |       Variable Name      | Operation| DSP48E| FF| LUT| Bitwidth P0| Bitwidth P1|
    +--------------------------+----------+-------+---+----+------------+------------+
    |mul_ln215_fu_2234_p2      |     *    |      2|  0|  25|          31|          10|
    |add_ln157_fu_889_p2       |     +    |      0|  0|  17|          10|           1|
    |add_ln160_fu_965_p2       |     +    |      0|  0|  18|          11|          11|
    |add_ln180_fu_1014_p2      |     +    |      0|  0|  21|          11|          11|
    |add_ln68_10_fu_1220_p2    |     +    |      0|  0|  18|           4|          11|
    |add_ln68_11_fu_1259_p2    |     +    |      0|  0|  18|           4|          11|
    |add_ln68_12_fu_1270_p2    |     +    |      0|  0|  18|           4|          11|
    |add_ln68_13_fu_1335_p2    |     +    |      0|  0|  18|           4|          11|
    |add_ln68_14_fu_1346_p2    |     +    |      0|  0|  18|           4|          11|
    |add_ln68_15_fu_1357_p2    |     +    |      0|  0|  18|           5|          11|
    |add_ln68_16_fu_1368_p2    |     +    |      0|  0|  18|           5|          11|
    |add_ln68_17_fu_1407_p2    |     +    |      0|  0|  18|           5|          11|
    |add_ln68_18_fu_1418_p2    |     +    |      0|  0|  18|           5|          11|
    |add_ln68_19_fu_1470_p2    |     +    |      0|  0|  18|           5|          11|
    |add_ln68_1_fu_1052_p2     |     +    |      0|  0|  18|           2|          11|
    |add_ln68_20_fu_1481_p2    |     +    |      0|  0|  18|           5|          11|
    |add_ln68_21_fu_1492_p2    |     +    |      0|  0|  18|           5|          11|
    |add_ln68_22_fu_1503_p2    |     +    |      0|  0|  18|           5|          11|
    |add_ln68_23_fu_1542_p2    |     +    |      0|  0|  18|           5|          11|
    |add_ln68_24_fu_1553_p2    |     +    |      0|  0|  18|           5|          11|
    |add_ln68_25_fu_1631_p2    |     +    |      0|  0|  18|           5|          11|
    |add_ln68_26_fu_1642_p2    |     +    |      0|  0|  18|           5|          11|
    |add_ln68_27_fu_1653_p2    |     +    |      0|  0|  18|           5|          11|
    |add_ln68_28_fu_1664_p2    |     +    |      0|  0|  18|           5|          11|
    |add_ln68_29_fu_1703_p2    |     +    |      0|  0|  18|           5|          11|
    |add_ln68_2_fu_1063_p2     |     +    |      0|  0|  18|           2|          11|
    |add_ln68_30_fu_1714_p2    |     +    |      0|  0|  18|           5|          11|
    |add_ln68_31_fu_1766_p2    |     +    |      0|  0|  18|           6|          11|
    |add_ln68_32_fu_1777_p2    |     +    |      0|  0|  18|           6|          11|
    |add_ln68_33_fu_1788_p2    |     +    |      0|  0|  18|           6|          11|
    |add_ln68_34_fu_1799_p2    |     +    |      0|  0|  18|           6|          11|
    |add_ln68_35_fu_1838_p2    |     +    |      0|  0|  18|           6|          11|
    |add_ln68_36_fu_1849_p2    |     +    |      0|  0|  18|           6|          11|
    |add_ln68_37_fu_1914_p2    |     +    |      0|  0|  18|           6|          11|
    |add_ln68_38_fu_1925_p2    |     +    |      0|  0|  18|           6|          11|
    |add_ln68_39_fu_1936_p2    |     +    |      0|  0|  18|           6|          11|
    |add_ln68_3_fu_1074_p2     |     +    |      0|  0|  18|           3|          11|
    |add_ln68_40_fu_1947_p2    |     +    |      0|  0|  18|           6|          11|
    |add_ln68_41_fu_1986_p2    |     +    |      0|  0|  18|           6|          11|
    |add_ln68_42_fu_1997_p2    |     +    |      0|  0|  18|           6|          11|
    |add_ln68_43_fu_2049_p2    |     +    |      0|  0|  18|           6|          11|
    |add_ln68_44_fu_2060_p2    |     +    |      0|  0|  18|           6|          11|
    |add_ln68_45_fu_2071_p2    |     +    |      0|  0|  18|           6|          11|
    |add_ln68_46_fu_2082_p2    |     +    |      0|  0|  18|           6|          11|
    |add_ln68_47_fu_2127_p2    |     +    |      0|  0|  18|           6|          11|
    |add_ln68_48_fu_2121_p2    |     +    |      0|  0|  18|           6|          11|
    |add_ln68_4_fu_1085_p2     |     +    |      0|  0|  18|           3|          11|
    |add_ln68_5_fu_1124_p2     |     +    |      0|  0|  18|           3|          11|
    |add_ln68_6_fu_1135_p2     |     +    |      0|  0|  18|           3|          11|
    |add_ln68_7_fu_1187_p2     |     +    |      0|  0|  18|           4|          11|
    |add_ln68_8_fu_1198_p2     |     +    |      0|  0|  18|           4|          11|
    |add_ln68_9_fu_1209_p2     |     +    |      0|  0|  18|           4|          11|
    |add_ln68_fu_1041_p2       |     +    |      0|  0|  18|           1|          11|
    |add_ln700_10_fu_1329_p2   |     +    |      0|  0|  15|           8|           8|
    |add_ln700_11_fu_1391_p2   |     +    |      0|  0|  15|           5|           5|
    |add_ln700_12_fu_1401_p2   |     +    |      0|  0|  15|           6|           6|
    |add_ln700_13_fu_1444_p2   |     +    |      0|  0|  15|           5|           5|
    |add_ln700_14_fu_1454_p2   |     +    |      0|  0|  15|           6|           6|
    |add_ln700_15_fu_1464_p2   |     +    |      0|  0|  15|           7|           7|
    |add_ln700_16_fu_1526_p2   |     +    |      0|  0|  15|           5|           5|
    |add_ln700_17_fu_1536_p2   |     +    |      0|  0|  15|           6|           6|
    |add_ln700_18_fu_1585_p2   |     +    |      0|  0|  15|           5|           5|
    |add_ln700_19_fu_1595_p2   |     +    |      0|  0|  15|           6|           6|
    |add_ln700_1_fu_1118_p2    |     +    |      0|  0|  15|           6|           6|
    |add_ln700_20_fu_1605_p2   |     +    |      0|  0|  15|           7|           7|
    |add_ln700_21_fu_1615_p2   |     +    |      0|  0|  15|           8|           8|
    |add_ln700_22_fu_1625_p2   |     +    |      0|  0|  16|           9|           9|
    |add_ln700_23_fu_1687_p2   |     +    |      0|  0|  15|           5|           5|
    |add_ln700_24_fu_1697_p2   |     +    |      0|  0|  15|           6|           6|
    |add_ln700_25_fu_1740_p2   |     +    |      0|  0|  15|           5|           5|
    |add_ln700_26_fu_1750_p2   |     +    |      0|  0|  15|           6|           6|
    |add_ln700_27_fu_1760_p2   |     +    |      0|  0|  15|           7|           7|
    |add_ln700_28_fu_1822_p2   |     +    |      0|  0|  15|           5|           5|
    |add_ln700_29_fu_1832_p2   |     +    |      0|  0|  15|           6|           6|
    |add_ln700_2_fu_1161_p2    |     +    |      0|  0|  15|           5|           5|
    |add_ln700_30_fu_1878_p2   |     +    |      0|  0|  15|           5|           5|
    |add_ln700_31_fu_1888_p2   |     +    |      0|  0|  15|           6|           6|
    |add_ln700_32_fu_1898_p2   |     +    |      0|  0|  15|           7|           7|
    |add_ln700_33_fu_1908_p2   |     +    |      0|  0|  15|           8|           8|
    |add_ln700_34_fu_1970_p2   |     +    |      0|  0|  15|           5|           5|
    |add_ln700_35_fu_1980_p2   |     +    |      0|  0|  15|           6|           6|
    |add_ln700_36_fu_2023_p2   |     +    |      0|  0|  15|           5|           5|
    |add_ln700_37_fu_2033_p2   |     +    |      0|  0|  15|           6|           6|
    |add_ln700_38_fu_2043_p2   |     +    |      0|  0|  15|           7|           7|
    |add_ln700_39_fu_2105_p2   |     +    |      0|  0|  15|           5|           5|
    |add_ln700_3_fu_1171_p2    |     +    |      0|  0|  15|           6|           6|
    |add_ln700_40_fu_2115_p2   |     +    |      0|  0|  15|           6|           6|
    |add_ln700_41_fu_2146_p2   |     +    |      0|  0|  15|           5|           5|
    |add_ln700_42_fu_2172_p2   |     +    |      0|  0|  15|           5|           5|
    |add_ln700_43_fu_2182_p2   |     +    |      0|  0|  15|           6|           6|
    |add_ln700_44_fu_2192_p2   |     +    |      0|  0|  15|           7|           7|
    |add_ln700_45_fu_2202_p2   |     +    |      0|  0|  15|           8|           8|
    |add_ln700_46_fu_2212_p2   |     +    |      0|  0|  16|           9|           9|
    |add_ln700_47_fu_2224_p2   |     +    |      0|  0|  17|          10|          10|
    |add_ln700_4_fu_1181_p2    |     +    |      0|  0|  15|           7|           7|
    |add_ln700_5_fu_1243_p2    |     +    |      0|  0|  15|           5|           5|
    |add_ln700_6_fu_1253_p2    |     +    |      0|  0|  15|           6|           6|
    |add_ln700_7_fu_1299_p2    |     +    |      0|  0|  15|           5|           5|
    |add_ln700_8_fu_1309_p2    |     +    |      0|  0|  15|           6|           6|
    |add_ln700_9_fu_1319_p2    |     +    |      0|  0|  15|           7|           7|
    |add_ln700_fu_1108_p2      |     +    |      0|  0|  15|           5|           5|
    |o_fu_1035_p2              |     +    |      0|  0|  15|           6|           1|
    |ret_V_fu_2240_p2          |     +    |      0|  0|  48|          34|          41|
    |x_fu_980_p2               |     +    |      0|  0|  15|           5|           1|
    |y_fu_895_p2               |     +    |      0|  0|  15|           5|           1|
    |sub_ln160_1_fu_947_p2     |     -    |      0|  0|  18|          11|          11|
    |sub_ln160_fu_877_p2       |     -    |      0|  0|  18|          11|          11|
    |sub_ln180_fu_1008_p2      |     -    |      0|  0|  21|          11|          11|
    |icmp_ln157_fu_883_p2      |   icmp   |      0|  0|  13|          10|           9|
    |icmp_ln158_fu_901_p2      |   icmp   |      0|  0|  11|           5|           4|
    |icmp_ln174_fu_1029_p2     |   icmp   |      0|  0|  11|           6|           7|
    |icmp_ln887_fu_2283_p2     |   icmp   |      0|  0|  11|           7|           5|
    |icmp_ln895_fu_2271_p2     |   icmp   |      0|  0|   9|           4|           1|
    |hq_V_d0                   |  select  |      0|  0|   5|           1|           5|
    |r_V_fu_2276_p3            |  select  |      0|  0|   7|           1|           3|
    |select_ln157_1_fu_915_p3  |  select  |      0|  0|   5|           1|           5|
    |select_ln157_2_fu_953_p3  |  select  |      0|  0|  11|           1|          11|
    |select_ln157_fu_907_p3    |  select  |      0|  0|   5|           1|           1|
    |ap_enable_pp0             |    xor   |      0|  0|   2|           1|           2|
    |ap_enable_pp1             |    xor   |      0|  0|   2|           1|           2|
    |ap_enable_reg_pp0_iter1   |    xor   |      0|  0|   2|           2|           1|
    +--------------------------+----------+-------+---+----+------------+------------+
    |Total                     |          |      2|  0|1931|         721|        1002|
    +--------------------------+----------+-------+---+----+------------+------------+

    * Multiplexer: 
    +----------------------------------+-----+-----------+-----+-----------+
    |               Name               | LUT | Input Size| Bits| Total Bits|
    +----------------------------------+-----+-----------+-----+-----------+
    |ap_NS_fsm                         |  153|         34|    1|         34|
    |ap_enable_reg_pp0_iter1           |   15|          3|    1|          3|
    |ap_enable_reg_pp1_iter1           |    9|          2|    1|          2|
    |ap_phi_mux_o_0_phi_fu_741_p4      |    9|          2|    6|         12|
    |ap_phi_mux_phi_mul_phi_fu_753_p4  |    9|          2|   11|         22|
    |ap_phi_mux_y_0_phi_fu_719_p4      |    9|          2|    5|         10|
    |f0_V_0_address0                   |   15|          3|   10|         30|
    |f0_V_0_ce0                        |   15|          3|    1|          3|
    |f0_V_0_ce1                        |    9|          2|    1|          2|
    |f1_V_address0                     |   15|          3|   12|         36|
    |f1_V_ce0                          |   15|          3|    1|          3|
    |f1_V_we0                          |    9|          2|    1|          2|
    |f2_V_address0                     |  125|         27|   11|        297|
    |f2_V_address1                     |  117|         25|   11|        275|
    |f2_V_ce0                          |   15|          3|    1|          3|
    |f2_V_we0                          |    9|          2|    1|          2|
    |hq_V_address0                     |   15|          3|    5|         15|
    |hq_V_ce0                          |   15|          3|    1|          3|
    |indvar_flatten_reg_704            |    9|          2|   10|         20|
    |o_0_reg_737                       |    9|          2|    6|         12|
    |phi_mul_reg_749                   |    9|          2|   11|         22|
    |reg_844                           |    9|          2|    4|          8|
    |x_0_reg_726                       |    9|          2|    5|         10|
    |y_0_reg_715                       |    9|          2|    5|         10|
    +----------------------------------+-----+-----------+-----+-----------+
    |Total                             |  632|        136|  122|        836|
    +----------------------------------+-----+-----------+-----+-----------+

    * Register: 
    +--------------------------------------+----+----+-----+-----------+
    |                 Name                 | FF | LUT| Bits| Const Bits|
    +--------------------------------------+----+----+-----+-----------+
    |add_ln68_48_reg_2657                  |  11|   0|   11|          0|
    |add_ln700_10_reg_2427                 |   8|   0|    8|          0|
    |add_ln700_12_reg_2452                 |   6|   0|    6|          0|
    |add_ln700_15_reg_2467                 |   7|   0|    7|          0|
    |add_ln700_17_reg_2492                 |   6|   0|    6|          0|
    |add_ln700_1_reg_2372                  |   6|   0|    6|          0|
    |add_ln700_22_reg_2507                 |   9|   0|    9|          0|
    |add_ln700_24_reg_2532                 |   6|   0|    6|          0|
    |add_ln700_27_reg_2547                 |   7|   0|    7|          0|
    |add_ln700_29_reg_2572                 |   6|   0|    6|          0|
    |add_ln700_33_reg_2587                 |   8|   0|    8|          0|
    |add_ln700_35_reg_2612                 |   6|   0|    6|          0|
    |add_ln700_38_reg_2627                 |   7|   0|    7|          0|
    |add_ln700_40_reg_2652                 |   6|   0|    6|          0|
    |add_ln700_41_reg_2667                 |   5|   0|    5|          0|
    |add_ln700_46_reg_2672                 |   9|   0|    9|          0|
    |add_ln700_4_reg_2387                  |   7|   0|    7|          0|
    |add_ln700_6_reg_2412                  |   6|   0|    6|          0|
    |ap_CS_fsm                             |  33|   0|   33|          0|
    |ap_enable_reg_pp0_iter0               |   1|   0|    1|          0|
    |ap_enable_reg_pp0_iter1               |   1|   0|    1|          0|
    |ap_enable_reg_pp1_iter0               |   1|   0|    1|          0|
    |ap_enable_reg_pp1_iter1               |   1|   0|    1|          0|
    |grp_conv_stage_1_fu_789_ap_start_reg  |   1|   0|    1|          0|
    |grp_conv_stage_fu_761_ap_start_reg    |   1|   0|    1|          0|
    |grp_head_stage_fu_817_ap_start_reg    |   1|   0|    1|          0|
    |icmp_ln157_reg_2302                   |   1|   0|    1|          0|
    |icmp_ln174_reg_2333                   |   1|   0|    1|          0|
    |icmp_ln174_reg_2333_pp1_iter1_reg     |   1|   0|    1|          0|
    |indvar_flatten_reg_704                |  10|   0|   10|          0|
    |o_0_reg_737                           |   6|   0|    6|          0|
    |o_0_reg_737_pp1_iter1_reg             |   6|   0|    6|          0|
    |o_reg_2337                            |   6|   0|    6|          0|
    |phi_mul_reg_749                       |  11|   0|   11|          0|
    |reg_844                               |   4|   0|    4|          0|
    |reg_849                               |   4|   0|    4|          0|
    |select_ln157_1_reg_2311               |   5|   0|    5|          0|
    |tmp_4_reg_2682                        |   4|   0|    4|          0|
    |trunc_ln_reg_2677                     |   7|   0|    7|          0|
    |x_0_reg_726                           |   5|   0|    5|          0|
    |y_0_reg_715                           |   5|   0|    5|          0|
    |zext_ln158_reg_2318                   |   5|   0|   11|          6|
    +--------------------------------------+----+----+-----+-----------+
    |Total                                 | 247|   0|  253|          6|
    +--------------------------------------+----+----+-----+-----------+



================================================================
== Interface
================================================================
* Summary: 
+----------------+-----+-----+------------+--------------+--------------+
|    RTL Ports   | Dir | Bits|  Protocol  | Source Object|    C Type    |
+----------------+-----+-----+------------+--------------+--------------+
|ap_clk          |  in |    1| ap_ctrl_hs |    kan_top   | return value |
|ap_rst          |  in |    1| ap_ctrl_hs |    kan_top   | return value |
|ap_start        |  in |    1| ap_ctrl_hs |    kan_top   | return value |
|ap_done         | out |    1| ap_ctrl_hs |    kan_top   | return value |
|ap_idle         | out |    1| ap_ctrl_hs |    kan_top   | return value |
|ap_ready        | out |    1| ap_ctrl_hs |    kan_top   | return value |
|in_V_address0   | out |   10|  ap_memory |     in_V     |     array    |
|in_V_ce0        | out |    1|  ap_memory |     in_V     |     array    |
|in_V_q0         |  in |    4|  ap_memory |     in_V     |     array    |
|out_V_address0  | out |    4|  ap_memory |     out_V    |     array    |
|out_V_ce0       | out |    1|  ap_memory |     out_V    |     array    |
|out_V_we0       | out |    1|  ap_memory |     out_V    |     array    |
|out_V_d0        | out |   32|  ap_memory |     out_V    |     array    |
+----------------+-----+-----+------------+--------------+--------------+

