

================================================================
== Vivado HLS Report for 'layer1'
================================================================
* Date:           Fri Jul  3 18:33:53 2026

* Version:        2019.1 (Build 2552052 on Fri May 24 15:28:33 MDT 2019)
* Project:        lsq_w4a4_alt
* Solution:       sol1
* Product family: zynquplus
* Target device:  xczu7ev-ffvc1156-2-e


================================================================
== Performance Estimates
================================================================
+ Timing (ns): 
    * Summary: 
    +--------+-------+----------+------------+
    |  Clock | Target| Estimated| Uncertainty|
    +--------+-------+----------+------------+
    |ap_clk  |   6.67|     6.504|        0.83|
    +--------+-------+----------+------------+

+ Latency (clock cycles): 
    * Summary: 
    +-----+-----+-----+-----+---------+
    |  Latency  |  Interval | Pipeline|
    | min | max | min | max |   Type  |
    +-----+-----+-----+-----+---------+
    |  668|  668|  668|  668|   none  |
    +-----+-----+-----+-----+---------+

    + Detail: 
        * Instance: 
        N/A

        * Loop: 
        +------------+-----+-----+----------+-----------+-----------+------+----------+
        |            |  Latency  | Iteration|  Initiation Interval  | Trip |          |
        |  Loop Name | min | max |  Latency |  achieved |   target  | Count| Pipelined|
        +------------+-----+-----+----------+-----------+-----------+------+----------+
        |- INIT1     |   10|   10|         1|          1|          1|    10|    yes   |
        |- IN1_OUT1  |  642|  642|         4|          1|          1|   640|    yes   |
        |- REQ1      |   10|   10|         1|          1|          1|    10|    yes   |
        +------------+-----+-----+----------+-----------+-----------+------+----------+



================================================================
== Utilization Estimates
================================================================
* Summary: 
+-----------------+---------+-------+--------+--------+-----+
|       Name      | BRAM_18K| DSP48E|   FF   |   LUT  | URAM|
+-----------------+---------+-------+--------+--------+-----+
|DSP              |        -|      4|       -|       -|    -|
|Expression       |        -|      6|       0|     470|    -|
|FIFO             |        -|      -|       -|       -|    -|
|Instance         |        -|      -|       0|     220|    -|
|Memory           |        3|      -|      54|      16|    -|
|Multiplexer      |        -|      -|       -|     293|    -|
|Register         |        0|      -|     865|      64|    -|
+-----------------+---------+-------+--------+--------+-----+
|Total            |        3|     10|     919|    1063|    0|
+-----------------+---------+-------+--------+--------+-----+
|Available        |      624|   1728|  460800|  230400|   96|
+-----------------+---------+-------+--------+--------+-----+
|Utilization (%)  |    ~0   |   ~0  |   ~0   |   ~0   |    0|
+-----------------+---------+-------+--------+--------+-----+

+ Detail: 
    * Instance: 
    +--------------------------+----------------------+---------+-------+---+----+-----+
    |         Instance         |        Module        | BRAM_18K| DSP48E| FF| LUT| URAM|
    +--------------------------+----------------------+---------+-------+---+----+-----+
    |kan_top_mux_104_3ibs_U33  |kan_top_mux_104_3ibs  |        0|      0|  0|  55|    0|
    |kan_top_mux_104_3ibs_U34  |kan_top_mux_104_3ibs  |        0|      0|  0|  55|    0|
    |kan_top_mux_104_3ibs_U35  |kan_top_mux_104_3ibs  |        0|      0|  0|  55|    0|
    |kan_top_mux_104_3ibs_U36  |kan_top_mux_104_3ibs  |        0|      0|  0|  55|    0|
    +--------------------------+----------------------+---------+-------+---+----+-----+
    |Total                     |                      |        0|      0|  0| 220|    0|
    +--------------------------+----------------------+---------+-------+---+----+-----+

    * DSP48E: 
    +--------------------------+----------------------+--------------+
    |         Instance         |        Module        |  Expression  |
    +--------------------------+----------------------+--------------+
    |kan_top_mac_muladjbC_U37  |kan_top_mac_muladjbC  | i0 + i1 * i2 |
    |kan_top_mac_muladkbM_U38  |kan_top_mac_muladkbM  | i0 + i1 * i2 |
    |kan_top_mac_muladlbW_U39  |kan_top_mac_muladlbW  | i0 + i1 * i2 |
    |kan_top_mac_muladmb6_U40  |kan_top_mac_muladmb6  | i0 * i1 + i2 |
    +--------------------------+----------------------+--------------+

    * Memory: 
    +----------------+---------------------+---------+----+----+-----+------+-----+------+-------------+
    |     Memory     |        Module       | BRAM_18K| FF | LUT| URAM| Words| Bits| Banks| W*Bits*Banks|
    +----------------+---------------------+---------+----+----+-----+------+-----+------+-------------+
    |l1_base_pk_U    |layer1_l1_base_pk    |        1|   0|   0|    0|   128|   32|     1|         4096|
    |l1_lut_b_V_2_U  |layer1_l1_lut_b_V_2  |        0|   9|   3|    0|    16|    9|     1|          144|
    |l1_lut_b_V_5_U  |layer1_l1_lut_b_V_2  |        0|   9|   3|    0|    16|    9|     1|          144|
    |l1_lut_b_V_3_U  |layer1_l1_lut_b_V_3  |        0|  10|   3|    0|    16|   10|     1|          160|
    |l1_lut_b_V_4_U  |layer1_l1_lut_b_V_3  |        0|  10|   3|    0|    16|   10|     1|          160|
    |l1_lut_s_V_U    |layer1_l1_lut_s_V    |        0|  16|   4|    0|    16|   16|     1|          256|
    |l1_spline_pk_U  |layer1_l1_spline_pk  |        2|   0|   0|    0|   640|   32|     1|        20480|
    +----------------+---------------------+---------+----+----+-----+------+-----+------+-------------+
    |Total           |                     |        3|  54|  16|    0|   848|  118|     7|        25440|
    +----------------+---------------------+---------+----+----+-----+------+-----+------+-------------+

    * FIFO: 
    N/A

    * Expression: 
    +-------------------------+----------+-------+---+----+------------+------------+
    |      Variable Name      | Operation| DSP48E| FF| LUT| Bitwidth P0| Bitwidth P1|
    +-------------------------+----------+-------+---+----+------------+------------+
    |grp_fu_1285_p2           |     *    |      0|  0|   5|          13|           4|
    |mul_ln1353_fu_1256_p2    |     *    |      4|  0|  20|          32|          31|
    |mul_ln68_fu_1242_p2      |     *    |      2|  0|  20|          32|          27|
    |acc_s_0_V_fu_1114_p2     |     +    |      0|  0|  39|          32|          32|
    |add_ln1353_fu_1262_p2    |     +    |      0|  0|  61|          61|          61|
    |add_ln74_1_fu_804_p2     |     +    |      0|  0|  15|           7|           1|
    |add_ln74_fu_784_p2       |     +    |      0|  0|  17|          10|           1|
    |add_ln87_fu_873_p2       |     +    |      0|  0|  17|          10|          10|
    |add_ln88_fu_895_p2       |     +    |      0|  0|  15|           8|           8|
    |o_1_fu_1175_p2           |     +    |      0|  0|  12|           4|           1|
    |o_2_fu_839_p2            |     +    |      0|  0|  12|           4|           1|
    |o_fu_592_p2              |     +    |      0|  0|  12|           4|           1|
    |ret_V_fu_1268_p2         |     +    |      0|  0|  61|          61|          29|
    |icmp_ln100_fu_1169_p2    |   icmp   |      0|  0|   9|           4|           4|
    |icmp_ln68_fu_586_p2      |   icmp   |      0|  0|   9|           4|           4|
    |icmp_ln74_fu_778_p2      |   icmp   |      0|  0|  13|          10|          10|
    |icmp_ln85_fu_790_p2      |   icmp   |      0|  0|   9|           4|           4|
    |lshr_ln49_fu_991_p2      |   lshr   |      0|  0|  97|          32|          32|
    |select_ln74_1_fu_810_p3  |  select  |      0|  0|   7|           1|           7|
    |select_ln74_3_fu_818_p3  |  select  |      0|  0|   7|           1|           7|
    |select_ln74_fu_796_p3    |  select  |      0|  0|   4|           1|           1|
    |ap_enable_pp1            |    xor   |      0|  0|   2|           1|           2|
    |ap_enable_reg_pp1_iter1  |    xor   |      0|  0|   2|           2|           1|
    |xor_ln74_fu_851_p2       |    xor   |      0|  0|   5|           4|           5|
    +-------------------------+----------+-------+---+----+------------+------------+
    |Total                    |          |      6|  0| 470|         342|         284|
    +-------------------------+----------+-------+---+----+------------+------------+

    * Multiplexer: 
    +------------------------------+----+-----------+-----+-----------+
    |             Name             | LUT| Input Size| Bits| Total Bits|
    +------------------------------+----+-----------+-----+-----------+
    |acc_b_9_V_1_fu_258            |   9|          2|   32|         64|
    |acc_b_9_V_2_fu_262            |   9|          2|   32|         64|
    |acc_b_9_V_3_fu_290            |   9|          2|   32|         64|
    |acc_b_9_V_4_fu_266            |   9|          2|   32|         64|
    |acc_b_9_V_5_fu_270            |   9|          2|   32|         64|
    |acc_b_9_V_6_fu_274            |   9|          2|   32|         64|
    |acc_b_9_V_7_fu_278            |   9|          2|   32|         64|
    |acc_b_9_V_8_fu_282            |   9|          2|   32|         64|
    |acc_b_9_V_9_fu_286            |   9|          2|   32|         64|
    |acc_b_9_V_fu_254              |   9|          2|   32|         64|
    |acc_s_9_V_1_fu_218            |   9|          2|   32|         64|
    |acc_s_9_V_2_fu_222            |   9|          2|   32|         64|
    |acc_s_9_V_3_fu_250            |   9|          2|   32|         64|
    |acc_s_9_V_4_fu_226            |   9|          2|   32|         64|
    |acc_s_9_V_5_fu_230            |   9|          2|   32|         64|
    |acc_s_9_V_6_fu_234            |   9|          2|   32|         64|
    |acc_s_9_V_7_fu_238            |   9|          2|   32|         64|
    |acc_s_9_V_8_fu_242            |   9|          2|   32|         64|
    |acc_s_9_V_9_fu_246            |   9|          2|   32|         64|
    |acc_s_9_V_fu_214              |   9|          2|   32|         64|
    |ap_NS_fsm                     |  41|          8|    1|          8|
    |ap_enable_reg_pp1_iter1       |   9|          2|    1|          2|
    |ap_enable_reg_pp1_iter3       |   9|          2|    1|          2|
    |ap_phi_mux_i_0_phi_fu_437_p4  |   9|          2|    7|         14|
    |i_0_reg_433                   |   9|          2|    7|         14|
    |indvar_flatten_reg_422        |   9|          2|   10|         20|
    |o3_0_reg_444                  |   9|          2|    4|          8|
    |o5_0_reg_455                  |   9|          2|    4|          8|
    |o_0_reg_411                   |   9|          2|    4|          8|
    +------------------------------+----+-----------+-----+-----------+
    |Total                         | 293|         64|  679|       1364|
    +------------------------------+----+-----------+-----+-----------+

    * Register: 
    +----------------------------+----+----+-----+-----------+
    |            Name            | FF | LUT| Bits| Const Bits|
    +----------------------------+----+----+-----+-----------+
    |acc_b_9_V_1_fu_258          |  32|   0|   32|          0|
    |acc_b_9_V_2_fu_262          |  32|   0|   32|          0|
    |acc_b_9_V_3_fu_290          |  32|   0|   32|          0|
    |acc_b_9_V_4_fu_266          |  32|   0|   32|          0|
    |acc_b_9_V_5_fu_270          |  32|   0|   32|          0|
    |acc_b_9_V_6_fu_274          |  32|   0|   32|          0|
    |acc_b_9_V_7_fu_278          |  32|   0|   32|          0|
    |acc_b_9_V_8_fu_282          |  32|   0|   32|          0|
    |acc_b_9_V_9_fu_286          |  32|   0|   32|          0|
    |acc_b_9_V_fu_254            |  32|   0|   32|          0|
    |acc_s_9_V_1_fu_218          |  32|   0|   32|          0|
    |acc_s_9_V_2_fu_222          |  32|   0|   32|          0|
    |acc_s_9_V_3_fu_250          |  32|   0|   32|          0|
    |acc_s_9_V_4_fu_226          |  32|   0|   32|          0|
    |acc_s_9_V_5_fu_230          |  32|   0|   32|          0|
    |acc_s_9_V_6_fu_234          |  32|   0|   32|          0|
    |acc_s_9_V_7_fu_238          |  32|   0|   32|          0|
    |acc_s_9_V_8_fu_242          |  32|   0|   32|          0|
    |acc_s_9_V_9_fu_246          |  32|   0|   32|          0|
    |acc_s_9_V_fu_214            |  32|   0|   32|          0|
    |add_ln700_reg_1790          |  17|   0|   17|          0|
    |ap_CS_fsm                   |   7|   0|    7|          0|
    |ap_enable_reg_pp1_iter0     |   1|   0|    1|          0|
    |ap_enable_reg_pp1_iter1     |   1|   0|    1|          0|
    |ap_enable_reg_pp1_iter2     |   1|   0|    1|          0|
    |ap_enable_reg_pp1_iter3     |   1|   0|    1|          0|
    |i_0_reg_433                 |   7|   0|    7|          0|
    |icmp_ln74_reg_1696          |   1|   0|    1|          0|
    |indvar_flatten_reg_422      |  10|   0|   10|          0|
    |l1_lut_b_V_2_load_reg_1770  |   9|   0|    9|          0|
    |l1_lut_b_V_3_load_reg_1775  |  10|   0|   10|          0|
    |o3_0_reg_444                |   4|   0|    4|          0|
    |o5_0_reg_455                |   4|   0|    4|          0|
    |o_0_reg_411                 |   4|   0|    4|          0|
    |select_ln74_1_reg_1713      |   7|   0|    7|          0|
    |select_ln74_reg_1705        |   4|   0|    4|          0|
    |tmp_1_reg_1725              |   1|   0|    1|          0|
    |tmp_8_reg_1780              |   4|   0|    4|          0|
    |tmp_9_reg_1785              |   4|   0|    4|          0|
    |icmp_ln74_reg_1696          |  64|  32|    1|          0|
    |select_ln74_reg_1705        |  64|  32|    4|          0|
    +----------------------------+----+----+-----+-----------+
    |Total                       | 865|  64|  742|          0|
    +----------------------------+----+----+-----+-----------+



================================================================
== Interface
================================================================
* Summary: 
+----------------+-----+-----+------------+--------------+--------------+
|    RTL Ports   | Dir | Bits|  Protocol  | Source Object|    C Type    |
+----------------+-----+-----+------------+--------------+--------------+
|ap_clk          |  in |    1| ap_ctrl_hs |    layer1    | return value |
|ap_rst          |  in |    1| ap_ctrl_hs |    layer1    | return value |
|ap_start        |  in |    1| ap_ctrl_hs |    layer1    | return value |
|ap_done         | out |    1| ap_ctrl_hs |    layer1    | return value |
|ap_idle         | out |    1| ap_ctrl_hs |    layer1    | return value |
|ap_ready        | out |    1| ap_ctrl_hs |    layer1    | return value |
|in_V_address0   | out |    6|  ap_memory |     in_V     |     array    |
|in_V_ce0        | out |    1|  ap_memory |     in_V     |     array    |
|in_V_q0         |  in |    4|  ap_memory |     in_V     |     array    |
|out_V_address0  | out |    4|  ap_memory |     out_V    |     array    |
|out_V_ce0       | out |    1|  ap_memory |     out_V    |     array    |
|out_V_we0       | out |    1|  ap_memory |     out_V    |     array    |
|out_V_d0        | out |   32|  ap_memory |     out_V    |     array    |
+----------------+-----+-----+------------+--------------+--------------+

