Copyright 1986-2019 Xilinx, Inc. All Rights Reserved.
--------------------------------------------------------------------------------------------------------------------------------------
| Tool Version      : Vivado v.2019.1 (win64) Build 2552052 Fri May 24 14:49:42 MDT 2019
| Date              : Thu Jul  9 19:45:48 2026
| Host              : element running 64-bit major release  (build 9200)
| Command           : report_timing_summary -file <repo>/hw/results/gram_funccode_w4a4/impl_alt/timing_route.rpt
| Design            : kan_top
| Device            : xczu7ev-ffvc1156
| Speed File        : -2  PRODUCTION 1.25 05-09-2019
| Temperature Grade : E
--------------------------------------------------------------------------------------------------------------------------------------

Timing Summary Report

------------------------------------------------------------------------------------------------
| Timer Settings
| --------------
------------------------------------------------------------------------------------------------

  Enable Multi Corner Analysis               :  Yes
  Enable Pessimism Removal                   :  Yes
  Pessimism Removal Resolution               :  Nearest Common Node
  Enable Input Delay Default Clock           :  No
  Enable Preset / Clear Arcs                 :  No
  Disable Flight Delays                      :  No
  Ignore I/O Paths                           :  No
  Timing Early Launch at Borrowing Latches   :  No
  Borrow Time for Max Delay Exceptions       :  Yes

  Corner  Analyze    Analyze    
  Name    Max Paths  Min Paths  
  ------  ---------  ---------  
  Slow    Yes        Yes        
  Fast    Yes        Yes        



check_timing report

Table of Contents
-----------------
1. checking no_clock
2. checking constant_clock
3. checking pulse_width_clock
4. checking unconstrained_internal_endpoints
5. checking no_input_delay
6. checking no_output_delay
7. checking multiple_clock
8. checking generated_clocks
9. checking loops
10. checking partial_input_delay
11. checking partial_output_delay
12. checking latch_loops

1. checking no_clock
--------------------
 There are 0 register/latch pins with no clock.


2. checking constant_clock
--------------------------
 There are 0 register/latch pins with constant_clock.


3. checking pulse_width_clock
-----------------------------
 There are 0 register/latch pins which need pulse_width check


4. checking unconstrained_internal_endpoints
--------------------------------------------
 There are 0 pins that are not constrained for maximum delay.

 There are 0 pins that are not constrained for maximum delay due to constant clock.


5. checking no_input_delay
--------------------------
 There are 6 input ports with no input delay specified. (HIGH)

 There are 0 input ports with no input delay but user has a false path constraint.


6. checking no_output_delay
---------------------------
 There are 46 ports with no output delay specified. (HIGH)

 There are 0 ports with no output delay but user has a false path constraint

 There are 0 ports with no output delay but with a timing clock defined on it or propagating through it


7. checking multiple_clock
--------------------------
 There are 0 register/latch pins with multiple clocks.


8. checking generated_clocks
----------------------------
 There are 0 generated clocks that are not connected to a clock source.


9. checking loops
-----------------
 There are 0 combinational loops in the design.


10. checking partial_input_delay
--------------------------------
 There are 0 input ports with partial input delay specified.


11. checking partial_output_delay
---------------------------------
 There are 0 ports with partial output delay specified.


12. checking latch_loops
------------------------
 There are 0 combinational latch loops in the design through latch input



------------------------------------------------------------------------------------------------
| Design Timing Summary
| ---------------------
------------------------------------------------------------------------------------------------

    WNS(ns)      TNS(ns)  TNS Failing Endpoints  TNS Total Endpoints      WHS(ns)      THS(ns)  THS Failing Endpoints  THS Total Endpoints     WPWS(ns)     TPWS(ns)  TPWS Failing Endpoints  TPWS Total Endpoints  
    -------      -------  ---------------------  -------------------      -------      -------  ---------------------  -------------------     --------     --------  ----------------------  --------------------  
      0.475        0.000                      0                54081        0.027        0.000                      0                54081        2.793        0.000                       0                 40098  


All user specified timing constraints are met.


------------------------------------------------------------------------------------------------
| Clock Summary
| -------------
------------------------------------------------------------------------------------------------

Clock   Waveform(ns)         Period(ns)      Frequency(MHz)
-----   ------------         ----------      --------------
ap_clk  {0.000 3.335}        6.670           149.925         


------------------------------------------------------------------------------------------------
| Intra Clock Table
| -----------------
------------------------------------------------------------------------------------------------

Clock             WNS(ns)      TNS(ns)  TNS Failing Endpoints  TNS Total Endpoints      WHS(ns)      THS(ns)  THS Failing Endpoints  THS Total Endpoints     WPWS(ns)     TPWS(ns)  TPWS Failing Endpoints  TPWS Total Endpoints  
-----             -------      -------  ---------------------  -------------------      -------      -------  ---------------------  -------------------     --------     --------  ----------------------  --------------------  
ap_clk              0.475        0.000                      0                54081        0.027        0.000                      0                54081        2.793        0.000                       0                 40098  


------------------------------------------------------------------------------------------------
| Inter Clock Table
| -----------------
------------------------------------------------------------------------------------------------

From Clock    To Clock          WNS(ns)      TNS(ns)  TNS Failing Endpoints  TNS Total Endpoints      WHS(ns)      THS(ns)  THS Failing Endpoints  THS Total Endpoints  
----------    --------          -------      -------  ---------------------  -------------------      -------      -------  ---------------------  -------------------  


------------------------------------------------------------------------------------------------
| Other Path Groups Table
| -----------------------
------------------------------------------------------------------------------------------------

Path Group    From Clock    To Clock          WNS(ns)      TNS(ns)  TNS Failing Endpoints  TNS Total Endpoints      WHS(ns)      THS(ns)  THS Failing Endpoints  THS Total Endpoints  
----------    ----------    --------          -------      -------  ---------------------  -------------------      -------      -------  ---------------------  -------------------  


------------------------------------------------------------------------------------------------
| Timing Details
| --------------
------------------------------------------------------------------------------------------------


---------------------------------------------------------------------------------------------------
From Clock:  ap_clk
  To Clock:  ap_clk

Setup :            0  Failing Endpoints,  Worst Slack        0.475ns,  Total Violation        0.000ns
Hold  :            0  Failing Endpoints,  Worst Slack        0.027ns,  Total Violation        0.000ns
PW    :            0  Failing Endpoints,  Worst Slack        2.793ns,  Total Violation        0.000ns
---------------------------------------------------------------------------------------------------


Max Delay Paths
--------------------------------------------------------------------------------------
Slack (MET) :             0.475ns  (required time - arrival time)
  Source:                 grp_layer0_fu_88/o7_0_reg_1593_reg[1]/C
                            (rising edge-triggered cell FDRE clocked by ap_clk  {rise@0.000ns fall@3.335ns period=6.670ns})
  Destination:            grp_layer0_fu_88/trunc_ln4_reg_7646_reg[27]/D
                            (rising edge-triggered cell FDRE clocked by ap_clk  {rise@0.000ns fall@3.335ns period=6.670ns})
  Path Group:             ap_clk
  Path Type:              Setup (Max at Slow Process Corner)
  Requirement:            6.670ns  (ap_clk rise@6.670ns - ap_clk rise@0.000ns)
  Data Path Delay:        6.176ns  (logic 3.444ns (55.764%)  route 2.732ns (44.236%))
  Logic Levels:           21  (CARRY8=6 DSP_A_B_DATA=1 DSP_ALU=2 DSP_M_DATA=1 DSP_MULTIPLIER=1 DSP_OUTPUT=2 DSP_PREADD_DATA=1 LUT2=1 LUT4=1 LUT5=1 LUT6=2 MUXF7=1 MUXF8=1)
  Clock Path Skew:        -0.009ns (DCD - SCD + CPR)
    Destination Clock Delay (DCD):    0.020ns = ( 6.690 - 6.670 ) 
    Source Clock Delay      (SCD):    0.029ns
    Clock Pessimism Removal (CPR):    0.000ns
  Clock Uncertainty:      0.035ns  ((TSJ^2 + TIJ^2)^1/2 + DJ) / 2 + PE
    Total System Jitter     (TSJ):    0.071ns
    Total Input Jitter      (TIJ):    0.000ns
    Discrete Jitter          (DJ):    0.000ns
    Phase Error              (PE):    0.000ns

    Location             Delay type                Incr(ns)  Path(ns)    Netlist Resource(s)
  -------------------------------------------------------------------    -------------------
                         (clock ap_clk rise edge)     0.000     0.000 r  
                                                      0.000     0.000 r  ap_clk (IN)
                         net (fo=40360, unset)        0.029     0.029    grp_layer0_fu_88/ap_clk
    SLICE_X99Y320        FDRE                                         r  grp_layer0_fu_88/o7_0_reg_1593_reg[1]/C
  -------------------------------------------------------------------    -------------------
    SLICE_X99Y320        FDRE (Prop_GFF2_SLICEL_C_Q)
                                                      0.081     0.110 r  grp_layer0_fu_88/o7_0_reg_1593_reg[1]/Q
                         net (fo=10, routed)          0.152     0.262    grp_layer0_fu_88/o7_0_reg_1593[1]
    SLICE_X99Y320        LUT5 (Prop_D6LUT_SLICEL_I0_O)
                                                      0.146     0.408 r  grp_layer0_fu_88/o_4_reg_7641[4]_i_2/O
                         net (fo=110, routed)         0.662     1.070    grp_layer0_fu_88/o_4_reg_7641[4]_i_2_n_1
    SLICE_X105Y301       LUT6 (Prop_D6LUT_SLICEM_I2_O)
                                                      0.088     1.158 f  grp_layer0_fu_88/mul_ln68_2_fu_4860_p2_i_463/O
                         net (fo=1, routed)           0.025     1.183    grp_layer0_fu_88/kan_top_mux_646_3ncg_U14/mux_2_12[1]
    SLICE_X105Y301       MUXF7 (Prop_F7MUX_CD_SLICEM_I0_O)
                                                      0.062     1.245 f  grp_layer0_fu_88/mul_ln68_2_fu_4860_p2_i_207/O
                         net (fo=1, routed)           0.000     1.245    grp_layer0_fu_88/kan_top_mux_646_3ncg_U14/mux_3_6[1]
    SLICE_X105Y301       MUXF8 (Prop_F8MUX_BOT_SLICEM_I0_O)
                                                      0.030     1.275 f  grp_layer0_fu_88/mul_ln68_2_fu_4860_p2_i_78/O
                         net (fo=1, routed)           0.652     1.927    grp_layer0_fu_88/kan_top_mux_646_3ncg_U14/mux_4_3[1]
    SLICE_X97Y322        LUT6 (Prop_H6LUT_SLICEL_I0_O)
                                                      0.150     2.077 f  grp_layer0_fu_88/mul_ln68_2_fu_4860_p2_i_16/O
                         net (fo=2, routed)           0.368     2.445    grp_layer0_fu_88/mul_ln68_2_fu_4860_p2__1/A[1]
    DSP48E2_X12Y132      DSP_A_B_DATA (Prop_DSP_A_B_DATA_DSP48E2_A[1]_A2_DATA[1])
                                                      0.192     2.637 r  grp_layer0_fu_88/mul_ln68_2_fu_4860_p2__1/DSP_A_B_DATA_INST/A2_DATA[1]
                         net (fo=1, routed)           0.000     2.637    grp_layer0_fu_88/mul_ln68_2_fu_4860_p2__1/DSP_A_B_DATA.A2_DATA<1>
    DSP48E2_X12Y132      DSP_PREADD_DATA (Prop_DSP_PREADD_DATA_DSP48E2_A2_DATA[1]_A2A1[1])
                                                      0.076     2.713 r  grp_layer0_fu_88/mul_ln68_2_fu_4860_p2__1/DSP_PREADD_DATA_INST/A2A1[1]
                         net (fo=1, routed)           0.000     2.713    grp_layer0_fu_88/mul_ln68_2_fu_4860_p2__1/DSP_PREADD_DATA.A2A1<1>
    DSP48E2_X12Y132      DSP_MULTIPLIER (Prop_DSP_MULTIPLIER_DSP48E2_A2A1[1]_U[22])
                                                      0.505     3.218 f  grp_layer0_fu_88/mul_ln68_2_fu_4860_p2__1/DSP_MULTIPLIER_INST/U[22]
                         net (fo=1, routed)           0.000     3.218    grp_layer0_fu_88/mul_ln68_2_fu_4860_p2__1/DSP_MULTIPLIER.U<22>
    DSP48E2_X12Y132      DSP_M_DATA (Prop_DSP_M_DATA_DSP48E2_U[22]_U_DATA[22])
                                                      0.047     3.265 r  grp_layer0_fu_88/mul_ln68_2_fu_4860_p2__1/DSP_M_DATA_INST/U_DATA[22]
                         net (fo=1, routed)           0.000     3.265    grp_layer0_fu_88/mul_ln68_2_fu_4860_p2__1/DSP_M_DATA.U_DATA<22>
    DSP48E2_X12Y132      DSP_ALU (Prop_DSP_ALU_DSP48E2_U_DATA[22]_ALU_OUT[47])
                                                      0.585     3.850 f  grp_layer0_fu_88/mul_ln68_2_fu_4860_p2__1/DSP_ALU_INST/ALU_OUT[47]
                         net (fo=1, routed)           0.000     3.850    grp_layer0_fu_88/mul_ln68_2_fu_4860_p2__1/DSP_ALU.ALU_OUT<47>
    DSP48E2_X12Y132      DSP_OUTPUT (Prop_DSP_OUTPUT_DSP48E2_ALU_OUT[47]_PCOUT[47])
                                                      0.122     3.972 r  grp_layer0_fu_88/mul_ln68_2_fu_4860_p2__1/DSP_OUTPUT_INST/PCOUT[47]
                         net (fo=1, routed)           0.014     3.986    grp_layer0_fu_88/mul_ln68_2_fu_4860_p2__2/PCIN[47]
    DSP48E2_X12Y133      DSP_ALU (Prop_DSP_ALU_DSP48E2_PCIN[47]_ALU_OUT[8])
                                                      0.546     4.532 f  grp_layer0_fu_88/mul_ln68_2_fu_4860_p2__2/DSP_ALU_INST/ALU_OUT[8]
                         net (fo=1, routed)           0.000     4.532    grp_layer0_fu_88/mul_ln68_2_fu_4860_p2__2/DSP_ALU.ALU_OUT<8>
    DSP48E2_X12Y133      DSP_OUTPUT (Prop_DSP_OUTPUT_DSP48E2_ALU_OUT[8]_P[8])
                                                      0.109     4.641 r  grp_layer0_fu_88/mul_ln68_2_fu_4860_p2__2/DSP_OUTPUT_INST/P[8]
                         net (fo=2, routed)           0.395     5.036    grp_layer0_fu_88/mul_ln68_2_fu_4860_p2__2_n_98
    SLICE_X93Y326        LUT2 (Prop_B6LUT_SLICEM_I0_O)
                                                      0.037     5.073 r  grp_layer0_fu_88/trunc_ln4_reg_7646[5]_i_51/O
                         net (fo=1, routed)           0.016     5.089    grp_layer0_fu_88/trunc_ln4_reg_7646[5]_i_51_n_1
    SLICE_X93Y326        CARRY8 (Prop_CARRY8_SLICEM_S[1]_CO[7])
                                                      0.190     5.279 r  grp_layer0_fu_88/trunc_ln4_reg_7646_reg[5]_i_26/CO[7]
                         net (fo=1, routed)           0.026     5.305    grp_layer0_fu_88/trunc_ln4_reg_7646_reg[5]_i_26_n_1
    SLICE_X93Y327        CARRY8 (Prop_CARRY8_SLICEM_CI_CO[7])
                                                      0.015     5.320 r  grp_layer0_fu_88/trunc_ln4_reg_7646_reg[5]_i_8/CO[7]
                         net (fo=1, routed)           0.026     5.346    grp_layer0_fu_88/trunc_ln4_reg_7646_reg[5]_i_8_n_1
    SLICE_X93Y328        CARRY8 (Prop_CARRY8_SLICEM_CI_CO[7])
                                                      0.015     5.361 r  grp_layer0_fu_88/trunc_ln4_reg_7646_reg[21]_i_18/CO[7]
                         net (fo=1, routed)           0.026     5.387    grp_layer0_fu_88/trunc_ln4_reg_7646_reg[21]_i_18_n_1
    SLICE_X93Y329        CARRY8 (Prop_CARRY8_SLICEM_CI_CO[7])
                                                      0.015     5.402 r  grp_layer0_fu_88/trunc_ln4_reg_7646_reg[28]_i_14/CO[7]
                         net (fo=1, routed)           0.052     5.454    grp_layer0_fu_88/trunc_ln4_reg_7646_reg[28]_i_14_n_1
    SLICE_X93Y330        CARRY8 (Prop_CARRY8_SLICEM_CI_O[1])
                                                      0.076     5.530 r  grp_layer0_fu_88/trunc_ln4_reg_7646_reg[28]_i_3/O[1]
                         net (fo=4, routed)           0.284     5.814    grp_layer0_fu_88/mul_ln68_2_fu_4860_p2__3[57]
    SLICE_X92Y329        LUT4 (Prop_B6LUT_SLICEL_I0_O)
                                                      0.124     5.938 r  grp_layer0_fu_88/trunc_ln4_reg_7646[28]_i_12/O
                         net (fo=1, routed)           0.009     5.947    grp_layer0_fu_88/trunc_ln4_reg_7646[28]_i_12_n_1
    SLICE_X92Y329        CARRY8 (Prop_CARRY8_SLICEL_S[1]_O[5])
                                                      0.233     6.180 r  grp_layer0_fu_88/trunc_ln4_reg_7646_reg[28]_i_2/O[5]
                         net (fo=1, routed)           0.025     6.205    grp_layer0_fu_88/ret_V_fu_4872_p2[61]
    SLICE_X92Y329        FDRE                                         r  grp_layer0_fu_88/trunc_ln4_reg_7646_reg[27]/D
  -------------------------------------------------------------------    -------------------

                         (clock ap_clk rise edge)     6.670     6.670 r  
                                                      0.000     6.670 r  ap_clk (IN)
                         net (fo=40360, unset)        0.020     6.690    grp_layer0_fu_88/ap_clk
    SLICE_X92Y329        FDRE                                         r  grp_layer0_fu_88/trunc_ln4_reg_7646_reg[27]/C
                         clock pessimism              0.000     6.690    
                         clock uncertainty           -0.035     6.655    
    SLICE_X92Y329        FDRE (Setup_FFF_SLICEL_C_D)
                                                      0.025     6.680    grp_layer0_fu_88/trunc_ln4_reg_7646_reg[27]
  -------------------------------------------------------------------
                         required time                          6.680    
                         arrival time                          -6.205    
  -------------------------------------------------------------------
                         slack                                  0.475    





Min Delay Paths
--------------------------------------------------------------------------------------
Slack (MET) :             0.027ns  (arrival time - required time)
  Source:                 grp_layer0_fu_88/grp_int_layernorm_64_s_fu_1616/kan_top_srem_64nsfYi_U3/kan_top_srem_64nsfYi_div_U/kan_top_srem_64nsfYi_div_u_0/loop[32].divisor_tmp_reg[33][8]/C
                            (rising edge-triggered cell FDRE clocked by ap_clk  {rise@0.000ns fall@3.335ns period=6.670ns})
  Destination:            grp_layer0_fu_88/grp_int_layernorm_64_s_fu_1616/kan_top_srem_64nsfYi_U3/kan_top_srem_64nsfYi_div_U/kan_top_srem_64nsfYi_div_u_0/loop[33].divisor_tmp_reg[34][8]/D
                            (rising edge-triggered cell FDRE clocked by ap_clk  {rise@0.000ns fall@3.335ns period=6.670ns})
  Path Group:             ap_clk
  Path Type:              Hold (Min at Fast Process Corner)
  Requirement:            0.000ns  (ap_clk rise@0.000ns - ap_clk rise@0.000ns)
  Data Path Delay:        0.080ns  (logic 0.038ns (47.500%)  route 0.042ns (52.500%))
  Logic Levels:           0  
  Clock Path Skew:        0.006ns (DCD - SCD - CPR)
    Destination Clock Delay (DCD):    0.019ns
    Source Clock Delay      (SCD):    0.013ns
    Clock Pessimism Removal (CPR):    -0.000ns

    Location             Delay type                Incr(ns)  Path(ns)    Netlist Resource(s)
  -------------------------------------------------------------------    -------------------
                         (clock ap_clk rise edge)     0.000     0.000 r  
                                                      0.000     0.000 r  ap_clk (IN)
                         net (fo=40360, unset)        0.013     0.013    grp_layer0_fu_88/grp_int_layernorm_64_s_fu_1616/kan_top_srem_64nsfYi_U3/kan_top_srem_64nsfYi_div_U/kan_top_srem_64nsfYi_div_u_0/ap_clk
    SLICE_X84Y269        FDRE                                         r  grp_layer0_fu_88/grp_int_layernorm_64_s_fu_1616/kan_top_srem_64nsfYi_U3/kan_top_srem_64nsfYi_div_U/kan_top_srem_64nsfYi_div_u_0/loop[32].divisor_tmp_reg[33][8]/C
  -------------------------------------------------------------------    -------------------
    SLICE_X84Y269        FDRE (Prop_CFF_SLICEM_C_Q)
                                                      0.038     0.051 r  grp_layer0_fu_88/grp_int_layernorm_64_s_fu_1616/kan_top_srem_64nsfYi_U3/kan_top_srem_64nsfYi_div_U/kan_top_srem_64nsfYi_div_u_0/loop[32].divisor_tmp_reg[33][8]/Q
                         net (fo=2, routed)           0.042     0.093    grp_layer0_fu_88/grp_int_layernorm_64_s_fu_1616/kan_top_srem_64nsfYi_U3/kan_top_srem_64nsfYi_div_U/kan_top_srem_64nsfYi_div_u_0/loop[32].divisor_tmp_reg[33]_202[8]
    SLICE_X84Y268        FDRE                                         r  grp_layer0_fu_88/grp_int_layernorm_64_s_fu_1616/kan_top_srem_64nsfYi_U3/kan_top_srem_64nsfYi_div_U/kan_top_srem_64nsfYi_div_u_0/loop[33].divisor_tmp_reg[34][8]/D
  -------------------------------------------------------------------    -------------------

                         (clock ap_clk rise edge)     0.000     0.000 r  
                                                      0.000     0.000 r  ap_clk (IN)
                         net (fo=40360, unset)        0.019     0.019    grp_layer0_fu_88/grp_int_layernorm_64_s_fu_1616/kan_top_srem_64nsfYi_U3/kan_top_srem_64nsfYi_div_U/kan_top_srem_64nsfYi_div_u_0/ap_clk
    SLICE_X84Y268        FDRE                                         r  grp_layer0_fu_88/grp_int_layernorm_64_s_fu_1616/kan_top_srem_64nsfYi_U3/kan_top_srem_64nsfYi_div_U/kan_top_srem_64nsfYi_div_u_0/loop[33].divisor_tmp_reg[34][8]/C
                         clock pessimism              0.000     0.019    
    SLICE_X84Y268        FDRE (Hold_HFF2_SLICEM_C_D)
                                                      0.047     0.066    grp_layer0_fu_88/grp_int_layernorm_64_s_fu_1616/kan_top_srem_64nsfYi_U3/kan_top_srem_64nsfYi_div_U/kan_top_srem_64nsfYi_div_u_0/loop[33].divisor_tmp_reg[34][8]
  -------------------------------------------------------------------
                         required time                         -0.066    
                         arrival time                           0.093    
  -------------------------------------------------------------------
                         slack                                  0.027    





Pulse Width Checks
--------------------------------------------------------------------------------------
Clock Name:         ap_clk
Waveform(ns):       { 0.000 3.335 }
Period(ns):         6.670
Sources:            { ap_clk }

Check Type        Corner  Lib Pin             Reference Pin  Required(ns)  Actual(ns)  Slack(ns)  Location       Pin
Min Period        n/a     RAMB18E2/CLKARDCLK  n/a            1.569         6.670       5.101      RAMB18_X3Y126  grp_layer0_fu_88/v_V_U/layer0_v_V_ram_U/ram_reg/CLKARDCLK
Low Pulse Width   Slow    RAMB36E2/CLKARDCLK  n/a            0.542         3.335       2.793      RAMB36_X3Y44   grp_layer0_fu_88/q0_reg_0_1/CLKARDCLK
High Pulse Width  Slow    RAMB36E2/CLKARDCLK  n/a            0.542         3.335       2.793      RAMB36_X3Y44   grp_layer0_fu_88/q0_reg_0_1/CLKARDCLK



