Copyright 1986-2019 Xilinx, Inc. All Rights Reserved.
---------------------------------------------------------------------------------------------------------------------------------
| Tool Version      : Vivado v.2019.1 (win64) Build 2552052 Fri May 24 14:49:42 MDT 2019
| Date              : Sat Jul 11 15:07:29 2026
| Host              : element running 64-bit major release  (build 9200)
| Command           : report_timing_summary -file <repo>/hw/results/kagnconv_fp32/impl_alt/timing_route.rpt
| Design            : kan_top
| Device            : xczu7ev-ffvc1156
| Speed File        : -2  PRODUCTION 1.25 05-09-2019
| Temperature Grade : E
---------------------------------------------------------------------------------------------------------------------------------

Timing Summary Report

------------------------------------------------------------------------------------------------
| Timer Settings
| --------------
------------------------------------------------------------------------------------------------

  Enable Multi Corner Analysis               :  Yes
  Enable Pessimism Removal                   :  Yes
  Pessimism Removal Resolution               :  Nearest Common Node
  Enable Input Delay Default Clock           :  No
  Enable Preset / Clear Arcs                 :  No
  Disable Flight Delays                      :  No
  Ignore I/O Paths                           :  No
  Timing Early Launch at Borrowing Latches   :  No
  Borrow Time for Max Delay Exceptions       :  Yes

  Corner  Analyze    Analyze    
  Name    Max Paths  Min Paths  
  ------  ---------  ---------  
  Slow    Yes        Yes        
  Fast    Yes        Yes        



check_timing report

Table of Contents
-----------------
1. checking no_clock
2. checking constant_clock
3. checking pulse_width_clock
4. checking unconstrained_internal_endpoints
5. checking no_input_delay
6. checking no_output_delay
7. checking multiple_clock
8. checking generated_clocks
9. checking loops
10. checking partial_input_delay
11. checking partial_output_delay
12. checking latch_loops

1. checking no_clock
--------------------
 There are 0 register/latch pins with no clock.


2. checking constant_clock
--------------------------
 There are 0 register/latch pins with constant_clock.


3. checking pulse_width_clock
-----------------------------
 There are 0 register/latch pins which need pulse_width check


4. checking unconstrained_internal_endpoints
--------------------------------------------
 There are 0 pins that are not constrained for maximum delay.

 There are 0 pins that are not constrained for maximum delay due to constant clock.


5. checking no_input_delay
--------------------------
 There are 34 input ports with no input delay specified. (HIGH)

 There are 0 input ports with no input delay but user has a false path constraint.


6. checking no_output_delay
---------------------------
 There are 52 ports with no output delay specified. (HIGH)

 There are 0 ports with no output delay but user has a false path constraint

 There are 0 ports with no output delay but with a timing clock defined on it or propagating through it


7. checking multiple_clock
--------------------------
 There are 0 register/latch pins with multiple clocks.


8. checking generated_clocks
----------------------------
 There are 0 generated clocks that are not connected to a clock source.


9. checking loops
-----------------
 There are 0 combinational loops in the design.


10. checking partial_input_delay
--------------------------------
 There are 0 input ports with partial input delay specified.


11. checking partial_output_delay
---------------------------------
 There are 0 ports with partial output delay specified.


12. checking latch_loops
------------------------
 There are 0 combinational latch loops in the design through latch input



------------------------------------------------------------------------------------------------
| Design Timing Summary
| ---------------------
------------------------------------------------------------------------------------------------

    WNS(ns)      TNS(ns)  TNS Failing Endpoints  TNS Total Endpoints      WHS(ns)      THS(ns)  THS Failing Endpoints  THS Total Endpoints     WPWS(ns)     TPWS(ns)  TPWS Failing Endpoints  TPWS Total Endpoints  
    -------      -------  ---------------------  -------------------      -------      -------  ---------------------  -------------------     --------     --------  ----------------------  --------------------  
      1.371        0.000                      0                45480        0.040        0.000                      0                45480        2.793        0.000                       0                 23847  


All user specified timing constraints are met.


------------------------------------------------------------------------------------------------
| Clock Summary
| -------------
------------------------------------------------------------------------------------------------

Clock   Waveform(ns)         Period(ns)      Frequency(MHz)
-----   ------------         ----------      --------------
ap_clk  {0.000 3.335}        6.670           149.925         


------------------------------------------------------------------------------------------------
| Intra Clock Table
| -----------------
------------------------------------------------------------------------------------------------

Clock             WNS(ns)      TNS(ns)  TNS Failing Endpoints  TNS Total Endpoints      WHS(ns)      THS(ns)  THS Failing Endpoints  THS Total Endpoints     WPWS(ns)     TPWS(ns)  TPWS Failing Endpoints  TPWS Total Endpoints  
-----             -------      -------  ---------------------  -------------------      -------      -------  ---------------------  -------------------     --------     --------  ----------------------  --------------------  
ap_clk              1.371        0.000                      0                45480        0.040        0.000                      0                45480        2.793        0.000                       0                 23847  


------------------------------------------------------------------------------------------------
| Inter Clock Table
| -----------------
------------------------------------------------------------------------------------------------

From Clock    To Clock          WNS(ns)      TNS(ns)  TNS Failing Endpoints  TNS Total Endpoints      WHS(ns)      THS(ns)  THS Failing Endpoints  THS Total Endpoints  
----------    --------          -------      -------  ---------------------  -------------------      -------      -------  ---------------------  -------------------  


------------------------------------------------------------------------------------------------
| Other Path Groups Table
| -----------------------
------------------------------------------------------------------------------------------------

Path Group    From Clock    To Clock          WNS(ns)      TNS(ns)  TNS Failing Endpoints  TNS Total Endpoints      WHS(ns)      THS(ns)  THS Failing Endpoints  THS Total Endpoints  
----------    ----------    --------          -------      -------  ---------------------  -------------------      -------      -------  ---------------------  -------------------  


------------------------------------------------------------------------------------------------
| Timing Details
| --------------
------------------------------------------------------------------------------------------------


---------------------------------------------------------------------------------------------------
From Clock:  ap_clk
  To Clock:  ap_clk

Setup :            0  Failing Endpoints,  Worst Slack        1.371ns,  Total Violation        0.000ns
Hold  :            0  Failing Endpoints,  Worst Slack        0.040ns,  Total Violation        0.000ns
PW    :            0  Failing Endpoints,  Worst Slack        2.793ns,  Total Violation        0.000ns
---------------------------------------------------------------------------------------------------


Max Delay Paths
--------------------------------------------------------------------------------------
Slack (MET) :             1.371ns  (required time - arrival time)
  Source:                 grp_conv_stage_1_fu_772/ap_CS_fsm_reg[79]/C
                            (rising edge-triggered cell FDRE clocked by ap_clk  {rise@0.000ns fall@3.335ns period=6.670ns})
  Destination:            grp_conv_stage_1_fu_772/acc_1_1_reg_532_reg[20]/CE
                            (rising edge-triggered cell FDRE clocked by ap_clk  {rise@0.000ns fall@3.335ns period=6.670ns})
  Path Group:             ap_clk
  Path Type:              Setup (Max at Slow Process Corner)
  Requirement:            6.670ns  (ap_clk rise@6.670ns - ap_clk rise@0.000ns)
  Data Path Delay:        5.194ns  (logic 0.076ns (1.463%)  route 5.118ns (98.537%))
  Logic Levels:           0  
  Clock Path Skew:        -0.009ns (DCD - SCD + CPR)
    Destination Clock Delay (DCD):    0.021ns = ( 6.691 - 6.670 ) 
    Source Clock Delay      (SCD):    0.030ns
    Clock Pessimism Removal (CPR):    0.000ns
  Clock Uncertainty:      0.035ns  ((TSJ^2 + TIJ^2)^1/2 + DJ) / 2 + PE
    Total System Jitter     (TSJ):    0.071ns
    Total Input Jitter      (TIJ):    0.000ns
    Discrete Jitter          (DJ):    0.000ns
    Phase Error              (PE):    0.000ns

    Location             Delay type                Incr(ns)  Path(ns)    Netlist Resource(s)
  -------------------------------------------------------------------    -------------------
                         (clock ap_clk rise edge)     0.000     0.000 r  
                                                      0.000     0.000 r  ap_clk (IN)
                         net (fo=24454, unset)        0.030     0.030    grp_conv_stage_1_fu_772/ap_clk
    SLICE_X71Y70         FDRE                                         r  grp_conv_stage_1_fu_772/ap_CS_fsm_reg[79]/C
  -------------------------------------------------------------------    -------------------
    SLICE_X71Y70         FDRE (Prop_EFF_SLICEM_C_Q)
                                                      0.076     0.106 r  grp_conv_stage_1_fu_772/ap_CS_fsm_reg[79]/Q
                         net (fo=531, routed)         5.118     5.224    grp_conv_stage_1_fu_772/ap_CS_fsm_state111
    SLICE_X61Y48         FDRE                                         r  grp_conv_stage_1_fu_772/acc_1_1_reg_532_reg[20]/CE
  -------------------------------------------------------------------    -------------------

                         (clock ap_clk rise edge)     6.670     6.670 r  
                                                      0.000     6.670 r  ap_clk (IN)
                         net (fo=24454, unset)        0.021     6.691    grp_conv_stage_1_fu_772/ap_clk
    SLICE_X61Y48         FDRE                                         r  grp_conv_stage_1_fu_772/acc_1_1_reg_532_reg[20]/C
                         clock pessimism              0.000     6.691    
                         clock uncertainty           -0.035     6.656    
    SLICE_X61Y48         FDRE (Setup_AFF_SLICEM_C_CE)
                                                     -0.061     6.595    grp_conv_stage_1_fu_772/acc_1_1_reg_532_reg[20]
  -------------------------------------------------------------------
                         required time                          6.595    
                         arrival time                          -5.224    
  -------------------------------------------------------------------
                         slack                                  1.371    





Min Delay Paths
--------------------------------------------------------------------------------------
Slack (MET) :             0.040ns  (arrival time - required time)
  Source:                 grp_conv_stage_fu_729/grp_gram_in_silu_f32_49_s_fu_8628/kan_top_fexp_32nshbi_U51/kan_top_ap_fexp_6_full_dsp_32_u/U0/i_synth/EXP_OP.i_sp_or_dp.OP/i_recombination/result_delay/i_pipe/opt_has_pipe.first_q_reg[28]/C
                            (rising edge-triggered cell FDSE clocked by ap_clk  {rise@0.000ns fall@3.335ns period=6.670ns})
  Destination:            grp_conv_stage_fu_729/grp_gram_in_silu_f32_49_s_fu_8628/tmp_24_reg_449_reg[28]/D
                            (rising edge-triggered cell FDRE clocked by ap_clk  {rise@0.000ns fall@3.335ns period=6.670ns})
  Path Group:             ap_clk
  Path Type:              Hold (Min at Fast Process Corner)
  Requirement:            0.000ns  (ap_clk rise@0.000ns - ap_clk rise@0.000ns)
  Data Path Delay:        0.094ns  (logic 0.039ns (41.489%)  route 0.055ns (58.511%))
  Logic Levels:           0  
  Clock Path Skew:        0.007ns (DCD - SCD - CPR)
    Destination Clock Delay (DCD):    0.019ns
    Source Clock Delay      (SCD):    0.012ns
    Clock Pessimism Removal (CPR):    -0.000ns

    Location             Delay type                Incr(ns)  Path(ns)    Netlist Resource(s)
  -------------------------------------------------------------------    -------------------
                         (clock ap_clk rise edge)     0.000     0.000 r  
                                                      0.000     0.000 r  ap_clk (IN)
                         net (fo=24454, unset)        0.012     0.012    grp_conv_stage_fu_729/grp_gram_in_silu_f32_49_s_fu_8628/kan_top_fexp_32nshbi_U51/kan_top_ap_fexp_6_full_dsp_32_u/U0/i_synth/EXP_OP.i_sp_or_dp.OP/i_recombination/result_delay/i_pipe/aclk
    SLICE_X90Y133        FDSE                                         r  grp_conv_stage_fu_729/grp_gram_in_silu_f32_49_s_fu_8628/kan_top_fexp_32nshbi_U51/kan_top_ap_fexp_6_full_dsp_32_u/U0/i_synth/EXP_OP.i_sp_or_dp.OP/i_recombination/result_delay/i_pipe/opt_has_pipe.first_q_reg[28]/C
  -------------------------------------------------------------------    -------------------
    SLICE_X90Y133        FDSE (Prop_BFF_SLICEL_C_Q)
                                                      0.039     0.051 r  grp_conv_stage_fu_729/grp_gram_in_silu_f32_49_s_fu_8628/kan_top_fexp_32nshbi_U51/kan_top_ap_fexp_6_full_dsp_32_u/U0/i_synth/EXP_OP.i_sp_or_dp.OP/i_recombination/result_delay/i_pipe/opt_has_pipe.first_q_reg[28]/Q
                         net (fo=1, routed)           0.055     0.106    grp_conv_stage_fu_729/grp_gram_in_silu_f32_49_s_fu_8628/r_tdata_3[28]
    SLICE_X90Y132        FDRE                                         r  grp_conv_stage_fu_729/grp_gram_in_silu_f32_49_s_fu_8628/tmp_24_reg_449_reg[28]/D
  -------------------------------------------------------------------    -------------------

                         (clock ap_clk rise edge)     0.000     0.000 r  
                                                      0.000     0.000 r  ap_clk (IN)
                         net (fo=24454, unset)        0.019     0.019    grp_conv_stage_fu_729/grp_gram_in_silu_f32_49_s_fu_8628/ap_clk
    SLICE_X90Y132        FDRE                                         r  grp_conv_stage_fu_729/grp_gram_in_silu_f32_49_s_fu_8628/tmp_24_reg_449_reg[28]/C
                         clock pessimism              0.000     0.019    
    SLICE_X90Y132        FDRE (Hold_HFF2_SLICEL_C_D)
                                                      0.047     0.066    grp_conv_stage_fu_729/grp_gram_in_silu_f32_49_s_fu_8628/tmp_24_reg_449_reg[28]
  -------------------------------------------------------------------
                         required time                         -0.066    
                         arrival time                           0.106    
  -------------------------------------------------------------------
                         slack                                  0.040    





Pulse Width Checks
--------------------------------------------------------------------------------------
Clock Name:         ap_clk
Waveform(ns):       { 0.000 3.335 }
Period(ns):         6.670
Sources:            { ap_clk }

Check Type        Corner  Lib Pin             Reference Pin  Required(ns)  Actual(ns)  Slack(ns)  Location     Pin
Min Period        n/a     RAMB36E2/CLKARDCLK  n/a            1.569         6.670       5.101      RAMB36_X2Y4  f0_0_U/kan_top_f0_0_ram_U/ram_reg_bram_0/CLKARDCLK
Low Pulse Width   Slow    RAMB36E2/CLKARDCLK  n/a            0.542         3.335       2.793      RAMB36_X2Y4  f0_0_U/kan_top_f0_0_ram_U/ram_reg_bram_0/CLKARDCLK
High Pulse Width  Slow    RAMB36E2/CLKARDCLK  n/a            0.542         3.335       2.793      RAMB36_X2Y4  f0_0_U/kan_top_f0_0_ram_U/ram_reg_bram_0/CLKARDCLK



