Copyright 1986-2019 Xilinx, Inc. All Rights Reserved.
------------------------------------------------------------------------------------------------------------------------------
| Tool Version : Vivado v.2019.1 (win64) Build 2552052 Fri May 24 14:49:42 MDT 2019
| Date         : Sat Jul 11 15:07:16 2026
| Host         : element running 64-bit major release  (build 9200)
| Command      : report_utilization -file <repo>/hw/results/kagnconv_fp32/impl_alt/utilization_route.rpt
| Design       : kan_top
| Device       : xczu7evffvc1156-2
| Design State : Fully Placed
------------------------------------------------------------------------------------------------------------------------------

Utilization Design Information

Table of Contents
-----------------
1. CLB Logic
1.1 Summary of Registers by Type
2. CLB Logic Distribution
3. BLOCKRAM
4. ARITHMETIC
5. I/O
6. CLOCK
7. ADVANCED
8. CONFIGURATION
9. Primitives
10. Black Boxes
11. Instantiated Netlists

1. CLB Logic
------------

+----------------------------+-------+-------+-----------+-------+
|          Site Type         |  Used | Fixed | Available | Util% |
+----------------------------+-------+-------+-----------+-------+
| CLB LUTs                   | 26870 |     0 |    230400 | 11.66 |
|   LUT as Logic             | 26275 |     0 |    230400 | 11.40 |
|   LUT as Memory            |   595 |     0 |    101760 |  0.58 |
|     LUT as Distributed RAM |     0 |     0 |           |       |
|     LUT as Shift Register  |   595 |     0 |           |       |
| CLB Registers              | 22968 |     0 |    460800 |  4.98 |
|   Register as Flip Flop    | 22968 |     0 |    460800 |  4.98 |
|   Register as Latch        |     0 |     0 |    460800 |  0.00 |
| CARRY8                     |  1375 |     0 |     28800 |  4.77 |
| F7 Muxes                   |  1832 |     0 |    115200 |  1.59 |
| F8 Muxes                   |    82 |     0 |     57600 |  0.14 |
| F9 Muxes                   |     0 |     0 |     28800 |  0.00 |
+----------------------------+-------+-------+-----------+-------+


1.1 Summary of Registers by Type
--------------------------------

+-------+--------------+-------------+--------------+
| Total | Clock Enable | Synchronous | Asynchronous |
+-------+--------------+-------------+--------------+
| 0     |            _ |           - |            - |
| 0     |            _ |           - |          Set |
| 0     |            _ |           - |        Reset |
| 0     |            _ |         Set |            - |
| 0     |            _ |       Reset |            - |
| 0     |          Yes |           - |            - |
| 0     |          Yes |           - |          Set |
| 0     |          Yes |           - |        Reset |
| 103   |          Yes |         Set |            - |
| 22865 |          Yes |       Reset |            - |
+-------+--------------+-------------+--------------+


2. CLB Logic Distribution
-------------------------

+--------------------------------------------+-------+-------+-----------+-------+
|                  Site Type                 |  Used | Fixed | Available | Util% |
+--------------------------------------------+-------+-------+-----------+-------+
| CLB                                        |  5621 |     0 |     28800 | 19.52 |
|   CLBL                                     |  2859 |     0 |           |       |
|   CLBM                                     |  2762 |     0 |           |       |
| LUT as Logic                               | 26275 |     0 |    230400 | 11.40 |
|   using O5 output only                     |    97 |       |           |       |
|   using O6 output only                     | 22847 |       |           |       |
|   using O5 and O6                          |  3331 |       |           |       |
| LUT as Memory                              |   595 |     0 |    101760 |  0.58 |
|   LUT as Distributed RAM                   |     0 |     0 |           |       |
|   LUT as Shift Register                    |   595 |     0 |           |       |
|     using O5 output only                   |     0 |       |           |       |
|     using O6 output only                   |   438 |       |           |       |
|     using O5 and O6                        |   157 |       |           |       |
| CLB Registers                              | 22968 |     0 |    460800 |  4.98 |
|   Register driven from within the CLB      | 11621 |       |           |       |
|   Register driven from outside the CLB     | 11347 |       |           |       |
|     LUT in front of the register is unused |  6734 |       |           |       |
|     LUT in front of the register is used   |  4613 |       |           |       |
| Unique Control Sets                        |   383 |       |     57600 |  0.66 |
+--------------------------------------------+-------+-------+-----------+-------+
* Note: Available Control Sets calculated as CLB Registers / 8, Review the Control Sets Report for more information regarding control sets.


3. BLOCKRAM
-----------

+-------------------+------+-------+-----------+-------+
|     Site Type     | Used | Fixed | Available | Util% |
+-------------------+------+-------+-----------+-------+
| Block RAM Tile    |   59 |     0 |       312 | 18.91 |
|   RAMB36/FIFO*    |   52 |     0 |       312 | 16.67 |
|     RAMB36E2 only |   52 |       |           |       |
|   RAMB18          |   14 |     0 |       624 |  2.24 |
|     RAMB18E2 only |   14 |       |           |       |
| URAM              |    0 |     0 |        96 |  0.00 |
+-------------------+------+-------+-----------+-------+
* Note: Each Block RAM Tile only has one FIFO logic available and therefore can accommodate only one FIFO36E2 or one FIFO18E2. However, if a FIFO18E2 occupies a Block RAM Tile, that tile can still accommodate a RAMB18E2


4. ARITHMETIC
-------------

+----------------+------+-------+-----------+-------+
|    Site Type   | Used | Fixed | Available | Util% |
+----------------+------+-------+-----------+-------+
| DSPs           |  109 |     0 |      1728 |  6.31 |
|   DSP48E2 only |  109 |       |           |       |
+----------------+------+-------+-----------+-------+


5. I/O
------

+------------------+------+-------+-----------+-------+
|     Site Type    | Used | Fixed | Available | Util% |
+------------------+------+-------+-----------+-------+
| Bonded IOB       |    0 |     0 |       360 |  0.00 |
| HPIOB_M          |    0 |     0 |       144 |  0.00 |
| HPIOB_S          |    0 |     0 |       144 |  0.00 |
| HDIOB_M          |    0 |     0 |        24 |  0.00 |
| HDIOB_S          |    0 |     0 |        24 |  0.00 |
| HPIOB_SNGL       |    0 |     0 |        24 |  0.00 |
| HPIOBDIFFINBUF   |    0 |     0 |       192 |  0.00 |
| HPIOBDIFFOUTBUF  |    0 |     0 |       192 |  0.00 |
| HDIOBDIFFINBUF   |    0 |     0 |        48 |  0.00 |
| BITSLICE_CONTROL |    0 |     0 |        64 |  0.00 |
| BITSLICE_RX_TX   |    0 |     0 |       416 |  0.00 |
| BITSLICE_TX      |    0 |     0 |        64 |  0.00 |
| RIU_OR           |    0 |     0 |        32 |  0.00 |
+------------------+------+-------+-----------+-------+


6. CLOCK
--------

+----------------------+------+-------+-----------+-------+
|       Site Type      | Used | Fixed | Available | Util% |
+----------------------+------+-------+-----------+-------+
| GLOBAL CLOCK BUFFERs |    4 |     0 |       544 |  0.74 |
|   BUFGCE             |    4 |     0 |       208 |  1.92 |
|   BUFGCE_DIV         |    0 |     0 |        32 |  0.00 |
|   BUFG_GT            |    0 |     0 |       144 |  0.00 |
|   BUFG_PS            |    0 |     0 |        96 |  0.00 |
|   BUFGCTRL*          |    0 |     0 |        64 |  0.00 |
| PLL                  |    0 |     0 |        16 |  0.00 |
| MMCM                 |    0 |     0 |         8 |  0.00 |
+----------------------+------+-------+-----------+-------+
* Note: Each used BUFGCTRL counts as two GLOBAL CLOCK BUFFERs. This table does not include global clocking resources, only buffer cell usage. See the Clock Utilization Report (report_clock_utilization) for detailed accounting of global clocking resource availability.


7. ADVANCED
-----------

+-----------------+------+-------+-----------+-------+
|    Site Type    | Used | Fixed | Available | Util% |
+-----------------+------+-------+-----------+-------+
| GTHE4_CHANNEL   |    0 |     0 |        20 |  0.00 |
| GTHE4_COMMON    |    0 |     0 |         5 |  0.00 |
| OBUFDS_GTE4     |    0 |     0 |        10 |  0.00 |
| OBUFDS_GTE4_ADV |    0 |     0 |        10 |  0.00 |
| PCIE40E4        |    0 |     0 |         2 |  0.00 |
| PS8             |    0 |     0 |         1 |  0.00 |
| SYSMONE4        |    0 |     0 |         1 |  0.00 |
| VCU             |    0 |     0 |         1 |  0.00 |
+-----------------+------+-------+-----------+-------+


8. CONFIGURATION
----------------

+-------------+------+-------+-----------+-------+
|  Site Type  | Used | Fixed | Available | Util% |
+-------------+------+-------+-----------+-------+
| BSCANE2     |    0 |     0 |         4 |  0.00 |
| DNA_PORTE2  |    0 |     0 |         1 |  0.00 |
| EFUSE_USR   |    0 |     0 |         1 |  0.00 |
| FRAME_ECCE4 |    0 |     0 |         1 |  0.00 |
| ICAPE3      |    0 |     0 |         2 |  0.00 |
| MASTER_JTAG |    0 |     0 |         1 |  0.00 |
| STARTUPE3   |    0 |     0 |         1 |  0.00 |
+-------------+------+-------+-----------+-------+


9. Primitives
-------------

+----------+-------+---------------------+
| Ref Name |  Used | Functional Category |
+----------+-------+---------------------+
| FDRE     | 22865 |            Register |
| LUT3     |  9581 |                 CLB |
| LUT6     |  9359 |                 CLB |
| LUT5     |  4031 |                 CLB |
| LUT4     |  3381 |                 CLB |
| LUT2     |  2960 |                 CLB |
| MUXF7    |  1832 |                 CLB |
| CARRY8   |  1375 |                 CLB |
| SRL16E   |   731 |                 CLB |
| LUT1     |   294 |                 CLB |
| DSP48E2  |   109 |          Arithmetic |
| FDSE     |   103 |            Register |
| MUXF8    |    82 |                 CLB |
| RAMB36E2 |    52 |           Block Ram |
| SRLC32E  |    21 |                 CLB |
| RAMB18E2 |    14 |           Block Ram |
| BUFGCE   |     4 |               Clock |
+----------+-------+---------------------+


10. Black Boxes
---------------

+----------+------+
| Ref Name | Used |
+----------+------+


11. Instantiated Netlists
-------------------------

+----------+------+
| Ref Name | Used |
+----------+------+


