Copyright 1986-2019 Xilinx, Inc. All Rights Reserved.
------------------------------------------------------------------------------------------------------------------------------------------
| Tool Version      : Vivado v.2019.1 (win64) Build 2552052 Fri May 24 14:49:42 MDT 2019
| Date              : Fri Jul 10 04:15:49 2026
| Host              : element running 64-bit major release  (build 9200)
| Command           : report_timing_summary -file <repo>/hw/results/kagnconv_funccode_w4a4/impl_alt/timing_route.rpt
| Design            : kan_top
| Device            : xczu7ev-ffvc1156
| Speed File        : -2  PRODUCTION 1.25 05-09-2019
| Temperature Grade : E
------------------------------------------------------------------------------------------------------------------------------------------

Timing Summary Report

------------------------------------------------------------------------------------------------
| Timer Settings
| --------------
------------------------------------------------------------------------------------------------

  Enable Multi Corner Analysis               :  Yes
  Enable Pessimism Removal                   :  Yes
  Pessimism Removal Resolution               :  Nearest Common Node
  Enable Input Delay Default Clock           :  No
  Enable Preset / Clear Arcs                 :  No
  Disable Flight Delays                      :  No
  Ignore I/O Paths                           :  No
  Timing Early Launch at Borrowing Latches   :  No
  Borrow Time for Max Delay Exceptions       :  Yes

  Corner  Analyze    Analyze    
  Name    Max Paths  Min Paths  
  ------  ---------  ---------  
  Slow    Yes        Yes        
  Fast    Yes        Yes        



check_timing report

Table of Contents
-----------------
1. checking no_clock
2. checking constant_clock
3. checking pulse_width_clock
4. checking unconstrained_internal_endpoints
5. checking no_input_delay
6. checking no_output_delay
7. checking multiple_clock
8. checking generated_clocks
9. checking loops
10. checking partial_input_delay
11. checking partial_output_delay
12. checking latch_loops

1. checking no_clock
--------------------
 There are 0 register/latch pins with no clock.


2. checking constant_clock
--------------------------
 There are 0 register/latch pins with constant_clock.


3. checking pulse_width_clock
-----------------------------
 There are 0 register/latch pins which need pulse_width check


4. checking unconstrained_internal_endpoints
--------------------------------------------
 There are 0 pins that are not constrained for maximum delay.

 There are 0 pins that are not constrained for maximum delay due to constant clock.


5. checking no_input_delay
--------------------------
 There are 6 input ports with no input delay specified. (HIGH)

 There are 0 input ports with no input delay but user has a false path constraint.


6. checking no_output_delay
---------------------------
 There are 46 ports with no output delay specified. (HIGH)

 There are 0 ports with no output delay but user has a false path constraint

 There are 0 ports with no output delay but with a timing clock defined on it or propagating through it


7. checking multiple_clock
--------------------------
 There are 0 register/latch pins with multiple clocks.


8. checking generated_clocks
----------------------------
 There are 0 generated clocks that are not connected to a clock source.


9. checking loops
-----------------
 There are 0 combinational loops in the design.


10. checking partial_input_delay
--------------------------------
 There are 0 input ports with partial input delay specified.


11. checking partial_output_delay
---------------------------------
 There are 0 ports with partial output delay specified.


12. checking latch_loops
------------------------
 There are 0 combinational latch loops in the design through latch input



------------------------------------------------------------------------------------------------
| Design Timing Summary
| ---------------------
------------------------------------------------------------------------------------------------

    WNS(ns)      TNS(ns)  TNS Failing Endpoints  TNS Total Endpoints      WHS(ns)      THS(ns)  THS Failing Endpoints  THS Total Endpoints     WPWS(ns)     TPWS(ns)  TPWS Failing Endpoints  TPWS Total Endpoints  
    -------      -------  ---------------------  -------------------      -------      -------  ---------------------  -------------------     --------     --------  ----------------------  --------------------  
      0.780        0.000                      0                89327        0.039        0.000                      0                89327        2.793        0.000                       0                 66033  


All user specified timing constraints are met.


------------------------------------------------------------------------------------------------
| Clock Summary
| -------------
------------------------------------------------------------------------------------------------

Clock   Waveform(ns)         Period(ns)      Frequency(MHz)
-----   ------------         ----------      --------------
ap_clk  {0.000 3.335}        6.670           149.925         


------------------------------------------------------------------------------------------------
| Intra Clock Table
| -----------------
------------------------------------------------------------------------------------------------

Clock             WNS(ns)      TNS(ns)  TNS Failing Endpoints  TNS Total Endpoints      WHS(ns)      THS(ns)  THS Failing Endpoints  THS Total Endpoints     WPWS(ns)     TPWS(ns)  TPWS Failing Endpoints  TPWS Total Endpoints  
-----             -------      -------  ---------------------  -------------------      -------      -------  ---------------------  -------------------     --------     --------  ----------------------  --------------------  
ap_clk              0.780        0.000                      0                89327        0.039        0.000                      0                89327        2.793        0.000                       0                 66033  


------------------------------------------------------------------------------------------------
| Inter Clock Table
| -----------------
------------------------------------------------------------------------------------------------

From Clock    To Clock          WNS(ns)      TNS(ns)  TNS Failing Endpoints  TNS Total Endpoints      WHS(ns)      THS(ns)  THS Failing Endpoints  THS Total Endpoints  
----------    --------          -------      -------  ---------------------  -------------------      -------      -------  ---------------------  -------------------  


------------------------------------------------------------------------------------------------
| Other Path Groups Table
| -----------------------
------------------------------------------------------------------------------------------------

Path Group    From Clock    To Clock          WNS(ns)      TNS(ns)  TNS Failing Endpoints  TNS Total Endpoints      WHS(ns)      THS(ns)  THS Failing Endpoints  THS Total Endpoints  
----------    ----------    --------          -------      -------  ---------------------  -------------------      -------      -------  ---------------------  -------------------  


------------------------------------------------------------------------------------------------
| Timing Details
| --------------
------------------------------------------------------------------------------------------------


---------------------------------------------------------------------------------------------------
From Clock:  ap_clk
  To Clock:  ap_clk

Setup :            0  Failing Endpoints,  Worst Slack        0.780ns,  Total Violation        0.000ns
Hold  :            0  Failing Endpoints,  Worst Slack        0.039ns,  Total Violation        0.000ns
PW    :            0  Failing Endpoints,  Worst Slack        2.793ns,  Total Violation        0.000ns
---------------------------------------------------------------------------------------------------


Max Delay Paths
--------------------------------------------------------------------------------------
Slack (MET) :             0.780ns  (required time - arrival time)
  Source:                 grp_conv_stage_fu_791/o9_0_reg_16109_reg[2]/C
                            (rising edge-triggered cell FDRE clocked by ap_clk  {rise@0.000ns fall@3.335ns period=6.670ns})
  Destination:            grp_conv_stage_fu_791/trunc_ln1503_1_reg_18512_reg[26]/D
                            (rising edge-triggered cell FDRE clocked by ap_clk  {rise@0.000ns fall@3.335ns period=6.670ns})
  Path Group:             ap_clk
  Path Type:              Setup (Max at Slow Process Corner)
  Requirement:            6.670ns  (ap_clk rise@6.670ns - ap_clk rise@0.000ns)
  Data Path Delay:        5.871ns  (logic 3.190ns (54.335%)  route 2.681ns (45.665%))
  Logic Levels:           16  (CARRY8=4 DSP_A_B_DATA=1 DSP_ALU=2 DSP_M_DATA=1 DSP_MULTIPLIER=1 DSP_OUTPUT=2 DSP_PREADD_DATA=1 LUT2=1 LUT4=1 LUT6=1 MUXF7=1)
  Clock Path Skew:        -0.009ns (DCD - SCD + CPR)
    Destination Clock Delay (DCD):    0.021ns = ( 6.691 - 6.670 ) 
    Source Clock Delay      (SCD):    0.030ns
    Clock Pessimism Removal (CPR):    0.000ns
  Clock Uncertainty:      0.035ns  ((TSJ^2 + TIJ^2)^1/2 + DJ) / 2 + PE
    Total System Jitter     (TSJ):    0.071ns
    Total Input Jitter      (TIJ):    0.000ns
    Discrete Jitter          (DJ):    0.000ns
    Phase Error              (PE):    0.000ns

    Location             Delay type                Incr(ns)  Path(ns)    Netlist Resource(s)
  -------------------------------------------------------------------    -------------------
                         (clock ap_clk rise edge)     0.000     0.000 r  
                                                      0.000     0.000 r  ap_clk (IN)
                         net (fo=66584, unset)        0.030     0.030    grp_conv_stage_fu_791/ap_clk
    SLICE_X70Y200        FDRE                                         r  grp_conv_stage_fu_791/o9_0_reg_16109_reg[2]/C
  -------------------------------------------------------------------    -------------------
    SLICE_X70Y200        FDRE (Prop_EFF_SLICEM_C_Q)
                                                      0.076     0.106 r  grp_conv_stage_fu_791/o9_0_reg_16109_reg[2]/Q
                         net (fo=261, routed)         0.872     0.978    grp_conv_stage_fu_791/kan_top_mux_325_3Thq_U65/Q[2]
    SLICE_X62Y207        MUXF7 (Prop_F7MUX_EF_SLICEL_S_O)
                                                      0.072     1.050 f  grp_conv_stage_fu_791/kan_top_mux_325_3Thq_U65/mul_ln68_fu_17585_p2_i_20/O
                         net (fo=1, routed)           0.575     1.625    grp_conv_stage_fu_791/kan_top_mux_325_3Thq_U65/mux_3_1__0[16]
    SLICE_X68Y204        LUT6 (Prop_H6LUT_SLICEL_I3_O)
                                                      0.124     1.749 f  grp_conv_stage_fu_791/kan_top_mux_325_3Thq_U65/mul_ln68_fu_17585_p2_i_1/O
                         net (fo=2, routed)           0.412     2.161    grp_conv_stage_fu_791/mul_ln68_fu_17585_p2/A[16]
    DSP48E2_X7Y74        DSP_A_B_DATA (Prop_DSP_A_B_DATA_DSP48E2_A[16]_A2_DATA[16])
                                                      0.192     2.353 r  grp_conv_stage_fu_791/mul_ln68_fu_17585_p2/DSP_A_B_DATA_INST/A2_DATA[16]
                         net (fo=1, routed)           0.000     2.353    grp_conv_stage_fu_791/mul_ln68_fu_17585_p2/DSP_A_B_DATA.A2_DATA<16>
    DSP48E2_X7Y74        DSP_PREADD_DATA (Prop_DSP_PREADD_DATA_DSP48E2_A2_DATA[16]_A2A1[16])
                                                      0.076     2.429 r  grp_conv_stage_fu_791/mul_ln68_fu_17585_p2/DSP_PREADD_DATA_INST/A2A1[16]
                         net (fo=1, routed)           0.000     2.429    grp_conv_stage_fu_791/mul_ln68_fu_17585_p2/DSP_PREADD_DATA.A2A1<16>
    DSP48E2_X7Y74        DSP_MULTIPLIER (Prop_DSP_MULTIPLIER_DSP48E2_A2A1[16]_U[36])
                                                      0.505     2.934 f  grp_conv_stage_fu_791/mul_ln68_fu_17585_p2/DSP_MULTIPLIER_INST/U[36]
                         net (fo=1, routed)           0.000     2.934    grp_conv_stage_fu_791/mul_ln68_fu_17585_p2/DSP_MULTIPLIER.U<36>
    DSP48E2_X7Y74        DSP_M_DATA (Prop_DSP_M_DATA_DSP48E2_U[36]_U_DATA[36])
                                                      0.047     2.981 r  grp_conv_stage_fu_791/mul_ln68_fu_17585_p2/DSP_M_DATA_INST/U_DATA[36]
                         net (fo=1, routed)           0.000     2.981    grp_conv_stage_fu_791/mul_ln68_fu_17585_p2/DSP_M_DATA.U_DATA<36>
    DSP48E2_X7Y74        DSP_ALU (Prop_DSP_ALU_DSP48E2_U_DATA[36]_ALU_OUT[47])
                                                      0.585     3.566 f  grp_conv_stage_fu_791/mul_ln68_fu_17585_p2/DSP_ALU_INST/ALU_OUT[47]
                         net (fo=1, routed)           0.000     3.566    grp_conv_stage_fu_791/mul_ln68_fu_17585_p2/DSP_ALU.ALU_OUT<47>
    DSP48E2_X7Y74        DSP_OUTPUT (Prop_DSP_OUTPUT_DSP48E2_ALU_OUT[47]_PCOUT[47])
                                                      0.122     3.688 r  grp_conv_stage_fu_791/mul_ln68_fu_17585_p2/DSP_OUTPUT_INST/PCOUT[47]
                         net (fo=1, routed)           0.014     3.702    grp_conv_stage_fu_791/mul_ln68_fu_17585_p2__0/PCIN[47]
    DSP48E2_X7Y75        DSP_ALU (Prop_DSP_ALU_DSP48E2_PCIN[47]_ALU_OUT[9])
                                                      0.546     4.248 f  grp_conv_stage_fu_791/mul_ln68_fu_17585_p2__0/DSP_ALU_INST/ALU_OUT[9]
                         net (fo=1, routed)           0.000     4.248    grp_conv_stage_fu_791/mul_ln68_fu_17585_p2__0/DSP_ALU.ALU_OUT<9>
    DSP48E2_X7Y75        DSP_OUTPUT (Prop_DSP_OUTPUT_DSP48E2_ALU_OUT[9]_P[9])
                                                      0.109     4.357 r  grp_conv_stage_fu_791/mul_ln68_fu_17585_p2__0/DSP_OUTPUT_INST/P[9]
                         net (fo=1, routed)           0.369     4.726    grp_conv_stage_fu_791/mul_ln68_fu_17585_p2__0_n_97
    SLICE_X70Y193        LUT2 (Prop_D6LUT_SLICEM_I1_O)
                                                      0.099     4.825 r  grp_conv_stage_fu_791/trunc_ln1503_1_reg_18512[20]_i_32/O
                         net (fo=1, routed)           0.025     4.850    grp_conv_stage_fu_791/trunc_ln1503_1_reg_18512[20]_i_32_n_1
    SLICE_X70Y193        CARRY8 (Prop_CARRY8_SLICEM_S[3]_CO[7])
                                                      0.163     5.013 r  grp_conv_stage_fu_791/trunc_ln1503_1_reg_18512_reg[20]_i_19/CO[7]
                         net (fo=1, routed)           0.026     5.039    grp_conv_stage_fu_791/trunc_ln1503_1_reg_18512_reg[20]_i_19_n_1
    SLICE_X70Y194        CARRY8 (Prop_CARRY8_SLICEM_CI_O[7])
                                                      0.116     5.155 r  grp_conv_stage_fu_791/trunc_ln1503_1_reg_18512_reg[27]_i_23/O[7]
                         net (fo=3, routed)           0.322     5.477    grp_conv_stage_fu_791/mul_ln68_fu_17585_p2__3[55]
    SLICE_X71Y199        LUT4 (Prop_H6LUT_SLICEM_I3_O)
                                                      0.125     5.602 r  grp_conv_stage_fu_791/trunc_ln1503_1_reg_18512[20]_i_10/O
                         net (fo=1, routed)           0.015     5.617    grp_conv_stage_fu_791/trunc_ln1503_1_reg_18512[20]_i_10_n_1
    SLICE_X71Y199        CARRY8 (Prop_CARRY8_SLICEM_S[7]_CO[7])
                                                      0.117     5.734 r  grp_conv_stage_fu_791/trunc_ln1503_1_reg_18512_reg[20]_i_1/CO[7]
                         net (fo=1, routed)           0.026     5.760    grp_conv_stage_fu_791/trunc_ln1503_1_reg_18512_reg[20]_i_1_n_1
    SLICE_X71Y200        CARRY8 (Prop_CARRY8_SLICEM_CI_O[5])
                                                      0.116     5.876 r  grp_conv_stage_fu_791/trunc_ln1503_1_reg_18512_reg[27]_i_1/O[5]
                         net (fo=1, routed)           0.025     5.901    grp_conv_stage_fu_791/ret_V_2_fu_17681_p2[61]
    SLICE_X71Y200        FDRE                                         r  grp_conv_stage_fu_791/trunc_ln1503_1_reg_18512_reg[26]/D
  -------------------------------------------------------------------    -------------------

                         (clock ap_clk rise edge)     6.670     6.670 r  
                                                      0.000     6.670 r  ap_clk (IN)
                         net (fo=66584, unset)        0.021     6.691    grp_conv_stage_fu_791/ap_clk
    SLICE_X71Y200        FDRE                                         r  grp_conv_stage_fu_791/trunc_ln1503_1_reg_18512_reg[26]/C
                         clock pessimism              0.000     6.691    
                         clock uncertainty           -0.035     6.656    
    SLICE_X71Y200        FDRE (Setup_FFF_SLICEM_C_D)
                                                      0.025     6.681    grp_conv_stage_fu_791/trunc_ln1503_1_reg_18512_reg[26]
  -------------------------------------------------------------------
                         required time                          6.681    
                         arrival time                          -5.901    
  -------------------------------------------------------------------
                         slack                                  0.780    





Min Delay Paths
--------------------------------------------------------------------------------------
Slack (MET) :             0.039ns  (arrival time - required time)
  Source:                 grp_conv_stage_1_fu_829/mul_ln1353_fu_6573_p2/DSP_PREADD_DATA_INST/CLK
                            (rising edge-triggered cell DSP_PREADD_DATA clocked by ap_clk  {rise@0.000ns fall@3.335ns period=6.670ns})
  Destination:            grp_conv_stage_1_fu_829/mul_ln1353_fu_6573_p2/DSP_PREADD_DATA_INST/AD[0]
                            (rising edge-triggered cell DSP_PREADD_DATA clocked by ap_clk  {rise@0.000ns fall@3.335ns period=6.670ns})
  Path Group:             ap_clk
  Path Type:              Hold (Min at Fast Process Corner)
  Requirement:            0.000ns  (ap_clk rise@0.000ns - ap_clk rise@0.000ns)
  Data Path Delay:        0.103ns  (logic 0.103ns (100.000%)  route 0.000ns (0.000%))
  Logic Levels:           1  (DSP_PREADD=1)
  Clock Path Skew:        0.011ns (DCD - SCD - CPR)
    Destination Clock Delay (DCD):    0.041ns
    Source Clock Delay      (SCD):    0.030ns
    Clock Pessimism Removal (CPR):    -0.000ns

    Location             Delay type                Incr(ns)  Path(ns)    Netlist Resource(s)
  -------------------------------------------------------------------    -------------------
                         (clock ap_clk rise edge)     0.000     0.000 r  
                                                      0.000     0.000 r  ap_clk (IN)
                         net (fo=66584, unset)        0.030     0.030    grp_conv_stage_1_fu_829/mul_ln1353_fu_6573_p2/CLK
    DSP48E2_X7Y64        DSP_PREADD_DATA                              r  grp_conv_stage_1_fu_829/mul_ln1353_fu_6573_p2/DSP_PREADD_DATA_INST/CLK
  -------------------------------------------------------------------    -------------------
    DSP48E2_X7Y64        DSP_PREADD_DATA (Prop_DSP_PREADD_DATA_DSP48E2_CLK_D_DATA[0])
                                                      0.073     0.103 r  grp_conv_stage_1_fu_829/mul_ln1353_fu_6573_p2/DSP_PREADD_DATA_INST/D_DATA[0]
                         net (fo=1, routed)           0.000     0.103    grp_conv_stage_1_fu_829/mul_ln1353_fu_6573_p2/DSP_PREADD_DATA.D_DATA<0>
    DSP48E2_X7Y64        DSP_PREADD (Prop_DSP_PREADD_DSP48E2_D_DATA[0]_AD[0])
                                                      0.030     0.133 r  grp_conv_stage_1_fu_829/mul_ln1353_fu_6573_p2/DSP_PREADD_INST/AD[0]
                         net (fo=1, routed)           0.000     0.133    grp_conv_stage_1_fu_829/mul_ln1353_fu_6573_p2/DSP_PREADD.AD<0>
    DSP48E2_X7Y64        DSP_PREADD_DATA                              r  grp_conv_stage_1_fu_829/mul_ln1353_fu_6573_p2/DSP_PREADD_DATA_INST/AD[0]
  -------------------------------------------------------------------    -------------------

                         (clock ap_clk rise edge)     0.000     0.000 r  
                                                      0.000     0.000 r  ap_clk (IN)
                         net (fo=66584, unset)        0.041     0.041    grp_conv_stage_1_fu_829/mul_ln1353_fu_6573_p2/CLK
    DSP48E2_X7Y64        DSP_PREADD_DATA                              r  grp_conv_stage_1_fu_829/mul_ln1353_fu_6573_p2/DSP_PREADD_DATA_INST/CLK
                         clock pessimism              0.000     0.041    
    DSP48E2_X7Y64        DSP_PREADD_DATA (Hold_DSP_PREADD_DATA_DSP48E2_CLK_AD[0])
                                                      0.053     0.094    grp_conv_stage_1_fu_829/mul_ln1353_fu_6573_p2/DSP_PREADD_DATA_INST
  -------------------------------------------------------------------
                         required time                         -0.094    
                         arrival time                           0.133    
  -------------------------------------------------------------------
                         slack                                  0.039    





Pulse Width Checks
--------------------------------------------------------------------------------------
Clock Name:         ap_clk
Waveform(ns):       { 0.000 3.335 }
Period(ns):         6.670
Sources:            { ap_clk }

Check Type        Corner  Lib Pin             Reference Pin  Required(ns)  Actual(ns)  Slack(ns)  Location      Pin
Min Period        n/a     RAMB18E2/CLKARDCLK  n/a            1.569         6.670       5.101      RAMB18_X2Y48  f0_V_0_U/kan_top_f0_V_0_ram_U/ram_reg_bram_0/CLKARDCLK
Low Pulse Width   Slow    RAMB18E2/CLKARDCLK  n/a            0.542         3.335       2.793      RAMB18_X2Y48  f0_V_0_U/kan_top_f0_V_0_ram_U/ram_reg_bram_0/CLKARDCLK
High Pulse Width  Slow    RAMB18E2/CLKARDCLK  n/a            0.542         3.335       2.793      RAMB18_X2Y48  f0_V_0_U/kan_top_f0_V_0_ram_U/ram_reg_bram_0/CLKARDCLK



