Copyright 1986-2019 Xilinx, Inc. All Rights Reserved.
---------------------------------------------------------------------------------------------------------------------------------------
| Tool Version : Vivado v.2019.1 (win64) Build 2552052 Fri May 24 14:49:42 MDT 2019
| Date         : Fri Jul 10 04:15:14 2026
| Host         : element running 64-bit major release  (build 9200)
| Command      : report_utilization -file <repo>/hw/results/kagnconv_funccode_w4a4/impl_alt/utilization_route.rpt
| Design       : kan_top
| Device       : xczu7evffvc1156-2
| Design State : Fully Placed
---------------------------------------------------------------------------------------------------------------------------------------

Utilization Design Information

Table of Contents
-----------------
1. CLB Logic
1.1 Summary of Registers by Type
2. CLB Logic Distribution
3. BLOCKRAM
4. ARITHMETIC
5. I/O
6. CLOCK
7. ADVANCED
8. CONFIGURATION
9. Primitives
10. Black Boxes
11. Instantiated Netlists

1. CLB Logic
------------

+----------------------------+-------+-------+-----------+-------+
|          Site Type         |  Used | Fixed | Available | Util% |
+----------------------------+-------+-------+-----------+-------+
| CLB LUTs                   | 52966 |     0 |    230400 | 22.99 |
|   LUT as Logic             | 51932 |     0 |    230400 | 22.54 |
|   LUT as Memory            |  1034 |     0 |    101760 |  1.02 |
|     LUT as Distributed RAM |    51 |     0 |           |       |
|     LUT as Shift Register  |   983 |     0 |           |       |
| CLB Registers              | 64892 |     0 |    460800 | 14.08 |
|   Register as Flip Flop    | 64892 |     0 |    460800 | 14.08 |
|   Register as Latch        |     0 |     0 |    460800 |  0.00 |
| CARRY8                     |  4140 |     0 |     28800 | 14.38 |
| F7 Muxes                   |  1283 |     0 |    115200 |  1.11 |
| F8 Muxes                   |   192 |     0 |     57600 |  0.33 |
| F9 Muxes                   |     0 |     0 |     28800 |  0.00 |
+----------------------------+-------+-------+-----------+-------+


1.1 Summary of Registers by Type
--------------------------------

+-------+--------------+-------------+--------------+
| Total | Clock Enable | Synchronous | Asynchronous |
+-------+--------------+-------------+--------------+
| 0     |            _ |           - |            - |
| 0     |            _ |           - |          Set |
| 0     |            _ |           - |        Reset |
| 0     |            _ |         Set |            - |
| 0     |            _ |       Reset |            - |
| 0     |          Yes |           - |            - |
| 0     |          Yes |           - |          Set |
| 0     |          Yes |           - |        Reset |
| 26    |          Yes |         Set |            - |
| 64866 |          Yes |       Reset |            - |
+-------+--------------+-------------+--------------+


2. CLB Logic Distribution
-------------------------

+--------------------------------------------+-------+-------+-----------+-------+
|                  Site Type                 |  Used | Fixed | Available | Util% |
+--------------------------------------------+-------+-------+-----------+-------+
| CLB                                        | 10198 |     0 |     28800 | 35.41 |
|   CLBL                                     |  5517 |     0 |           |       |
|   CLBM                                     |  4681 |     0 |           |       |
| LUT as Logic                               | 51932 |     0 |    230400 | 22.54 |
|   using O5 output only                     |    48 |       |           |       |
|   using O6 output only                     | 37583 |       |           |       |
|   using O5 and O6                          | 14301 |       |           |       |
| LUT as Memory                              |  1034 |     0 |    101760 |  1.02 |
|   LUT as Distributed RAM                   |    51 |     0 |           |       |
|     using O5 output only                   |     0 |       |           |       |
|     using O6 output only                   |     0 |       |           |       |
|     using O5 and O6                        |    51 |       |           |       |
|   LUT as Shift Register                    |   983 |     0 |           |       |
|     using O5 output only                   |     0 |       |           |       |
|     using O6 output only                   |   979 |       |           |       |
|     using O5 and O6                        |     4 |       |           |       |
| CLB Registers                              | 64892 |     0 |    460800 | 14.08 |
|   Register driven from within the CLB      | 34697 |       |           |       |
|   Register driven from outside the CLB     | 30195 |       |           |       |
|     LUT in front of the register is unused | 27581 |       |           |       |
|     LUT in front of the register is used   |  2614 |       |           |       |
| Unique Control Sets                        |   242 |       |     57600 |  0.42 |
+--------------------------------------------+-------+-------+-----------+-------+
* Note: Available Control Sets calculated as CLB Registers / 8, Review the Control Sets Report for more information regarding control sets.


3. BLOCKRAM
-----------

+-------------------+------+-------+-----------+-------+
|     Site Type     | Used | Fixed | Available | Util% |
+-------------------+------+-------+-----------+-------+
| Block RAM Tile    |   16 |     0 |       312 |  5.13 |
|   RAMB36/FIFO*    |    7 |     0 |       312 |  2.24 |
|     RAMB36E2 only |    7 |       |           |       |
|   RAMB18          |   18 |     0 |       624 |  2.88 |
|     RAMB18E2 only |   18 |       |           |       |
| URAM              |    0 |     0 |        96 |  0.00 |
+-------------------+------+-------+-----------+-------+
* Note: Each Block RAM Tile only has one FIFO logic available and therefore can accommodate only one FIFO36E2 or one FIFO18E2. However, if a FIFO18E2 occupies a Block RAM Tile, that tile can still accommodate a RAMB18E2


4. ARITHMETIC
-------------

+----------------+------+-------+-----------+-------+
|    Site Type   | Used | Fixed | Available | Util% |
+----------------+------+-------+-----------+-------+
| DSPs           |  120 |     0 |      1728 |  6.94 |
|   DSP48E2 only |  120 |       |           |       |
+----------------+------+-------+-----------+-------+


5. I/O
------

+------------------+------+-------+-----------+-------+
|     Site Type    | Used | Fixed | Available | Util% |
+------------------+------+-------+-----------+-------+
| Bonded IOB       |    0 |     0 |       360 |  0.00 |
| HPIOB_M          |    0 |     0 |       144 |  0.00 |
| HPIOB_S          |    0 |     0 |       144 |  0.00 |
| HDIOB_M          |    0 |     0 |        24 |  0.00 |
| HDIOB_S          |    0 |     0 |        24 |  0.00 |
| HPIOB_SNGL       |    0 |     0 |        24 |  0.00 |
| HPIOBDIFFINBUF   |    0 |     0 |       192 |  0.00 |
| HPIOBDIFFOUTBUF  |    0 |     0 |       192 |  0.00 |
| HDIOBDIFFINBUF   |    0 |     0 |        48 |  0.00 |
| BITSLICE_CONTROL |    0 |     0 |        64 |  0.00 |
| BITSLICE_RX_TX   |    0 |     0 |       416 |  0.00 |
| BITSLICE_TX      |    0 |     0 |        64 |  0.00 |
| RIU_OR           |    0 |     0 |        32 |  0.00 |
+------------------+------+-------+-----------+-------+


6. CLOCK
--------

+----------------------+------+-------+-----------+-------+
|       Site Type      | Used | Fixed | Available | Util% |
+----------------------+------+-------+-----------+-------+
| GLOBAL CLOCK BUFFERs |    6 |     0 |       544 |  1.10 |
|   BUFGCE             |    6 |     0 |       208 |  2.88 |
|   BUFGCE_DIV         |    0 |     0 |        32 |  0.00 |
|   BUFG_GT            |    0 |     0 |       144 |  0.00 |
|   BUFG_PS            |    0 |     0 |        96 |  0.00 |
|   BUFGCTRL*          |    0 |     0 |        64 |  0.00 |
| PLL                  |    0 |     0 |        16 |  0.00 |
| MMCM                 |    0 |     0 |         8 |  0.00 |
+----------------------+------+-------+-----------+-------+
* Note: Each used BUFGCTRL counts as two GLOBAL CLOCK BUFFERs. This table does not include global clocking resources, only buffer cell usage. See the Clock Utilization Report (report_clock_utilization) for detailed accounting of global clocking resource availability.


7. ADVANCED
-----------

+-----------------+------+-------+-----------+-------+
|    Site Type    | Used | Fixed | Available | Util% |
+-----------------+------+-------+-----------+-------+
| GTHE4_CHANNEL   |    0 |     0 |        20 |  0.00 |
| GTHE4_COMMON    |    0 |     0 |         5 |  0.00 |
| OBUFDS_GTE4     |    0 |     0 |        10 |  0.00 |
| OBUFDS_GTE4_ADV |    0 |     0 |        10 |  0.00 |
| PCIE40E4        |    0 |     0 |         2 |  0.00 |
| PS8             |    0 |     0 |         1 |  0.00 |
| SYSMONE4        |    0 |     0 |         1 |  0.00 |
| VCU             |    0 |     0 |         1 |  0.00 |
+-----------------+------+-------+-----------+-------+


8. CONFIGURATION
----------------

+-------------+------+-------+-----------+-------+
|  Site Type  | Used | Fixed | Available | Util% |
+-------------+------+-------+-----------+-------+
| BSCANE2     |    0 |     0 |         4 |  0.00 |
| DNA_PORTE2  |    0 |     0 |         1 |  0.00 |
| EFUSE_USR   |    0 |     0 |         1 |  0.00 |
| FRAME_ECCE4 |    0 |     0 |         1 |  0.00 |
| ICAPE3      |    0 |     0 |         2 |  0.00 |
| MASTER_JTAG |    0 |     0 |         1 |  0.00 |
| STARTUPE3   |    0 |     0 |         1 |  0.00 |
+-------------+------+-------+-----------+-------+


9. Primitives
-------------

+----------+-------+---------------------+
| Ref Name |  Used | Functional Category |
+----------+-------+---------------------+
| FDRE     | 64866 |            Register |
| LUT3     | 27178 |                 CLB |
| LUT2     | 26985 |                 CLB |
| CARRY8   |  4140 |                 CLB |
| LUT6     |  4031 |                 CLB |
| LUT5     |  3928 |                 CLB |
| LUT1     |  2434 |                 CLB |
| LUT4     |  1677 |                 CLB |
| MUXF7    |  1283 |                 CLB |
| SRLC32E  |   618 |                 CLB |
| SRL16E   |   369 |                 CLB |
| MUXF8    |   192 |                 CLB |
| DSP48E2  |   120 |          Arithmetic |
| RAMS32   |   102 |                 CLB |
| FDSE     |    26 |            Register |
| RAMB18E2 |    18 |           Block Ram |
| RAMB36E2 |     7 |           Block Ram |
| BUFGCE   |     6 |               Clock |
+----------+-------+---------------------+


10. Black Boxes
---------------

+----------+------+
| Ref Name | Used |
+----------+------+


11. Instantiated Netlists
-------------------------

+----------+------+
| Ref Name | Used |
+----------+------+


