

================================================================
== Vivado HLS Report for 'layer0'
================================================================
* Date:           Fri Jul  3 18:07:50 2026

* Version:        2019.1 (Build 2552052 on Fri May 24 15:28:33 MDT 2019)
* Project:        lsq_w4a4
* Solution:       sol1
* Product family: zynquplus
* Target device:  xczu9eg-ffvb1156-2-e


================================================================
== Performance Estimates
================================================================
+ Timing (ns): 
    * Summary: 
    +--------+-------+----------+------------+
    |  Clock | Target| Estimated| Uncertainty|
    +--------+-------+----------+------------+
    |ap_clk  |   6.67|     6.319|        0.83|
    +--------+-------+----------+------------+

+ Latency (clock cycles): 
    * Summary: 
    +-------+-------+-------+-------+---------+
    |    Latency    |    Interval   | Pipeline|
    |  min  |  max  |  min  |  max  |   Type  |
    +-------+-------+-------+-------+---------+
    |  50312|  50312|  50312|  50312|   none  |
    +-------+-------+-------+-------+---------+

    + Detail: 
        * Instance: 
        N/A

        * Loop: 
        +------------+-------+-------+----------+-----------+-----------+-------+----------+
        |            |    Latency    | Iteration|  Initiation Interval  |  Trip |          |
        |  Loop Name |  min  |  max  |  Latency |  achieved |   target  | Count | Pipelined|
        +------------+-------+-------+----------+-----------+-----------+-------+----------+
        |- INIT0     |     64|     64|         1|          1|          1|     64|    yes   |
        |- IN0_OUT0  |  50178|  50178|         4|          1|          1|  50176|    yes   |
        |- REQ0      |     64|     64|         2|          1|          1|     64|    yes   |
        +------------+-------+-------+----------+-----------+-----------+-------+----------+



================================================================
== Utilization Estimates
================================================================
* Summary: 
+-----------------+---------+-------+--------+--------+-----+
|       Name      | BRAM_18K| DSP48E|   FF   |   LUT  | URAM|
+-----------------+---------+-------+--------+--------+-----+
|DSP              |        -|      8|       -|       -|    -|
|Expression       |        -|      6|       0|     640|    -|
|FIFO             |        -|      -|       -|       -|    -|
|Instance         |        -|      -|       0|     220|    -|
|Memory           |      105|      -|      93|      28|    -|
|Multiplexer      |        -|      -|       -|    1289|    -|
|Register         |        0|      -|    4431|      64|    -|
+-----------------+---------+-------+--------+--------+-----+
|Total            |      105|     14|    4524|    2241|    0|
+-----------------+---------+-------+--------+--------+-----+
|Available        |     1824|   2520|  548160|  274080|    0|
+-----------------+---------+-------+--------+--------+-----+
|Utilization (%)  |        5|   ~0  |   ~0   |   ~0   |    0|
+-----------------+---------+-------+--------+--------+-----+

+ Detail: 
    * Instance: 
    +-------------------------+----------------------+---------+-------+---+----+-----+
    |         Instance        |        Module        | BRAM_18K| DSP48E| FF| LUT| URAM|
    +-------------------------+----------------------+---------+-------+---+----+-----+
    |kan_top_mux_646_3bkb_U1  |kan_top_mux_646_3bkb  |        0|      0|  0|  55|    0|
    |kan_top_mux_646_3bkb_U2  |kan_top_mux_646_3bkb  |        0|      0|  0|  55|    0|
    |kan_top_mux_646_3bkb_U3  |kan_top_mux_646_3bkb  |        0|      0|  0|  55|    0|
    |kan_top_mux_646_3bkb_U4  |kan_top_mux_646_3bkb  |        0|      0|  0|  55|    0|
    +-------------------------+----------------------+---------+-------+---+----+-----+
    |Total                    |                      |        0|      0|  0| 220|    0|
    +-------------------------+----------------------+---------+-------+---+----+-----+

    * DSP48E: 
    +--------------------------+----------------------+--------------+
    |         Instance         |        Module        |  Expression  |
    +--------------------------+----------------------+--------------+
    |kan_top_mac_muladcud_U5   |kan_top_mac_muladcud  | i0 * i1 + i2 |
    |kan_top_mac_muladdEe_U6   |kan_top_mac_muladdEe  | i0 * i1 + i2 |
    |kan_top_mac_muladeOg_U7   |kan_top_mac_muladeOg  | i0 + i1 * i2 |
    |kan_top_mac_muladeOg_U8   |kan_top_mac_muladeOg  | i0 + i1 * i2 |
    |kan_top_mac_muladeOg_U9   |kan_top_mac_muladeOg  | i0 + i1 * i2 |
    |kan_top_mac_muladfYi_U10  |kan_top_mac_muladfYi  | i0 + i1 * i2 |
    |kan_top_mac_muladg8j_U11  |kan_top_mac_muladg8j  | i0 + i1 * i2 |
    |kan_top_mac_muladhbi_U12  |kan_top_mac_muladhbi  | i0 * i1 + i2 |
    +--------------------------+----------------------+--------------+

    * Memory: 
    +----------------+---------------------+---------+----+----+-----+-------+-----+------+-------------+
    |     Memory     |        Module       | BRAM_18K| FF | LUT| URAM| Words | Bits| Banks| W*Bits*Banks|
    +----------------+---------------------+---------+----+----+-----+-------+-----+------+-------------+
    |l0_base_pk_U    |layer0_l0_base_pk    |       14|   0|   0|    0|   6272|   32|     1|       200704|
    |l0_lut_b_V_0_U  |layer0_l0_lut_b_V_0  |        0|  10|   3|    0|     16|   10|     1|          160|
    |l0_lut_b_V_1_U  |layer0_l0_lut_b_V_1  |        0|  10|   3|    0|     16|   10|     1|          160|
    |l0_lut_b_V_2_U  |layer0_l0_lut_b_V_2  |        0|  10|   3|    0|     16|   10|     1|          160|
    |l0_lut_b_V_3_U  |layer0_l0_lut_b_V_3  |        0|  10|   3|    0|     16|   10|     1|          160|
    |l0_lut_b_V_4_U  |layer0_l0_lut_b_V_4  |        0|  10|   3|    0|     16|   10|     1|          160|
    |l0_lut_b_V_5_U  |layer0_l0_lut_b_V_5  |        0|  10|   3|    0|     16|   10|     1|          160|
    |l0_lut_b_V_6_U  |layer0_l0_lut_b_V_6  |        0|  10|   3|    0|     16|   10|     1|          160|
    |l0_lut_b_V_7_U  |layer0_l0_lut_b_V_7  |        0|  10|   3|    0|     16|   10|     1|          160|
    |l0_lut_s_V_U    |layer0_l0_lut_s_V    |        0|  13|   4|    0|     16|   13|     1|          208|
    |l0_spline_pk_U  |layer0_l0_spline_pk  |       91|   0|   0|    0|  50176|   32|     1|      1605632|
    +----------------+---------------------+---------+----+----+-----+-------+-----+------+-------------+
    |Total           |                     |      105|  93|  28|    0|  56592|  157|    11|      1807824|
    +----------------+---------------------+---------+----+----+-----+-------+-----+------+-------------+

    * FIFO: 
    N/A

    * Expression: 
    +--------------------------+----------+-------+---+----+------------+------------+
    |       Variable Name      | Operation| DSP48E| FF| LUT| Bitwidth P0| Bitwidth P1|
    +--------------------------+----------+-------+---+----+------------+------------+
    |mul_ln68_1_fu_4979_p2     |     *    |      4|  0|  20|          31|          32|
    |mul_ln68_fu_4965_p2       |     *    |      2|  0|  20|          27|          32|
    |mul_ln700_12_fu_3772_p2   |     *    |      0|  0|   5|           4|          13|
    |mul_ln700_5_fu_3662_p2    |     *    |      0|  0|   5|           4|          13|
    |mul_ln700_9_fu_3720_p2    |     *    |      0|  0|   5|           4|          13|
    |acc_s_0_V_fu_4351_p2      |     +    |      0|  0|  61|          32|          32|
    |add_ln27_1_fu_3489_p2     |     +    |      0|  0|  17|           1|          10|
    |add_ln27_fu_3469_p2       |     +    |      0|  0|  23|          16|           1|
    |add_ln700_10_fu_4346_p2   |     +    |      0|  0|  61|          32|          32|
    |add_ln700_6_fu_4333_p2    |     +    |      0|  0|  26|          19|          19|
    |o_3_fu_4683_p2            |     +    |      0|  0|  15|           7|           1|
    |o_4_fu_3542_p2            |     +    |      0|  0|  15|           7|           1|
    |o_fu_2301_p2              |     +    |      0|  0|  15|           7|           1|
    |ret_V_fu_4991_p2          |     +    |      0|  0|  61|          47|          63|
    |t_V_fu_4985_p2            |     +    |      0|  0|  61|          63|          63|
    |icmp_ln21_fu_2295_p2      |   icmp   |      0|  0|  11|           7|           8|
    |icmp_ln27_fu_3463_p2      |   icmp   |      0|  0|  13|          16|          15|
    |icmp_ln38_fu_3475_p2      |   icmp   |      0|  0|  11|           7|           8|
    |icmp_ln53_fu_4677_p2      |   icmp   |      0|  0|  11|           7|           8|
    |icmp_ln887_fu_5034_p2     |   icmp   |      0|  0|  13|          16|           5|
    |icmp_ln895_fu_5022_p2     |   icmp   |      0|  0|  13|          13|           1|
    |lshr_ln49_fu_3592_p2      |   lshr   |      0|  0|  97|          32|          32|
    |out_V_d0                  |  select  |      0|  0|   5|           1|           5|
    |select_ln22_fu_5027_p3    |  select  |      0|  0|  16|           1|           3|
    |select_ln27_1_fu_3495_p3  |  select  |      0|  0|  10|           1|          10|
    |select_ln27_3_fu_3507_p3  |  select  |      0|  0|  10|           1|          10|
    |select_ln27_fu_3481_p3    |  select  |      0|  0|   7|           1|           1|
    |ap_enable_pp1             |    xor   |      0|  0|   2|           1|           2|
    |ap_enable_pp2             |    xor   |      0|  0|   2|           1|           2|
    |ap_enable_reg_pp1_iter1   |    xor   |      0|  0|   2|           2|           1|
    |ap_enable_reg_pp2_iter1   |    xor   |      0|  0|   2|           2|           1|
    |xor_ln27_fu_3551_p2       |    xor   |      0|  0|   5|           4|           5|
    +--------------------------+----------+-------+---+----+------------+------------+
    |Total                     |          |      6|  0| 640|         414|         443|
    +--------------------------+----------+-------+---+----+------------+------------+

    * Multiplexer: 
    +--------------------------------+----+-----------+-----+-----------+
    |              Name              | LUT| Input Size| Bits| Total Bits|
    +--------------------------------+----+-----------+-----+-----------+
    |acc_b_63_V_10_fu_1082           |   9|          2|   32|         64|
    |acc_b_63_V_11_fu_1086           |   9|          2|   32|         64|
    |acc_b_63_V_12_fu_1090           |   9|          2|   32|         64|
    |acc_b_63_V_13_fu_1094           |   9|          2|   32|         64|
    |acc_b_63_V_14_fu_1098           |   9|          2|   32|         64|
    |acc_b_63_V_15_fu_1102           |   9|          2|   32|         64|
    |acc_b_63_V_16_fu_1106           |   9|          2|   32|         64|
    |acc_b_63_V_17_fu_1110           |   9|          2|   32|         64|
    |acc_b_63_V_18_fu_1114           |   9|          2|   32|         64|
    |acc_b_63_V_19_fu_1118           |   9|          2|   32|         64|
    |acc_b_63_V_1_fu_1050            |   9|          2|   32|         64|
    |acc_b_63_V_20_fu_1122           |   9|          2|   32|         64|
    |acc_b_63_V_21_fu_1126           |   9|          2|   32|         64|
    |acc_b_63_V_22_fu_1130           |   9|          2|   32|         64|
    |acc_b_63_V_23_fu_1134           |   9|          2|   32|         64|
    |acc_b_63_V_24_fu_1138           |   9|          2|   32|         64|
    |acc_b_63_V_25_fu_1142           |   9|          2|   32|         64|
    |acc_b_63_V_26_fu_1146           |   9|          2|   32|         64|
    |acc_b_63_V_27_fu_1150           |   9|          2|   32|         64|
    |acc_b_63_V_28_fu_1154           |   9|          2|   32|         64|
    |acc_b_63_V_29_fu_1158           |   9|          2|   32|         64|
    |acc_b_63_V_2_fu_1054            |   9|          2|   32|         64|
    |acc_b_63_V_30_fu_1162           |   9|          2|   32|         64|
    |acc_b_63_V_31_fu_1166           |   9|          2|   32|         64|
    |acc_b_63_V_32_fu_1170           |   9|          2|   32|         64|
    |acc_b_63_V_33_fu_1174           |   9|          2|   32|         64|
    |acc_b_63_V_34_fu_1178           |   9|          2|   32|         64|
    |acc_b_63_V_35_fu_1182           |   9|          2|   32|         64|
    |acc_b_63_V_36_fu_1186           |   9|          2|   32|         64|
    |acc_b_63_V_37_fu_1190           |   9|          2|   32|         64|
    |acc_b_63_V_38_fu_1194           |   9|          2|   32|         64|
    |acc_b_63_V_39_fu_1198           |   9|          2|   32|         64|
    |acc_b_63_V_3_fu_1298            |   9|          2|   32|         64|
    |acc_b_63_V_40_fu_1202           |   9|          2|   32|         64|
    |acc_b_63_V_41_fu_1206           |   9|          2|   32|         64|
    |acc_b_63_V_42_fu_1210           |   9|          2|   32|         64|
    |acc_b_63_V_43_fu_1214           |   9|          2|   32|         64|
    |acc_b_63_V_44_fu_1218           |   9|          2|   32|         64|
    |acc_b_63_V_45_fu_1222           |   9|          2|   32|         64|
    |acc_b_63_V_46_fu_1226           |   9|          2|   32|         64|
    |acc_b_63_V_47_fu_1230           |   9|          2|   32|         64|
    |acc_b_63_V_48_fu_1234           |   9|          2|   32|         64|
    |acc_b_63_V_49_fu_1238           |   9|          2|   32|         64|
    |acc_b_63_V_4_fu_1058            |   9|          2|   32|         64|
    |acc_b_63_V_50_fu_1242           |   9|          2|   32|         64|
    |acc_b_63_V_51_fu_1246           |   9|          2|   32|         64|
    |acc_b_63_V_52_fu_1250           |   9|          2|   32|         64|
    |acc_b_63_V_53_fu_1254           |   9|          2|   32|         64|
    |acc_b_63_V_54_fu_1258           |   9|          2|   32|         64|
    |acc_b_63_V_55_fu_1262           |   9|          2|   32|         64|
    |acc_b_63_V_56_fu_1266           |   9|          2|   32|         64|
    |acc_b_63_V_57_fu_1270           |   9|          2|   32|         64|
    |acc_b_63_V_58_fu_1274           |   9|          2|   32|         64|
    |acc_b_63_V_59_fu_1278           |   9|          2|   32|         64|
    |acc_b_63_V_5_fu_1062            |   9|          2|   32|         64|
    |acc_b_63_V_60_fu_1282           |   9|          2|   32|         64|
    |acc_b_63_V_61_fu_1286           |   9|          2|   32|         64|
    |acc_b_63_V_62_fu_1290           |   9|          2|   32|         64|
    |acc_b_63_V_63_fu_1294           |   9|          2|   32|         64|
    |acc_b_63_V_6_fu_1066            |   9|          2|   32|         64|
    |acc_b_63_V_7_fu_1070            |   9|          2|   32|         64|
    |acc_b_63_V_8_fu_1074            |   9|          2|   32|         64|
    |acc_b_63_V_9_fu_1078            |   9|          2|   32|         64|
    |acc_b_63_V_fu_1046              |   9|          2|   32|         64|
    |acc_s_63_V_10_fu_826            |   9|          2|   32|         64|
    |acc_s_63_V_11_fu_830            |   9|          2|   32|         64|
    |acc_s_63_V_12_fu_834            |   9|          2|   32|         64|
    |acc_s_63_V_13_fu_838            |   9|          2|   32|         64|
    |acc_s_63_V_14_fu_842            |   9|          2|   32|         64|
    |acc_s_63_V_15_fu_846            |   9|          2|   32|         64|
    |acc_s_63_V_16_fu_850            |   9|          2|   32|         64|
    |acc_s_63_V_17_fu_854            |   9|          2|   32|         64|
    |acc_s_63_V_18_fu_858            |   9|          2|   32|         64|
    |acc_s_63_V_19_fu_862            |   9|          2|   32|         64|
    |acc_s_63_V_1_fu_794             |   9|          2|   32|         64|
    |acc_s_63_V_20_fu_866            |   9|          2|   32|         64|
    |acc_s_63_V_21_fu_870            |   9|          2|   32|         64|
    |acc_s_63_V_22_fu_874            |   9|          2|   32|         64|
    |acc_s_63_V_23_fu_878            |   9|          2|   32|         64|
    |acc_s_63_V_24_fu_882            |   9|          2|   32|         64|
    |acc_s_63_V_25_fu_886            |   9|          2|   32|         64|
    |acc_s_63_V_26_fu_890            |   9|          2|   32|         64|
    |acc_s_63_V_27_fu_894            |   9|          2|   32|         64|
    |acc_s_63_V_28_fu_898            |   9|          2|   32|         64|
    |acc_s_63_V_29_fu_902            |   9|          2|   32|         64|
    |acc_s_63_V_2_fu_798             |   9|          2|   32|         64|
    |acc_s_63_V_30_fu_906            |   9|          2|   32|         64|
    |acc_s_63_V_31_fu_910            |   9|          2|   32|         64|
    |acc_s_63_V_32_fu_914            |   9|          2|   32|         64|
    |acc_s_63_V_33_fu_918            |   9|          2|   32|         64|
    |acc_s_63_V_34_fu_922            |   9|          2|   32|         64|
    |acc_s_63_V_35_fu_926            |   9|          2|   32|         64|
    |acc_s_63_V_36_fu_930            |   9|          2|   32|         64|
    |acc_s_63_V_37_fu_934            |   9|          2|   32|         64|
    |acc_s_63_V_38_fu_938            |   9|          2|   32|         64|
    |acc_s_63_V_39_fu_942            |   9|          2|   32|         64|
    |acc_s_63_V_3_fu_1042            |   9|          2|   32|         64|
    |acc_s_63_V_40_fu_946            |   9|          2|   32|         64|
    |acc_s_63_V_41_fu_950            |   9|          2|   32|         64|
    |acc_s_63_V_42_fu_954            |   9|          2|   32|         64|
    |acc_s_63_V_43_fu_958            |   9|          2|   32|         64|
    |acc_s_63_V_44_fu_962            |   9|          2|   32|         64|
    |acc_s_63_V_45_fu_966            |   9|          2|   32|         64|
    |acc_s_63_V_46_fu_970            |   9|          2|   32|         64|
    |acc_s_63_V_47_fu_974            |   9|          2|   32|         64|
    |acc_s_63_V_48_fu_978            |   9|          2|   32|         64|
    |acc_s_63_V_49_fu_982            |   9|          2|   32|         64|
    |acc_s_63_V_4_fu_802             |   9|          2|   32|         64|
    |acc_s_63_V_50_fu_986            |   9|          2|   32|         64|
    |acc_s_63_V_51_fu_990            |   9|          2|   32|         64|
    |acc_s_63_V_52_fu_994            |   9|          2|   32|         64|
    |acc_s_63_V_53_fu_998            |   9|          2|   32|         64|
    |acc_s_63_V_54_fu_1002           |   9|          2|   32|         64|
    |acc_s_63_V_55_fu_1006           |   9|          2|   32|         64|
    |acc_s_63_V_56_fu_1010           |   9|          2|   32|         64|
    |acc_s_63_V_57_fu_1014           |   9|          2|   32|         64|
    |acc_s_63_V_58_fu_1018           |   9|          2|   32|         64|
    |acc_s_63_V_59_fu_1022           |   9|          2|   32|         64|
    |acc_s_63_V_5_fu_806             |   9|          2|   32|         64|
    |acc_s_63_V_60_fu_1026           |   9|          2|   32|         64|
    |acc_s_63_V_61_fu_1030           |   9|          2|   32|         64|
    |acc_s_63_V_62_fu_1034           |   9|          2|   32|         64|
    |acc_s_63_V_63_fu_1038           |   9|          2|   32|         64|
    |acc_s_63_V_6_fu_810             |   9|          2|   32|         64|
    |acc_s_63_V_7_fu_814             |   9|          2|   32|         64|
    |acc_s_63_V_8_fu_818             |   9|          2|   32|         64|
    |acc_s_63_V_9_fu_822             |   9|          2|   32|         64|
    |acc_s_63_V_fu_790               |   9|          2|   32|         64|
    |ap_NS_fsm                       |  41|          8|    1|          8|
    |ap_enable_reg_pp1_iter1         |   9|          2|    1|          2|
    |ap_enable_reg_pp1_iter3         |   9|          2|    1|          2|
    |ap_enable_reg_pp2_iter1         |  15|          3|    1|          3|
    |ap_phi_mux_i_0_phi_fu_1497_p4   |   9|          2|   10|         20|
    |ap_phi_mux_o5_0_phi_fu_1519_p4  |   9|          2|    7|         14|
    |i_0_reg_1493                    |   9|          2|   10|         20|
    |indvar_flatten_reg_1482         |   9|          2|   16|         32|
    |o3_0_reg_1504                   |   9|          2|    7|         14|
    |o5_0_reg_1515                   |   9|          2|    7|         14|
    |o_0_reg_1471                    |   9|          2|    7|         14|
    +--------------------------------+----+-----------+-----+-----------+
    |Total                           |1289|        285| 4164|       8335|
    +--------------------------------+----+-----------+-----+-----------+

    * Register: 
    +----------------------------+----+----+-----+-----------+
    |            Name            | FF | LUT| Bits| Const Bits|
    +----------------------------+----+----+-----+-----------+
    |acc_b_63_V_10_fu_1082       |  32|   0|   32|          0|
    |acc_b_63_V_11_fu_1086       |  32|   0|   32|          0|
    |acc_b_63_V_12_fu_1090       |  32|   0|   32|          0|
    |acc_b_63_V_13_fu_1094       |  32|   0|   32|          0|
    |acc_b_63_V_14_fu_1098       |  32|   0|   32|          0|
    |acc_b_63_V_15_fu_1102       |  32|   0|   32|          0|
    |acc_b_63_V_16_fu_1106       |  32|   0|   32|          0|
    |acc_b_63_V_17_fu_1110       |  32|   0|   32|          0|
    |acc_b_63_V_18_fu_1114       |  32|   0|   32|          0|
    |acc_b_63_V_19_fu_1118       |  32|   0|   32|          0|
    |acc_b_63_V_1_fu_1050        |  32|   0|   32|          0|
    |acc_b_63_V_20_fu_1122       |  32|   0|   32|          0|
    |acc_b_63_V_21_fu_1126       |  32|   0|   32|          0|
    |acc_b_63_V_22_fu_1130       |  32|   0|   32|          0|
    |acc_b_63_V_23_fu_1134       |  32|   0|   32|          0|
    |acc_b_63_V_24_fu_1138       |  32|   0|   32|          0|
    |acc_b_63_V_25_fu_1142       |  32|   0|   32|          0|
    |acc_b_63_V_26_fu_1146       |  32|   0|   32|          0|
    |acc_b_63_V_27_fu_1150       |  32|   0|   32|          0|
    |acc_b_63_V_28_fu_1154       |  32|   0|   32|          0|
    |acc_b_63_V_29_fu_1158       |  32|   0|   32|          0|
    |acc_b_63_V_2_fu_1054        |  32|   0|   32|          0|
    |acc_b_63_V_30_fu_1162       |  32|   0|   32|          0|
    |acc_b_63_V_31_fu_1166       |  32|   0|   32|          0|
    |acc_b_63_V_32_fu_1170       |  32|   0|   32|          0|
    |acc_b_63_V_33_fu_1174       |  32|   0|   32|          0|
    |acc_b_63_V_34_fu_1178       |  32|   0|   32|          0|
    |acc_b_63_V_35_fu_1182       |  32|   0|   32|          0|
    |acc_b_63_V_36_fu_1186       |  32|   0|   32|          0|
    |acc_b_63_V_37_fu_1190       |  32|   0|   32|          0|
    |acc_b_63_V_38_fu_1194       |  32|   0|   32|          0|
    |acc_b_63_V_39_fu_1198       |  32|   0|   32|          0|
    |acc_b_63_V_3_fu_1298        |  32|   0|   32|          0|
    |acc_b_63_V_40_fu_1202       |  32|   0|   32|          0|
    |acc_b_63_V_41_fu_1206       |  32|   0|   32|          0|
    |acc_b_63_V_42_fu_1210       |  32|   0|   32|          0|
    |acc_b_63_V_43_fu_1214       |  32|   0|   32|          0|
    |acc_b_63_V_44_fu_1218       |  32|   0|   32|          0|
    |acc_b_63_V_45_fu_1222       |  32|   0|   32|          0|
    |acc_b_63_V_46_fu_1226       |  32|   0|   32|          0|
    |acc_b_63_V_47_fu_1230       |  32|   0|   32|          0|
    |acc_b_63_V_48_fu_1234       |  32|   0|   32|          0|
    |acc_b_63_V_49_fu_1238       |  32|   0|   32|          0|
    |acc_b_63_V_4_fu_1058        |  32|   0|   32|          0|
    |acc_b_63_V_50_fu_1242       |  32|   0|   32|          0|
    |acc_b_63_V_51_fu_1246       |  32|   0|   32|          0|
    |acc_b_63_V_52_fu_1250       |  32|   0|   32|          0|
    |acc_b_63_V_53_fu_1254       |  32|   0|   32|          0|
    |acc_b_63_V_54_fu_1258       |  32|   0|   32|          0|
    |acc_b_63_V_55_fu_1262       |  32|   0|   32|          0|
    |acc_b_63_V_56_fu_1266       |  32|   0|   32|          0|
    |acc_b_63_V_57_fu_1270       |  32|   0|   32|          0|
    |acc_b_63_V_58_fu_1274       |  32|   0|   32|          0|
    |acc_b_63_V_59_fu_1278       |  32|   0|   32|          0|
    |acc_b_63_V_5_fu_1062        |  32|   0|   32|          0|
    |acc_b_63_V_60_fu_1282       |  32|   0|   32|          0|
    |acc_b_63_V_61_fu_1286       |  32|   0|   32|          0|
    |acc_b_63_V_62_fu_1290       |  32|   0|   32|          0|
    |acc_b_63_V_63_fu_1294       |  32|   0|   32|          0|
    |acc_b_63_V_6_fu_1066        |  32|   0|   32|          0|
    |acc_b_63_V_7_fu_1070        |  32|   0|   32|          0|
    |acc_b_63_V_8_fu_1074        |  32|   0|   32|          0|
    |acc_b_63_V_9_fu_1078        |  32|   0|   32|          0|
    |acc_b_63_V_fu_1046          |  32|   0|   32|          0|
    |acc_s_63_V_10_fu_826        |  32|   0|   32|          0|
    |acc_s_63_V_11_fu_830        |  32|   0|   32|          0|
    |acc_s_63_V_12_fu_834        |  32|   0|   32|          0|
    |acc_s_63_V_13_fu_838        |  32|   0|   32|          0|
    |acc_s_63_V_14_fu_842        |  32|   0|   32|          0|
    |acc_s_63_V_15_fu_846        |  32|   0|   32|          0|
    |acc_s_63_V_16_fu_850        |  32|   0|   32|          0|
    |acc_s_63_V_17_fu_854        |  32|   0|   32|          0|
    |acc_s_63_V_18_fu_858        |  32|   0|   32|          0|
    |acc_s_63_V_19_fu_862        |  32|   0|   32|          0|
    |acc_s_63_V_1_fu_794         |  32|   0|   32|          0|
    |acc_s_63_V_20_fu_866        |  32|   0|   32|          0|
    |acc_s_63_V_21_fu_870        |  32|   0|   32|          0|
    |acc_s_63_V_22_fu_874        |  32|   0|   32|          0|
    |acc_s_63_V_23_fu_878        |  32|   0|   32|          0|
    |acc_s_63_V_24_fu_882        |  32|   0|   32|          0|
    |acc_s_63_V_25_fu_886        |  32|   0|   32|          0|
    |acc_s_63_V_26_fu_890        |  32|   0|   32|          0|
    |acc_s_63_V_27_fu_894        |  32|   0|   32|          0|
    |acc_s_63_V_28_fu_898        |  32|   0|   32|          0|
    |acc_s_63_V_29_fu_902        |  32|   0|   32|          0|
    |acc_s_63_V_2_fu_798         |  32|   0|   32|          0|
    |acc_s_63_V_30_fu_906        |  32|   0|   32|          0|
    |acc_s_63_V_31_fu_910        |  32|   0|   32|          0|
    |acc_s_63_V_32_fu_914        |  32|   0|   32|          0|
    |acc_s_63_V_33_fu_918        |  32|   0|   32|          0|
    |acc_s_63_V_34_fu_922        |  32|   0|   32|          0|
    |acc_s_63_V_35_fu_926        |  32|   0|   32|          0|
    |acc_s_63_V_36_fu_930        |  32|   0|   32|          0|
    |acc_s_63_V_37_fu_934        |  32|   0|   32|          0|
    |acc_s_63_V_38_fu_938        |  32|   0|   32|          0|
    |acc_s_63_V_39_fu_942        |  32|   0|   32|          0|
    |acc_s_63_V_3_fu_1042        |  32|   0|   32|          0|
    |acc_s_63_V_40_fu_946        |  32|   0|   32|          0|
    |acc_s_63_V_41_fu_950        |  32|   0|   32|          0|
    |acc_s_63_V_42_fu_954        |  32|   0|   32|          0|
    |acc_s_63_V_43_fu_958        |  32|   0|   32|          0|
    |acc_s_63_V_44_fu_962        |  32|   0|   32|          0|
    |acc_s_63_V_45_fu_966        |  32|   0|   32|          0|
    |acc_s_63_V_46_fu_970        |  32|   0|   32|          0|
    |acc_s_63_V_47_fu_974        |  32|   0|   32|          0|
    |acc_s_63_V_48_fu_978        |  32|   0|   32|          0|
    |acc_s_63_V_49_fu_982        |  32|   0|   32|          0|
    |acc_s_63_V_4_fu_802         |  32|   0|   32|          0|
    |acc_s_63_V_50_fu_986        |  32|   0|   32|          0|
    |acc_s_63_V_51_fu_990        |  32|   0|   32|          0|
    |acc_s_63_V_52_fu_994        |  32|   0|   32|          0|
    |acc_s_63_V_53_fu_998        |  32|   0|   32|          0|
    |acc_s_63_V_54_fu_1002       |  32|   0|   32|          0|
    |acc_s_63_V_55_fu_1006       |  32|   0|   32|          0|
    |acc_s_63_V_56_fu_1010       |  32|   0|   32|          0|
    |acc_s_63_V_57_fu_1014       |  32|   0|   32|          0|
    |acc_s_63_V_58_fu_1018       |  32|   0|   32|          0|
    |acc_s_63_V_59_fu_1022       |  32|   0|   32|          0|
    |acc_s_63_V_5_fu_806         |  32|   0|   32|          0|
    |acc_s_63_V_60_fu_1026       |  32|   0|   32|          0|
    |acc_s_63_V_61_fu_1030       |  32|   0|   32|          0|
    |acc_s_63_V_62_fu_1034       |  32|   0|   32|          0|
    |acc_s_63_V_63_fu_1038       |  32|   0|   32|          0|
    |acc_s_63_V_6_fu_810         |  32|   0|   32|          0|
    |acc_s_63_V_7_fu_814         |  32|   0|   32|          0|
    |acc_s_63_V_8_fu_818         |  32|   0|   32|          0|
    |acc_s_63_V_9_fu_822         |  32|   0|   32|          0|
    |acc_s_63_V_fu_790           |  32|   0|   32|          0|
    |add_ln700_5_reg_7621        |  18|   0|   18|          0|
    |add_ln700_7_reg_7626        |  18|   0|   18|          0|
    |add_ln700_reg_7616          |  18|   0|   18|          0|
    |ap_CS_fsm                   |   7|   0|    7|          0|
    |ap_enable_reg_pp1_iter0     |   1|   0|    1|          0|
    |ap_enable_reg_pp1_iter1     |   1|   0|    1|          0|
    |ap_enable_reg_pp1_iter2     |   1|   0|    1|          0|
    |ap_enable_reg_pp1_iter3     |   1|   0|    1|          0|
    |ap_enable_reg_pp2_iter0     |   1|   0|    1|          0|
    |ap_enable_reg_pp2_iter1     |   1|   0|    1|          0|
    |i_0_reg_1493                |  10|   0|   10|          0|
    |icmp_ln27_reg_7499          |   1|   0|    1|          0|
    |icmp_ln53_reg_7631          |   1|   0|    1|          0|
    |indvar_flatten_reg_1482     |  16|   0|   16|          0|
    |l0_lut_b_V_2_load_reg_7596  |  10|   0|   10|          0|
    |l0_lut_b_V_3_load_reg_7601  |  10|   0|   10|          0|
    |o3_0_reg_1504               |   7|   0|    7|          0|
    |o5_0_reg_1515               |   7|   0|    7|          0|
    |o_0_reg_1471                |   7|   0|    7|          0|
    |o_3_reg_7635                |   7|   0|    7|          0|
    |select_ln27_1_reg_7514      |  10|   0|   10|          0|
    |select_ln27_reg_7508        |   7|   0|    7|          0|
    |tmp_12_reg_7606             |   4|   0|    4|          0|
    |tmp_13_reg_7611             |   4|   0|    4|          0|
    |tmp_18_reg_7645             |  13|   0|   13|          0|
    |trunc_ln5_reg_7640          |  16|   0|   16|          0|
    |trunc_ln700_1_reg_7530      |   6|   0|    6|          0|
    |trunc_ln700_2_reg_7591      |   4|   0|    4|          0|
    |icmp_ln27_reg_7499          |  64|  32|    1|          0|
    |trunc_ln700_1_reg_7530      |  64|  32|    6|          0|
    +----------------------------+----+----+-----+-----------+
    |Total                       |4431|  64| 4310|          0|
    +----------------------------+----+----+-----+-----------+



================================================================
== Interface
================================================================
* Summary: 
+----------------+-----+-----+------------+--------------+--------------+
|    RTL Ports   | Dir | Bits|  Protocol  | Source Object|    C Type    |
+----------------+-----+-----+------------+--------------+--------------+
|ap_clk          |  in |    1| ap_ctrl_hs |    layer0    | return value |
|ap_rst          |  in |    1| ap_ctrl_hs |    layer0    | return value |
|ap_start        |  in |    1| ap_ctrl_hs |    layer0    | return value |
|ap_done         | out |    1| ap_ctrl_hs |    layer0    | return value |
|ap_idle         | out |    1| ap_ctrl_hs |    layer0    | return value |
|ap_ready        | out |    1| ap_ctrl_hs |    layer0    | return value |
|in_V_address0   | out |   10|  ap_memory |     in_V     |     array    |
|in_V_ce0        | out |    1|  ap_memory |     in_V     |     array    |
|in_V_q0         |  in |    4|  ap_memory |     in_V     |     array    |
|out_V_address0  | out |    6|  ap_memory |     out_V    |     array    |
|out_V_ce0       | out |    1|  ap_memory |     out_V    |     array    |
|out_V_we0       | out |    1|  ap_memory |     out_V    |     array    |
|out_V_d0        | out |    4|  ap_memory |     out_V    |     array    |
+----------------+-----+-----+------------+--------------+--------------+

