

================================================================
== Vivado HLS Report for 'conv_stage_1'
================================================================
* Date:           Sat Jul 11 14:58:07 2026

* Version:        2019.1 (Build 2552052 on Fri May 24 15:28:33 MDT 2019)
* Project:        kagnconv_fp32_alt
* Solution:       sol1
* Product family: zynquplus
* Target device:  xczu7ev-ffvc1156-2-e


================================================================
== Performance Estimates
================================================================
+ Timing (ns): 
    * Summary: 
    +--------+-------+----------+------------+
    |  Clock | Target| Estimated| Uncertainty|
    +--------+-------+----------+------------+
    |ap_clk  |   6.67|    11.062|        0.83|
    +--------+-------+----------+------------+

+ Latency (clock cycles): 
    * Summary: 
    +--------+--------+--------+--------+---------+
    |     Latency     |     Interval    | Pipeline|
    |   min  |   max  |   min  |   max  |   Type  |
    +--------+--------+--------+--------+---------+
    |  324526|  324526|  324526|  324526|   none  |
    +--------+--------+--------+--------+---------+

    + Detail: 
        * Instance: 
        +------------------------------+------------------+------+------+------+------+---------+
        |                              |                  |   Latency   |   Interval  | Pipeline|
        |           Instance           |      Module      |  min |  max |  min |  max |   Type  |
        +------------------------------+------------------+------+------+------+------+---------+
        |grp_gram_in_silu_f32_fu_3016  |gram_in_silu_f32  |  1866|  1866|  1866|  1866|   none  |
        +------------------------------+------------------+------+------+------+------+---------+

        * Loop: 
        +-----------------+--------+--------+----------+-----------+-----------+------+----------+
        |                 |     Latency     | Iteration|  Initiation Interval  | Trip |          |
        |    Loop Name    |   min  |   max  |  Latency |  achieved |   target  | Count| Pipelined|
        +-----------------+--------+--------+----------+-----------+-----------+------+----------+
        |- CONV_Y_CONV_X  |  291452|  291452|      1487|          -|          -|   196|    no    |
        | + INIT          |      16|      16|         1|          1|          1|    16|    yes   |
        | + TAP_K         |    1449|    1449|       161|          -|          -|     9|    no    |
        |  ++ GRAM_REC    |      20|      20|        10|          -|          -|     2|    no    |
        |  ++ O_LOOP      |      78|      78|        34|          3|          1|    16|    yes   |
        | + REQ           |      16|      16|         1|          1|          1|    16|    yes   |
        |- NORM_O         |   33072|   33072|      2067|          -|          -|    16|    no    |
        | + ACT_P         |     196|     196|         2|          1|          1|   196|    yes   |
        +-----------------+--------+--------+----------+-----------+-----------+------+----------+



================================================================
== Utilization Estimates
================================================================
* Summary: 
+-----------------+---------+-------+--------+--------+-----+
|       Name      | BRAM_18K| DSP48E|   FF   |   LUT  | URAM|
+-----------------+---------+-------+--------+--------+-----+
|DSP              |        -|      -|       -|       -|    -|
|Expression       |        -|      -|       0|    1057|    -|
|FIFO             |        -|      -|       -|       -|    -|
|Instance         |        0|     36|    4686|    7413|    -|
|Memory           |       14|      -|      64|      16|    0|
|Multiplexer      |        -|      -|       -|    1979|    -|
|Register         |        0|      -|    3583|     192|    -|
+-----------------+---------+-------+--------+--------+-----+
|Total            |       14|     36|    8333|   10657|    0|
+-----------------+---------+-------+--------+--------+-----+
|Available        |      624|   1728|  460800|  230400|   96|
+-----------------+---------+-------+--------+--------+-----+
|Utilization (%)  |        2|      2|       1|       4|    0|
+-----------------+---------+-------+--------+--------+-----+

+ Detail: 
    * Instance: 
    +------------------------------+----------------------+---------+-------+------+------+-----+
    |           Instance           |        Module        | BRAM_18K| DSP48E|  FF  |  LUT | URAM|
    +------------------------------+----------------------+---------+-------+------+------+-----+
    |grp_gram_in_silu_f32_fu_3016  |gram_in_silu_f32      |        0|     19|  3039|  4471|    0|
    |kan_top_fadd_32nsbkb_U24      |kan_top_fadd_32nsbkb  |        0|      0|   168|   434|    0|
    |kan_top_fadd_32nsdEe_U23      |kan_top_fadd_32nsdEe  |        0|      2|   205|   208|    0|
    |kan_top_faddfsub_cud_U22      |kan_top_faddfsub_cud  |        0|      2|   205|   208|    0|
    |kan_top_fdiv_32nsfYi_U27      |kan_top_fdiv_32nsfYi  |        0|      0|   459|   799|    0|
    |kan_top_fexp_32nshbi_U28      |kan_top_fexp_32nshbi  |        0|      7|   324|   905|    0|
    |kan_top_fmul_32nseOg_U25      |kan_top_fmul_32nseOg  |        0|      3|   143|   139|    0|
    |kan_top_fmul_32nseOg_U26      |kan_top_fmul_32nseOg  |        0|      3|   143|   139|    0|
    |kan_top_mux_164_3pcA_U29      |kan_top_mux_164_3pcA  |        0|      0|     0|    55|    0|
    |kan_top_mux_164_3pcA_U30      |kan_top_mux_164_3pcA  |        0|      0|     0|    55|    0|
    +------------------------------+----------------------+---------+-------+------+------+-----+
    |Total                         |                      |        0|     36|  4686|  7413|    0|
    +------------------------------+----------------------+---------+-------+------+------+-----+

    * DSP48E: 
    N/A

    * Memory: 
    +---------------+----------------------+---------+----+----+-----+------+-----+------+-------------+
    |     Memory    |        Module        | BRAM_18K| FF | LUT| URAM| Words| Bits| Banks| W*Bits*Banks|
    +---------------+----------------------+---------+----+----+-----+------+-----+------+-------------+
    |c1_beta_U      |conv_stage_1_c1_bocq  |        0|  32|   8|    0|    16|   32|     1|          512|
    |c1_gamma_U     |conv_stage_1_c1_gncg  |        0|  32|   8|    0|    16|   32|     1|          512|
    |c1_weight_0_U  |conv_stage_1_c1_wibs  |        1|   0|   0|    0|   144|   32|     1|         4608|
    |c1_weight_1_U  |conv_stage_1_c1_wjbC  |        1|   0|   0|    0|   144|   32|     1|         4608|
    |c1_weight_2_U  |conv_stage_1_c1_wkbM  |        1|   0|   0|    0|   144|   32|     1|         4608|
    |c1_weight_3_U  |conv_stage_1_c1_wlbW  |        1|   0|   0|    0|   144|   32|     1|         4608|
    |c1_weight_4_U  |conv_stage_1_c1_wmb6  |        1|   0|   0|    0|   144|   32|     1|         4608|
    |v_map_U        |conv_stage_1_v_map    |        8|   0|   0|    0|  3136|   32|     1|       100352|
    |yb_U           |conv_stage_1_yb       |        1|   0|   0|    0|   196|   32|     1|         6272|
    +---------------+----------------------+---------+----+----+-----+------+-----+------+-------------+
    |Total          |                      |       14|  64|  16|    0|  4084|  288|     9|       130688|
    +---------------+----------------------+---------+----+----+-----+------+-----+------+-------------+

    * FIFO: 
    N/A

    * Expression: 
    +--------------------------+----------+-------+---+----+------------+------------+
    |       Variable Name      | Operation| DSP48E| FF| LUT| Bitwidth P0| Bitwidth P1|
    +--------------------------+----------+-------+---+----+------------+------------+
    |add_ln21_fu_3160_p2       |     +    |      0|  0|  15|           8|           1|
    |add_ln32_1_fu_3267_p2     |     +    |      0|  0|  15|           8|           5|
    |add_ln32_fu_3279_p2       |     +    |      0|  0|  12|           4|           1|
    |add_ln34_1_fu_3312_p2     |     +    |      0|  0|  15|           6|           2|
    |add_ln34_fu_3303_p2       |     +    |      0|  0|  15|           5|           5|
    |add_ln35_1_fu_3327_p2     |     +    |      0|  0|  15|           6|           2|
    |add_ln35_2_fu_3431_p2     |     +    |      0|  0|  11|           1|           3|
    |add_ln35_fu_3318_p2       |     +    |      0|  0|  15|           5|           5|
    |add_ln37_fu_3381_p2       |     +    |      0|  0|  21|          11|          11|
    |add_ln51_fu_3593_p2       |     +    |      0|  0|  15|           5|           1|
    |add_ln53_1_fu_3575_p2     |     +    |      0|  0|  21|          10|          10|
    |add_ln53_fu_3548_p2       |     +    |      0|  0|  21|           7|           7|
    |add_ln62_fu_3637_p2       |     +    |      0|  0|  12|           4|           1|
    |add_ln67_1_fu_3687_p2     |     +    |      0|  0|  20|          13|          13|
    |add_ln67_2_fu_3681_p2     |     +    |      0|  0|  19|           8|          12|
    |add_ln67_fu_3392_p2       |     +    |      0|  0|  16|           9|           9|
    |add_ln76_1_fu_3809_p2     |     +    |      0|  0|  15|           1|           8|
    |add_ln78_1_fu_3893_p2     |     +    |      0|  0|  21|          13|          13|
    |add_ln78_2_fu_3838_p2     |     +    |      0|  0|  23|           9|          16|
    |add_ln78_fu_3858_p2       |     +    |      0|  0|  18|          11|          11|
    |o_4_fu_3250_p2            |     +    |      0|  0|  15|           5|           1|
    |o_5_fu_3675_p2            |     +    |      0|  0|  15|           5|           1|
    |o_fu_3751_p2              |     +    |      0|  0|  15|           5|           1|
    |p_fu_3803_p2              |     +    |      0|  0|  15|           8|           1|
    |x_fu_3740_p2              |     +    |      0|  0|  12|           4|           1|
    |y_fu_3166_p2              |     +    |      0|  0|  12|           4|           1|
    |sub_ln37_fu_3375_p2       |     -    |      0|  0|  21|          11|          11|
    |sub_ln53_1_fu_3569_p2     |     -    |      0|  0|  21|          10|          10|
    |sub_ln53_fu_3542_p2       |     -    |      0|  0|  21|           7|           7|
    |sub_ln67_1_fu_3218_p2     |     -    |      0|  0|  16|           9|           9|
    |sub_ln67_fu_3148_p2       |     -    |      0|  0|  16|           9|           9|
    |sub_ln78_1_fu_3887_p2     |     -    |      0|  0|  21|          13|          13|
    |sub_ln78_fu_3787_p2       |     -    |      0|  0|  17|          10|          10|
    |and_ln36_fu_3345_p2       |    and   |      0|  0|   2|           1|           1|
    |icmp_ln21_fu_3154_p2      |   icmp   |      0|  0|  11|           8|           7|
    |icmp_ln23_fu_3172_p2      |   icmp   |      0|  0|   9|           4|           3|
    |icmp_ln25_fu_3244_p2      |   icmp   |      0|  0|  11|           5|           6|
    |icmp_ln32_fu_3273_p2      |   icmp   |      0|  0|   9|           4|           4|
    |icmp_ln35_fu_3415_p2      |   icmp   |      0|  0|   9|           3|           4|
    |icmp_ln36_1_fu_3339_p2    |   icmp   |      0|  0|  11|           5|           1|
    |icmp_ln36_2_fu_3425_p2    |   icmp   |      0|  0|   9|           2|           3|
    |icmp_ln36_fu_3333_p2      |   icmp   |      0|  0|  11|           5|           1|
    |icmp_ln51_fu_3516_p2      |   icmp   |      0|  0|  11|           5|           6|
    |icmp_ln62_fu_3643_p2      |   icmp   |      0|  0|   9|           4|           2|
    |icmp_ln65_fu_3669_p2      |   icmp   |      0|  0|  11|           5|           6|
    |icmp_ln72_fu_3745_p2      |   icmp   |      0|  0|  11|           5|           6|
    |icmp_ln76_1_fu_3815_p2    |   icmp   |      0|  0|  11|           8|           4|
    |icmp_ln76_fu_3797_p2      |   icmp   |      0|  0|  11|           8|           7|
    |b_3_7_fu_3459_p3          |  select  |      0|  0|  32|           1|          32|
    |b_3_8_fu_3465_p3          |  select  |      0|  0|  32|           1|          32|
    |select_ln21_1_fu_3194_p3  |  select  |      0|  0|   5|           1|           5|
    |select_ln21_2_fu_3224_p3  |  select  |      0|  0|   9|           1|           9|
    |select_ln21_3_fu_3232_p3  |  select  |      0|  0|   4|           1|           4|
    |select_ln21_fu_3178_p3    |  select  |      0|  0|   4|           1|           1|
    |select_ln36_3_fu_3400_p3  |  select  |      0|  0|  32|           1|          32|
    |select_ln36_fu_3451_p3    |  select  |      0|  0|  32|           1|          30|
    |select_ln42_1_fu_3488_p3  |  select  |      0|  0|  32|           1|          32|
    |select_ln42_2_fu_3495_p3  |  select  |      0|  0|  32|           1|          32|
    |select_ln42_3_fu_3502_p3  |  select  |      0|  0|  30|           1|          30|
    |select_ln42_4_fu_3509_p3  |  select  |      0|  0|  32|           1|          32|
    |select_ln42_fu_3481_p3    |  select  |      0|  0|  32|           1|          32|
    |select_ln62_fu_3649_p3    |  select  |      0|  0|   4|           1|           4|
    |select_ln76_fu_3821_p3    |  select  |      0|  0|   8|           1|           8|
    |ap_enable_pp1             |    xor   |      0|  0|   2|           1|           2|
    |ap_enable_pp3             |    xor   |      0|  0|   2|           1|           2|
    |ap_enable_reg_pp3_iter1   |    xor   |      0|  0|   2|           2|           1|
    |xor_ln16_fu_3440_p2       |    xor   |      0|  0|  33|          32|          33|
    +--------------------------+----------+-------+---+----+------------+------------+
    |Total                     |          |      0|  0|1057|         367|         625|
    +--------------------------+----------+-------+---+----+------------+------------+

    * Multiplexer: 
    +-------------------------------------+-----+-----------+-----+-----------+
    |                 Name                | LUT | Input Size| Bits| Total Bits|
    +-------------------------------------+-----+-----------+-----+-----------+
    |acc_0_2_reg_732                      |    9|          2|   32|         64|
    |acc_0_4_reg_1814                     |    9|          2|   32|         64|
    |acc_0_5_reg_2073                     |    9|          2|   32|         64|
    |acc_10_2_reg_622                     |    9|          2|   32|         64|
    |acc_10_4_reg_1694                    |    9|          2|   32|         64|
    |acc_10_5_reg_1953                    |    9|          2|   32|         64|
    |acc_11_2_reg_611                     |    9|          2|   32|         64|
    |acc_11_4_reg_1682                    |    9|          2|   32|         64|
    |acc_11_5_reg_1941                    |    9|          2|   32|         64|
    |acc_12_2_reg_600                     |    9|          2|   32|         64|
    |acc_12_4_reg_1670                    |    9|          2|   32|         64|
    |acc_12_5_reg_1929                    |    9|          2|   32|         64|
    |acc_13_2_reg_589                     |    9|          2|   32|         64|
    |acc_13_4_reg_1658                    |    9|          2|   32|         64|
    |acc_13_5_reg_1917                    |    9|          2|   32|         64|
    |acc_14_2_reg_578                     |    9|          2|   32|         64|
    |acc_14_4_reg_1646                    |    9|          2|   32|         64|
    |acc_14_5_reg_1905                    |    9|          2|   32|         64|
    |acc_15_2_reg_567                     |    9|          2|   32|         64|
    |acc_15_4_reg_1634                    |    9|          2|   32|         64|
    |acc_15_5_reg_1893                    |    9|          2|   32|         64|
    |acc_1_2_reg_721                      |    9|          2|   32|         64|
    |acc_1_4_reg_1802                     |    9|          2|   32|         64|
    |acc_1_5_reg_2061                     |    9|          2|   32|         64|
    |acc_2_2_reg_710                      |    9|          2|   32|         64|
    |acc_2_4_reg_1790                     |    9|          2|   32|         64|
    |acc_2_5_reg_2049                     |    9|          2|   32|         64|
    |acc_3_2_reg_699                      |    9|          2|   32|         64|
    |acc_3_4_reg_1778                     |    9|          2|   32|         64|
    |acc_3_5_reg_2037                     |    9|          2|   32|         64|
    |acc_4_2_reg_688                      |    9|          2|   32|         64|
    |acc_4_4_reg_1766                     |    9|          2|   32|         64|
    |acc_4_5_reg_2025                     |    9|          2|   32|         64|
    |acc_5_2_reg_677                      |    9|          2|   32|         64|
    |acc_5_4_reg_1754                     |    9|          2|   32|         64|
    |acc_5_5_reg_2013                     |    9|          2|   32|         64|
    |acc_6_2_reg_666                      |    9|          2|   32|         64|
    |acc_6_4_reg_1742                     |    9|          2|   32|         64|
    |acc_6_5_reg_2001                     |    9|          2|   32|         64|
    |acc_7_2_reg_655                      |    9|          2|   32|         64|
    |acc_7_4_reg_1730                     |    9|          2|   32|         64|
    |acc_7_5_reg_1989                     |    9|          2|   32|         64|
    |acc_8_2_reg_644                      |    9|          2|   32|         64|
    |acc_8_4_reg_1718                     |    9|          2|   32|         64|
    |acc_8_5_reg_1977                     |    9|          2|   32|         64|
    |acc_9_2_reg_633                      |    9|          2|   32|         64|
    |acc_9_4_reg_1706                     |    9|          2|   32|         64|
    |acc_9_5_reg_1965                     |    9|          2|   32|         64|
    |ap_NS_fsm                            |  377|         86|    1|         86|
    |ap_enable_reg_pp1_iter10             |    9|          2|    1|          2|
    |ap_enable_reg_pp1_iter11             |   15|          3|    1|          3|
    |ap_enable_reg_pp3_iter1              |   15|          3|    1|          3|
    |ap_phi_mux_acc_0_3_phi_fu_1583_p32   |   15|          3|   32|         96|
    |ap_phi_mux_acc_0_5_phi_fu_2077_p4    |    9|          2|   32|         64|
    |ap_phi_mux_acc_0_61_phi_fu_2899_p32  |   15|          3|   32|         96|
    |ap_phi_mux_acc_10_3_phi_fu_1033_p32  |   15|          3|   32|         96|
    |ap_phi_mux_acc_10_5_phi_fu_1957_p4   |    9|          2|   32|         64|
    |ap_phi_mux_acc_10_6_phi_fu_2359_p32  |   15|          3|   32|         96|
    |ap_phi_mux_acc_11_3_phi_fu_978_p32   |   15|          3|   32|         96|
    |ap_phi_mux_acc_11_5_phi_fu_1945_p4   |    9|          2|   32|         64|
    |ap_phi_mux_acc_11_6_phi_fu_2305_p32  |   15|          3|   32|         96|
    |ap_phi_mux_acc_12_3_phi_fu_923_p32   |   15|          3|   32|         96|
    |ap_phi_mux_acc_12_5_phi_fu_1933_p4   |    9|          2|   32|         64|
    |ap_phi_mux_acc_12_6_phi_fu_2251_p32  |   15|          3|   32|         96|
    |ap_phi_mux_acc_13_3_phi_fu_868_p32   |   15|          3|   32|         96|
    |ap_phi_mux_acc_13_5_phi_fu_1921_p4   |    9|          2|   32|         64|
    |ap_phi_mux_acc_13_6_phi_fu_2197_p32  |   15|          3|   32|         96|
    |ap_phi_mux_acc_14_3_phi_fu_813_p32   |   15|          3|   32|         96|
    |ap_phi_mux_acc_14_5_phi_fu_1909_p4   |    9|          2|   32|         64|
    |ap_phi_mux_acc_14_6_phi_fu_2143_p32  |   15|          3|   32|         96|
    |ap_phi_mux_acc_15_3_phi_fu_758_p32   |   15|          3|   32|         96|
    |ap_phi_mux_acc_15_5_phi_fu_1897_p4   |    9|          2|   32|         64|
    |ap_phi_mux_acc_15_6_phi_fu_2089_p32  |   15|          3|   32|         96|
    |ap_phi_mux_acc_1_3_phi_fu_1528_p32   |   15|          3|   32|         96|
    |ap_phi_mux_acc_1_5_phi_fu_2065_p4    |    9|          2|   32|         64|
    |ap_phi_mux_acc_1_6_phi_fu_2845_p32   |   15|          3|   32|         96|
    |ap_phi_mux_acc_2_3_phi_fu_1473_p32   |   15|          3|   32|         96|
    |ap_phi_mux_acc_2_5_phi_fu_2053_p4    |    9|          2|   32|         64|
    |ap_phi_mux_acc_2_6_phi_fu_2791_p32   |   15|          3|   32|         96|
    |ap_phi_mux_acc_3_3_phi_fu_1418_p32   |   15|          3|   32|         96|
    |ap_phi_mux_acc_3_5_phi_fu_2041_p4    |    9|          2|   32|         64|
    |ap_phi_mux_acc_3_6_phi_fu_2737_p32   |   15|          3|   32|         96|
    |ap_phi_mux_acc_4_3_phi_fu_1363_p32   |   15|          3|   32|         96|
    |ap_phi_mux_acc_4_5_phi_fu_2029_p4    |    9|          2|   32|         64|
    |ap_phi_mux_acc_4_6_phi_fu_2683_p32   |   15|          3|   32|         96|
    |ap_phi_mux_acc_5_3_phi_fu_1308_p32   |   15|          3|   32|         96|
    |ap_phi_mux_acc_5_5_phi_fu_2017_p4    |    9|          2|   32|         64|
    |ap_phi_mux_acc_5_6_phi_fu_2629_p32   |   15|          3|   32|         96|
    |ap_phi_mux_acc_6_3_phi_fu_1253_p32   |   15|          3|   32|         96|
    |ap_phi_mux_acc_6_5_phi_fu_2005_p4    |    9|          2|   32|         64|
    |ap_phi_mux_acc_6_6_phi_fu_2575_p32   |   15|          3|   32|         96|
    |ap_phi_mux_acc_7_3_phi_fu_1198_p32   |   15|          3|   32|         96|
    |ap_phi_mux_acc_7_5_phi_fu_1993_p4    |    9|          2|   32|         64|
    |ap_phi_mux_acc_7_6_phi_fu_2521_p32   |   15|          3|   32|         96|
    |ap_phi_mux_acc_8_3_phi_fu_1143_p32   |   15|          3|   32|         96|
    |ap_phi_mux_acc_8_5_phi_fu_1981_p4    |    9|          2|   32|         64|
    |ap_phi_mux_acc_8_6_phi_fu_2467_p32   |   15|          3|   32|         96|
    |ap_phi_mux_acc_9_3_phi_fu_1088_p32   |   15|          3|   32|         96|
    |ap_phi_mux_acc_9_5_phi_fu_1969_p4    |    9|          2|   32|         64|
    |ap_phi_mux_acc_9_6_phi_fu_2413_p32   |   15|          3|   32|         96|
    |ap_phi_mux_o1_0_0_phi_fu_1885_p4     |    9|          2|    5|         10|
    |b_2_1_fu_184                         |    9|          2|   32|         64|
    |b_3_1_fu_188                         |    9|          2|   32|         64|
    |d_0_i_0_reg_1870                     |    9|          2|    3|          6|
    |empty_61_reg_1860                    |    9|          2|   32|         64|
    |grp_fu_3028_opcode                   |   15|          3|    2|          6|
    |grp_fu_3028_p0                       |   38|          7|   32|        224|
    |grp_fu_3028_p1                       |   38|          7|   32|        224|
    |grp_fu_3035_p0                       |   15|          3|   32|         96|
    |grp_fu_3035_p1                       |   15|          3|   32|         96|
    |grp_fu_3059_p0                       |   33|          6|   32|        192|
    |grp_fu_3059_p1                       |   38|          7|   32|        224|
    |grp_fu_3067_p0                       |   15|          3|   32|         96|
    |grp_fu_3067_p1                       |   15|          3|   32|         96|
    |grp_fu_3072_p0                       |   15|          3|   32|         96|
    |grp_fu_3072_p1                       |   15|          3|   32|         96|
    |grp_fu_3077_p1                       |   15|          3|   32|         96|
    |indvar_flatten_reg_342               |    9|          2|    8|         16|
    |o1_0_0_reg_1881                      |    9|          2|    5|         10|
    |o3_0_reg_2949                        |    9|          2|    5|         10|
    |o4_0_reg_2971                        |    9|          2|    5|         10|
    |o_0_reg_743                          |    9|          2|    5|         10|
    |p_0_reg_2983                         |    9|          2|    8|         16|
    |phi_mul14_reg_2994                   |    9|          2|   16|         32|
    |phi_mul8_reg_2960                    |    9|          2|   12|         24|
    |phi_mul_reg_1837                     |    9|          2|    8|         16|
    |phi_urem16_reg_3005                  |    9|          2|    8|         16|
    |phi_urem_reg_1848                    |    9|          2|    4|          8|
    |t_0_0_reg_1826                       |    9|          2|    4|          8|
    |v_map_address0                       |   15|          3|   12|         36|
    |v_map_ce0                            |   15|          3|    1|          3|
    |x_0_reg_556                          |    9|          2|    4|          8|
    |y_0_reg_353                          |    9|          2|    4|          8|
    |yb_address0                          |   15|          3|    8|         24|
    |yb_ce0                               |   15|          3|    1|          3|
    |yb_we0                               |    9|          2|    1|          2|
    +-------------------------------------+-----+-----------+-----+-----------+
    |Total                                | 1979|        421| 3653|       9272|
    +-------------------------------------+-----+-----------+-----+-----------+

    * Register: 
    +-------------------------------------------+----+----+-----+-----------+
    |                    Name                   | FF | LUT| Bits| Const Bits|
    +-------------------------------------------+----+----+-----+-----------+
    |acc_0_1_reg_544                            |  32|   0|   32|          0|
    |acc_0_2_reg_732                            |  32|   0|   32|          0|
    |acc_0_4_reg_1814                           |  32|   0|   32|          0|
    |acc_0_5_reg_2073                           |  32|   0|   32|          0|
    |acc_10_1_reg_424                           |  32|   0|   32|          0|
    |acc_10_2_reg_622                           |  32|   0|   32|          0|
    |acc_10_4_reg_1694                          |  32|   0|   32|          0|
    |acc_10_5_reg_1953                          |  32|   0|   32|          0|
    |acc_11_1_reg_412                           |  32|   0|   32|          0|
    |acc_11_2_reg_611                           |  32|   0|   32|          0|
    |acc_11_4_reg_1682                          |  32|   0|   32|          0|
    |acc_11_5_reg_1941                          |  32|   0|   32|          0|
    |acc_12_1_reg_400                           |  32|   0|   32|          0|
    |acc_12_2_reg_600                           |  32|   0|   32|          0|
    |acc_12_4_reg_1670                          |  32|   0|   32|          0|
    |acc_12_5_reg_1929                          |  32|   0|   32|          0|
    |acc_13_1_reg_388                           |  32|   0|   32|          0|
    |acc_13_2_reg_589                           |  32|   0|   32|          0|
    |acc_13_4_reg_1658                          |  32|   0|   32|          0|
    |acc_13_5_reg_1917                          |  32|   0|   32|          0|
    |acc_14_1_reg_376                           |  32|   0|   32|          0|
    |acc_14_2_reg_578                           |  32|   0|   32|          0|
    |acc_14_4_reg_1646                          |  32|   0|   32|          0|
    |acc_14_5_reg_1905                          |  32|   0|   32|          0|
    |acc_15_1_reg_364                           |  32|   0|   32|          0|
    |acc_15_2_reg_567                           |  32|   0|   32|          0|
    |acc_15_4_reg_1634                          |  32|   0|   32|          0|
    |acc_15_5_reg_1893                          |  32|   0|   32|          0|
    |acc_1_1_reg_532                            |  32|   0|   32|          0|
    |acc_1_2_reg_721                            |  32|   0|   32|          0|
    |acc_1_4_reg_1802                           |  32|   0|   32|          0|
    |acc_1_5_reg_2061                           |  32|   0|   32|          0|
    |acc_2_1_reg_520                            |  32|   0|   32|          0|
    |acc_2_2_reg_710                            |  32|   0|   32|          0|
    |acc_2_4_reg_1790                           |  32|   0|   32|          0|
    |acc_2_5_reg_2049                           |  32|   0|   32|          0|
    |acc_3_1_reg_508                            |  32|   0|   32|          0|
    |acc_3_2_reg_699                            |  32|   0|   32|          0|
    |acc_3_4_reg_1778                           |  32|   0|   32|          0|
    |acc_3_5_reg_2037                           |  32|   0|   32|          0|
    |acc_4_1_reg_496                            |  32|   0|   32|          0|
    |acc_4_2_reg_688                            |  32|   0|   32|          0|
    |acc_4_4_reg_1766                           |  32|   0|   32|          0|
    |acc_4_5_reg_2025                           |  32|   0|   32|          0|
    |acc_5_1_reg_484                            |  32|   0|   32|          0|
    |acc_5_2_reg_677                            |  32|   0|   32|          0|
    |acc_5_4_reg_1754                           |  32|   0|   32|          0|
    |acc_5_5_reg_2013                           |  32|   0|   32|          0|
    |acc_6_1_reg_472                            |  32|   0|   32|          0|
    |acc_6_2_reg_666                            |  32|   0|   32|          0|
    |acc_6_4_reg_1742                           |  32|   0|   32|          0|
    |acc_6_5_reg_2001                           |  32|   0|   32|          0|
    |acc_7_1_reg_460                            |  32|   0|   32|          0|
    |acc_7_2_reg_655                            |  32|   0|   32|          0|
    |acc_7_4_reg_1730                           |  32|   0|   32|          0|
    |acc_7_5_reg_1989                           |  32|   0|   32|          0|
    |acc_8_1_reg_448                            |  32|   0|   32|          0|
    |acc_8_2_reg_644                            |  32|   0|   32|          0|
    |acc_8_4_reg_1718                           |  32|   0|   32|          0|
    |acc_8_5_reg_1977                           |  32|   0|   32|          0|
    |acc_9_1_reg_436                            |  32|   0|   32|          0|
    |acc_9_2_reg_633                            |  32|   0|   32|          0|
    |acc_9_4_reg_1706                           |  32|   0|   32|          0|
    |acc_9_5_reg_1965                           |  32|   0|   32|          0|
    |add_ln21_reg_3921                          |   8|   0|    8|          0|
    |add_ln32_1_reg_3968                        |   8|   0|    8|          0|
    |add_ln32_reg_3977                          |   4|   0|    4|          0|
    |add_ln35_2_reg_4034                        |   3|   0|    3|          0|
    |add_ln51_reg_4142                          |   5|   0|    5|          0|
    |add_ln78_1_reg_4262                        |  13|   0|   13|          0|
    |and_ln36_reg_3987                          |   1|   0|    1|          0|
    |ap_CS_fsm                                  |  85|   0|   85|          0|
    |ap_enable_reg_pp1_iter0                    |   1|   0|    1|          0|
    |ap_enable_reg_pp1_iter1                    |   1|   0|    1|          0|
    |ap_enable_reg_pp1_iter10                   |   1|   0|    1|          0|
    |ap_enable_reg_pp1_iter11                   |   1|   0|    1|          0|
    |ap_enable_reg_pp1_iter2                    |   1|   0|    1|          0|
    |ap_enable_reg_pp1_iter3                    |   1|   0|    1|          0|
    |ap_enable_reg_pp1_iter4                    |   1|   0|    1|          0|
    |ap_enable_reg_pp1_iter5                    |   1|   0|    1|          0|
    |ap_enable_reg_pp1_iter6                    |   1|   0|    1|          0|
    |ap_enable_reg_pp1_iter7                    |   1|   0|    1|          0|
    |ap_enable_reg_pp1_iter8                    |   1|   0|    1|          0|
    |ap_enable_reg_pp1_iter9                    |   1|   0|    1|          0|
    |ap_enable_reg_pp3_iter0                    |   1|   0|    1|          0|
    |ap_enable_reg_pp3_iter1                    |   1|   0|    1|          0|
    |b_2_1_fu_184                               |  32|   0|   32|          0|
    |b_2_reg_4049                               |  32|   0|   32|          0|
    |b_3_1_fu_188                               |  32|   0|   32|          0|
    |c1_beta_load_reg_4228                      |  32|   0|   32|          0|
    |c1_gamma_load_reg_4223                     |  32|   0|   32|          0|
    |c1_weight_2_load_reg_4127                  |  32|   0|   32|          0|
    |c1_weight_3_load_reg_4132                  |  32|   0|   32|          0|
    |c1_weight_4_load_reg_4137                  |  32|   0|   32|          0|
    |d_0_i_0_reg_1870                           |   3|   0|    3|          0|
    |empty_61_reg_1860                          |  32|   0|   32|          0|
    |grp_gram_in_silu_f32_fu_3016_ap_start_reg  |   1|   0|    1|          0|
    |icmp_ln36_2_reg_4027                       |   1|   0|    1|          0|
    |icmp_ln51_reg_4083                         |   1|   0|    1|          0|
    |icmp_ln76_reg_4238                         |   1|   0|    1|          0|
    |indvar_flatten_reg_342                     |   8|   0|    8|          0|
    |o1_0_0_reg_1881                            |   5|   0|    5|          0|
    |o3_0_reg_2949                              |   5|   0|    5|          0|
    |o4_0_reg_2971                              |   5|   0|    5|          0|
    |o_0_reg_743                                |   5|   0|    5|          0|
    |o_reg_4208                                 |   5|   0|    5|          0|
    |p_0_reg_2983                               |   8|   0|    8|          0|
    |phi_mul14_reg_2994                         |  16|   0|   16|          0|
    |phi_mul8_reg_2960                          |  12|   0|   12|          0|
    |phi_mul_reg_1837                           |   8|   0|    8|          0|
    |phi_urem16_reg_3005                        |   8|   0|    8|          0|
    |phi_urem_reg_1848                          |   4|   0|    4|          0|
    |reg_3088                                   |  32|   0|   32|          0|
    |reg_3094                                   |  32|   0|   32|          0|
    |reg_3099                                   |  32|   0|   32|          0|
    |reg_3107                                   |  32|   0|   32|          0|
    |reg_3112                                   |  32|   0|   32|          0|
    |reg_3118                                   |  32|   0|   32|          0|
    |select_ln21_1_reg_3932                     |   4|   0|    5|          1|
    |select_ln21_2_reg_3937                     |   8|   0|    9|          1|
    |select_ln21_3_reg_3942                     |   4|   0|    4|          0|
    |select_ln21_reg_3926                       |   4|   0|    4|          0|
    |select_ln36_3_reg_4007                     |  32|   0|   32|          0|
    |select_ln42_1_reg_4062                     |  32|   0|   32|          0|
    |select_ln42_2_reg_4068                     |  32|   0|   32|          0|
    |select_ln42_3_reg_4073                     |   7|   0|   32|         25|
    |select_ln42_4_reg_4078                     |  32|   0|   32|          0|
    |select_ln42_reg_4056                       |  32|   0|   32|          0|
    |sext_ln65_reg_4002                         |  13|   0|   13|          0|
    |sext_ln78_reg_4233                         |  10|   0|   11|          1|
    |shl_ln2_reg_3963                           |   4|   0|    5|          1|
    |ss_017_2_reg_4162                          |  32|   0|   32|          0|
    |ss_017_3_reg_4167                          |  32|   0|   32|          0|
    |t_0_0_reg_1826                             |   4|   0|    4|          0|
    |tmp_3_reg_3982                             |   2|   0|    2|          0|
    |tmp_52_reg_4157                            |  32|   0|   32|          0|
    |tmp_53_reg_4172                            |  32|   0|   32|          0|
    |tmp_63_0_1_reg_4147                        |  32|   0|   32|          0|
    |tmp_63_0_3_reg_4152                        |  32|   0|   32|          0|
    |trunc_ln53_reg_4087                        |   4|   0|    4|          0|
    |x_0_reg_556                                |   4|   0|    4|          0|
    |y_0_reg_353                                |   4|   0|    4|          0|
    |zext_ln23_reg_3947                         |   4|   0|    9|          5|
    |zext_ln33_2_reg_4019                       |   4|   0|   10|          6|
    |zext_ln33_reg_4014                         |   2|   0|    7|          5|
    |icmp_ln51_reg_4083                         |  64|  32|    1|          0|
    |reg_3112                                   |  64|  32|   32|          0|
    |tmp_52_reg_4157                            |  64|  32|   32|          0|
    |tmp_63_0_1_reg_4147                        |  64|  32|   32|          0|
    |tmp_63_0_3_reg_4152                        |  64|  32|   32|          0|
    |trunc_ln53_reg_4087                        |  64|  32|    4|          0|
    +-------------------------------------------+----+----+-----+-----------+
    |Total                                      |3583| 192| 3377|         45|
    +-------------------------------------------+----+----+-----+-----------+



================================================================
== Interface
================================================================
* Summary: 
+----------------+-----+-----+------------+--------------+--------------+
|    RTL Ports   | Dir | Bits|  Protocol  | Source Object|    C Type    |
+----------------+-----+-----+------------+--------------+--------------+
|ap_clk          |  in |    1| ap_ctrl_hs | conv_stage.1 | return value |
|ap_rst          |  in |    1| ap_ctrl_hs | conv_stage.1 | return value |
|ap_start        |  in |    1| ap_ctrl_hs | conv_stage.1 | return value |
|ap_done         | out |    1| ap_ctrl_hs | conv_stage.1 | return value |
|ap_idle         | out |    1| ap_ctrl_hs | conv_stage.1 | return value |
|ap_ready        | out |    1| ap_ctrl_hs | conv_stage.1 | return value |
|fin_0_address0  | out |   10|  ap_memory |     fin_0    |     array    |
|fin_0_ce0       | out |    1|  ap_memory |     fin_0    |     array    |
|fin_0_q0        |  in |   32|  ap_memory |     fin_0    |     array    |
|fout_address0   | out |   12|  ap_memory |     fout     |     array    |
|fout_ce0        | out |    1|  ap_memory |     fout     |     array    |
|fout_we0        | out |    1|  ap_memory |     fout     |     array    |
|fout_d0         | out |   32|  ap_memory |     fout     |     array    |
+----------------+-----+-----+------------+--------------+--------------+

