

================================================================
== Vivado HLS Report for 'gram_in_silu_f32_49_s'
================================================================
* Date:           Sat Jul 11 14:58:08 2026

* Version:        2019.1 (Build 2552052 on Fri May 24 15:28:33 MDT 2019)
* Project:        kagnconv_fp32_alt
* Solution:       sol1
* Product family: zynquplus
* Target device:  xczu7ev-ffvc1156-2-e


================================================================
== Performance Estimates
================================================================
+ Timing (ns): 
    * Summary: 
    +--------+-------+----------+------------+
    |  Clock | Target| Estimated| Uncertainty|
    +--------+-------+----------+------------+
    |ap_clk  |   6.67|     5.694|        0.83|
    +--------+-------+----------+------------+

+ Latency (clock cycles): 
    * Summary: 
    +-----+-----+-----+-----+---------+
    |  Latency  |  Interval | Pipeline|
    | min | max | min | max |   Type  |
    +-----+-----+-----+-----+---------+
    |  543|  543|  543|  543|   none  |
    +-----+-----+-----+-----+---------+

    + Detail: 
        * Instance: 
        N/A

        * Loop: 
        +-----------+-----+-----+----------+-----------+-----------+------+----------+
        |           |  Latency  | Iteration|  Initiation Interval  | Trip |          |
        | Loop Name | min | max |  Latency |  achieved |   target  | Count| Pipelined|
        +-----------+-----+-----+----------+-----------+-----------+------+----------+
        |- INF_SUM  |  197|  197|         6|          4|          1|    49|    yes   |
        |- INF_VAR  |  206|  206|        15|          4|          1|    49|    yes   |
        |- INF_OUT  |   91|   91|        44|          1|          1|    49|    yes   |
        +-----------+-----+-----+----------+-----------+-----------+------+----------+



================================================================
== Utilization Estimates
================================================================
* Summary: 
+-----------------+---------+-------+--------+--------+-----+
|       Name      | BRAM_18K| DSP48E|   FF   |   LUT  | URAM|
+-----------------+---------+-------+--------+--------+-----+
|DSP              |        -|      -|       -|       -|    -|
|Expression       |        -|      0|       0|     196|    -|
|FIFO             |        -|      -|       -|       -|    -|
|Instance         |        -|     19|    2199|    3551|    -|
|Memory           |        -|      -|       -|       -|    -|
|Multiplexer      |        -|      -|       -|     512|    -|
|Register         |        0|      -|     829|     192|    -|
+-----------------+---------+-------+--------+--------+-----+
|Total            |        0|     19|    3028|    4451|    0|
+-----------------+---------+-------+--------+--------+-----+
|Available        |      624|   1728|  460800|  230400|   96|
+-----------------+---------+-------+--------+--------+-----+
|Utilization (%)  |        0|      1|   ~0   |       1|    0|
+-----------------+---------+-------+--------+--------+-----+

+ Detail: 
    * Instance: 
    +--------------------------+----------------------+---------+-------+-----+-----+-----+
    |         Instance         |        Module        | BRAM_18K| DSP48E|  FF | LUT | URAM|
    +--------------------------+----------------------+---------+-------+-----+-----+-----+
    |kan_top_fadd_32nsbkb_U43  |kan_top_fadd_32nsbkb  |        0|      0|  168|  434|    0|
    |kan_top_fadd_32nsdEe_U45  |kan_top_fadd_32nsdEe  |        0|      2|  205|  208|    0|
    |kan_top_fadd_32nsdEe_U46  |kan_top_fadd_32nsdEe  |        0|      2|  205|  208|    0|
    |kan_top_faddfsub_cud_U44  |kan_top_faddfsub_cud  |        0|      2|  205|  208|    0|
    |kan_top_fdiv_32nsfYi_U49  |kan_top_fdiv_32nsfYi  |        0|      0|  459|  799|    0|
    |kan_top_fexp_32nshbi_U51  |kan_top_fexp_32nshbi  |        0|      7|  324|  905|    0|
    |kan_top_fmul_32nseOg_U47  |kan_top_fmul_32nseOg  |        0|      3|  143|  139|    0|
    |kan_top_fmul_32nseOg_U48  |kan_top_fmul_32nseOg  |        0|      3|  143|  139|    0|
    |kan_top_fsqrt_32ng8j_U50  |kan_top_fsqrt_32ng8j  |        0|      0|  347|  511|    0|
    +--------------------------+----------------------+---------+-------+-----+-----+-----+
    |Total                     |                      |        0|     19| 2199| 3551|    0|
    +--------------------------+----------------------+---------+-------+-----+-----+-----+

    * DSP48E: 
    N/A

    * Memory: 
    N/A

    * FIFO: 
    N/A

    * Expression: 
    +-------------------------+----------+-------+---+----+------------+------------+
    |      Variable Name      | Operation| DSP48E| FF| LUT| Bitwidth P0| Bitwidth P1|
    +-------------------------+----------+-------+---+----+------------+------------+
    |mul_ln76_fu_261_p2       |     *    |      0|  0|  23|           6|           6|
    |add_ln76_fu_283_p2       |     +    |      0|  0|  18|          11|          11|
    |add_ln83_fu_309_p2       |     +    |      0|  0|  18|          11|          11|
    |add_ln90_fu_335_p2       |     +    |      0|  0|  18|          11|          11|
    |p_1_fu_299_p2            |     +    |      0|  0|  15|           6|           1|
    |p_2_fu_325_p2            |     +    |      0|  0|  15|           6|           1|
    |p_fu_273_p2              |     +    |      0|  0|  15|           6|           1|
    |icmp_ln74_fu_267_p2      |   icmp   |      0|  0|  11|           6|           5|
    |icmp_ln81_fu_293_p2      |   icmp   |      0|  0|  11|           6|           5|
    |icmp_ln88_fu_319_p2      |   icmp   |      0|  0|  11|           6|           5|
    |ap_enable_pp0            |    xor   |      0|  0|   2|           1|           2|
    |ap_enable_pp1            |    xor   |      0|  0|   2|           1|           2|
    |ap_enable_pp2            |    xor   |      0|  0|   2|           1|           2|
    |ap_enable_reg_pp2_iter1  |    xor   |      0|  0|   2|           2|           1|
    |xor_ln16_fu_348_p2       |    xor   |      0|  0|  33|          32|          33|
    +-------------------------+----------+-------+---+----+------------+------------+
    |Total                    |          |      0|  0| 196|         112|          97|
    +-------------------------+----------+-------+---+----+------------+------------+

    * Multiplexer: 
    +-------------------------------+-----+-----------+-----+-----------+
    |              Name             | LUT | Input Size| Bits| Total Bits|
    +-------------------------------+-----+-----------+-----+-----------+
    |ap_NS_fsm                      |  245|         57|    1|         57|
    |ap_enable_reg_pp0_iter1        |    9|          2|    1|          2|
    |ap_enable_reg_pp1_iter3        |    9|          2|    1|          2|
    |ap_enable_reg_pp2_iter1        |    9|          2|    1|          2|
    |ap_enable_reg_pp2_iter43       |    9|          2|    1|          2|
    |ap_phi_mux_p1_0_phi_fu_161_p4  |    9|          2|    6|         12|
    |ap_phi_mux_p2_0_phi_fu_172_p4  |    9|          2|    6|         12|
    |ap_phi_mux_p_0_phi_fu_138_p4   |    9|          2|    6|         12|
    |grp_fu_180_p0                  |   15|          3|   32|         96|
    |grp_fu_180_p1                  |   15|          3|   32|         96|
    |grp_fu_185_opcode              |   15|          3|    2|          6|
    |grp_fu_185_p0                  |   15|          3|   32|         96|
    |grp_fu_185_p1                  |   15|          3|   32|         96|
    |grp_fu_200_p1                  |   15|          3|   32|         96|
    |grp_fu_208_p0                  |   27|          5|   32|        160|
    |grp_fu_208_p1                  |   21|          4|   32|        128|
    |p1_0_reg_157                   |    9|          2|    6|         12|
    |p2_0_reg_168                   |    9|          2|    6|         12|
    |p_0_reg_134                    |    9|          2|    6|         12|
    |pre_address0                   |   21|          4|   11|         44|
    |q_0_reg_145                    |    9|          2|   32|         64|
    |s_0_reg_122                    |    9|          2|   32|         64|
    +-------------------------------+-----+-----------+-----+-----------+
    |Total                          |  512|        112|  342|       1083|
    +-------------------------------+-----+-----------+-----+-----------+

    * Register: 
    +---------------------------------+----+----+-----+-----------+
    |               Name              | FF | LUT| Bits| Const Bits|
    +---------------------------------+----+----+-----+-----------+
    |ap_CS_fsm                        |  56|   0|   56|          0|
    |ap_enable_reg_pp0_iter0          |   1|   0|    1|          0|
    |ap_enable_reg_pp0_iter1          |   1|   0|    1|          0|
    |ap_enable_reg_pp1_iter0          |   1|   0|    1|          0|
    |ap_enable_reg_pp1_iter1          |   1|   0|    1|          0|
    |ap_enable_reg_pp1_iter2          |   1|   0|    1|          0|
    |ap_enable_reg_pp1_iter3          |   1|   0|    1|          0|
    |ap_enable_reg_pp2_iter0          |   1|   0|    1|          0|
    |ap_enable_reg_pp2_iter1          |   1|   0|    1|          0|
    |ap_enable_reg_pp2_iter10         |   1|   0|    1|          0|
    |ap_enable_reg_pp2_iter11         |   1|   0|    1|          0|
    |ap_enable_reg_pp2_iter12         |   1|   0|    1|          0|
    |ap_enable_reg_pp2_iter13         |   1|   0|    1|          0|
    |ap_enable_reg_pp2_iter14         |   1|   0|    1|          0|
    |ap_enable_reg_pp2_iter15         |   1|   0|    1|          0|
    |ap_enable_reg_pp2_iter16         |   1|   0|    1|          0|
    |ap_enable_reg_pp2_iter17         |   1|   0|    1|          0|
    |ap_enable_reg_pp2_iter18         |   1|   0|    1|          0|
    |ap_enable_reg_pp2_iter19         |   1|   0|    1|          0|
    |ap_enable_reg_pp2_iter2          |   1|   0|    1|          0|
    |ap_enable_reg_pp2_iter20         |   1|   0|    1|          0|
    |ap_enable_reg_pp2_iter21         |   1|   0|    1|          0|
    |ap_enable_reg_pp2_iter22         |   1|   0|    1|          0|
    |ap_enable_reg_pp2_iter23         |   1|   0|    1|          0|
    |ap_enable_reg_pp2_iter24         |   1|   0|    1|          0|
    |ap_enable_reg_pp2_iter25         |   1|   0|    1|          0|
    |ap_enable_reg_pp2_iter26         |   1|   0|    1|          0|
    |ap_enable_reg_pp2_iter27         |   1|   0|    1|          0|
    |ap_enable_reg_pp2_iter28         |   1|   0|    1|          0|
    |ap_enable_reg_pp2_iter29         |   1|   0|    1|          0|
    |ap_enable_reg_pp2_iter3          |   1|   0|    1|          0|
    |ap_enable_reg_pp2_iter30         |   1|   0|    1|          0|
    |ap_enable_reg_pp2_iter31         |   1|   0|    1|          0|
    |ap_enable_reg_pp2_iter32         |   1|   0|    1|          0|
    |ap_enable_reg_pp2_iter33         |   1|   0|    1|          0|
    |ap_enable_reg_pp2_iter34         |   1|   0|    1|          0|
    |ap_enable_reg_pp2_iter35         |   1|   0|    1|          0|
    |ap_enable_reg_pp2_iter36         |   1|   0|    1|          0|
    |ap_enable_reg_pp2_iter37         |   1|   0|    1|          0|
    |ap_enable_reg_pp2_iter38         |   1|   0|    1|          0|
    |ap_enable_reg_pp2_iter39         |   1|   0|    1|          0|
    |ap_enable_reg_pp2_iter4          |   1|   0|    1|          0|
    |ap_enable_reg_pp2_iter40         |   1|   0|    1|          0|
    |ap_enable_reg_pp2_iter41         |   1|   0|    1|          0|
    |ap_enable_reg_pp2_iter42         |   1|   0|    1|          0|
    |ap_enable_reg_pp2_iter43         |   1|   0|    1|          0|
    |ap_enable_reg_pp2_iter5          |   1|   0|    1|          0|
    |ap_enable_reg_pp2_iter6          |   1|   0|    1|          0|
    |ap_enable_reg_pp2_iter7          |   1|   0|    1|          0|
    |ap_enable_reg_pp2_iter8          |   1|   0|    1|          0|
    |ap_enable_reg_pp2_iter9          |   1|   0|    1|          0|
    |icmp_ln74_reg_381                |   1|   0|    1|          0|
    |icmp_ln74_reg_381_pp0_iter1_reg  |   1|   0|    1|          0|
    |icmp_ln81_reg_400                |   1|   0|    1|          0|
    |icmp_ln88_reg_419                |   1|   0|    1|          0|
    |mu_reg_395                       |  32|   0|   32|          0|
    |mul_ln76_reg_374                 |  11|   0|   11|          0|
    |p1_0_reg_157                     |   6|   0|    6|          0|
    |p2_0_reg_168                     |   6|   0|    6|          0|
    |p_0_reg_134                      |   6|   0|    6|          0|
    |p_1_reg_404                      |   6|   0|    6|          0|
    |p_2_reg_423                      |   6|   0|    6|          0|
    |p_reg_385                        |   6|   0|    6|          0|
    |q_0_reg_145                      |  32|   0|   32|          0|
    |reg_226                          |  32|   0|   32|          0|
    |reg_238                          |  32|   0|   32|          0|
    |reg_245                          |  32|   0|   32|          0|
    |reg_251                          |  32|   0|   32|          0|
    |s_0_reg_122                      |  32|   0|   32|          0|
    |tmp_19_reg_414                   |  32|   0|   32|          0|
    |tmp_23_reg_433                   |  32|   0|   32|          0|
    |tmp_24_reg_449                   |  32|   0|   32|          0|
    |tmp_25_reg_454                   |  32|   0|   32|          0|
    |tmp_26_reg_459                   |  32|   0|   32|          0|
    |y_reg_438                        |  32|   0|   32|          0|
    |icmp_ln81_reg_400                |  64|  32|    1|          0|
    |icmp_ln88_reg_419                |  64|  64|    1|          0|
    |p2_0_reg_168                     |  64|  64|    6|          0|
    |y_reg_438                        |  64|  32|   32|          0|
    +---------------------------------+----+----+-----+-----------+
    |Total                            | 829| 192|  613|          0|
    +---------------------------------+----+----+-----+-----------+



================================================================
== Interface
================================================================
* Summary: 
+----------------+-----+-----+------------+----------------------+--------------+
|    RTL Ports   | Dir | Bits|  Protocol  |     Source Object    |    C Type    |
+----------------+-----+-----+------------+----------------------+--------------+
|ap_clk          |  in |    1| ap_ctrl_hs | gram_in_silu_f32<49> | return value |
|ap_rst          |  in |    1| ap_ctrl_hs | gram_in_silu_f32<49> | return value |
|ap_start        |  in |    1| ap_ctrl_hs | gram_in_silu_f32<49> | return value |
|ap_done         | out |    1| ap_ctrl_hs | gram_in_silu_f32<49> | return value |
|ap_idle         | out |    1| ap_ctrl_hs | gram_in_silu_f32<49> | return value |
|ap_ready        | out |    1| ap_ctrl_hs | gram_in_silu_f32<49> | return value |
|pre_address0    | out |   11|  ap_memory |          pre         |     array    |
|pre_ce0         | out |    1|  ap_memory |          pre         |     array    |
|pre_q0          |  in |   32|  ap_memory |          pre         |     array    |
|pre_offset      |  in |    6|   ap_none  |      pre_offset      |    scalar    |
|gamma           |  in |   32|   ap_none  |         gamma        |    scalar    |
|beta            |  in |   32|   ap_none  |         beta         |    scalar    |
|out_r_address0  | out |    6|  ap_memory |         out_r        |     array    |
|out_r_ce0       | out |    1|  ap_memory |         out_r        |     array    |
|out_r_we0       | out |    1|  ap_memory |         out_r        |     array    |
|out_r_d0        | out |   32|  ap_memory |         out_r        |     array    |
+----------------+-----+-----+------------+----------------------+--------------+

