

================================================================
== Vivado HLS Report for 'head_stage'
================================================================
* Date:           Sat Jul 11 14:58:11 2026

* Version:        2019.1 (Build 2552052 on Fri May 24 15:28:33 MDT 2019)
* Project:        kagnconv_fp32_alt
* Solution:       sol1
* Product family: zynquplus
* Target device:  xczu7ev-ffvc1156-2-e


================================================================
== Performance Estimates
================================================================
+ Timing (ns): 
    * Summary: 
    +--------+-------+----------+------------+
    |  Clock | Target| Estimated| Uncertainty|
    +--------+-------+----------+------------+
    |ap_clk  |   6.67|     5.779|        0.83|
    +--------+-------+----------+------------+

+ Latency (clock cycles): 
    * Summary: 
    +------+------+------+------+---------+
    |   Latency   |   Interval  | Pipeline|
    |  min |  max |  min |  max |   Type  |
    +------+------+------+------+---------+
    |  4873|  4873|  4873|  4873|   none  |
    +------+------+------+------+---------+

    + Detail: 
        * Instance: 
        +----------------------------------+-----------------------+-----+-----+-----+-----+---------+
        |                                  |                       |  Latency  |  Interval | Pipeline|
        |             Instance             |         Module        | min | max | min | max |   Type  |
        +----------------------------------+-----------------------+-----+-----+-----+-----+---------+
        |grp_gram_ln_silu_f32_10_s_fu_410  |gram_ln_silu_f32_10_s  |  187|  187|  187|  187|   none  |
        +----------------------------------+-----------------------+-----+-----+-----+-----+---------+

        * Loop: 
        +-------------+------+------+----------+-----------+-----------+------+----------+
        |             |   Latency   | Iteration|  Initiation Interval  | Trip |          |
        |  Loop Name  |  min |  max |  Latency |  achieved |   target  | Count| Pipelined|
        +-------------+------+------+----------+-----------+-----------+------+----------+
        |- HINIT      |    10|    10|         1|          1|          1|    10|    yes   |
        |- HIN        |  4672|  4672|       146|          -|          -|    32|    no    |
        | + GRAM_REC  |    18|    18|         9|          -|          -|     2|    no    |
        | + HOUT      |    66|    66|        31|          4|          1|    10|    yes   |
        +-------------+------+------+----------+-----------+-----------+------+----------+



================================================================
== Utilization Estimates
================================================================
* Summary: 
+-----------------+---------+-------+--------+--------+-----+
|       Name      | BRAM_18K| DSP48E|   FF   |   LUT  | URAM|
+-----------------+---------+-------+--------+--------+-----+
|DSP              |        -|      -|       -|       -|    -|
|Expression       |        -|      -|       0|    3783|    -|
|FIFO             |        -|      -|       -|       -|    -|
|Instance         |        0|     33|    4635|    7247|    -|
|Memory           |        5|      -|       0|       0|    -|
|Multiplexer      |        -|      -|       -|     809|    -|
|Register         |        0|      -|    2300|     128|    -|
+-----------------+---------+-------+--------+--------+-----+
|Total            |        5|     33|    6935|   11967|    0|
+-----------------+---------+-------+--------+--------+-----+
|Available        |      624|   1728|  460800|  230400|   96|
+-----------------+---------+-------+--------+--------+-----+
|Utilization (%)  |    ~0   |      1|       1|       5|    0|
+-----------------+---------+-------+--------+--------+-----+

+ Detail: 
    * Instance: 
    +----------------------------------+-----------------------+---------+-------+------+------+-----+
    |             Instance             |         Module        | BRAM_18K| DSP48E|  FF  |  LUT | URAM|
    +----------------------------------+-----------------------+---------+-------+------+------+-----+
    |grp_gram_ln_silu_f32_10_s_fu_410  |gram_ln_silu_f32_10_s  |        0|     19|  3131|  4499|    0|
    |kan_top_fadd_32nsbkb_U108         |kan_top_fadd_32nsbkb   |        0|      0|   168|   434|    0|
    |kan_top_fadd_32nsdEe_U107         |kan_top_fadd_32nsdEe   |        0|      2|   205|   208|    0|
    |kan_top_faddfsub_cud_U106         |kan_top_faddfsub_cud   |        0|      2|   205|   208|    0|
    |kan_top_fdiv_32nsfYi_U110         |kan_top_fdiv_32nsfYi   |        0|      0|   459|   799|    0|
    |kan_top_fexp_32nshbi_U111         |kan_top_fexp_32nshbi   |        0|      7|   324|   905|    0|
    |kan_top_fmul_32nseOg_U109         |kan_top_fmul_32nseOg   |        0|      3|   143|   139|    0|
    |kan_top_mux_104_3zec_U112         |kan_top_mux_104_3zec   |        0|      0|     0|    55|    0|
    +----------------------------------+-----------------------+---------+-------+------+------+-----+
    |Total                             |                       |        0|     33|  4635|  7247|    0|
    +----------------------------------+-----------------------+---------+-------+------+------+-----+

    * DSP48E: 
    N/A

    * Memory: 
    +---------------+----------------------+---------+---+----+-----+------+-----+------+-------------+
    |     Memory    |        Module        | BRAM_18K| FF| LUT| URAM| Words| Bits| Banks| W*Bits*Banks|
    +---------------+----------------------+---------+---+----+-----+------+-----+------+-------------+
    |hd_weight_0_U  |head_stage_hd_weiAem  |        1|  0|   0|    0|   320|   32|     1|        10240|
    |hd_weight_1_U  |head_stage_hd_weiBew  |        1|  0|   0|    0|   320|   32|     1|        10240|
    |hd_weight_2_U  |head_stage_hd_weiCeG  |        1|  0|   0|    0|   320|   32|     1|        10240|
    |hd_weight_3_U  |head_stage_hd_weiDeQ  |        1|  0|   0|    0|   320|   32|     1|        10240|
    |hd_weight_4_U  |head_stage_hd_weiEe0  |        1|  0|   0|    0|   320|   32|     1|        10240|
    +---------------+----------------------+---------+---+----+-----+------+-----+------+-------------+
    |Total          |                      |        5|  0|   0|    0|  1600|  160|     5|        51200|
    +---------------+----------------------+---------+---+----+-----+------+-----+------+-------------+

    * FIFO: 
    N/A

    * Expression: 
    +---------------------------+----------+-------+---+----+------------+------------+
    |       Variable Name       | Operation| DSP48E| FF| LUT| Bitwidth P0| Bitwidth P1|
    +---------------------------+----------+-------+---+----+------------+------------+
    |add_ln105_fu_1848_p2       |     +    |      0|  0|  16|           9|           9|
    |d_fu_1776_p2               |     +    |      0|  0|  11|           1|           3|
    |i_fu_1705_p2               |     +    |      0|  0|  15|           6|           1|
    |o_1_fu_1834_p2             |     +    |      0|  0|  12|           4|           1|
    |o_fu_575_p2                |     +    |      0|  0|  12|           4|           1|
    |icmp_ln35_fu_1760_p2       |   icmp   |      0|  0|   9|           3|           4|
    |icmp_ln36_fu_1770_p2       |   icmp   |      0|  0|   9|           2|           3|
    |icmp_ln87_fu_569_p2        |   icmp   |      0|  0|   9|           4|           4|
    |icmp_ln89_1_fu_595_p2      |   icmp   |      0|  0|   9|           4|           1|
    |icmp_ln89_2_fu_609_p2      |   icmp   |      0|  0|   9|           4|           2|
    |icmp_ln89_3_fu_623_p2      |   icmp   |      0|  0|   9|           4|           2|
    |icmp_ln89_4_fu_637_p2      |   icmp   |      0|  0|   9|           4|           3|
    |icmp_ln89_5_fu_651_p2      |   icmp   |      0|  0|   9|           4|           3|
    |icmp_ln89_6_fu_665_p2      |   icmp   |      0|  0|   9|           4|           3|
    |icmp_ln89_7_fu_679_p2      |   icmp   |      0|  0|   9|           4|           3|
    |icmp_ln89_8_fu_693_p2      |   icmp   |      0|  0|  11|           4|           5|
    |icmp_ln89_fu_581_p2        |   icmp   |      0|  0|   9|           4|           1|
    |icmp_ln92_fu_1699_p2       |   icmp   |      0|  0|  11|           6|           7|
    |icmp_ln99_fu_1828_p2       |   icmp   |      0|  0|   9|           4|           4|
    |acc_0_1_fu_1131_p3         |  select  |      0|  0|  32|           1|          32|
    |acc_1_1_fu_1195_p3         |  select  |      0|  0|  32|           1|          32|
    |acc_2_1_fu_1251_p3         |  select  |      0|  0|  32|           1|          32|
    |acc_3_1_fu_1299_p3         |  select  |      0|  0|  32|           1|          32|
    |acc_4_1_fu_1339_p3         |  select  |      0|  0|  32|           1|          32|
    |acc_5_1_fu_1371_p3         |  select  |      0|  0|  32|           1|          32|
    |acc_6_1_fu_1395_p3         |  select  |      0|  0|  32|           1|          32|
    |acc_7_1_fu_1411_p3         |  select  |      0|  0|  32|           1|          32|
    |acc_8_1_fu_1419_p3         |  select  |      0|  0|  32|           1|           1|
    |acc_9_1_fu_1491_p3         |  select  |      0|  0|  32|           1|          32|
    |b_3_5_fu_1804_p3           |  select  |      0|  0|  32|           1|          32|
    |b_3_6_fu_1811_p3           |  select  |      0|  0|  32|           1|          32|
    |empty_24_fu_699_p3         |  select  |      0|  0|  32|           1|          32|
    |empty_25_fu_763_p3         |  select  |      0|  0|  32|           1|          32|
    |empty_26_fu_819_p3         |  select  |      0|  0|  32|           1|          32|
    |empty_27_fu_867_p3         |  select  |      0|  0|  32|           1|          32|
    |empty_28_fu_907_p3         |  select  |      0|  0|  32|           1|          32|
    |empty_29_fu_939_p3         |  select  |      0|  0|  32|           1|          32|
    |empty_30_fu_963_p3         |  select  |      0|  0|  32|           1|          32|
    |empty_31_fu_979_p3         |  select  |      0|  0|  32|           1|          32|
    |empty_32_fu_987_p3         |  select  |      0|  0|  32|           1|           1|
    |empty_33_fu_1059_p3        |  select  |      0|  0|  32|           1|          32|
    |select_ln36_fu_1796_p3     |  select  |      0|  0|  32|           1|          30|
    |select_ln89_10_fu_723_p3   |  select  |      0|  0|  32|           1|          32|
    |select_ln89_11_fu_731_p3   |  select  |      0|  0|  32|           1|          32|
    |select_ln89_12_fu_739_p3   |  select  |      0|  0|  32|           1|          32|
    |select_ln89_13_fu_747_p3   |  select  |      0|  0|  32|           1|          32|
    |select_ln89_14_fu_755_p3   |  select  |      0|  0|  32|           1|          32|
    |select_ln89_15_fu_771_p3   |  select  |      0|  0|  32|           1|           1|
    |select_ln89_16_fu_779_p3   |  select  |      0|  0|  32|           1|          32|
    |select_ln89_17_fu_787_p3   |  select  |      0|  0|  32|           1|          32|
    |select_ln89_18_fu_795_p3   |  select  |      0|  0|  32|           1|          32|
    |select_ln89_19_fu_803_p3   |  select  |      0|  0|  32|           1|          32|
    |select_ln89_1_fu_601_p3    |  select  |      0|  0|  32|           1|          32|
    |select_ln89_20_fu_811_p3   |  select  |      0|  0|  32|           1|          32|
    |select_ln89_21_fu_827_p3   |  select  |      0|  0|  32|           1|           1|
    |select_ln89_22_fu_835_p3   |  select  |      0|  0|  32|           1|          32|
    |select_ln89_23_fu_843_p3   |  select  |      0|  0|  32|           1|          32|
    |select_ln89_24_fu_851_p3   |  select  |      0|  0|  32|           1|          32|
    |select_ln89_25_fu_859_p3   |  select  |      0|  0|  32|           1|          32|
    |select_ln89_26_fu_875_p3   |  select  |      0|  0|  32|           1|           1|
    |select_ln89_27_fu_883_p3   |  select  |      0|  0|  32|           1|          32|
    |select_ln89_28_fu_891_p3   |  select  |      0|  0|  32|           1|          32|
    |select_ln89_29_fu_899_p3   |  select  |      0|  0|  32|           1|          32|
    |select_ln89_2_fu_615_p3    |  select  |      0|  0|  32|           1|          32|
    |select_ln89_30_fu_915_p3   |  select  |      0|  0|  32|           1|           1|
    |select_ln89_31_fu_923_p3   |  select  |      0|  0|  32|           1|          32|
    |select_ln89_32_fu_931_p3   |  select  |      0|  0|  32|           1|          32|
    |select_ln89_33_fu_947_p3   |  select  |      0|  0|  32|           1|           1|
    |select_ln89_34_fu_955_p3   |  select  |      0|  0|  32|           1|          32|
    |select_ln89_35_fu_971_p3   |  select  |      0|  0|  32|           1|           1|
    |select_ln89_36_fu_995_p3   |  select  |      0|  0|  32|           1|          32|
    |select_ln89_37_fu_1003_p3  |  select  |      0|  0|  32|           1|          32|
    |select_ln89_38_fu_1011_p3  |  select  |      0|  0|  32|           1|          32|
    |select_ln89_39_fu_1019_p3  |  select  |      0|  0|  32|           1|          32|
    |select_ln89_3_fu_629_p3    |  select  |      0|  0|  32|           1|          32|
    |select_ln89_40_fu_1027_p3  |  select  |      0|  0|  32|           1|          32|
    |select_ln89_41_fu_1035_p3  |  select  |      0|  0|  32|           1|          32|
    |select_ln89_42_fu_1043_p3  |  select  |      0|  0|  32|           1|          32|
    |select_ln89_43_fu_1051_p3  |  select  |      0|  0|  32|           1|          32|
    |select_ln89_44_fu_1067_p3  |  select  |      0|  0|  32|           1|           1|
    |select_ln89_45_fu_1075_p3  |  select  |      0|  0|  32|           1|          32|
    |select_ln89_46_fu_1083_p3  |  select  |      0|  0|  32|           1|          32|
    |select_ln89_47_fu_1091_p3  |  select  |      0|  0|  32|           1|          32|
    |select_ln89_48_fu_1099_p3  |  select  |      0|  0|  32|           1|          32|
    |select_ln89_49_fu_1107_p3  |  select  |      0|  0|  32|           1|          32|
    |select_ln89_4_fu_643_p3    |  select  |      0|  0|  32|           1|          32|
    |select_ln89_50_fu_1115_p3  |  select  |      0|  0|  32|           1|          32|
    |select_ln89_51_fu_1123_p3  |  select  |      0|  0|  32|           1|          32|
    |select_ln89_52_fu_1139_p3  |  select  |      0|  0|  32|           1|           1|
    |select_ln89_53_fu_1147_p3  |  select  |      0|  0|  32|           1|          32|
    |select_ln89_54_fu_1155_p3  |  select  |      0|  0|  32|           1|          32|
    |select_ln89_55_fu_1163_p3  |  select  |      0|  0|  32|           1|          32|
    |select_ln89_56_fu_1171_p3  |  select  |      0|  0|  32|           1|          32|
    |select_ln89_57_fu_1179_p3  |  select  |      0|  0|  32|           1|          32|
    |select_ln89_58_fu_1187_p3  |  select  |      0|  0|  32|           1|          32|
    |select_ln89_59_fu_1203_p3  |  select  |      0|  0|  32|           1|           1|
    |select_ln89_5_fu_657_p3    |  select  |      0|  0|  32|           1|          32|
    |select_ln89_60_fu_1211_p3  |  select  |      0|  0|  32|           1|          32|
    |select_ln89_61_fu_1219_p3  |  select  |      0|  0|  32|           1|          32|
    |select_ln89_62_fu_1227_p3  |  select  |      0|  0|  32|           1|          32|
    |select_ln89_63_fu_1235_p3  |  select  |      0|  0|  32|           1|          32|
    |select_ln89_64_fu_1243_p3  |  select  |      0|  0|  32|           1|          32|
    |select_ln89_65_fu_1259_p3  |  select  |      0|  0|  32|           1|           1|
    |select_ln89_66_fu_1267_p3  |  select  |      0|  0|  32|           1|          32|
    |select_ln89_67_fu_1275_p3  |  select  |      0|  0|  32|           1|          32|
    |select_ln89_68_fu_1283_p3  |  select  |      0|  0|  32|           1|          32|
    |select_ln89_69_fu_1291_p3  |  select  |      0|  0|  32|           1|          32|
    |select_ln89_6_fu_671_p3    |  select  |      0|  0|  32|           1|          32|
    |select_ln89_70_fu_1307_p3  |  select  |      0|  0|  32|           1|           1|
    |select_ln89_71_fu_1315_p3  |  select  |      0|  0|  32|           1|          32|
    |select_ln89_72_fu_1323_p3  |  select  |      0|  0|  32|           1|          32|
    |select_ln89_73_fu_1331_p3  |  select  |      0|  0|  32|           1|          32|
    |select_ln89_74_fu_1347_p3  |  select  |      0|  0|  32|           1|           1|
    |select_ln89_75_fu_1355_p3  |  select  |      0|  0|  32|           1|          32|
    |select_ln89_76_fu_1363_p3  |  select  |      0|  0|  32|           1|          32|
    |select_ln89_77_fu_1379_p3  |  select  |      0|  0|  32|           1|           1|
    |select_ln89_78_fu_1387_p3  |  select  |      0|  0|  32|           1|          32|
    |select_ln89_79_fu_1403_p3  |  select  |      0|  0|  32|           1|           1|
    |select_ln89_7_fu_685_p3    |  select  |      0|  0|  32|           1|          32|
    |select_ln89_80_fu_1427_p3  |  select  |      0|  0|  32|           1|          32|
    |select_ln89_81_fu_1435_p3  |  select  |      0|  0|  32|           1|          32|
    |select_ln89_82_fu_1443_p3  |  select  |      0|  0|  32|           1|          32|
    |select_ln89_83_fu_1451_p3  |  select  |      0|  0|  32|           1|          32|
    |select_ln89_84_fu_1459_p3  |  select  |      0|  0|  32|           1|          32|
    |select_ln89_85_fu_1467_p3  |  select  |      0|  0|  32|           1|          32|
    |select_ln89_86_fu_1475_p3  |  select  |      0|  0|  32|           1|          32|
    |select_ln89_87_fu_1483_p3  |  select  |      0|  0|  32|           1|          32|
    |select_ln89_8_fu_707_p3    |  select  |      0|  0|  32|           1|           1|
    |select_ln89_9_fu_715_p3    |  select  |      0|  0|  32|           1|          32|
    |select_ln89_fu_587_p3      |  select  |      0|  0|  32|           1|           1|
    |ap_enable_pp1              |    xor   |      0|  0|   2|           1|           2|
    |xor_ln16_fu_1785_p2        |    xor   |      0|  0|  33|          32|          33|
    +---------------------------+----------+-------+---+----+------------+------------+
    |Total                      |          |      0|  0|3783|         223|        3087|
    +---------------------------+----------+-------+---+----+------------+------------+

    * Multiplexer: 
    +-------------------------------+-----+-----------+-----+-----------+
    |              Name             | LUT | Input Size| Bits| Total Bits|
    +-------------------------------+-----+-----------+-----+-----------+
    |acc_9_10_fu_228                |    9|          2|   32|         64|
    |acc_9_11_fu_232                |    9|          2|   32|         64|
    |acc_9_12_fu_236                |    9|          2|   32|         64|
    |acc_9_13_fu_240                |    9|          2|   32|         64|
    |acc_9_14_fu_244                |    9|          2|   32|         64|
    |acc_9_15_fu_248                |    9|          2|   32|         64|
    |acc_9_16_fu_252                |    9|          2|   32|         64|
    |acc_9_17_fu_256                |    9|          2|   32|         64|
    |acc_9_18_fu_260                |    9|          2|   32|         64|
    |acc_9_19_fu_264                |    9|          2|   32|         64|
    |acc_9_20_fu_268                |    9|          2|   32|         64|
    |acc_9_2_fu_272                 |    9|          2|   32|         64|
    |acc_9_3_fu_200                 |    9|          2|   32|         64|
    |acc_9_4_fu_204                 |    9|          2|   32|         64|
    |acc_9_5_fu_208                 |    9|          2|   32|         64|
    |acc_9_6_fu_212                 |    9|          2|   32|         64|
    |acc_9_7_fu_216                 |    9|          2|   32|         64|
    |acc_9_8_fu_220                 |    9|          2|   32|         64|
    |acc_9_9_fu_224                 |    9|          2|   32|         64|
    |acc_9_fu_196                   |    9|          2|   32|         64|
    |ap_NS_fsm                      |  345|         78|    1|         78|
    |ap_enable_reg_pp1_iter7        |    9|          2|    1|          2|
    |ap_phi_mux_o1_0_phi_fu_402_p4  |    9|          2|    4|          8|
    |d_0_i_reg_387                  |    9|          2|    3|          6|
    |empty_36_reg_377               |    9|          2|   32|         64|
    |grp_fu_430_opcode              |   15|          3|    2|          6|
    |grp_fu_430_p0                  |   41|          8|   32|        256|
    |grp_fu_430_p1                  |   41|          8|   32|        256|
    |grp_fu_445_p0                  |   38|          7|   32|        224|
    |grp_fu_445_p1                  |   41|          8|   32|        256|
    |grp_fu_454_p0                  |   15|          3|   32|         96|
    |grp_fu_454_p1                  |   15|          3|   32|         96|
    |grp_fu_459_p1                  |   15|          3|   32|         96|
    |i_0_reg_365                    |    9|          2|    6|         12|
    |o1_0_reg_398                   |    9|          2|    4|          8|
    |o_0_reg_354                    |    9|          2|    4|          8|
    +-------------------------------+-----+-----------+-----+-----------+
    |Total                          |  809|        175|  921|       2752|
    +-------------------------------+-----+-----------+-----+-----------+

    * Register: 
    +-----------------------------------------------+----+----+-----+-----------+
    |                      Name                     | FF | LUT| Bits| Const Bits|
    +-----------------------------------------------+----+----+-----+-----------+
    |acc_0_0_fu_148                                 |  32|   0|   32|          0|
    |acc_1_0_fu_152                                 |  32|   0|   32|          0|
    |acc_2_0_fu_156                                 |  32|   0|   32|          0|
    |acc_3_0_fu_160                                 |  32|   0|   32|          0|
    |acc_4_0_fu_164                                 |  32|   0|   32|          0|
    |acc_5_0_fu_168                                 |  32|   0|   32|          0|
    |acc_6_0_fu_172                                 |  32|   0|   32|          0|
    |acc_7_0_fu_176                                 |  32|   0|   32|          0|
    |acc_8_0_fu_180                                 |  32|   0|   32|          0|
    |acc_9_0_fu_184                                 |  32|   0|   32|          0|
    |acc_9_10_fu_228                                |  32|   0|   32|          0|
    |acc_9_11_fu_232                                |  32|   0|   32|          0|
    |acc_9_12_fu_236                                |  32|   0|   32|          0|
    |acc_9_13_fu_240                                |  32|   0|   32|          0|
    |acc_9_14_fu_244                                |  32|   0|   32|          0|
    |acc_9_15_fu_248                                |  32|   0|   32|          0|
    |acc_9_16_fu_252                                |  32|   0|   32|          0|
    |acc_9_17_fu_256                                |  32|   0|   32|          0|
    |acc_9_18_fu_260                                |  32|   0|   32|          0|
    |acc_9_19_fu_264                                |  32|   0|   32|          0|
    |acc_9_20_fu_268                                |  32|   0|   32|          0|
    |acc_9_2_fu_272                                 |  32|   0|   32|          0|
    |acc_9_3_fu_200                                 |  32|   0|   32|          0|
    |acc_9_4_fu_204                                 |  32|   0|   32|          0|
    |acc_9_5_fu_208                                 |  32|   0|   32|          0|
    |acc_9_6_fu_212                                 |  32|   0|   32|          0|
    |acc_9_7_fu_216                                 |  32|   0|   32|          0|
    |acc_9_8_fu_220                                 |  32|   0|   32|          0|
    |acc_9_9_fu_224                                 |  32|   0|   32|          0|
    |acc_9_fu_196                                   |  32|   0|   32|          0|
    |ap_CS_fsm                                      |  77|   0|   77|          0|
    |ap_enable_reg_pp1_iter0                        |   1|   0|    1|          0|
    |ap_enable_reg_pp1_iter1                        |   1|   0|    1|          0|
    |ap_enable_reg_pp1_iter2                        |   1|   0|    1|          0|
    |ap_enable_reg_pp1_iter3                        |   1|   0|    1|          0|
    |ap_enable_reg_pp1_iter4                        |   1|   0|    1|          0|
    |ap_enable_reg_pp1_iter5                        |   1|   0|    1|          0|
    |ap_enable_reg_pp1_iter6                        |   1|   0|    1|          0|
    |ap_enable_reg_pp1_iter7                        |   1|   0|    1|          0|
    |b_3_3_fu_192                                   |  32|   0|   32|          0|
    |b_3_fu_188                                     |  32|   0|   32|          0|
    |d_0_i_reg_387                                  |   3|   0|    3|          0|
    |d_reg_2384                                     |   3|   0|    3|          0|
    |empty_14_fu_112                                |  32|   0|   32|          0|
    |empty_15_fu_116                                |  32|   0|   32|          0|
    |empty_16_fu_120                                |  32|   0|   32|          0|
    |empty_17_fu_124                                |  32|   0|   32|          0|
    |empty_18_fu_128                                |  32|   0|   32|          0|
    |empty_19_fu_132                                |  32|   0|   32|          0|
    |empty_20_fu_136                                |  32|   0|   32|          0|
    |empty_21_fu_140                                |  32|   0|   32|          0|
    |empty_22_fu_144                                |  32|   0|   32|          0|
    |empty_36_reg_377                               |  32|   0|   32|          0|
    |empty_fu_108                                   |  32|   0|   32|          0|
    |grp_gram_ln_silu_f32_10_s_fu_410_ap_start_reg  |   1|   0|    1|          0|
    |hd_weight_0_load_reg_2438                      |  32|   0|   32|          0|
    |hd_weight_2_load_reg_2448                      |  32|   0|   32|          0|
    |hd_weight_3_load_reg_2453                      |  32|   0|   32|          0|
    |hd_weight_4_load_reg_2458                      |  32|   0|   32|          0|
    |i_0_reg_365                                    |   6|   0|    6|          0|
    |i_reg_2302                                     |   6|   0|    6|          0|
    |icmp_ln36_reg_2377                             |   1|   0|    1|          0|
    |icmp_ln99_reg_2404                             |   1|   0|    1|          0|
    |o1_0_reg_398                                   |   4|   0|    4|          0|
    |o_0_reg_354                                    |   4|   0|    4|          0|
    |o_1_reg_2408                                   |   4|   0|    4|          0|
    |reg_532                                        |  32|   0|   32|          0|
    |reg_538                                        |  32|   0|   32|          0|
    |reg_543                                        |  32|   0|   32|          0|
    |reg_551                                        |  32|   0|   32|          0|
    |reg_557                                        |  32|   0|   32|          0|
    |reg_563                                        |  32|   0|   32|          0|
    |ss_1_reg_2483                                  |  32|   0|   32|          0|
    |ss_2_reg_2488                                  |  32|   0|   32|          0|
    |ss_3_reg_2493                                  |  32|   0|   32|          0|
    |tmp_12_3_reg_2473                              |  32|   0|   32|          0|
    |tmp_6_reg_2498                                 |  32|   0|   32|          0|
    |tmp_9_reg_2478                                 |  32|   0|   32|          0|
    |xv_reg_2362                                    |  32|   0|   32|          0|
    |zext_ln92_reg_2369                             |   6|   0|    9|          3|
    |o1_0_reg_398                                   |  64|  32|    4|          0|
    |reg_557                                        |  64|  32|   32|          0|
    |tmp_12_3_reg_2473                              |  64|  32|   32|          0|
    |tmp_9_reg_2478                                 |  64|  32|   32|          0|
    +-----------------------------------------------+----+----+-----+-----------+
    |Total                                          |2300| 128| 2147|          3|
    +-----------------------------------------------+----+----+-----+-----------+



================================================================
== Interface
================================================================
* Summary: 
+----------------+-----+-----+------------+--------------+--------------+
|    RTL Ports   | Dir | Bits|  Protocol  | Source Object|    C Type    |
+----------------+-----+-----+------------+--------------+--------------+
|ap_clk          |  in |    1| ap_ctrl_hs |  head_stage  | return value |
|ap_rst          |  in |    1| ap_ctrl_hs |  head_stage  | return value |
|ap_start        |  in |    1| ap_ctrl_hs |  head_stage  | return value |
|ap_done         | out |    1| ap_ctrl_hs |  head_stage  | return value |
|ap_idle         | out |    1| ap_ctrl_hs |  head_stage  | return value |
|ap_ready        | out |    1| ap_ctrl_hs |  head_stage  | return value |
|hx_address0     | out |    5|  ap_memory |      hx      |     array    |
|hx_ce0          | out |    1|  ap_memory |      hx      |     array    |
|hx_q0           |  in |   32|  ap_memory |      hx      |     array    |
|out_r_address0  | out |    4|  ap_memory |     out_r    |     array    |
|out_r_ce0       | out |    1|  ap_memory |     out_r    |     array    |
|out_r_we0       | out |    1|  ap_memory |     out_r    |     array    |
|out_r_d0        | out |   32|  ap_memory |     out_r    |     array    |
+----------------+-----+-----+------------+--------------+--------------+

