

================================================================
== Vivado HLS Report for 'conv_stage'
================================================================
* Date:           Fri Jul 10 00:25:59 2026

* Version:        2019.1 (Build 2552052 on Fri May 24 15:28:33 MDT 2019)
* Project:        kagnconv_funccode_w4a4
* Solution:       sol1
* Product family: zynquplus
* Target device:  xczu9eg-ffvb1156-2-e


================================================================
== Performance Estimates
================================================================
+ Timing (ns): 
    * Summary: 
    +--------+-------+----------+------------+
    |  Clock | Target| Estimated| Uncertainty|
    +--------+-------+----------+------------+
    |ap_clk  |   6.67|     6.700|        0.83|
    +--------+-------+----------+------------+

+ Latency (clock cycles): 
    * Summary: 
    +--------+--------+--------+--------+---------+
    |     Latency     |     Interval    | Pipeline|
    |   min  |   max  |   min  |   max  |   Type  |
    +--------+--------+--------+--------+---------+
    |  239924|  239924|  239924|  239924|   none  |
    +--------+--------+--------+--------+---------+

    + Detail: 
        * Instance: 
        +--------------------------------+-------------------+-----+-----+-----+-----+---------+
        |                                |                   |  Latency  |  Interval | Pipeline|
        |            Instance            |       Module      | min | max | min | max |   Type  |
        +--------------------------------+-------------------+-----+-----+-----+-----+---------+
        |grp_int_instnorm_49_s_fu_16177  |int_instnorm_49_s  |  258|  258|  258|  258|   none  |
        +--------------------------------+-------------------+-----+-----+-----+-----+---------+

        * Loop: 
        +-----------------------+--------+--------+----------+-----------+-----------+------+----------+
        |                       |     Latency     | Iteration|  Initiation Interval  | Trip |          |
        |       Loop Name       |   min  |   max  |  Latency |  achieved |   target  | Count| Pipelined|
        +-----------------------+--------+--------+----------+-----------+-----------+------+----------+
        |- CONV_Y_CONV_X        |  229810|  229810|      4690|          -|          -|    49|    no    |
        | + INIT                |      32|      32|         1|          1|          1|    32|    yes   |
        | + TAP_I_TAP_K_O_LOOP  |    4619|    4619|        13|          1|          1|  4608|    yes   |
        | + REQ                 |      32|      32|         2|          1|          1|    32|    yes   |
        |- NORM_O               |   10112|   10112|       316|          -|          -|    32|    no    |
        | + ACT_P               |      53|      53|         6|          1|          1|    49|    yes   |
        +-----------------------+--------+--------+----------+-----------+-----------+------+----------+



================================================================
== Utilization Estimates
================================================================
* Summary: 
+-----------------+---------+-------+--------+--------+-----+
|       Name      | BRAM_18K| DSP48E|   FF   |   LUT  | URAM|
+-----------------+---------+-------+--------+--------+-----+
|DSP              |        -|      5|       -|       -|    -|
|Expression       |        -|      8|       0|    1954|    -|
|FIFO             |        -|      -|       -|       -|    -|
|Instance         |        4|     14|   18800|   15703|    0|
|Memory           |       11|      -|     128|      55|    0|
|Multiplexer      |        -|      -|       -|    4112|    -|
|Register         |        0|      -|    8415|     352|    -|
+-----------------+---------+-------+--------+--------+-----+
|Total            |       15|     27|   27343|   22176|    0|
+-----------------+---------+-------+--------+--------+-----+
|Available        |     1824|   2520|  548160|  274080|    0|
+-----------------+---------+-------+--------+--------+-----+
|Utilization (%)  |    ~0   |      1|       4|       8|    0|
+-----------------+---------+-------+--------+--------+-----+

+ Detail: 
    * Instance: 
    +--------------------------------+----------------------+---------+-------+-------+-------+-----+
    |            Instance            |        Module        | BRAM_18K| DSP48E|   FF  |  LUT  | URAM|
    +--------------------------------+----------------------+---------+-------+-------+-------+-----+
    |grp_int_instnorm_49_s_fu_16177  |int_instnorm_49_s     |        4|     14|  18664|  15421|    0|
    |kan_top_mux_325_3Thq_U63        |kan_top_mux_325_3Thq  |        0|      0|      0|     55|    0|
    |kan_top_mux_325_3Thq_U64        |kan_top_mux_325_3Thq  |        0|      0|      0|     55|    0|
    |kan_top_mux_325_3Thq_U65        |kan_top_mux_325_3Thq  |        0|      0|      0|     55|    0|
    |kan_top_mux_325_3Thq_U66        |kan_top_mux_325_3Thq  |        0|      0|      0|     55|    0|
    |kan_top_urem_4ns_vdy_U61        |kan_top_urem_4ns_vdy  |        0|      0|     68|     31|    0|
    |kan_top_urem_4ns_vdy_U62        |kan_top_urem_4ns_vdy  |        0|      0|     68|     31|    0|
    +--------------------------------+----------------------+---------+-------+-------+-------+-----+
    |Total                           |                      |        4|     14|  18800|  15703|    0|
    +--------------------------------+----------------------+---------+-------+-------+-------+-----+

    * DSP48E: 
    +--------------------------+----------------------+---------------------+
    |         Instance         |        Module        |      Expression     |
    +--------------------------+----------------------+---------------------+
    |kan_top_ama_submuBew_U71  |kan_top_ama_submuBew  | i0 + (i1 - i2) * i3 |
    |kan_top_mac_muladUhA_U67  |kan_top_mac_muladUhA  |     i0 + i1 * i2    |
    |kan_top_mac_muladVhK_U68  |kan_top_mac_muladVhK  |     i0 * i1 + i2    |
    |kan_top_mac_muladWhU_U69  |kan_top_mac_muladWhU  |     i0 + i1 * i2    |
    |kan_top_mac_muladXh4_U70  |kan_top_mac_muladXh4  |     i0 + i1 * i2    |
    +--------------------------+----------------------+---------------------+

    * Memory: 
    +--------------------------+----------------------+---------+----+----+-----+------+-----+------+-------------+
    |          Memory          |        Module        | BRAM_18K| FF | LUT| URAM| Words| Bits| Banks| W*Bits*Banks|
    +--------------------------+----------------------+---------+----+----+-----+------+-----+------+-------------+
    |c2_lut_b_V_0_U            |conv_stage_1_c1_lfYi  |        0|  15|   4|    0|    16|   15|     1|          240|
    |silu_tab_V_U              |conv_stage_1_silutde  |        1|   0|   0|    0|   257|   14|     1|         3598|
    |c2_base_codebook_q_V_U    |conv_stage_c2_basJfO  |        0|   4|   1|    0|    16|    4|     1|           64|
    |c2_base_ids_V_U           |conv_stage_c2_basLf8  |        2|   0|   0|    0|  4608|    4|     1|        18432|
    |c2_beta_q_U               |conv_stage_c2_betRg6  |        0|  23|  12|    0|    32|   23|     1|          736|
    |c2_gamma_q_V_U            |conv_stage_c2_gamQgW  |        0|  13|   7|    0|    32|   13|     1|          416|
    |c2_lut_b_V_1_U            |conv_stage_c2_lutFfa  |        0|  15|   4|    0|    16|   15|     1|          240|
    |c2_lut_b_V_2_U            |conv_stage_c2_lutGfk  |        0|  15|   4|    0|    16|   15|     1|          240|
    |c2_lut_b_V_3_U            |conv_stage_c2_lutHfu  |        0|  15|   4|    0|    16|   15|     1|          240|
    |c2_lut_s_V_U              |conv_stage_c2_lutIfE  |        0|  12|   3|    0|    16|   12|     1|          192|
    |c2_poly_ids_V_U           |conv_stage_c2_polKfY  |        3|   0|   0|    0|  4608|    6|     1|        27648|
    |c2_poly_codebook_q_V_U    |conv_stage_c2_polMgi  |        0|   4|   4|    0|    64|    4|     1|          256|
    |c2_poly_codebook_q_V_1_U  |conv_stage_c2_polNgs  |        0|   4|   4|    0|    64|    4|     1|          256|
    |c2_poly_codebook_q_V_2_U  |conv_stage_c2_polOgC  |        0|   4|   4|    0|    64|    4|     1|          256|
    |c2_poly_codebook_q_V_3_U  |conv_stage_c2_polPgM  |        0|   4|   4|    0|    64|    4|     1|          256|
    |v_map_V_U                 |conv_stage_v_map_V    |        4|   0|   0|    0|  1568|   28|     1|        43904|
    |yb_U                      |conv_stage_yb         |        1|   0|   0|    0|    49|   32|     1|         1568|
    +--------------------------+----------------------+---------+----+----+-----+------+-----+------+-------------+
    |Total                     |                      |       11| 128|  55|    0| 11506|  212|    17|        98542|
    +--------------------------+----------------------+---------+----+----+-----+------+-----+------+-------------+

    * FIFO: 
    N/A

    * Expression: 
    +----------------------------+----------+-------+---+----+------------+------------+
    |        Variable Name       | Operation| DSP48E| FF| LUT| Bitwidth P0| Bitwidth P1|
    +----------------------------+----------+-------+---+----+------------+------------+
    |grp_fu_18084_p2             |     *    |      0|  0|   5|           4|          15|
    |mul_ln215_fu_17900_p2       |     *    |      2|  0|  25|          31|          16|
    |mul_ln41_2_fu_16538_p2      |     *    |      0|  0|  17|           5|           4|
    |mul_ln41_fu_16367_p2        |     *    |      0|  0|  17|           5|           4|
    |mul_ln68_4_fu_17669_p2      |     *    |      4|  0|  20|          31|          32|
    |mul_ln68_fu_17585_p2        |     *    |      2|  0|  20|          27|          32|
    |acc_s_0_V_fu_17435_p2       |     +    |      0|  0|  39|          32|          32|
    |add_ln118_fu_17848_p2       |     +    |      0|  0|  16|           1|           9|
    |add_ln160_fu_17891_p2       |     +    |      0|  0|  23|          16|          16|
    |add_ln180_3_fu_17992_p2     |     +    |      0|  0|  21|          12|          12|
    |add_ln180_4_fu_17502_p2     |     +    |      0|  0|  19|          12|          12|
    |add_ln180_5_fu_17496_p2     |     +    |      0|  0|  18|           6|          11|
    |add_ln180_fu_17965_p2       |     +    |      0|  0|  18|          11|          11|
    |add_ln215_2_fu_16700_p2     |     +    |      0|  0|  21|          13|          13|
    |add_ln215_3_fu_16792_p2     |     +    |      0|  0|  41|          34|          34|
    |add_ln215_4_fu_16827_p2     |     +    |      0|  0|  21|          13|          13|
    |add_ln215_5_fu_16873_p2     |     +    |      0|  0|  21|          64|          64|
    |add_ln215_6_fu_16909_p2     |     +    |      0|  0|  21|          13|          13|
    |add_ln215_fu_16664_p2       |     +    |      0|  0|  41|          34|          34|
    |add_ln28_fu_16217_p2        |     +    |      0|  0|  15|           6|           1|
    |add_ln38_fu_16395_p2        |     +    |      0|  0|  20|           1|          13|
    |add_ln40_fu_16477_p2        |     +    |      0|  0|  17|          10|           1|
    |add_ln42_4_fu_16319_p2      |     +    |      0|  0|  15|           5|           2|
    |add_ln42_6_fu_16572_p2      |     +    |      0|  0|  12|           4|           4|
    |add_ln42_7_fu_16846_p2      |     +    |      0|  0|  15|           2|           5|
    |add_ln42_fu_16495_p2        |     +    |      0|  0|  12|           4|           4|
    |add_ln43_4_fu_16333_p2      |     +    |      0|  0|  15|           5|           2|
    |add_ln43_6_fu_16577_p2      |     +    |      0|  0|  12|           4|           4|
    |add_ln43_7_fu_16859_p2      |     +    |      0|  0|  15|           2|           5|
    |add_ln43_fu_16499_p2        |     +    |      0|  0|  12|           4|           4|
    |add_ln57_1_fu_16955_p2      |     +    |      0|  0|  21|          12|          12|
    |add_ln57_fu_16927_p2        |     +    |      0|  0|  16|           9|           9|
    |add_ln76_fu_17472_p2        |     +    |      0|  0|  15|           7|           7|
    |add_ln86_2_fu_17938_p2      |     +    |      0|  0|  15|           1|           6|
    |add_ln89_fu_17767_p2        |     +    |      0|  0|  19|           7|          12|
    |edge_fu_16983_p2            |     +    |      0|  0|  21|          15|          15|
    |i_fu_16711_p2               |     +    |      0|  0|  15|           1|           5|
    |ix_fu_16650_p2              |     +    |      0|  0|  15|           2|           5|
    |iy_fu_16637_p2              |     +    |      0|  0|  15|           2|           5|
    |o_10_fu_16471_p2            |     +    |      0|  0|  15|           6|           1|
    |o_8_fu_16299_p2             |     +    |      0|  0|  15|           6|           1|
    |o_9_fu_17490_p2             |     +    |      0|  0|  15|           6|           1|
    |o_fu_17712_p2               |     +    |      0|  0|  15|           6|           1|
    |p_fu_17756_p2               |     +    |      0|  0|  15|           6|           1|
    |ret_V_2_fu_17681_p2         |     +    |      0|  0|  21|          35|          63|
    |ret_V_fu_17906_p2           |     +    |      0|  0|  54|          38|          47|
    |t2_V_fu_17675_p2            |     +    |      0|  0|  21|          63|          63|
    |t_fu_16433_p2               |     +    |      0|  0|  12|           1|           4|
    |x_fu_17701_p2               |     +    |      0|  0|  11|           3|           1|
    |y_fu_16223_p2               |     +    |      0|  0|  11|           3|           1|
    |sub_ln180_2_fu_17986_p2     |     -    |      0|  0|  21|          12|          12|
    |sub_ln180_fu_17740_p2       |     -    |      0|  0|  17|          10|          10|
    |sub_ln215_2_fu_16694_p2     |     -    |      0|  0|  21|          13|          13|
    |sub_ln215_3_fu_16752_p2     |     -    |      0|  0|  17|          10|          10|
    |sub_ln215_4_fu_16786_p2     |     -    |      0|  0|  21|          64|          64|
    |sub_ln215_5_fu_16821_p2     |     -    |      0|  0|  21|          13|          13|
    |sub_ln215_6_fu_16903_p2     |     -    |      0|  0|  21|          13|          13|
    |sub_ln215_fu_16624_p2       |     -    |      0|  0|  17|          10|          10|
    |sub_ln57_1_fu_16977_p2      |     -    |      0|  0|  21|          15|          15|
    |sub_ln57_fu_16949_p2        |     -    |      0|  0|  21|          12|          12|
    |sub_ln76_2_fu_16275_p2      |     -    |      0|  0|  15|           7|           7|
    |sub_ln76_fu_16205_p2        |     -    |      0|  0|  15|           7|           7|
    |and_ln38_fu_16427_p2        |    and   |      0|  0|   2|           1|           1|
    |and_ln44_3_fu_16594_p2      |    and   |      0|  0|   2|           1|           1|
    |and_ln44_fu_16349_p2        |    and   |      0|  0|   2|           1|           1|
    |ap_condition_4683           |    and   |      0|  0|   2|           1|           1|
    |ap_condition_4692           |    and   |      0|  0|   2|           1|           1|
    |ap_condition_4703           |    and   |      0|  0|   2|           1|           1|
    |ap_condition_675            |    and   |      0|  0|   2|           1|           1|
    |ap_condition_691            |    and   |      0|  0|   2|           1|           1|
    |ap_condition_706            |    and   |      0|  0|   2|           1|           1|
    |inb_fu_16516_p2             |    and   |      0|  0|   2|           1|           1|
    |icmp_ln113_fu_17783_p2      |   icmp   |      0|  0|  20|          32|          17|
    |icmp_ln114_fu_17807_p2      |   icmp   |      0|  0|  20|          17|           1|
    |icmp_ln28_fu_16211_p2       |   icmp   |      0|  0|  11|           6|           5|
    |icmp_ln30_fu_16229_p2       |   icmp   |      0|  0|   9|           3|           2|
    |icmp_ln32_fu_16293_p2       |   icmp   |      0|  0|  11|           6|           7|
    |icmp_ln38_fu_16389_p2       |   icmp   |      0|  0|  13|          13|          13|
    |icmp_ln40_fu_16401_p2       |   icmp   |      0|  0|  13|          10|           9|
    |icmp_ln44_1_fu_16510_p2     |   icmp   |      0|  0|   9|           4|           1|
    |icmp_ln44_4_fu_16339_p2     |   icmp   |      0|  0|   9|           3|           1|
    |icmp_ln44_5_fu_16344_p2     |   icmp   |      0|  0|   9|           3|           1|
    |icmp_ln44_6_fu_16582_p2     |   icmp   |      0|  0|   9|           4|           1|
    |icmp_ln44_7_fu_16588_p2     |   icmp   |      0|  0|   9|           4|           1|
    |icmp_ln44_fu_16504_p2       |   icmp   |      0|  0|   9|           4|           1|
    |icmp_ln55_fu_16421_p2       |   icmp   |      0|  0|  11|           6|           7|
    |icmp_ln72_fu_17484_p2       |   icmp   |      0|  0|  11|           6|           7|
    |icmp_ln82_fu_17706_p2       |   icmp   |      0|  0|  11|           6|           7|
    |icmp_ln86_2_fu_17944_p2     |   icmp   |      0|  0|  11|           6|           3|
    |icmp_ln86_fu_17750_p2       |   icmp   |      0|  0|  11|           6|           5|
    |icmp_ln887_fu_18009_p2      |   icmp   |      0|  0|  13|           9|           5|
    |icmp_ln895_fu_17932_p2      |   icmp   |      0|  0|  11|           6|           1|
    |or_ln41_fu_16439_p2         |    or    |      0|  0|   2|           1|           1|
    |b_1_V_fu_17077_p3           |  select  |      0|  0|  15|           1|          15|
    |fout_V_d0                   |  select  |      0|  0|   5|           1|           5|
    |select_ln113_fu_17789_p3    |  select  |      0|  0|  32|           1|          17|
    |select_ln127_fu_18003_p3    |  select  |      0|  0|   9|           1|           3|
    |select_ln28_4_fu_16247_p3   |  select  |      0|  0|   3|           1|           3|
    |select_ln28_5_fu_16281_p3   |  select  |      0|  0|   7|           1|           7|
    |select_ln28_fu_16235_p3     |  select  |      0|  0|   3|           1|           1|
    |select_ln38_1_fu_16717_p3   |  select  |      0|  0|   5|           1|           5|
    |select_ln38_2_fu_16522_p3   |  select  |      0|  0|   4|           1|           1|
    |select_ln38_3_fu_16528_p3   |  select  |      0|  0|   2|           1|           1|
    |select_ln38_4_fu_17119_p3   |  select  |      0|  0|  15|           1|          15|
    |select_ln38_5_fu_17126_p3   |  select  |      0|  0|  15|           1|          15|
    |select_ln38_6_fu_17161_p3   |  select  |      0|  0|  11|           1|          12|
    |select_ln38_7_fu_17193_p3   |  select  |      0|  0|  15|           1|          15|
    |select_ln38_8_fu_17221_p3   |  select  |      0|  0|  15|           1|          15|
    |select_ln38_fu_16407_p3     |  select  |      0|  0|   4|           1|           1|
    |select_ln40_1_fu_16483_p3   |  select  |      0|  0|  10|           1|           1|
    |select_ln40_fu_16459_p3     |  select  |      0|  0|   4|           1|           4|
    |select_ln41_10_fu_17168_p3  |  select  |      0|  0|  11|           1|          12|
    |select_ln41_11_fu_17200_p3  |  select  |      0|  0|  15|           1|          15|
    |select_ln41_12_fu_17228_p3  |  select  |      0|  0|  15|           1|          15|
    |select_ln41_13_fu_17235_p3  |  select  |      0|  0|  15|           1|          15|
    |select_ln41_14_fu_17242_p3  |  select  |      0|  0|  15|           1|          15|
    |select_ln41_8_fu_16554_p3   |  select  |      0|  0|   4|           1|           4|
    |select_ln41_9_fu_16565_p3   |  select  |      0|  0|   2|           1|           2|
    |select_ln41_fu_16445_p3     |  select  |      0|  0|   6|           1|           1|
    |select_ln44_13_fu_17027_p3  |  select  |      0|  0|   4|           1|           4|
    |select_ln44_14_fu_17105_p3  |  select  |      0|  0|  15|           1|          15|
    |select_ln44_15_fu_17112_p3  |  select  |      0|  0|  15|           1|          15|
    |select_ln44_16_fu_17049_p3  |  select  |      0|  0|   4|           1|           4|
    |select_ln44_17_fu_17133_p3  |  select  |      0|  0|  15|           1|          15|
    |select_ln44_18_fu_17140_p3  |  select  |      0|  0|  15|           1|          15|
    |select_ln44_19_fu_17147_p3  |  select  |      0|  0|  11|           1|          12|
    |select_ln44_1_fu_17070_p3   |  select  |      0|  0|  15|           1|          15|
    |select_ln44_20_fu_17154_p3  |  select  |      0|  0|  11|           1|          12|
    |select_ln44_21_fu_17179_p3  |  select  |      0|  0|  15|           1|          15|
    |select_ln44_22_fu_17186_p3  |  select  |      0|  0|  15|           1|          15|
    |select_ln44_23_fu_17207_p3  |  select  |      0|  0|  15|           1|          15|
    |select_ln44_24_fu_17214_p3  |  select  |      0|  0|  15|           1|          15|
    |select_ln44_3_fu_17084_p3   |  select  |      0|  0|  15|           1|          15|
    |select_ln44_4_fu_17091_p3   |  select  |      0|  0|  15|           1|          15|
    |select_ln44_5_fu_17098_p3   |  select  |      0|  0|  11|           1|          12|
    |select_ln44_fu_17005_p3     |  select  |      0|  0|   4|           1|           4|
    |select_ln86_fu_17950_p3     |  select  |      0|  0|   6|           1|           6|
    |u_fu_17823_p3               |  select  |      0|  0|  16|           1|           2|
    |ap_enable_pp1               |    xor   |      0|  0|   2|           1|           2|
    |ap_enable_pp2               |    xor   |      0|  0|   2|           1|           2|
    |ap_enable_pp3               |    xor   |      0|  0|   2|           1|           2|
    |ap_enable_reg_pp2_iter1     |    xor   |      0|  0|   2|           2|           1|
    |ap_enable_reg_pp3_iter1     |    xor   |      0|  0|   2|           2|           1|
    |u_V_fu_16999_p2             |    xor   |      0|  0|   5|           4|           5|
    |xor_ln115_fu_17817_p2       |    xor   |      0|  0|  17|          16|          17|
    |xor_ln214_2_fu_17043_p2     |    xor   |      0|  0|   5|           4|           5|
    |xor_ln214_fu_17021_p2       |    xor   |      0|  0|   5|           4|           5|
    |xor_ln38_fu_16415_p2        |    xor   |      0|  0|   2|           1|           2|
    +----------------------------+----------+-------+---+----+------------+------------+
    |Total                       |          |      8|  0|1954|        1072|        1452|
    +----------------------------+----------+-------+---+----+------------+------------+

    * Multiplexer: 
    +------------------------------------------+----+-----------+-----+-----------+
    |                   Name                   | LUT| Input Size| Bits| Total Bits|
    +------------------------------------------+----+-----------+-----+-----------+
    |acc_b_0_V_2_reg_1791                      |   9|          2|   32|         64|
    |acc_b_0_V_6_reg_9185                      |   9|          2|   32|         64|
    |acc_b_0_V_7_reg_12359                     |  15|          3|   32|         96|
    |acc_b_10_V_2_reg_1681                     |   9|          2|   32|         64|
    |acc_b_10_V_6_reg_9065                     |   9|          2|   32|         64|
    |acc_b_10_V_7_reg_11339                    |  15|          3|   32|         96|
    |acc_b_11_V_2_reg_1670                     |   9|          2|   32|         64|
    |acc_b_11_V_6_reg_9053                     |   9|          2|   32|         64|
    |acc_b_11_V_7_reg_11237                    |  15|          3|   32|         96|
    |acc_b_12_V_2_reg_1659                     |   9|          2|   32|         64|
    |acc_b_12_V_6_reg_9041                     |   9|          2|   32|         64|
    |acc_b_12_V_7_reg_11135                    |  15|          3|   32|         96|
    |acc_b_13_V_2_reg_1648                     |   9|          2|   32|         64|
    |acc_b_13_V_6_reg_9029                     |   9|          2|   32|         64|
    |acc_b_13_V_7_reg_11033                    |  15|          3|   32|         96|
    |acc_b_14_V_2_reg_1637                     |   9|          2|   32|         64|
    |acc_b_14_V_6_reg_9017                     |   9|          2|   32|         64|
    |acc_b_14_V_7_reg_10931                    |  15|          3|   32|         96|
    |acc_b_15_V_2_reg_1626                     |   9|          2|   32|         64|
    |acc_b_15_V_6_reg_9005                     |   9|          2|   32|         64|
    |acc_b_15_V_7_reg_10829                    |  15|          3|   32|         96|
    |acc_b_16_V_2_reg_1615                     |   9|          2|   32|         64|
    |acc_b_16_V_6_reg_8993                     |   9|          2|   32|         64|
    |acc_b_16_V_7_reg_10727                    |  15|          3|   32|         96|
    |acc_b_17_V_2_reg_1604                     |   9|          2|   32|         64|
    |acc_b_17_V_6_reg_8981                     |   9|          2|   32|         64|
    |acc_b_17_V_7_reg_10625                    |  15|          3|   32|         96|
    |acc_b_18_V_2_reg_1593                     |   9|          2|   32|         64|
    |acc_b_18_V_6_reg_8969                     |   9|          2|   32|         64|
    |acc_b_18_V_7_reg_10523                    |  15|          3|   32|         96|
    |acc_b_19_V_2_reg_1582                     |   9|          2|   32|         64|
    |acc_b_19_V_6_reg_8957                     |   9|          2|   32|         64|
    |acc_b_19_V_7_reg_10421                    |  15|          3|   32|         96|
    |acc_b_1_V_2_reg_1780                      |   9|          2|   32|         64|
    |acc_b_1_V_6_reg_9173                      |   9|          2|   32|         64|
    |acc_b_1_V_7_reg_12257                     |  15|          3|   32|         96|
    |acc_b_20_V_2_reg_1571                     |   9|          2|   32|         64|
    |acc_b_20_V_6_reg_8945                     |   9|          2|   32|         64|
    |acc_b_20_V_7_reg_10319                    |  15|          3|   32|         96|
    |acc_b_21_V_2_reg_1560                     |   9|          2|   32|         64|
    |acc_b_21_V_6_reg_8933                     |   9|          2|   32|         64|
    |acc_b_21_V_7_reg_10217                    |  15|          3|   32|         96|
    |acc_b_22_V_2_reg_1549                     |   9|          2|   32|         64|
    |acc_b_22_V_6_reg_8921                     |   9|          2|   32|         64|
    |acc_b_22_V_7_reg_10115                    |  15|          3|   32|         96|
    |acc_b_23_V_2_reg_1538                     |   9|          2|   32|         64|
    |acc_b_23_V_6_reg_8909                     |   9|          2|   32|         64|
    |acc_b_23_V_7_reg_10013                    |  15|          3|   32|         96|
    |acc_b_24_V_2_reg_1527                     |   9|          2|   32|         64|
    |acc_b_24_V_6_reg_8897                     |   9|          2|   32|         64|
    |acc_b_24_V_7_reg_9911                     |  15|          3|   32|         96|
    |acc_b_25_V_2_reg_1516                     |   9|          2|   32|         64|
    |acc_b_25_V_6_reg_8885                     |   9|          2|   32|         64|
    |acc_b_25_V_7_reg_9809                     |  15|          3|   32|         96|
    |acc_b_26_V_2_reg_1505                     |   9|          2|   32|         64|
    |acc_b_26_V_6_reg_8873                     |   9|          2|   32|         64|
    |acc_b_26_V_7_reg_9707                     |  15|          3|   32|         96|
    |acc_b_27_V_2_reg_1494                     |   9|          2|   32|         64|
    |acc_b_27_V_6_reg_8861                     |   9|          2|   32|         64|
    |acc_b_27_V_7_reg_9605                     |  15|          3|   32|         96|
    |acc_b_28_V_2_reg_1483                     |   9|          2|   32|         64|
    |acc_b_28_V_6_reg_8849                     |   9|          2|   32|         64|
    |acc_b_28_V_7_reg_9503                     |  15|          3|   32|         96|
    |acc_b_29_V_2_reg_1472                     |   9|          2|   32|         64|
    |acc_b_29_V_6_reg_8837                     |   9|          2|   32|         64|
    |acc_b_29_V_7_reg_9401                     |  15|          3|   32|         96|
    |acc_b_2_V_2_reg_1769                      |   9|          2|   32|         64|
    |acc_b_2_V_6_reg_9161                      |   9|          2|   32|         64|
    |acc_b_2_V_7_reg_12155                     |  15|          3|   32|         96|
    |acc_b_30_V_2_reg_1461                     |   9|          2|   32|         64|
    |acc_b_30_V_6_reg_8825                     |   9|          2|   32|         64|
    |acc_b_30_V_7_reg_9299                     |  15|          3|   32|         96|
    |acc_b_31_V_2_reg_1450                     |   9|          2|   32|         64|
    |acc_b_31_V_6_reg_8813                     |   9|          2|   32|         64|
    |acc_b_31_V_7_reg_9197                     |  15|          3|   32|         96|
    |acc_b_3_V_2_reg_1758                      |   9|          2|   32|         64|
    |acc_b_3_V_6_reg_9149                      |   9|          2|   32|         64|
    |acc_b_3_V_7_reg_12053                     |  15|          3|   32|         96|
    |acc_b_4_V_2_reg_1747                      |   9|          2|   32|         64|
    |acc_b_4_V_6_reg_9137                      |   9|          2|   32|         64|
    |acc_b_4_V_7_reg_11951                     |  15|          3|   32|         96|
    |acc_b_5_V_2_reg_1736                      |   9|          2|   32|         64|
    |acc_b_5_V_6_reg_9125                      |   9|          2|   32|         64|
    |acc_b_5_V_7_reg_11849                     |  15|          3|   32|         96|
    |acc_b_6_V_2_reg_1725                      |   9|          2|   32|         64|
    |acc_b_6_V_6_reg_9113                      |   9|          2|   32|         64|
    |acc_b_6_V_7_reg_11747                     |  15|          3|   32|         96|
    |acc_b_7_V_2_reg_1714                      |   9|          2|   32|         64|
    |acc_b_7_V_6_reg_9101                      |   9|          2|   32|         64|
    |acc_b_7_V_7_reg_11645                     |  15|          3|   32|         96|
    |acc_b_8_V_2_reg_1703                      |   9|          2|   32|         64|
    |acc_b_8_V_6_reg_9089                      |   9|          2|   32|         64|
    |acc_b_8_V_7_reg_11543                     |  15|          3|   32|         96|
    |acc_b_9_V_2_reg_1692                      |   9|          2|   32|         64|
    |acc_b_9_V_6_reg_9077                      |   9|          2|   32|         64|
    |acc_b_9_V_7_reg_11441                     |  15|          3|   32|         96|
    |acc_s_0_V_2_reg_2143                      |   9|          2|   32|         64|
    |acc_s_0_V_6_reg_12833                     |   9|          2|   32|         64|
    |acc_s_10_V_2_reg_2033                     |   9|          2|   32|         64|
    |acc_s_10_V_6_reg_12713                    |   9|          2|   32|         64|
    |acc_s_11_V_2_reg_2022                     |   9|          2|   32|         64|
    |acc_s_11_V_6_reg_12701                    |   9|          2|   32|         64|
    |acc_s_12_V_2_reg_2011                     |   9|          2|   32|         64|
    |acc_s_12_V_6_reg_12689                    |   9|          2|   32|         64|
    |acc_s_13_V_2_reg_2000                     |   9|          2|   32|         64|
    |acc_s_13_V_6_reg_12677                    |   9|          2|   32|         64|
    |acc_s_14_V_2_reg_1989                     |   9|          2|   32|         64|
    |acc_s_14_V_6_reg_12665                    |   9|          2|   32|         64|
    |acc_s_15_V_2_reg_1978                     |   9|          2|   32|         64|
    |acc_s_15_V_6_reg_12653                    |   9|          2|   32|         64|
    |acc_s_16_V_2_reg_1967                     |   9|          2|   32|         64|
    |acc_s_16_V_6_reg_12641                    |   9|          2|   32|         64|
    |acc_s_17_V_2_reg_1956                     |   9|          2|   32|         64|
    |acc_s_17_V_6_reg_12629                    |   9|          2|   32|         64|
    |acc_s_18_V_2_reg_1945                     |   9|          2|   32|         64|
    |acc_s_18_V_6_reg_12617                    |   9|          2|   32|         64|
    |acc_s_19_V_2_reg_1934                     |   9|          2|   32|         64|
    |acc_s_19_V_6_reg_12605                    |   9|          2|   32|         64|
    |acc_s_1_V_2_reg_2132                      |   9|          2|   32|         64|
    |acc_s_1_V_6_reg_12821                     |   9|          2|   32|         64|
    |acc_s_20_V_2_reg_1923                     |   9|          2|   32|         64|
    |acc_s_20_V_6_reg_12593                    |   9|          2|   32|         64|
    |acc_s_21_V_2_reg_1912                     |   9|          2|   32|         64|
    |acc_s_21_V_6_reg_12581                    |   9|          2|   32|         64|
    |acc_s_22_V_2_reg_1901                     |   9|          2|   32|         64|
    |acc_s_22_V_6_reg_12569                    |   9|          2|   32|         64|
    |acc_s_23_V_2_reg_1890                     |   9|          2|   32|         64|
    |acc_s_23_V_6_reg_12557                    |   9|          2|   32|         64|
    |acc_s_24_V_2_reg_1879                     |   9|          2|   32|         64|
    |acc_s_24_V_6_reg_12545                    |   9|          2|   32|         64|
    |acc_s_25_V_2_reg_1868                     |   9|          2|   32|         64|
    |acc_s_25_V_6_reg_12533                    |   9|          2|   32|         64|
    |acc_s_26_V_2_reg_1857                     |   9|          2|   32|         64|
    |acc_s_26_V_6_reg_12521                    |   9|          2|   32|         64|
    |acc_s_27_V_2_reg_1846                     |   9|          2|   32|         64|
    |acc_s_27_V_6_reg_12509                    |   9|          2|   32|         64|
    |acc_s_28_V_2_reg_1835                     |   9|          2|   32|         64|
    |acc_s_28_V_6_reg_12497                    |   9|          2|   32|         64|
    |acc_s_29_V_2_reg_1824                     |   9|          2|   32|         64|
    |acc_s_29_V_6_reg_12485                    |   9|          2|   32|         64|
    |acc_s_2_V_2_reg_2121                      |   9|          2|   32|         64|
    |acc_s_2_V_6_reg_12809                     |   9|          2|   32|         64|
    |acc_s_30_V_2_reg_1813                     |   9|          2|   32|         64|
    |acc_s_30_V_6_reg_12473                    |   9|          2|   32|         64|
    |acc_s_31_V_2_reg_1802                     |   9|          2|   32|         64|
    |acc_s_31_V_6_reg_12461                    |   9|          2|   32|         64|
    |acc_s_3_V_2_reg_2110                      |   9|          2|   32|         64|
    |acc_s_3_V_6_reg_12797                     |   9|          2|   32|         64|
    |acc_s_4_V_2_reg_2099                      |   9|          2|   32|         64|
    |acc_s_4_V_6_reg_12785                     |   9|          2|   32|         64|
    |acc_s_5_V_2_reg_2088                      |   9|          2|   32|         64|
    |acc_s_5_V_6_reg_12773                     |   9|          2|   32|         64|
    |acc_s_6_V_2_reg_2077                      |   9|          2|   32|         64|
    |acc_s_6_V_6_reg_12761                     |   9|          2|   32|         64|
    |acc_s_7_V_2_reg_2066                      |   9|          2|   32|         64|
    |acc_s_7_V_6_reg_12749                     |   9|          2|   32|         64|
    |acc_s_8_V_2_reg_2055                      |   9|          2|   32|         64|
    |acc_s_8_V_6_reg_12737                     |   9|          2|   32|         64|
    |acc_s_9_V_2_reg_2044                      |   9|          2|   32|         64|
    |acc_s_9_V_6_reg_12725                     |   9|          2|   32|         64|
    |ap_NS_fsm                                 |  59|         14|    1|         14|
    |ap_enable_reg_pp1_iter11                  |   9|          2|    1|          2|
    |ap_enable_reg_pp1_iter12                  |  15|          3|    1|          3|
    |ap_enable_reg_pp2_iter1                   |  15|          3|    1|          3|
    |ap_enable_reg_pp3_iter1                   |   9|          2|    1|          2|
    |ap_enable_reg_pp3_iter5                   |   9|          2|    1|          2|
    |ap_phi_mux_acc_b_0_V_3_phi_fu_5362_p64    |  15|          3|   32|         96|
    |ap_phi_mux_acc_b_0_V_6_phi_fu_9189_p4     |   9|          2|   32|         64|
    |ap_phi_mux_acc_b_10_V_3_phi_fu_4332_p64   |  15|          3|   32|         96|
    |ap_phi_mux_acc_b_10_V_6_phi_fu_9069_p4    |   9|          2|   32|         64|
    |ap_phi_mux_acc_b_11_V_3_phi_fu_4229_p64   |  15|          3|   32|         96|
    |ap_phi_mux_acc_b_11_V_6_phi_fu_9057_p4    |   9|          2|   32|         64|
    |ap_phi_mux_acc_b_12_V_3_phi_fu_4126_p64   |  15|          3|   32|         96|
    |ap_phi_mux_acc_b_12_V_6_phi_fu_9045_p4    |   9|          2|   32|         64|
    |ap_phi_mux_acc_b_13_V_3_phi_fu_4023_p64   |  15|          3|   32|         96|
    |ap_phi_mux_acc_b_13_V_6_phi_fu_9033_p4    |   9|          2|   32|         64|
    |ap_phi_mux_acc_b_14_V_3_phi_fu_3920_p64   |  15|          3|   32|         96|
    |ap_phi_mux_acc_b_14_V_6_phi_fu_9021_p4    |   9|          2|   32|         64|
    |ap_phi_mux_acc_b_15_V_3_phi_fu_3817_p64   |  15|          3|   32|         96|
    |ap_phi_mux_acc_b_15_V_6_phi_fu_9009_p4    |   9|          2|   32|         64|
    |ap_phi_mux_acc_b_16_V_3_phi_fu_3714_p64   |  15|          3|   32|         96|
    |ap_phi_mux_acc_b_16_V_6_phi_fu_8997_p4    |   9|          2|   32|         64|
    |ap_phi_mux_acc_b_17_V_3_phi_fu_3611_p64   |  15|          3|   32|         96|
    |ap_phi_mux_acc_b_17_V_6_phi_fu_8985_p4    |   9|          2|   32|         64|
    |ap_phi_mux_acc_b_18_V_3_phi_fu_3508_p64   |  15|          3|   32|         96|
    |ap_phi_mux_acc_b_18_V_6_phi_fu_8973_p4    |   9|          2|   32|         64|
    |ap_phi_mux_acc_b_19_V_3_phi_fu_3405_p64   |  15|          3|   32|         96|
    |ap_phi_mux_acc_b_19_V_6_phi_fu_8961_p4    |   9|          2|   32|         64|
    |ap_phi_mux_acc_b_1_V_3_phi_fu_5259_p64    |  15|          3|   32|         96|
    |ap_phi_mux_acc_b_1_V_6_phi_fu_9177_p4     |   9|          2|   32|         64|
    |ap_phi_mux_acc_b_20_V_3_phi_fu_3302_p64   |  15|          3|   32|         96|
    |ap_phi_mux_acc_b_20_V_6_phi_fu_8949_p4    |   9|          2|   32|         64|
    |ap_phi_mux_acc_b_21_V_3_phi_fu_3199_p64   |  15|          3|   32|         96|
    |ap_phi_mux_acc_b_21_V_6_phi_fu_8937_p4    |   9|          2|   32|         64|
    |ap_phi_mux_acc_b_22_V_3_phi_fu_3096_p64   |  15|          3|   32|         96|
    |ap_phi_mux_acc_b_22_V_6_phi_fu_8925_p4    |   9|          2|   32|         64|
    |ap_phi_mux_acc_b_23_V_3_phi_fu_2993_p64   |  15|          3|   32|         96|
    |ap_phi_mux_acc_b_23_V_6_phi_fu_8913_p4    |   9|          2|   32|         64|
    |ap_phi_mux_acc_b_24_V_3_phi_fu_2890_p64   |  15|          3|   32|         96|
    |ap_phi_mux_acc_b_24_V_6_phi_fu_8901_p4    |   9|          2|   32|         64|
    |ap_phi_mux_acc_b_25_V_3_phi_fu_2787_p64   |  15|          3|   32|         96|
    |ap_phi_mux_acc_b_25_V_6_phi_fu_8889_p4    |   9|          2|   32|         64|
    |ap_phi_mux_acc_b_26_V_3_phi_fu_2684_p64   |  15|          3|   32|         96|
    |ap_phi_mux_acc_b_26_V_6_phi_fu_8877_p4    |   9|          2|   32|         64|
    |ap_phi_mux_acc_b_27_V_3_phi_fu_2581_p64   |  15|          3|   32|         96|
    |ap_phi_mux_acc_b_27_V_6_phi_fu_8865_p4    |   9|          2|   32|         64|
    |ap_phi_mux_acc_b_28_V_3_phi_fu_2478_p64   |  15|          3|   32|         96|
    |ap_phi_mux_acc_b_28_V_6_phi_fu_8853_p4    |   9|          2|   32|         64|
    |ap_phi_mux_acc_b_29_V_3_phi_fu_2375_p64   |  15|          3|   32|         96|
    |ap_phi_mux_acc_b_29_V_6_phi_fu_8841_p4    |   9|          2|   32|         64|
    |ap_phi_mux_acc_b_2_V_3_phi_fu_5156_p64    |  15|          3|   32|         96|
    |ap_phi_mux_acc_b_2_V_6_phi_fu_9165_p4     |   9|          2|   32|         64|
    |ap_phi_mux_acc_b_30_V_3_phi_fu_2272_p64   |  15|          3|   32|         96|
    |ap_phi_mux_acc_b_30_V_6_phi_fu_8829_p4    |   9|          2|   32|         64|
    |ap_phi_mux_acc_b_31_V_3_phi_fu_2169_p64   |  15|          3|   32|         96|
    |ap_phi_mux_acc_b_31_V_6_phi_fu_8817_p4    |   9|          2|   32|         64|
    |ap_phi_mux_acc_b_3_V_3_phi_fu_5053_p64    |  15|          3|   32|         96|
    |ap_phi_mux_acc_b_3_V_6_phi_fu_9153_p4     |   9|          2|   32|         64|
    |ap_phi_mux_acc_b_4_V_3_phi_fu_4950_p64    |  15|          3|   32|         96|
    |ap_phi_mux_acc_b_4_V_6_phi_fu_9141_p4     |   9|          2|   32|         64|
    |ap_phi_mux_acc_b_5_V_3_phi_fu_4847_p64    |  15|          3|   32|         96|
    |ap_phi_mux_acc_b_5_V_6_phi_fu_9129_p4     |   9|          2|   32|         64|
    |ap_phi_mux_acc_b_6_V_3_phi_fu_4744_p64    |  15|          3|   32|         96|
    |ap_phi_mux_acc_b_6_V_6_phi_fu_9117_p4     |   9|          2|   32|         64|
    |ap_phi_mux_acc_b_7_V_3_phi_fu_4641_p64    |  15|          3|   32|         96|
    |ap_phi_mux_acc_b_7_V_6_phi_fu_9105_p4     |   9|          2|   32|         64|
    |ap_phi_mux_acc_b_8_V_3_phi_fu_4538_p64    |  15|          3|   32|         96|
    |ap_phi_mux_acc_b_8_V_6_phi_fu_9093_p4     |   9|          2|   32|         64|
    |ap_phi_mux_acc_b_9_V_3_phi_fu_4435_p64    |  15|          3|   32|         96|
    |ap_phi_mux_acc_b_9_V_6_phi_fu_9081_p4     |   9|          2|   32|         64|
    |ap_phi_mux_acc_s_0_V_3_phi_fu_8658_p64    |  15|          3|   32|         96|
    |ap_phi_mux_acc_s_0_V_6_phi_fu_12837_p4    |   9|          2|   32|         64|
    |ap_phi_mux_acc_s_0_V_7_phi_fu_16011_p64   |  15|          3|   32|         96|
    |ap_phi_mux_acc_s_10_V_3_phi_fu_7628_p64   |  15|          3|   32|         96|
    |ap_phi_mux_acc_s_10_V_6_phi_fu_12717_p4   |   9|          2|   32|         64|
    |ap_phi_mux_acc_s_10_V_7_phi_fu_14991_p64  |  15|          3|   32|         96|
    |ap_phi_mux_acc_s_11_V_3_phi_fu_7525_p64   |  15|          3|   32|         96|
    |ap_phi_mux_acc_s_11_V_6_phi_fu_12705_p4   |   9|          2|   32|         64|
    |ap_phi_mux_acc_s_11_V_7_phi_fu_14889_p64  |  15|          3|   32|         96|
    |ap_phi_mux_acc_s_12_V_3_phi_fu_7422_p64   |  15|          3|   32|         96|
    |ap_phi_mux_acc_s_12_V_6_phi_fu_12693_p4   |   9|          2|   32|         64|
    |ap_phi_mux_acc_s_12_V_7_phi_fu_14787_p64  |  15|          3|   32|         96|
    |ap_phi_mux_acc_s_13_V_3_phi_fu_7319_p64   |  15|          3|   32|         96|
    |ap_phi_mux_acc_s_13_V_6_phi_fu_12681_p4   |   9|          2|   32|         64|
    |ap_phi_mux_acc_s_13_V_7_phi_fu_14685_p64  |  15|          3|   32|         96|
    |ap_phi_mux_acc_s_14_V_3_phi_fu_7216_p64   |  15|          3|   32|         96|
    |ap_phi_mux_acc_s_14_V_6_phi_fu_12669_p4   |   9|          2|   32|         64|
    |ap_phi_mux_acc_s_14_V_7_phi_fu_14583_p64  |  15|          3|   32|         96|
    |ap_phi_mux_acc_s_15_V_3_phi_fu_7113_p64   |  15|          3|   32|         96|
    |ap_phi_mux_acc_s_15_V_6_phi_fu_12657_p4   |   9|          2|   32|         64|
    |ap_phi_mux_acc_s_15_V_7_phi_fu_14481_p64  |  15|          3|   32|         96|
    |ap_phi_mux_acc_s_16_V_3_phi_fu_7010_p64   |  15|          3|   32|         96|
    |ap_phi_mux_acc_s_16_V_6_phi_fu_12645_p4   |   9|          2|   32|         64|
    |ap_phi_mux_acc_s_16_V_7_phi_fu_14379_p64  |  15|          3|   32|         96|
    |ap_phi_mux_acc_s_17_V_3_phi_fu_6907_p64   |  15|          3|   32|         96|
    |ap_phi_mux_acc_s_17_V_6_phi_fu_12633_p4   |   9|          2|   32|         64|
    |ap_phi_mux_acc_s_17_V_7_phi_fu_14277_p64  |  15|          3|   32|         96|
    |ap_phi_mux_acc_s_18_V_3_phi_fu_6804_p64   |  15|          3|   32|         96|
    |ap_phi_mux_acc_s_18_V_6_phi_fu_12621_p4   |   9|          2|   32|         64|
    |ap_phi_mux_acc_s_18_V_7_phi_fu_14175_p64  |  15|          3|   32|         96|
    |ap_phi_mux_acc_s_19_V_3_phi_fu_6701_p64   |  15|          3|   32|         96|
    |ap_phi_mux_acc_s_19_V_6_phi_fu_12609_p4   |   9|          2|   32|         64|
    |ap_phi_mux_acc_s_19_V_7_phi_fu_14073_p64  |  15|          3|   32|         96|
    |ap_phi_mux_acc_s_1_V_3_phi_fu_8555_p64    |  15|          3|   32|         96|
    |ap_phi_mux_acc_s_1_V_6_phi_fu_12825_p4    |   9|          2|   32|         64|
    |ap_phi_mux_acc_s_1_V_7_phi_fu_15909_p64   |  15|          3|   32|         96|
    |ap_phi_mux_acc_s_20_V_3_phi_fu_6598_p64   |  15|          3|   32|         96|
    |ap_phi_mux_acc_s_20_V_6_phi_fu_12597_p4   |   9|          2|   32|         64|
    |ap_phi_mux_acc_s_20_V_7_phi_fu_13971_p64  |  15|          3|   32|         96|
    |ap_phi_mux_acc_s_21_V_3_phi_fu_6495_p64   |  15|          3|   32|         96|
    |ap_phi_mux_acc_s_21_V_6_phi_fu_12585_p4   |   9|          2|   32|         64|
    |ap_phi_mux_acc_s_21_V_7_phi_fu_13869_p64  |  15|          3|   32|         96|
    |ap_phi_mux_acc_s_22_V_3_phi_fu_6392_p64   |  15|          3|   32|         96|
    |ap_phi_mux_acc_s_22_V_6_phi_fu_12573_p4   |   9|          2|   32|         64|
    |ap_phi_mux_acc_s_22_V_7_phi_fu_13767_p64  |  15|          3|   32|         96|
    |ap_phi_mux_acc_s_23_V_3_phi_fu_6289_p64   |  15|          3|   32|         96|
    |ap_phi_mux_acc_s_23_V_6_phi_fu_12561_p4   |   9|          2|   32|         64|
    |ap_phi_mux_acc_s_23_V_7_phi_fu_13665_p64  |  15|          3|   32|         96|
    |ap_phi_mux_acc_s_24_V_3_phi_fu_6186_p64   |  15|          3|   32|         96|
    |ap_phi_mux_acc_s_24_V_6_phi_fu_12549_p4   |   9|          2|   32|         64|
    |ap_phi_mux_acc_s_24_V_7_phi_fu_13563_p64  |  15|          3|   32|         96|
    |ap_phi_mux_acc_s_25_V_3_phi_fu_6083_p64   |  15|          3|   32|         96|
    |ap_phi_mux_acc_s_25_V_6_phi_fu_12537_p4   |   9|          2|   32|         64|
    |ap_phi_mux_acc_s_25_V_7_phi_fu_13461_p64  |  15|          3|   32|         96|
    |ap_phi_mux_acc_s_26_V_3_phi_fu_5980_p64   |  15|          3|   32|         96|
    |ap_phi_mux_acc_s_26_V_6_phi_fu_12525_p4   |   9|          2|   32|         64|
    |ap_phi_mux_acc_s_26_V_7_phi_fu_13359_p64  |  15|          3|   32|         96|
    |ap_phi_mux_acc_s_27_V_3_phi_fu_5877_p64   |  15|          3|   32|         96|
    |ap_phi_mux_acc_s_27_V_6_phi_fu_12513_p4   |   9|          2|   32|         64|
    |ap_phi_mux_acc_s_27_V_7_phi_fu_13257_p64  |  15|          3|   32|         96|
    |ap_phi_mux_acc_s_28_V_3_phi_fu_5774_p64   |  15|          3|   32|         96|
    |ap_phi_mux_acc_s_28_V_6_phi_fu_12501_p4   |   9|          2|   32|         64|
    |ap_phi_mux_acc_s_28_V_7_phi_fu_13155_p64  |  15|          3|   32|         96|
    |ap_phi_mux_acc_s_29_V_3_phi_fu_5671_p64   |  15|          3|   32|         96|
    |ap_phi_mux_acc_s_29_V_6_phi_fu_12489_p4   |   9|          2|   32|         64|
    |ap_phi_mux_acc_s_29_V_7_phi_fu_13053_p64  |  15|          3|   32|         96|
    |ap_phi_mux_acc_s_2_V_3_phi_fu_8452_p64    |  15|          3|   32|         96|
    |ap_phi_mux_acc_s_2_V_6_phi_fu_12813_p4    |   9|          2|   32|         64|
    |ap_phi_mux_acc_s_2_V_7_phi_fu_15807_p64   |  15|          3|   32|         96|
    |ap_phi_mux_acc_s_30_V_3_phi_fu_5568_p64   |  15|          3|   32|         96|
    |ap_phi_mux_acc_s_30_V_6_phi_fu_12477_p4   |   9|          2|   32|         64|
    |ap_phi_mux_acc_s_30_V_7_phi_fu_12951_p64  |  15|          3|   32|         96|
    |ap_phi_mux_acc_s_31_V_3_phi_fu_5465_p64   |  15|          3|   32|         96|
    |ap_phi_mux_acc_s_31_V_6_phi_fu_12465_p4   |   9|          2|   32|         64|
    |ap_phi_mux_acc_s_31_V_7_phi_fu_12849_p64  |  15|          3|   32|         96|
    |ap_phi_mux_acc_s_3_V_3_phi_fu_8349_p64    |  15|          3|   32|         96|
    |ap_phi_mux_acc_s_3_V_6_phi_fu_12801_p4    |   9|          2|   32|         64|
    |ap_phi_mux_acc_s_3_V_7_phi_fu_15705_p64   |  15|          3|   32|         96|
    |ap_phi_mux_acc_s_4_V_3_phi_fu_8246_p64    |  15|          3|   32|         96|
    |ap_phi_mux_acc_s_4_V_6_phi_fu_12789_p4    |   9|          2|   32|         64|
    |ap_phi_mux_acc_s_4_V_7_phi_fu_15603_p64   |  15|          3|   32|         96|
    |ap_phi_mux_acc_s_5_V_3_phi_fu_8143_p64    |  15|          3|   32|         96|
    |ap_phi_mux_acc_s_5_V_6_phi_fu_12777_p4    |   9|          2|   32|         64|
    |ap_phi_mux_acc_s_5_V_7_phi_fu_15501_p64   |  15|          3|   32|         96|
    |ap_phi_mux_acc_s_6_V_3_phi_fu_8040_p64    |  15|          3|   32|         96|
    |ap_phi_mux_acc_s_6_V_6_phi_fu_12765_p4    |   9|          2|   32|         64|
    |ap_phi_mux_acc_s_6_V_7_phi_fu_15399_p64   |  15|          3|   32|         96|
    |ap_phi_mux_acc_s_7_V_3_phi_fu_7937_p64    |  15|          3|   32|         96|
    |ap_phi_mux_acc_s_7_V_6_phi_fu_12753_p4    |   9|          2|   32|         64|
    |ap_phi_mux_acc_s_7_V_7_phi_fu_15297_p64   |  15|          3|   32|         96|
    |ap_phi_mux_acc_s_8_V_3_phi_fu_7834_p64    |  15|          3|   32|         96|
    |ap_phi_mux_acc_s_8_V_6_phi_fu_12741_p4    |   9|          2|   32|         64|
    |ap_phi_mux_acc_s_8_V_7_phi_fu_15195_p64   |  15|          3|   32|         96|
    |ap_phi_mux_acc_s_9_V_3_phi_fu_7731_p64    |  15|          3|   32|         96|
    |ap_phi_mux_acc_s_9_V_6_phi_fu_12729_p4    |   9|          2|   32|         64|
    |ap_phi_mux_acc_s_9_V_7_phi_fu_15093_p64   |  15|          3|   32|         96|
    |ap_phi_mux_i_0_phi_fu_8806_p4             |   9|          2|    5|         10|
    |ap_phi_mux_t_0_phi_fu_8783_p4             |   9|          2|    4|          8|
    |c2_lut_b_V_0_address0                     |  21|          4|    4|         16|
    |c2_lut_b_V_1_address0                     |  21|          4|    4|         16|
    |c2_lut_b_V_2_address0                     |  21|          4|    4|         16|
    |c2_lut_b_V_3_address0                     |  21|          4|    4|         16|
    |c2_lut_s_V_address0                       |  21|          4|    4|         16|
    |f1_V_address0                             |  21|          4|   12|         48|
    |i_0_reg_8802                              |   9|          2|    5|         10|
    |indvar_flatten229_reg_8757                |   9|          2|   13|         26|
    |indvar_flatten237_reg_649                 |   9|          2|    6|         12|
    |indvar_flatten_reg_8768                   |   9|          2|   10|         20|
    |o10_0_reg_16131                           |   9|          2|    6|         12|
    |o7_0_reg_8791                             |   9|          2|    6|         12|
    |o9_0_reg_16109                            |   9|          2|    6|         12|
    |o_0_reg_2154                              |   9|          2|    6|         12|
    |p_0_reg_16143                             |   9|          2|    6|         12|
    |phi_mul35_reg_16154                       |   9|          2|   12|         24|
    |phi_mul_reg_16120                         |   9|          2|   11|         22|
    |phi_urem_reg_16165                        |   9|          2|    6|         12|
    |t_0_reg_8779                              |   9|          2|    4|          8|
    |v_map_V_address0                          |  15|          3|   11|         33|
    |v_map_V_ce0                               |  15|          3|    1|          3|
    |x_0_reg_1439                              |   9|          2|    3|          6|
    |y_0_reg_660                               |   9|          2|    3|          6|
    |yb_address0                               |  15|          3|    6|         18|
    |yb_ce0                                    |  15|          3|    1|          3|
    |yb_we0                                    |   9|          2|    1|          2|
    +------------------------------------------+----+-----------+-----+-----------+
    |Total                                     |4112|        866|10410|      25013|
    +------------------------------------------+----+-----------+-----+-----------+

    * Register: 
    +---------------------------------------------+----+----+-----+-----------+
    |                     Name                    | FF | LUT| Bits| Const Bits|
    +---------------------------------------------+----+----+-----+-----------+
    |acc_b_0_V_1_reg_1043                         |  32|   0|   32|          0|
    |acc_b_0_V_2_reg_1791                         |  32|   0|   32|          0|
    |acc_b_0_V_6_reg_9185                         |  32|   0|   32|          0|
    |acc_b_0_V_7_reg_12359                        |  32|   0|   32|          0|
    |acc_b_10_V_1_reg_923                         |  32|   0|   32|          0|
    |acc_b_10_V_2_reg_1681                        |  32|   0|   32|          0|
    |acc_b_10_V_6_reg_9065                        |  32|   0|   32|          0|
    |acc_b_10_V_7_reg_11339                       |  32|   0|   32|          0|
    |acc_b_11_V_1_reg_911                         |  32|   0|   32|          0|
    |acc_b_11_V_2_reg_1670                        |  32|   0|   32|          0|
    |acc_b_11_V_6_reg_9053                        |  32|   0|   32|          0|
    |acc_b_11_V_7_reg_11237                       |  32|   0|   32|          0|
    |acc_b_12_V_1_reg_899                         |  32|   0|   32|          0|
    |acc_b_12_V_2_reg_1659                        |  32|   0|   32|          0|
    |acc_b_12_V_6_reg_9041                        |  32|   0|   32|          0|
    |acc_b_12_V_7_reg_11135                       |  32|   0|   32|          0|
    |acc_b_13_V_1_reg_887                         |  32|   0|   32|          0|
    |acc_b_13_V_2_reg_1648                        |  32|   0|   32|          0|
    |acc_b_13_V_6_reg_9029                        |  32|   0|   32|          0|
    |acc_b_13_V_7_reg_11033                       |  32|   0|   32|          0|
    |acc_b_14_V_1_reg_875                         |  32|   0|   32|          0|
    |acc_b_14_V_2_reg_1637                        |  32|   0|   32|          0|
    |acc_b_14_V_6_reg_9017                        |  32|   0|   32|          0|
    |acc_b_14_V_7_reg_10931                       |  32|   0|   32|          0|
    |acc_b_15_V_1_reg_863                         |  32|   0|   32|          0|
    |acc_b_15_V_2_reg_1626                        |  32|   0|   32|          0|
    |acc_b_15_V_6_reg_9005                        |  32|   0|   32|          0|
    |acc_b_15_V_7_reg_10829                       |  32|   0|   32|          0|
    |acc_b_16_V_1_reg_851                         |  32|   0|   32|          0|
    |acc_b_16_V_2_reg_1615                        |  32|   0|   32|          0|
    |acc_b_16_V_6_reg_8993                        |  32|   0|   32|          0|
    |acc_b_16_V_7_reg_10727                       |  32|   0|   32|          0|
    |acc_b_17_V_1_reg_839                         |  32|   0|   32|          0|
    |acc_b_17_V_2_reg_1604                        |  32|   0|   32|          0|
    |acc_b_17_V_6_reg_8981                        |  32|   0|   32|          0|
    |acc_b_17_V_7_reg_10625                       |  32|   0|   32|          0|
    |acc_b_18_V_1_reg_827                         |  32|   0|   32|          0|
    |acc_b_18_V_2_reg_1593                        |  32|   0|   32|          0|
    |acc_b_18_V_6_reg_8969                        |  32|   0|   32|          0|
    |acc_b_18_V_7_reg_10523                       |  32|   0|   32|          0|
    |acc_b_19_V_1_reg_815                         |  32|   0|   32|          0|
    |acc_b_19_V_2_reg_1582                        |  32|   0|   32|          0|
    |acc_b_19_V_6_reg_8957                        |  32|   0|   32|          0|
    |acc_b_19_V_7_reg_10421                       |  32|   0|   32|          0|
    |acc_b_1_V_1_reg_1031                         |  32|   0|   32|          0|
    |acc_b_1_V_2_reg_1780                         |  32|   0|   32|          0|
    |acc_b_1_V_6_reg_9173                         |  32|   0|   32|          0|
    |acc_b_1_V_7_reg_12257                        |  32|   0|   32|          0|
    |acc_b_20_V_1_reg_803                         |  32|   0|   32|          0|
    |acc_b_20_V_2_reg_1571                        |  32|   0|   32|          0|
    |acc_b_20_V_6_reg_8945                        |  32|   0|   32|          0|
    |acc_b_20_V_7_reg_10319                       |  32|   0|   32|          0|
    |acc_b_21_V_1_reg_791                         |  32|   0|   32|          0|
    |acc_b_21_V_2_reg_1560                        |  32|   0|   32|          0|
    |acc_b_21_V_6_reg_8933                        |  32|   0|   32|          0|
    |acc_b_21_V_7_reg_10217                       |  32|   0|   32|          0|
    |acc_b_22_V_1_reg_779                         |  32|   0|   32|          0|
    |acc_b_22_V_2_reg_1549                        |  32|   0|   32|          0|
    |acc_b_22_V_6_reg_8921                        |  32|   0|   32|          0|
    |acc_b_22_V_7_reg_10115                       |  32|   0|   32|          0|
    |acc_b_23_V_1_reg_767                         |  32|   0|   32|          0|
    |acc_b_23_V_2_reg_1538                        |  32|   0|   32|          0|
    |acc_b_23_V_6_reg_8909                        |  32|   0|   32|          0|
    |acc_b_23_V_7_reg_10013                       |  32|   0|   32|          0|
    |acc_b_24_V_1_reg_755                         |  32|   0|   32|          0|
    |acc_b_24_V_2_reg_1527                        |  32|   0|   32|          0|
    |acc_b_24_V_6_reg_8897                        |  32|   0|   32|          0|
    |acc_b_24_V_7_reg_9911                        |  32|   0|   32|          0|
    |acc_b_25_V_1_reg_743                         |  32|   0|   32|          0|
    |acc_b_25_V_2_reg_1516                        |  32|   0|   32|          0|
    |acc_b_25_V_6_reg_8885                        |  32|   0|   32|          0|
    |acc_b_25_V_7_reg_9809                        |  32|   0|   32|          0|
    |acc_b_26_V_1_reg_731                         |  32|   0|   32|          0|
    |acc_b_26_V_2_reg_1505                        |  32|   0|   32|          0|
    |acc_b_26_V_6_reg_8873                        |  32|   0|   32|          0|
    |acc_b_26_V_7_reg_9707                        |  32|   0|   32|          0|
    |acc_b_27_V_1_reg_719                         |  32|   0|   32|          0|
    |acc_b_27_V_2_reg_1494                        |  32|   0|   32|          0|
    |acc_b_27_V_6_reg_8861                        |  32|   0|   32|          0|
    |acc_b_27_V_7_reg_9605                        |  32|   0|   32|          0|
    |acc_b_28_V_1_reg_707                         |  32|   0|   32|          0|
    |acc_b_28_V_2_reg_1483                        |  32|   0|   32|          0|
    |acc_b_28_V_6_reg_8849                        |  32|   0|   32|          0|
    |acc_b_28_V_7_reg_9503                        |  32|   0|   32|          0|
    |acc_b_29_V_1_reg_695                         |  32|   0|   32|          0|
    |acc_b_29_V_2_reg_1472                        |  32|   0|   32|          0|
    |acc_b_29_V_6_reg_8837                        |  32|   0|   32|          0|
    |acc_b_29_V_7_reg_9401                        |  32|   0|   32|          0|
    |acc_b_2_V_1_reg_1019                         |  32|   0|   32|          0|
    |acc_b_2_V_2_reg_1769                         |  32|   0|   32|          0|
    |acc_b_2_V_6_reg_9161                         |  32|   0|   32|          0|
    |acc_b_2_V_7_reg_12155                        |  32|   0|   32|          0|
    |acc_b_30_V_1_reg_683                         |  32|   0|   32|          0|
    |acc_b_30_V_2_reg_1461                        |  32|   0|   32|          0|
    |acc_b_30_V_6_reg_8825                        |  32|   0|   32|          0|
    |acc_b_30_V_7_reg_9299                        |  32|   0|   32|          0|
    |acc_b_31_V_1_reg_671                         |  32|   0|   32|          0|
    |acc_b_31_V_2_reg_1450                        |  32|   0|   32|          0|
    |acc_b_31_V_6_reg_8813                        |  32|   0|   32|          0|
    |acc_b_31_V_7_reg_9197                        |  32|   0|   32|          0|
    |acc_b_3_V_1_reg_1007                         |  32|   0|   32|          0|
    |acc_b_3_V_2_reg_1758                         |  32|   0|   32|          0|
    |acc_b_3_V_6_reg_9149                         |  32|   0|   32|          0|
    |acc_b_3_V_7_reg_12053                        |  32|   0|   32|          0|
    |acc_b_4_V_1_reg_995                          |  32|   0|   32|          0|
    |acc_b_4_V_2_reg_1747                         |  32|   0|   32|          0|
    |acc_b_4_V_6_reg_9137                         |  32|   0|   32|          0|
    |acc_b_4_V_7_reg_11951                        |  32|   0|   32|          0|
    |acc_b_5_V_1_reg_983                          |  32|   0|   32|          0|
    |acc_b_5_V_2_reg_1736                         |  32|   0|   32|          0|
    |acc_b_5_V_6_reg_9125                         |  32|   0|   32|          0|
    |acc_b_5_V_7_reg_11849                        |  32|   0|   32|          0|
    |acc_b_6_V_1_reg_971                          |  32|   0|   32|          0|
    |acc_b_6_V_2_reg_1725                         |  32|   0|   32|          0|
    |acc_b_6_V_6_reg_9113                         |  32|   0|   32|          0|
    |acc_b_6_V_7_reg_11747                        |  32|   0|   32|          0|
    |acc_b_7_V_1_reg_959                          |  32|   0|   32|          0|
    |acc_b_7_V_2_reg_1714                         |  32|   0|   32|          0|
    |acc_b_7_V_6_reg_9101                         |  32|   0|   32|          0|
    |acc_b_7_V_7_reg_11645                        |  32|   0|   32|          0|
    |acc_b_8_V_1_reg_947                          |  32|   0|   32|          0|
    |acc_b_8_V_2_reg_1703                         |  32|   0|   32|          0|
    |acc_b_8_V_6_reg_9089                         |  32|   0|   32|          0|
    |acc_b_8_V_7_reg_11543                        |  32|   0|   32|          0|
    |acc_b_9_V_1_reg_935                          |  32|   0|   32|          0|
    |acc_b_9_V_2_reg_1692                         |  32|   0|   32|          0|
    |acc_b_9_V_6_reg_9077                         |  32|   0|   32|          0|
    |acc_b_9_V_7_reg_11441                        |  32|   0|   32|          0|
    |acc_s_0_V_1_reg_1427                         |  32|   0|   32|          0|
    |acc_s_0_V_2_reg_2143                         |  32|   0|   32|          0|
    |acc_s_0_V_6_reg_12833                        |  32|   0|   32|          0|
    |acc_s_10_V_1_reg_1307                        |  32|   0|   32|          0|
    |acc_s_10_V_2_reg_2033                        |  32|   0|   32|          0|
    |acc_s_10_V_6_reg_12713                       |  32|   0|   32|          0|
    |acc_s_11_V_1_reg_1295                        |  32|   0|   32|          0|
    |acc_s_11_V_2_reg_2022                        |  32|   0|   32|          0|
    |acc_s_11_V_6_reg_12701                       |  32|   0|   32|          0|
    |acc_s_12_V_1_reg_1283                        |  32|   0|   32|          0|
    |acc_s_12_V_2_reg_2011                        |  32|   0|   32|          0|
    |acc_s_12_V_6_reg_12689                       |  32|   0|   32|          0|
    |acc_s_13_V_1_reg_1271                        |  32|   0|   32|          0|
    |acc_s_13_V_2_reg_2000                        |  32|   0|   32|          0|
    |acc_s_13_V_6_reg_12677                       |  32|   0|   32|          0|
    |acc_s_14_V_1_reg_1259                        |  32|   0|   32|          0|
    |acc_s_14_V_2_reg_1989                        |  32|   0|   32|          0|
    |acc_s_14_V_6_reg_12665                       |  32|   0|   32|          0|
    |acc_s_15_V_1_reg_1247                        |  32|   0|   32|          0|
    |acc_s_15_V_2_reg_1978                        |  32|   0|   32|          0|
    |acc_s_15_V_6_reg_12653                       |  32|   0|   32|          0|
    |acc_s_16_V_1_reg_1235                        |  32|   0|   32|          0|
    |acc_s_16_V_2_reg_1967                        |  32|   0|   32|          0|
    |acc_s_16_V_6_reg_12641                       |  32|   0|   32|          0|
    |acc_s_17_V_1_reg_1223                        |  32|   0|   32|          0|
    |acc_s_17_V_2_reg_1956                        |  32|   0|   32|          0|
    |acc_s_17_V_6_reg_12629                       |  32|   0|   32|          0|
    |acc_s_18_V_1_reg_1211                        |  32|   0|   32|          0|
    |acc_s_18_V_2_reg_1945                        |  32|   0|   32|          0|
    |acc_s_18_V_6_reg_12617                       |  32|   0|   32|          0|
    |acc_s_19_V_1_reg_1199                        |  32|   0|   32|          0|
    |acc_s_19_V_2_reg_1934                        |  32|   0|   32|          0|
    |acc_s_19_V_6_reg_12605                       |  32|   0|   32|          0|
    |acc_s_1_V_1_reg_1415                         |  32|   0|   32|          0|
    |acc_s_1_V_2_reg_2132                         |  32|   0|   32|          0|
    |acc_s_1_V_6_reg_12821                        |  32|   0|   32|          0|
    |acc_s_20_V_1_reg_1187                        |  32|   0|   32|          0|
    |acc_s_20_V_2_reg_1923                        |  32|   0|   32|          0|
    |acc_s_20_V_6_reg_12593                       |  32|   0|   32|          0|
    |acc_s_21_V_1_reg_1175                        |  32|   0|   32|          0|
    |acc_s_21_V_2_reg_1912                        |  32|   0|   32|          0|
    |acc_s_21_V_6_reg_12581                       |  32|   0|   32|          0|
    |acc_s_22_V_1_reg_1163                        |  32|   0|   32|          0|
    |acc_s_22_V_2_reg_1901                        |  32|   0|   32|          0|
    |acc_s_22_V_6_reg_12569                       |  32|   0|   32|          0|
    |acc_s_23_V_1_reg_1151                        |  32|   0|   32|          0|
    |acc_s_23_V_2_reg_1890                        |  32|   0|   32|          0|
    |acc_s_23_V_6_reg_12557                       |  32|   0|   32|          0|
    |acc_s_24_V_1_reg_1139                        |  32|   0|   32|          0|
    |acc_s_24_V_2_reg_1879                        |  32|   0|   32|          0|
    |acc_s_24_V_6_reg_12545                       |  32|   0|   32|          0|
    |acc_s_25_V_1_reg_1127                        |  32|   0|   32|          0|
    |acc_s_25_V_2_reg_1868                        |  32|   0|   32|          0|
    |acc_s_25_V_6_reg_12533                       |  32|   0|   32|          0|
    |acc_s_26_V_1_reg_1115                        |  32|   0|   32|          0|
    |acc_s_26_V_2_reg_1857                        |  32|   0|   32|          0|
    |acc_s_26_V_6_reg_12521                       |  32|   0|   32|          0|
    |acc_s_27_V_1_reg_1103                        |  32|   0|   32|          0|
    |acc_s_27_V_2_reg_1846                        |  32|   0|   32|          0|
    |acc_s_27_V_6_reg_12509                       |  32|   0|   32|          0|
    |acc_s_28_V_1_reg_1091                        |  32|   0|   32|          0|
    |acc_s_28_V_2_reg_1835                        |  32|   0|   32|          0|
    |acc_s_28_V_6_reg_12497                       |  32|   0|   32|          0|
    |acc_s_29_V_1_reg_1079                        |  32|   0|   32|          0|
    |acc_s_29_V_2_reg_1824                        |  32|   0|   32|          0|
    |acc_s_29_V_6_reg_12485                       |  32|   0|   32|          0|
    |acc_s_2_V_1_reg_1403                         |  32|   0|   32|          0|
    |acc_s_2_V_2_reg_2121                         |  32|   0|   32|          0|
    |acc_s_2_V_6_reg_12809                        |  32|   0|   32|          0|
    |acc_s_30_V_1_reg_1067                        |  32|   0|   32|          0|
    |acc_s_30_V_2_reg_1813                        |  32|   0|   32|          0|
    |acc_s_30_V_6_reg_12473                       |  32|   0|   32|          0|
    |acc_s_31_V_1_reg_1055                        |  32|   0|   32|          0|
    |acc_s_31_V_2_reg_1802                        |  32|   0|   32|          0|
    |acc_s_31_V_6_reg_12461                       |  32|   0|   32|          0|
    |acc_s_3_V_1_reg_1391                         |  32|   0|   32|          0|
    |acc_s_3_V_2_reg_2110                         |  32|   0|   32|          0|
    |acc_s_3_V_6_reg_12797                        |  32|   0|   32|          0|
    |acc_s_4_V_1_reg_1379                         |  32|   0|   32|          0|
    |acc_s_4_V_2_reg_2099                         |  32|   0|   32|          0|
    |acc_s_4_V_6_reg_12785                        |  32|   0|   32|          0|
    |acc_s_5_V_1_reg_1367                         |  32|   0|   32|          0|
    |acc_s_5_V_2_reg_2088                         |  32|   0|   32|          0|
    |acc_s_5_V_6_reg_12773                        |  32|   0|   32|          0|
    |acc_s_6_V_1_reg_1355                         |  32|   0|   32|          0|
    |acc_s_6_V_2_reg_2077                         |  32|   0|   32|          0|
    |acc_s_6_V_6_reg_12761                        |  32|   0|   32|          0|
    |acc_s_7_V_1_reg_1343                         |  32|   0|   32|          0|
    |acc_s_7_V_2_reg_2066                         |  32|   0|   32|          0|
    |acc_s_7_V_6_reg_12749                        |  32|   0|   32|          0|
    |acc_s_8_V_1_reg_1331                         |  32|   0|   32|          0|
    |acc_s_8_V_2_reg_2055                         |  32|   0|   32|          0|
    |acc_s_8_V_6_reg_12737                        |  32|   0|   32|          0|
    |acc_s_9_V_1_reg_1319                         |  32|   0|   32|          0|
    |acc_s_9_V_2_reg_2044                         |  32|   0|   32|          0|
    |acc_s_9_V_6_reg_12725                        |  32|   0|   32|          0|
    |add_ln160_reg_18600                          |  16|   0|   16|          0|
    |add_ln180_4_reg_18507                        |  12|   0|   12|          0|
    |add_ln28_reg_18107                           |   6|   0|    6|          0|
    |add_ln42_6_reg_18295                         |   4|   0|    4|          0|
    |add_ln42_reg_18257                           |   4|   0|    4|          0|
    |add_ln43_6_reg_18300                         |   4|   0|    4|          0|
    |add_ln43_reg_18262                           |   4|   0|    4|          0|
    |add_ln700_53_reg_18483                       |  32|   0|   32|          0|
    |add_ln700_reg_18478                          |  19|   0|   19|          0|
    |and_ln38_reg_18218                           |   1|   0|    1|          0|
    |and_ln44_3_reg_18313                         |   1|   0|    1|          0|
    |and_ln44_reg_18167                           |   1|   0|    1|          0|
    |ap_CS_fsm                                    |  13|   0|   13|          0|
    |ap_enable_reg_pp1_iter0                      |   1|   0|    1|          0|
    |ap_enable_reg_pp1_iter1                      |   1|   0|    1|          0|
    |ap_enable_reg_pp1_iter10                     |   1|   0|    1|          0|
    |ap_enable_reg_pp1_iter11                     |   1|   0|    1|          0|
    |ap_enable_reg_pp1_iter12                     |   1|   0|    1|          0|
    |ap_enable_reg_pp1_iter2                      |   1|   0|    1|          0|
    |ap_enable_reg_pp1_iter3                      |   1|   0|    1|          0|
    |ap_enable_reg_pp1_iter4                      |   1|   0|    1|          0|
    |ap_enable_reg_pp1_iter5                      |   1|   0|    1|          0|
    |ap_enable_reg_pp1_iter6                      |   1|   0|    1|          0|
    |ap_enable_reg_pp1_iter7                      |   1|   0|    1|          0|
    |ap_enable_reg_pp1_iter8                      |   1|   0|    1|          0|
    |ap_enable_reg_pp1_iter9                      |   1|   0|    1|          0|
    |ap_enable_reg_pp2_iter0                      |   1|   0|    1|          0|
    |ap_enable_reg_pp2_iter1                      |   1|   0|    1|          0|
    |ap_enable_reg_pp3_iter0                      |   1|   0|    1|          0|
    |ap_enable_reg_pp3_iter1                      |   1|   0|    1|          0|
    |ap_enable_reg_pp3_iter2                      |   1|   0|    1|          0|
    |ap_enable_reg_pp3_iter3                      |   1|   0|    1|          0|
    |ap_enable_reg_pp3_iter4                      |   1|   0|    1|          0|
    |ap_enable_reg_pp3_iter5                      |   1|   0|    1|          0|
    |c2_beta_q_load_reg_18545                     |  23|   0|   23|          0|
    |c2_gamma_q_V_load_reg_18540                  |  13|   0|   13|          0|
    |frac_reg_18579                               |   8|   0|    8|          0|
    |frac_reg_18579_pp3_iter2_reg                 |   8|   0|    8|          0|
    |grp_int_instnorm_49_s_fu_16177_ap_start_reg  |   1|   0|    1|          0|
    |i_0_reg_8802                                 |   5|   0|    5|          0|
    |icmp_ln38_reg_18193                          |   1|   0|    1|          0|
    |icmp_ln40_reg_18202                          |   1|   0|    1|          0|
    |icmp_ln44_1_reg_18271                        |   1|   0|    1|          0|
    |icmp_ln44_4_reg_18159                        |   1|   0|    1|          0|
    |icmp_ln44_5_reg_18163                        |   1|   0|    1|          0|
    |icmp_ln44_6_reg_18305                        |   1|   0|    1|          0|
    |icmp_ln44_7_reg_18309                        |   1|   0|    1|          0|
    |icmp_ln44_reg_18267                          |   1|   0|    1|          0|
    |icmp_ln55_reg_18214                          |   1|   0|    1|          0|
    |icmp_ln72_reg_18493                          |   1|   0|    1|          0|
    |icmp_ln86_reg_18555                          |   1|   0|    1|          0|
    |icmp_ln895_reg_18610                         |   1|   0|    1|          0|
    |inb_reg_18275                                |   1|   0|    1|          0|
    |indvar_flatten229_reg_8757                   |  13|   0|   13|          0|
    |indvar_flatten237_reg_649                    |   6|   0|    6|          0|
    |indvar_flatten_reg_8768                      |  10|   0|   10|          0|
    |lshr_ln_reg_18584                            |   8|   0|    8|          0|
    |o10_0_reg_16131                              |   6|   0|    6|          0|
    |o7_0_reg_8791                                |   6|   0|    6|          0|
    |o9_0_reg_16109                               |   6|   0|    6|          0|
    |o_0_reg_2154                                 |   6|   0|    6|          0|
    |o_reg_18525                                  |   6|   0|    6|          0|
    |p_0_reg_16143                                |   6|   0|    6|          0|
    |phi_mul35_reg_16154                          |  12|   0|   12|          0|
    |phi_mul_reg_16120                            |  11|   0|   11|          0|
    |phi_urem_reg_16165                           |   6|   0|    6|          0|
    |select_ln28_4_reg_18119                      |   3|   0|    3|          0|
    |select_ln28_5_reg_18132                      |   7|   0|    7|          0|
    |select_ln28_reg_18112                        |   3|   0|    3|          0|
    |select_ln38_1_reg_18328                      |   5|   0|    5|          0|
    |select_ln40_reg_18235                        |   4|   0|    4|          0|
    |select_ln41_11_reg_18438                     |  15|   0|   15|          0|
    |select_ln41_12_reg_18443                     |  15|   0|   15|          0|
    |select_ln41_13_reg_18448                     |  15|   0|   15|          0|
    |select_ln41_14_reg_18453                     |  15|   0|   15|          0|
    |select_ln41_8_reg_18285                      |   4|   0|    4|          0|
    |select_ln41_9_reg_18290                      |   2|   0|    2|          0|
    |sext_ln180_reg_18550                         |  11|   0|   11|          0|
    |sext_ln45_reg_18177                          |  12|   0|   13|          1|
    |sext_ln72_reg_18488                          |  12|   0|   12|          0|
    |shl_ln42_mid2_reg_18125                      |   3|   0|    4|          1|
    |shl_ln4_reg_18153                            |   3|   0|    4|          1|
    |sid_V_reg_18428                              |   6|   0|    6|          0|
    |t_0_reg_8779                                 |   4|   0|    4|          0|
    |t_reg_18229                                  |   4|   0|    4|          0|
    |tmp_34_reg_18574                             |   3|   0|    3|          0|
    |trunc_ln1503_1_reg_18512                     |  28|   0|   28|          0|
    |trunc_ln1_reg_18605                          |   9|   0|    9|          0|
    |trunc_ln57_reg_18240                         |   5|   0|    5|          0|
    |udiv_ln_reg_18187                            |   4|   0|    4|          0|
    |x_0_reg_1439                                 |   3|   0|    3|          0|
    |y_0_reg_660                                  |   3|   0|    3|          0|
    |zext_ln30_reg_18137                          |   3|   0|    7|          4|
    |zext_ln38_1_reg_18182                        |  31|   0|   34|          3|
    |and_ln38_reg_18218                           |  64|  32|    1|          0|
    |and_ln44_3_reg_18313                         |  64|  32|    1|          0|
    |icmp_ln38_reg_18193                          |  64|  32|    1|          0|
    |icmp_ln40_reg_18202                          |  64|  32|    1|          0|
    |icmp_ln55_reg_18214                          |  64|  32|    1|          0|
    |icmp_ln86_reg_18555                          |  64|  32|    1|          0|
    |inb_reg_18275                                |  64|  32|    1|          0|
    |t_reg_18229                                  |  64|  32|    4|          0|
    |tmp_34_reg_18574                             |  64|  32|    3|          0|
    |trunc_ln57_reg_18240                         |  64|  32|    5|          0|
    |udiv_ln_reg_18187                            |  64|  32|    4|          0|
    +---------------------------------------------+----+----+-----+-----------+
    |Total                                        |8415| 352| 7744|         10|
    +---------------------------------------------+----+----+-----+-----------+



================================================================
== Interface
================================================================
* Summary: 
+-----------------+-----+-----+------------+--------------+--------------+
|    RTL Ports    | Dir | Bits|  Protocol  | Source Object|    C Type    |
+-----------------+-----+-----+------------+--------------+--------------+
|ap_clk           |  in |    1| ap_ctrl_hs |  conv_stage  | return value |
|ap_rst           |  in |    1| ap_ctrl_hs |  conv_stage  | return value |
|ap_start         |  in |    1| ap_ctrl_hs |  conv_stage  | return value |
|ap_done          | out |    1| ap_ctrl_hs |  conv_stage  | return value |
|ap_idle          | out |    1| ap_ctrl_hs |  conv_stage  | return value |
|ap_ready         | out |    1| ap_ctrl_hs |  conv_stage  | return value |
|fout_V_address0  | out |   11|  ap_memory |    fout_V    |     array    |
|fout_V_ce0       | out |    1|  ap_memory |    fout_V    |     array    |
|fout_V_we0       | out |    1|  ap_memory |    fout_V    |     array    |
|fout_V_d0        | out |    4|  ap_memory |    fout_V    |     array    |
|f1_V_address0    | out |   12|  ap_memory |     f1_V     |     array    |
|f1_V_ce0         | out |    1|  ap_memory |     f1_V     |     array    |
|f1_V_q0          |  in |    4|  ap_memory |     f1_V     |     array    |
+-----------------+-----+-----+------------+--------------+--------------+

