

================================================================
== Vivado HLS Report for 'int_instnorm_49_s'
================================================================
* Date:           Fri Jul 10 00:25:56 2026

* Version:        2019.1 (Build 2552052 on Fri May 24 15:28:33 MDT 2019)
* Project:        kagnconv_funccode_w4a4
* Solution:       sol1
* Product family: zynquplus
* Target device:  xczu9eg-ffvb1156-2-e


================================================================
== Performance Estimates
================================================================
+ Timing (ns): 
    * Summary: 
    +--------+-------+----------+------------+
    |  Clock | Target| Estimated| Uncertainty|
    +--------+-------+----------+------------+
    |ap_clk  |   6.67|     5.615|        0.83|
    +--------+-------+----------+------------+

+ Latency (clock cycles): 
    * Summary: 
    +-----+-----+-----+-----+---------+
    |  Latency  |  Interval | Pipeline|
    | min | max | min | max |   Type  |
    +-----+-----+-----+-----+---------+
    |  258|  258|  258|  258|   none  |
    +-----+-----+-----+-----+---------+

    + Detail: 
        * Instance: 
        +--------------------+---------+-----+-----+-----+-----+---------+
        |                    |         |  Latency  |  Interval | Pipeline|
        |      Instance      |  Module | min | max | min | max |   Type  |
        +--------------------+---------+-----+-----+-----+-----+---------+
        |grp_isqrt64_fu_227  |isqrt64  |   33|   33|   33|   33|   none  |
        +--------------------+---------+-----+-----+-----+-----+---------+

        * Loop: 
        +-------------+-----+-----+----------+-----------+-----------+------+----------+
        |             |  Latency  | Iteration|  Initiation Interval  | Trip |          |
        |  Loop Name  | min | max |  Latency |  achieved |   target  | Count| Pipelined|
        +-------------+-----+-----+----------+-----------+-----------+------+----------+
        |- IN_SUM     |   49|   49|         2|          1|          1|    49|    yes   |
        |- IN_CENTER  |   50|   50|         3|          1|          1|    49|    yes   |
        |- IN_NORM    |  118|  118|        71|          1|          1|    49|    yes   |
        +-------------+-----+-----+----------+-----------+-----------+------+----------+



================================================================
== Utilization Estimates
================================================================
* Summary: 
+-----------------+---------+-------+--------+--------+-----+
|       Name      | BRAM_18K| DSP48E|   FF   |   LUT  | URAM|
+-----------------+---------+-------+--------+--------+-----+
|DSP              |        -|      1|       -|       -|    -|
|Expression       |        -|     13|       0|    1384|    -|
|FIFO             |        -|      -|       -|       -|    -|
|Instance         |        -|      -|   17534|   13670|    -|
|Memory           |        2|      -|       0|       0|    0|
|Multiplexer      |        -|      -|       -|     182|    -|
|Register         |        2|      -|    1130|     185|    -|
+-----------------+---------+-------+--------+--------+-----+
|Total            |        4|     14|   18664|   15421|    0|
+-----------------+---------+-------+--------+--------+-----+
|Available        |     1824|   2520|  548160|  274080|    0|
+-----------------+---------+-------+--------+--------+-----+
|Utilization (%)  |    ~0   |   ~0  |       3|       5|    0|
+-----------------+---------+-------+--------+--------+-----+

+ Detail: 
    * Instance: 
    +--------------------------+----------------------+---------+-------+------+------+-----+
    |         Instance         |        Module        | BRAM_18K| DSP48E|  FF  |  LUT | URAM|
    +--------------------------+----------------------+---------+-------+------+------+-----+
    |grp_isqrt64_fu_227        |isqrt64               |        0|      0|   232|   456|    0|
    |kan_top_sdiv_64nscud_U51  |kan_top_sdiv_64nscud  |        0|      0|  8651|  6607|    0|
    |kan_top_srem_64nsdEe_U52  |kan_top_srem_64nsdEe  |        0|      0|  8651|  6607|    0|
    +--------------------------+----------------------+---------+-------+------+------+-----+
    |Total                     |                      |        0|      0| 17534| 13670|    0|
    +--------------------------+----------------------+---------+-------+------+------+-----+

    * DSP48E: 
    +--------------------------+----------------------+-----------+
    |         Instance         |        Module        | Expression|
    +--------------------------+----------------------+-----------+
    |kan_top_mul_mul_2DeQ_U53  |kan_top_mul_mul_2DeQ  |  i0 * i1  |
    +--------------------------+----------------------+-----------+

    * Memory: 
    +-------+----------------------+---------+---+----+-----+------+-----+------+-------------+
    | Memory|        Module        | BRAM_18K| FF| LUT| URAM| Words| Bits| Banks| W*Bits*Banks|
    +-------+----------------------+---------+---+----+-----+------+-----+------+-------------+
    |c_V_U  |int_instnorm_49_sCeG  |        2|  0|   0|    0|    49|   39|     1|         1911|
    +-------+----------------------+---------+---+----+-----+------+-----+------+-------------+
    |Total  |                      |        2|  0|   0|    0|    49|   39|     1|         1911|
    +-------+----------------------+---------+---+----+-----+------+-----+------+-------------+

    * FIFO: 
    N/A

    * Expression: 
    +---------------------------+----------+-------+---+-----+------------+------------+
    |       Variable Name       | Operation| DSP48E| FF| LUT | Bitwidth P0| Bitwidth P1|
    +---------------------------+----------+-------+---+-----+------------+------------+
    |mul_ln1371_fu_344_p2       |     *    |      6|  0|   60|          65|          64|
    |mul_ln68_1_fu_509_p2       |     *    |      3|  0|   46|          64|          13|
    |mul_ln68_2_fu_236_p2       |     *    |      0|  0|   23|           6|           6|
    |mul_ln700_fu_328_p2        |     *    |      4|  0|   23|          35|          35|
    |add_ln19_fu_585_p2         |     +    |      0|  0|   39|           2|          32|
    |add_ln68_2_fu_513_p2       |     +    |      0|  0|   71|          64|          64|
    |add_ln68_49_fu_258_p2      |     +    |      0|  0|   18|          11|          11|
    |add_ln68_50_fu_298_p2      |     +    |      0|  0|   18|          11|          11|
    |add_ln68_fu_423_p2         |     +    |      0|  0|   30|          12|          23|
    |num_V_fu_461_p2            |     +    |      0|  0|   71|          64|          64|
    |p_1_fu_288_p2              |     +    |      0|  0|   15|           6|           1|
    |p_2_fu_438_p2              |     +    |      0|  0|   15|           6|           1|
    |p_fu_248_p2                |     +    |      0|  0|   15|           6|           1|
    |q_V_3_fu_495_p2            |     +    |      0|  0|   71|           2|          64|
    |qsum_V_fu_334_p2           |     +    |      0|  0|   71|          64|          64|
    |r_in_V_fu_403_p2           |     +    |      0|  0|   66|          19|          59|
    |s_V_fu_272_p2              |     +    |      0|  0|   41|          34|          34|
    |sub_ln1371_2_fu_555_p2     |     -    |      0|  0|   39|           1|          32|
    |sub_ln1371_3_fu_360_p2     |     -    |      0|  0|  136|           1|         129|
    |sub_ln1371_fu_540_p2       |     -    |      0|  0|   71|           1|          64|
    |sub_ln209_fu_390_p2        |     -    |      0|  0|   66|           1|          59|
    |sub_ln68_fu_312_p2         |     -    |      0|  0|   42|          35|          35|
    |and_ln19_2_fu_579_p2       |    and   |      0|  0|    2|           1|           1|
    |and_ln19_fu_489_p2         |    and   |      0|  0|    2|           1|           1|
    |icmp_ln19_2_fu_567_p2      |   icmp   |      0|  0|   13|          12|           1|
    |icmp_ln19_fu_476_p2        |   icmp   |      0|  0|   29|          64|           1|
    |icmp_ln82_fu_242_p2        |   icmp   |      0|  0|   11|           6|           5|
    |icmp_ln89_fu_282_p2        |   icmp   |      0|  0|   11|           6|           5|
    |icmp_ln97_fu_432_p2        |   icmp   |      0|  0|   11|           6|           5|
    |q_V_4_fu_501_p3            |  select  |      0|  0|   64|           1|          64|
    |select_ln1371_3_fu_383_p3  |  select  |      0|  0|   59|           1|          59|
    |select_ln1371_4_fu_396_p3  |  select  |      0|  0|   59|           1|          59|
    |select_ln1371_fu_561_p3    |  select  |      0|  0|   32|           1|          32|
    |y_V_d0                     |  select  |      0|  0|   32|           1|          32|
    |ap_enable_pp0              |    xor   |      0|  0|    2|           1|           2|
    |ap_enable_pp1              |    xor   |      0|  0|    2|           1|           2|
    |ap_enable_pp2              |    xor   |      0|  0|    2|           1|           2|
    |ap_enable_reg_pp0_iter1    |    xor   |      0|  0|    2|           2|           1|
    |ap_enable_reg_pp1_iter1    |    xor   |      0|  0|    2|           2|           1|
    |ap_enable_reg_pp2_iter1    |    xor   |      0|  0|    2|           2|           1|
    +---------------------------+----------+-------+---+-----+------------+------------+
    |Total                      |          |     13|  0| 1384|         620|        1140|
    +---------------------------+----------+-------+---+-----+------------+------------+

    * Multiplexer: 
    +-------------------------------+----+-----------+-----+-----------+
    |              Name             | LUT| Input Size| Bits| Total Bits|
    +-------------------------------+----+-----------+-----+-----------+
    |ap_NS_fsm                      |  47|         10|    1|         10|
    |ap_enable_reg_pp0_iter1        |  15|          3|    1|          3|
    |ap_enable_reg_pp1_iter1        |   9|          2|    1|          2|
    |ap_enable_reg_pp1_iter2        |   9|          2|    1|          2|
    |ap_enable_reg_pp2_iter1        |   9|          2|    1|          2|
    |ap_enable_reg_pp2_iter70       |   9|          2|    1|          2|
    |ap_phi_mux_p1_0_phi_fu_208_p4  |   9|          2|    6|         12|
    |c_V_address0                   |  15|          3|    6|         18|
    |p1_0_reg_204                   |   9|          2|    6|         12|
    |p2_0_reg_216                   |   9|          2|    6|         12|
    |p_0127_0_reg_192               |   9|          2|   64|        128|
    |p_0417_0_reg_169               |   9|          2|   34|         68|
    |p_0_reg_181                    |   9|          2|    6|         12|
    |v_V_address0                   |  15|          3|   11|         33|
    +-------------------------------+----+-----------+-----+-----------+
    |Total                          | 182|         39|  145|        316|
    +-------------------------------+----+-----------+-----+-----------+

    * Register: 
    +---------------------------------+-----+----+-----+-----------+
    |               Name              |  FF | LUT| Bits| Const Bits|
    +---------------------------------+-----+----+-----+-----------+
    |add_ln68_2_reg_740               |   64|   0|   64|          0|
    |ap_CS_fsm                        |    9|   0|    9|          0|
    |ap_enable_reg_pp0_iter0          |    1|   0|    1|          0|
    |ap_enable_reg_pp0_iter1          |    1|   0|    1|          0|
    |ap_enable_reg_pp1_iter0          |    1|   0|    1|          0|
    |ap_enable_reg_pp1_iter1          |    1|   0|    1|          0|
    |ap_enable_reg_pp1_iter2          |    1|   0|    1|          0|
    |ap_enable_reg_pp2_iter0          |    1|   0|    1|          0|
    |ap_enable_reg_pp2_iter1          |    1|   0|    1|          0|
    |ap_enable_reg_pp2_iter10         |    1|   0|    1|          0|
    |ap_enable_reg_pp2_iter11         |    1|   0|    1|          0|
    |ap_enable_reg_pp2_iter12         |    1|   0|    1|          0|
    |ap_enable_reg_pp2_iter13         |    1|   0|    1|          0|
    |ap_enable_reg_pp2_iter14         |    1|   0|    1|          0|
    |ap_enable_reg_pp2_iter15         |    1|   0|    1|          0|
    |ap_enable_reg_pp2_iter16         |    1|   0|    1|          0|
    |ap_enable_reg_pp2_iter17         |    1|   0|    1|          0|
    |ap_enable_reg_pp2_iter18         |    1|   0|    1|          0|
    |ap_enable_reg_pp2_iter19         |    1|   0|    1|          0|
    |ap_enable_reg_pp2_iter2          |    1|   0|    1|          0|
    |ap_enable_reg_pp2_iter20         |    1|   0|    1|          0|
    |ap_enable_reg_pp2_iter21         |    1|   0|    1|          0|
    |ap_enable_reg_pp2_iter22         |    1|   0|    1|          0|
    |ap_enable_reg_pp2_iter23         |    1|   0|    1|          0|
    |ap_enable_reg_pp2_iter24         |    1|   0|    1|          0|
    |ap_enable_reg_pp2_iter25         |    1|   0|    1|          0|
    |ap_enable_reg_pp2_iter26         |    1|   0|    1|          0|
    |ap_enable_reg_pp2_iter27         |    1|   0|    1|          0|
    |ap_enable_reg_pp2_iter28         |    1|   0|    1|          0|
    |ap_enable_reg_pp2_iter29         |    1|   0|    1|          0|
    |ap_enable_reg_pp2_iter3          |    1|   0|    1|          0|
    |ap_enable_reg_pp2_iter30         |    1|   0|    1|          0|
    |ap_enable_reg_pp2_iter31         |    1|   0|    1|          0|
    |ap_enable_reg_pp2_iter32         |    1|   0|    1|          0|
    |ap_enable_reg_pp2_iter33         |    1|   0|    1|          0|
    |ap_enable_reg_pp2_iter34         |    1|   0|    1|          0|
    |ap_enable_reg_pp2_iter35         |    1|   0|    1|          0|
    |ap_enable_reg_pp2_iter36         |    1|   0|    1|          0|
    |ap_enable_reg_pp2_iter37         |    1|   0|    1|          0|
    |ap_enable_reg_pp2_iter38         |    1|   0|    1|          0|
    |ap_enable_reg_pp2_iter39         |    1|   0|    1|          0|
    |ap_enable_reg_pp2_iter4          |    1|   0|    1|          0|
    |ap_enable_reg_pp2_iter40         |    1|   0|    1|          0|
    |ap_enable_reg_pp2_iter41         |    1|   0|    1|          0|
    |ap_enable_reg_pp2_iter42         |    1|   0|    1|          0|
    |ap_enable_reg_pp2_iter43         |    1|   0|    1|          0|
    |ap_enable_reg_pp2_iter44         |    1|   0|    1|          0|
    |ap_enable_reg_pp2_iter45         |    1|   0|    1|          0|
    |ap_enable_reg_pp2_iter46         |    1|   0|    1|          0|
    |ap_enable_reg_pp2_iter47         |    1|   0|    1|          0|
    |ap_enable_reg_pp2_iter48         |    1|   0|    1|          0|
    |ap_enable_reg_pp2_iter49         |    1|   0|    1|          0|
    |ap_enable_reg_pp2_iter5          |    1|   0|    1|          0|
    |ap_enable_reg_pp2_iter50         |    1|   0|    1|          0|
    |ap_enable_reg_pp2_iter51         |    1|   0|    1|          0|
    |ap_enable_reg_pp2_iter52         |    1|   0|    1|          0|
    |ap_enable_reg_pp2_iter53         |    1|   0|    1|          0|
    |ap_enable_reg_pp2_iter54         |    1|   0|    1|          0|
    |ap_enable_reg_pp2_iter55         |    1|   0|    1|          0|
    |ap_enable_reg_pp2_iter56         |    1|   0|    1|          0|
    |ap_enable_reg_pp2_iter57         |    1|   0|    1|          0|
    |ap_enable_reg_pp2_iter58         |    1|   0|    1|          0|
    |ap_enable_reg_pp2_iter59         |    1|   0|    1|          0|
    |ap_enable_reg_pp2_iter6          |    1|   0|    1|          0|
    |ap_enable_reg_pp2_iter60         |    1|   0|    1|          0|
    |ap_enable_reg_pp2_iter61         |    1|   0|    1|          0|
    |ap_enable_reg_pp2_iter62         |    1|   0|    1|          0|
    |ap_enable_reg_pp2_iter63         |    1|   0|    1|          0|
    |ap_enable_reg_pp2_iter64         |    1|   0|    1|          0|
    |ap_enable_reg_pp2_iter65         |    1|   0|    1|          0|
    |ap_enable_reg_pp2_iter66         |    1|   0|    1|          0|
    |ap_enable_reg_pp2_iter67         |    1|   0|    1|          0|
    |ap_enable_reg_pp2_iter68         |    1|   0|    1|          0|
    |ap_enable_reg_pp2_iter69         |    1|   0|    1|          0|
    |ap_enable_reg_pp2_iter7          |    1|   0|    1|          0|
    |ap_enable_reg_pp2_iter70         |    1|   0|    1|          0|
    |ap_enable_reg_pp2_iter8          |    1|   0|    1|          0|
    |ap_enable_reg_pp2_iter9          |    1|   0|    1|          0|
    |grp_isqrt64_fu_227_ap_start_reg  |    1|   0|    1|          0|
    |icmp_ln82_reg_623                |    1|   0|    1|          0|
    |icmp_ln89_reg_647                |    1|   0|    1|          0|
    |icmp_ln89_reg_647_pp1_iter1_reg  |    1|   0|    1|          0|
    |icmp_ln97_reg_709                |    1|   0|    1|          0|
    |mul_ln1371_reg_672               |  129|   0|  129|          0|
    |mul_ln68_2_reg_617               |   11|   0|   11|          0|
    |num_V_reg_728                    |   64|   0|   64|          0|
    |p1_0_reg_204                     |    6|   0|    6|          0|
    |p1_0_reg_204_pp1_iter1_reg       |    6|   0|    6|          0|
    |p2_0_reg_216                     |    6|   0|    6|          0|
    |p_0127_0_reg_192                 |   64|   0|   64|          0|
    |p_0417_0_reg_169                 |   34|   0|   34|          0|
    |p_0_reg_181                      |    6|   0|    6|          0|
    |p_1_reg_651                      |    6|   0|    6|          0|
    |q_V_4_reg_735                    |   64|   0|   64|          0|
    |r_V_reg_688                      |   64|   0|   64|          0|
    |sext_ln68_reg_704                |   64|   0|   64|          0|
    |sext_ln89_reg_642                |   35|   0|   35|          0|
    |sext_ln95_reg_683                |   61|   0|   61|          0|
    |shl_ln68_reg_693                 |   63|   0|   64|          1|
    |sub_ln68_reg_661                 |   35|   0|   35|          0|
    |tmp_15_reg_677                   |   59|   0|   59|          0|
    |tmp_17_reg_751                   |    1|   0|    1|          0|
    |trunc_ln1371_4_reg_756           |   32|   0|   32|          0|
    |trunc_ln1371_reg_746             |   12|   0|   12|          0|
    |zext_ln68_reg_699                |   13|   0|   64|         51|
    |zext_ln99_reg_718                |    6|   0|   64|         58|
    |icmp_ln97_reg_709                |   64|  91|    1|          0|
    |num_V_reg_728                    |    7|   3|   64|          0|
    |zext_ln99_reg_718                |   64|  91|   64|         58|
    +---------------------------------+-----+----+-----+-----------+
    |Total                            | 1130| 185| 1234|        168|
    +---------------------------------+-----+----+-----+-----------+



================================================================
== Interface
================================================================
* Summary: 
+--------------+-----+-----+------------+------------------+--------------+
|   RTL Ports  | Dir | Bits|  Protocol  |   Source Object  |    C Type    |
+--------------+-----+-----+------------+------------------+--------------+
|ap_clk        |  in |    1| ap_ctrl_hs | int_instnorm<49> | return value |
|ap_rst        |  in |    1| ap_ctrl_hs | int_instnorm<49> | return value |
|ap_start      |  in |    1| ap_ctrl_hs | int_instnorm<49> | return value |
|ap_done       | out |    1| ap_ctrl_hs | int_instnorm<49> | return value |
|ap_idle       | out |    1| ap_ctrl_hs | int_instnorm<49> | return value |
|ap_ready      | out |    1| ap_ctrl_hs | int_instnorm<49> | return value |
|v_V_address0  | out |   11|  ap_memory |        v_V       |     array    |
|v_V_ce0       | out |    1|  ap_memory |        v_V       |     array    |
|v_V_q0        |  in |   28|  ap_memory |        v_V       |     array    |
|v_V_offset    |  in |    6|   ap_none  |    v_V_offset    |    scalar    |
|gamma_q_V     |  in |   13|   ap_none  |     gamma_q_V    |    scalar    |
|beta_q        |  in |   23|   ap_none  |      beta_q      |    scalar    |
|y_V_address0  | out |    6|  ap_memory |        y_V       |     array    |
|y_V_ce0       | out |    1|  ap_memory |        y_V       |     array    |
|y_V_we0       | out |    1|  ap_memory |        y_V       |     array    |
|y_V_d0        | out |   32|  ap_memory |        y_V       |     array    |
+--------------+-----+-----+------------+------------------+--------------+

