

================================================================
== Vivado HLS Report for 'kan_top'
================================================================
* Date:           Fri Jul 10 00:26:06 2026

* Version:        2019.1 (Build 2552052 on Fri May 24 15:28:33 MDT 2019)
* Project:        kagnconv_funccode_w4a4
* Solution:       sol1
* Product family: zynquplus
* Target device:  xczu9eg-ffvb1156-2-e


================================================================
== Performance Estimates
================================================================
+ Timing (ns): 
    * Summary: 
    +--------+-------+----------+------------+
    |  Clock | Target| Estimated| Uncertainty|
    +--------+-------+----------+------------+
    |ap_clk  |   6.67|     6.700|        0.83|
    +--------+-------+----------+------------+

+ Latency (clock cycles): 
    * Summary: 
    +--------+--------+--------+--------+---------+
    |     Latency     |     Interval    | Pipeline|
    |   min  |   max  |   min  |   max  |   Type  |
    +--------+--------+--------+--------+---------+
    |  294316|  294316|  294316|  294316|   none  |
    +--------+--------+--------+--------+---------+

    + Detail: 
        * Instance: 
        +-------------------------+--------------+--------+--------+--------+--------+---------+
        |                         |              |     Latency     |     Interval    | Pipeline|
        |         Instance        |    Module    |   min  |   max  |   min  |   max  |   Type  |
        +-------------------------+--------------+--------+--------+--------+--------+---------+
        |grp_conv_stage_fu_791    |conv_stage    |  239924|  239924|  239924|  239924|   none  |
        |grp_conv_stage_1_fu_829  |conv_stage_1  |   52294|   52294|   52294|   52294|   none  |
        |grp_head_stage_fu_867    |head_stage    |     504|     504|     504|     504|   none  |
        +-------------------------+--------------+--------+--------+--------+--------+---------+

        * Loop: 
        +----------+-----+-----+----------+-----------+-----------+------+----------+
        |          |  Latency  | Iteration|  Initiation Interval  | Trip |          |
        | Loop Name| min | max |  Latency |  achieved |   target  | Count| Pipelined|
        +----------+-----+-----+----------+-----------+-----------+------+----------+
        |- LOAD_L  |  784|  784|         2|          1|          1|   784|    yes   |
        |- POOL    |  802|  802|        28|         25|          1|    32|    yes   |
        +----------+-----+-----+----------+-----------+-----------+------+----------+



================================================================
== Utilization Estimates
================================================================
* Summary: 
+-----------------+---------+-------+--------+--------+-----+
|       Name      | BRAM_18K| DSP48E|   FF   |   LUT  | URAM|
+-----------------+---------+-------+--------+--------+-----+
|DSP              |        -|      -|       -|       -|    -|
|Expression       |        -|      2|       0|    1931|    -|
|FIFO             |        -|      -|       -|       -|    -|
|Instance         |       33|     80|   70618|   58443|    0|
|Memory           |        3|      -|       8|       2|    0|
|Multiplexer      |        -|      -|       -|     632|    -|
|Register         |        -|      -|     247|       -|    -|
+-----------------+---------+-------+--------+--------+-----+
|Total            |       36|     82|   70873|   61008|    0|
+-----------------+---------+-------+--------+--------+-----+
|Available        |     1824|   2520|  548160|  274080|    0|
+-----------------+---------+-------+--------+--------+-----+
|Utilization (%)  |        1|      3|      12|      22|    0|
+-----------------+---------+-------+--------+--------+-----+

+ Detail: 
    * Instance: 
    +-------------------------+--------------+---------+-------+-------+-------+-----+
    |         Instance        |    Module    | BRAM_18K| DSP48E|   FF  |  LUT  | URAM|
    +-------------------------+--------------+---------+-------+-------+-------+-----+
    |grp_conv_stage_fu_791    |conv_stage    |       15|     27|  27343|  22176|    0|
    |grp_conv_stage_1_fu_829  |conv_stage_1  |       13|     29|  23516|  19746|    0|
    |grp_head_stage_fu_867    |head_stage    |        5|     24|  19759|  16521|    0|
    +-------------------------+--------------+---------+-------+-------+-------+-----+
    |Total                    |              |       33|     80|  70618|  58443|    0|
    +-------------------------+--------------+---------+-------+-------+-------+-----+

    * DSP48E: 
    N/A

    * Memory: 
    +----------+----------------+---------+---+----+-----+------+-----+------+-------------+
    |  Memory  |     Module     | BRAM_18K| FF| LUT| URAM| Words| Bits| Banks| W*Bits*Banks|
    +----------+----------------+---------+---+----+-----+------+-----+------+-------------+
    |f0_V_0_U  |kan_top_f0_V_0  |        1|  0|   0|    0|   784|    4|     1|         3136|
    |f1_V_U    |kan_top_f1_V    |        1|  0|   0|    0|  3136|    4|     1|        12544|
    |f2_V_U    |kan_top_f2_V    |        1|  0|   0|    0|  1568|    4|     1|         6272|
    |hq_V_U    |kan_top_hq_V    |        0|  8|   2|    0|    32|    4|     1|          128|
    +----------+----------------+---------+---+----+-----+------+-----+------+-------------+
    |Total     |                |        3|  8|   2|    0|  5520|   16|     4|        22080|
    +----------+----------------+---------+---+----+-----+------+-----+------+-------------+

    * FIFO: 
    N/A

    * Expression: 
    +---------------------------+----------+-------+---+----+------------+------------+
    |       Variable Name       | Operation| DSP48E| FF| LUT| Bitwidth P0| Bitwidth P1|
    +---------------------------+----------+-------+---+----+------------+------------+
    |mul_ln215_fu_2294_p2       |     *    |      2|  0|  25|          31|          10|
    |add_ln155_fu_949_p2        |     +    |      0|  0|  17|          10|           1|
    |add_ln158_fu_1025_p2       |     +    |      0|  0|  18|          11|          11|
    |add_ln180_fu_1074_p2       |     +    |      0|  0|  21|          11|          11|
    |add_ln68_10_fu_1280_p2     |     +    |      0|  0|  18|           4|          11|
    |add_ln68_11_fu_1319_p2     |     +    |      0|  0|  18|           4|          11|
    |add_ln68_12_fu_1330_p2     |     +    |      0|  0|  18|           4|          11|
    |add_ln68_13_fu_1395_p2     |     +    |      0|  0|  18|           4|          11|
    |add_ln68_14_fu_1406_p2     |     +    |      0|  0|  18|           4|          11|
    |add_ln68_15_fu_1417_p2     |     +    |      0|  0|  18|           5|          11|
    |add_ln68_16_fu_1428_p2     |     +    |      0|  0|  18|           5|          11|
    |add_ln68_17_fu_1467_p2     |     +    |      0|  0|  18|           5|          11|
    |add_ln68_18_fu_1478_p2     |     +    |      0|  0|  18|           5|          11|
    |add_ln68_19_fu_1530_p2     |     +    |      0|  0|  18|           5|          11|
    |add_ln68_1_fu_1112_p2      |     +    |      0|  0|  18|           2|          11|
    |add_ln68_20_fu_1541_p2     |     +    |      0|  0|  18|           5|          11|
    |add_ln68_21_fu_1552_p2     |     +    |      0|  0|  18|           5|          11|
    |add_ln68_22_fu_1563_p2     |     +    |      0|  0|  18|           5|          11|
    |add_ln68_23_fu_1602_p2     |     +    |      0|  0|  18|           5|          11|
    |add_ln68_24_fu_1613_p2     |     +    |      0|  0|  18|           5|          11|
    |add_ln68_25_fu_1691_p2     |     +    |      0|  0|  18|           5|          11|
    |add_ln68_26_fu_1702_p2     |     +    |      0|  0|  18|           5|          11|
    |add_ln68_27_fu_1713_p2     |     +    |      0|  0|  18|           5|          11|
    |add_ln68_28_fu_1724_p2     |     +    |      0|  0|  18|           5|          11|
    |add_ln68_29_fu_1763_p2     |     +    |      0|  0|  18|           5|          11|
    |add_ln68_2_fu_1123_p2      |     +    |      0|  0|  18|           2|          11|
    |add_ln68_30_fu_1774_p2     |     +    |      0|  0|  18|           5|          11|
    |add_ln68_31_fu_1826_p2     |     +    |      0|  0|  18|           6|          11|
    |add_ln68_32_fu_1837_p2     |     +    |      0|  0|  18|           6|          11|
    |add_ln68_33_fu_1848_p2     |     +    |      0|  0|  18|           6|          11|
    |add_ln68_34_fu_1859_p2     |     +    |      0|  0|  18|           6|          11|
    |add_ln68_35_fu_1898_p2     |     +    |      0|  0|  18|           6|          11|
    |add_ln68_36_fu_1909_p2     |     +    |      0|  0|  18|           6|          11|
    |add_ln68_37_fu_1974_p2     |     +    |      0|  0|  18|           6|          11|
    |add_ln68_38_fu_1985_p2     |     +    |      0|  0|  18|           6|          11|
    |add_ln68_39_fu_1996_p2     |     +    |      0|  0|  18|           6|          11|
    |add_ln68_3_fu_1134_p2      |     +    |      0|  0|  18|           3|          11|
    |add_ln68_40_fu_2007_p2     |     +    |      0|  0|  18|           6|          11|
    |add_ln68_41_fu_2046_p2     |     +    |      0|  0|  18|           6|          11|
    |add_ln68_42_fu_2057_p2     |     +    |      0|  0|  18|           6|          11|
    |add_ln68_43_fu_2109_p2     |     +    |      0|  0|  18|           6|          11|
    |add_ln68_44_fu_2120_p2     |     +    |      0|  0|  18|           6|          11|
    |add_ln68_45_fu_2131_p2     |     +    |      0|  0|  18|           6|          11|
    |add_ln68_46_fu_2142_p2     |     +    |      0|  0|  18|           6|          11|
    |add_ln68_47_fu_2187_p2     |     +    |      0|  0|  18|           6|          11|
    |add_ln68_48_fu_2181_p2     |     +    |      0|  0|  18|           6|          11|
    |add_ln68_4_fu_1145_p2      |     +    |      0|  0|  18|           3|          11|
    |add_ln68_5_fu_1184_p2      |     +    |      0|  0|  18|           3|          11|
    |add_ln68_6_fu_1195_p2      |     +    |      0|  0|  18|           3|          11|
    |add_ln68_7_fu_1247_p2      |     +    |      0|  0|  18|           4|          11|
    |add_ln68_8_fu_1258_p2      |     +    |      0|  0|  18|           4|          11|
    |add_ln68_9_fu_1269_p2      |     +    |      0|  0|  18|           4|          11|
    |add_ln68_fu_1101_p2        |     +    |      0|  0|  18|           1|          11|
    |add_ln700_10_fu_1389_p2    |     +    |      0|  0|  15|           8|           8|
    |add_ln700_11_fu_1451_p2    |     +    |      0|  0|  15|           5|           5|
    |add_ln700_12_fu_1461_p2    |     +    |      0|  0|  15|           6|           6|
    |add_ln700_13_fu_1504_p2    |     +    |      0|  0|  15|           5|           5|
    |add_ln700_14_fu_1514_p2    |     +    |      0|  0|  15|           6|           6|
    |add_ln700_15_fu_1524_p2    |     +    |      0|  0|  15|           7|           7|
    |add_ln700_16_fu_1586_p2    |     +    |      0|  0|  15|           5|           5|
    |add_ln700_17_fu_1596_p2    |     +    |      0|  0|  15|           6|           6|
    |add_ln700_18_fu_1645_p2    |     +    |      0|  0|  15|           5|           5|
    |add_ln700_19_fu_1655_p2    |     +    |      0|  0|  15|           6|           6|
    |add_ln700_1_fu_1178_p2     |     +    |      0|  0|  15|           6|           6|
    |add_ln700_20_fu_1665_p2    |     +    |      0|  0|  15|           7|           7|
    |add_ln700_21_fu_1675_p2    |     +    |      0|  0|  15|           8|           8|
    |add_ln700_22_fu_1685_p2    |     +    |      0|  0|  16|           9|           9|
    |add_ln700_23_fu_1747_p2    |     +    |      0|  0|  15|           5|           5|
    |add_ln700_24_fu_1757_p2    |     +    |      0|  0|  15|           6|           6|
    |add_ln700_25_fu_1800_p2    |     +    |      0|  0|  15|           5|           5|
    |add_ln700_26_fu_1810_p2    |     +    |      0|  0|  15|           6|           6|
    |add_ln700_27_fu_1820_p2    |     +    |      0|  0|  15|           7|           7|
    |add_ln700_28_fu_1882_p2    |     +    |      0|  0|  15|           5|           5|
    |add_ln700_29_fu_1892_p2    |     +    |      0|  0|  15|           6|           6|
    |add_ln700_2_fu_1221_p2     |     +    |      0|  0|  15|           5|           5|
    |add_ln700_30_fu_1938_p2    |     +    |      0|  0|  15|           5|           5|
    |add_ln700_31_fu_1948_p2    |     +    |      0|  0|  15|           6|           6|
    |add_ln700_32_fu_1958_p2    |     +    |      0|  0|  15|           7|           7|
    |add_ln700_33_fu_1968_p2    |     +    |      0|  0|  15|           8|           8|
    |add_ln700_34_fu_2030_p2    |     +    |      0|  0|  15|           5|           5|
    |add_ln700_35_fu_2040_p2    |     +    |      0|  0|  15|           6|           6|
    |add_ln700_36_fu_2083_p2    |     +    |      0|  0|  15|           5|           5|
    |add_ln700_37_fu_2093_p2    |     +    |      0|  0|  15|           6|           6|
    |add_ln700_38_fu_2103_p2    |     +    |      0|  0|  15|           7|           7|
    |add_ln700_39_fu_2165_p2    |     +    |      0|  0|  15|           5|           5|
    |add_ln700_3_fu_1231_p2     |     +    |      0|  0|  15|           6|           6|
    |add_ln700_40_fu_2175_p2    |     +    |      0|  0|  15|           6|           6|
    |add_ln700_41_fu_2206_p2    |     +    |      0|  0|  15|           5|           5|
    |add_ln700_42_fu_2232_p2    |     +    |      0|  0|  15|           5|           5|
    |add_ln700_43_fu_2242_p2    |     +    |      0|  0|  15|           6|           6|
    |add_ln700_44_fu_2252_p2    |     +    |      0|  0|  15|           7|           7|
    |add_ln700_45_fu_2262_p2    |     +    |      0|  0|  15|           8|           8|
    |add_ln700_46_fu_2272_p2    |     +    |      0|  0|  16|           9|           9|
    |add_ln700_47_fu_2284_p2    |     +    |      0|  0|  17|          10|          10|
    |add_ln700_4_fu_1241_p2     |     +    |      0|  0|  15|           7|           7|
    |add_ln700_5_fu_1303_p2     |     +    |      0|  0|  15|           5|           5|
    |add_ln700_6_fu_1313_p2     |     +    |      0|  0|  15|           6|           6|
    |add_ln700_7_fu_1359_p2     |     +    |      0|  0|  15|           5|           5|
    |add_ln700_8_fu_1369_p2     |     +    |      0|  0|  15|           6|           6|
    |add_ln700_9_fu_1379_p2     |     +    |      0|  0|  15|           7|           7|
    |add_ln700_fu_1168_p2       |     +    |      0|  0|  15|           5|           5|
    |o_fu_1095_p2               |     +    |      0|  0|  15|           6|           1|
    |ret_V_fu_2300_p2           |     +    |      0|  0|  48|          34|          41|
    |x_fu_1040_p2               |     +    |      0|  0|  15|           5|           1|
    |y_fu_955_p2                |     +    |      0|  0|  15|           5|           1|
    |sub_ln158_1_fu_1007_p2     |     -    |      0|  0|  18|          11|          11|
    |sub_ln158_fu_937_p2        |     -    |      0|  0|  18|          11|          11|
    |sub_ln180_fu_1068_p2       |     -    |      0|  0|  21|          11|          11|
    |icmp_ln155_fu_943_p2       |   icmp   |      0|  0|  13|          10|           9|
    |icmp_ln156_fu_961_p2       |   icmp   |      0|  0|  11|           5|           4|
    |icmp_ln171_fu_1089_p2      |   icmp   |      0|  0|  11|           6|           7|
    |icmp_ln887_fu_2343_p2      |   icmp   |      0|  0|  11|           7|           5|
    |icmp_ln895_fu_2331_p2      |   icmp   |      0|  0|   9|           4|           1|
    |hq_V_d0                    |  select  |      0|  0|   5|           1|           5|
    |r_V_fu_2336_p3             |  select  |      0|  0|   7|           1|           3|
    |select_ln155_1_fu_975_p3   |  select  |      0|  0|   5|           1|           5|
    |select_ln155_2_fu_1013_p3  |  select  |      0|  0|  11|           1|          11|
    |select_ln155_fu_967_p3     |  select  |      0|  0|   5|           1|           1|
    |ap_enable_pp0              |    xor   |      0|  0|   2|           1|           2|
    |ap_enable_pp1              |    xor   |      0|  0|   2|           1|           2|
    |ap_enable_reg_pp0_iter1    |    xor   |      0|  0|   2|           2|           1|
    +---------------------------+----------+-------+---+----+------------+------------+
    |Total                      |          |      2|  0|1931|         721|        1002|
    +---------------------------+----------+-------+---+----+------------+------------+

    * Multiplexer: 
    +----------------------------------+-----+-----------+-----+-----------+
    |               Name               | LUT | Input Size| Bits| Total Bits|
    +----------------------------------+-----+-----------+-----+-----------+
    |ap_NS_fsm                         |  153|         34|    1|         34|
    |ap_enable_reg_pp0_iter1           |   15|          3|    1|          3|
    |ap_enable_reg_pp1_iter1           |    9|          2|    1|          2|
    |ap_phi_mux_o_0_phi_fu_771_p4      |    9|          2|    6|         12|
    |ap_phi_mux_phi_mul_phi_fu_783_p4  |    9|          2|   11|         22|
    |ap_phi_mux_y_0_phi_fu_749_p4      |    9|          2|    5|         10|
    |f0_V_0_address0                   |   15|          3|   10|         30|
    |f0_V_0_ce0                        |   15|          3|    1|          3|
    |f0_V_0_ce1                        |    9|          2|    1|          2|
    |f1_V_address0                     |   15|          3|   12|         36|
    |f1_V_ce0                          |   15|          3|    1|          3|
    |f1_V_we0                          |    9|          2|    1|          2|
    |f2_V_address0                     |  125|         27|   11|        297|
    |f2_V_address1                     |  117|         25|   11|        275|
    |f2_V_ce0                          |   15|          3|    1|          3|
    |f2_V_we0                          |    9|          2|    1|          2|
    |hq_V_address0                     |   15|          3|    5|         15|
    |hq_V_ce0                          |   15|          3|    1|          3|
    |indvar_flatten_reg_734            |    9|          2|   10|         20|
    |o_0_reg_767                       |    9|          2|    6|         12|
    |phi_mul_reg_779                   |    9|          2|   11|         22|
    |reg_904                           |    9|          2|    4|          8|
    |x_0_reg_756                       |    9|          2|    5|         10|
    |y_0_reg_745                       |    9|          2|    5|         10|
    +----------------------------------+-----+-----------+-----+-----------+
    |Total                             |  632|        136|  122|        836|
    +----------------------------------+-----+-----------+-----+-----------+

    * Register: 
    +--------------------------------------+----+----+-----+-----------+
    |                 Name                 | FF | LUT| Bits| Const Bits|
    +--------------------------------------+----+----+-----+-----------+
    |add_ln68_48_reg_2717                  |  11|   0|   11|          0|
    |add_ln700_10_reg_2487                 |   8|   0|    8|          0|
    |add_ln700_12_reg_2512                 |   6|   0|    6|          0|
    |add_ln700_15_reg_2527                 |   7|   0|    7|          0|
    |add_ln700_17_reg_2552                 |   6|   0|    6|          0|
    |add_ln700_1_reg_2432                  |   6|   0|    6|          0|
    |add_ln700_22_reg_2567                 |   9|   0|    9|          0|
    |add_ln700_24_reg_2592                 |   6|   0|    6|          0|
    |add_ln700_27_reg_2607                 |   7|   0|    7|          0|
    |add_ln700_29_reg_2632                 |   6|   0|    6|          0|
    |add_ln700_33_reg_2647                 |   8|   0|    8|          0|
    |add_ln700_35_reg_2672                 |   6|   0|    6|          0|
    |add_ln700_38_reg_2687                 |   7|   0|    7|          0|
    |add_ln700_40_reg_2712                 |   6|   0|    6|          0|
    |add_ln700_41_reg_2727                 |   5|   0|    5|          0|
    |add_ln700_46_reg_2732                 |   9|   0|    9|          0|
    |add_ln700_4_reg_2447                  |   7|   0|    7|          0|
    |add_ln700_6_reg_2472                  |   6|   0|    6|          0|
    |ap_CS_fsm                             |  33|   0|   33|          0|
    |ap_enable_reg_pp0_iter0               |   1|   0|    1|          0|
    |ap_enable_reg_pp0_iter1               |   1|   0|    1|          0|
    |ap_enable_reg_pp1_iter0               |   1|   0|    1|          0|
    |ap_enable_reg_pp1_iter1               |   1|   0|    1|          0|
    |grp_conv_stage_1_fu_829_ap_start_reg  |   1|   0|    1|          0|
    |grp_conv_stage_fu_791_ap_start_reg    |   1|   0|    1|          0|
    |grp_head_stage_fu_867_ap_start_reg    |   1|   0|    1|          0|
    |icmp_ln155_reg_2362                   |   1|   0|    1|          0|
    |icmp_ln171_reg_2393                   |   1|   0|    1|          0|
    |icmp_ln171_reg_2393_pp1_iter1_reg     |   1|   0|    1|          0|
    |indvar_flatten_reg_734                |  10|   0|   10|          0|
    |o_0_reg_767                           |   6|   0|    6|          0|
    |o_0_reg_767_pp1_iter1_reg             |   6|   0|    6|          0|
    |o_reg_2397                            |   6|   0|    6|          0|
    |phi_mul_reg_779                       |  11|   0|   11|          0|
    |reg_904                               |   4|   0|    4|          0|
    |reg_909                               |   4|   0|    4|          0|
    |select_ln155_1_reg_2371               |   5|   0|    5|          0|
    |tmp_4_reg_2742                        |   4|   0|    4|          0|
    |trunc_ln_reg_2737                     |   7|   0|    7|          0|
    |x_0_reg_756                           |   5|   0|    5|          0|
    |y_0_reg_745                           |   5|   0|    5|          0|
    |zext_ln156_reg_2378                   |   5|   0|   11|          6|
    +--------------------------------------+----+----+-----+-----------+
    |Total                                 | 247|   0|  253|          6|
    +--------------------------------------+----+----+-----+-----------+



================================================================
== Interface
================================================================
* Summary: 
+----------------+-----+-----+------------+--------------+--------------+
|    RTL Ports   | Dir | Bits|  Protocol  | Source Object|    C Type    |
+----------------+-----+-----+------------+--------------+--------------+
|ap_clk          |  in |    1| ap_ctrl_hs |    kan_top   | return value |
|ap_rst          |  in |    1| ap_ctrl_hs |    kan_top   | return value |
|ap_start        |  in |    1| ap_ctrl_hs |    kan_top   | return value |
|ap_done         | out |    1| ap_ctrl_hs |    kan_top   | return value |
|ap_idle         | out |    1| ap_ctrl_hs |    kan_top   | return value |
|ap_ready        | out |    1| ap_ctrl_hs |    kan_top   | return value |
|in_V_address0   | out |   10|  ap_memory |     in_V     |     array    |
|in_V_ce0        | out |    1|  ap_memory |     in_V     |     array    |
|in_V_q0         |  in |    4|  ap_memory |     in_V     |     array    |
|out_V_address0  | out |    4|  ap_memory |     out_V    |     array    |
|out_V_ce0       | out |    1|  ap_memory |     out_V    |     array    |
|out_V_we0       | out |    1|  ap_memory |     out_V    |     array    |
|out_V_d0        | out |   32|  ap_memory |     out_V    |     array    |
+----------------+-----+-----+------------+--------------+--------------+

