

================================================================
== Vivado HLS Report for 'conv_stage'
================================================================
* Date:           Fri Jul 10 04:18:12 2026

* Version:        2019.1 (Build 2552052 on Fri May 24 15:28:33 MDT 2019)
* Project:        kagnconv_fp32
* Solution:       sol1
* Product family: zynquplus
* Target device:  xczu9eg-ffvb1156-2-e


================================================================
== Performance Estimates
================================================================
+ Timing (ns): 
    * Summary: 
    +--------+-------+----------+------------+
    |  Clock | Target| Estimated| Uncertainty|
    +--------+-------+----------+------------+
    |ap_clk  |   6.67|    11.394|        0.83|
    +--------+-------+----------+------------+

+ Latency (clock cycles): 
    * Summary: 
    +---------+---------+---------+---------+---------+
    |      Latency      |      Interval     | Pipeline|
    |   min   |   max   |   min   |   max   |   Type  |
    +---------+---------+---------+---------+---------+
    |  1546632|  1546632|  1546632|  1546632|   none  |
    +---------+---------+---------+---------+---------+

    + Detail: 
        * Instance: 
        +-----------------------------------+-----------------------+-----+-----+-----+-----+---------+
        |                                   |                       |  Latency  |  Interval | Pipeline|
        |              Instance             |         Module        | min | max | min | max |   Type  |
        +-----------------------------------+-----------------------+-----+-----+-----+-----+---------+
        |grp_gram_in_silu_f32_49_s_fu_8628  |gram_in_silu_f32_49_s  |  543|  543|  543|  543|   none  |
        +-----------------------------------+-----------------------+-----+-----+-----+-----+---------+

        * Loop: 
        +-----------------+---------+---------+----------+-----------+-----------+------+----------+
        |                 |      Latency      | Iteration|  Initiation Interval  | Trip |          |
        |    Loop Name    |   min   |   max   |  Latency |  achieved |   target  | Count| Pipelined|
        +-----------------+---------+---------+----------+-----------+-----------+------+----------+
        |- CONV_Y_CONV_X  |  1527526|  1527526|     31174|          -|          -|    49|    no    |
        | + INIT          |       32|       32|         1|          1|          1|    32|    yes   |
        | + TAP_I_TAP_K   |    31104|    31104|       216|          -|          -|   144|    no    |
        |  ++ GRAM_REC    |       20|       20|        10|          -|          -|     2|    no    |
        |  ++ O_LOOP      |      126|      126|        34|          3|          1|    32|    yes   |
        | + REQ           |       32|       32|         1|          1|          1|    32|    yes   |
        |- NORM_O         |    19104|    19104|       597|          -|          -|    32|    no    |
        | + ACT_P         |       49|       49|         2|          1|          1|    49|    yes   |
        +-----------------+---------+---------+----------+-----------+-----------+------+----------+



================================================================
== Utilization Estimates
================================================================
* Summary: 
+-----------------+---------+-------+--------+--------+-----+
|       Name      | BRAM_18K| DSP48E|   FF   |   LUT  | URAM|
+-----------------+---------+-------+--------+--------+-----+
|DSP              |        -|      -|       -|       -|    -|
|Expression       |        -|      0|       0|    1126|    -|
|FIFO             |        -|      -|       -|       -|    -|
|Instance         |        0|     36|    4733|    7416|    -|
|Memory           |       62|      -|       0|       0|    0|
|Multiplexer      |        -|      -|       -|    3063|    -|
|Register         |        0|      -|    5633|     192|    -|
+-----------------+---------+-------+--------+--------+-----+
|Total            |       62|     36|   10366|   11797|    0|
+-----------------+---------+-------+--------+--------+-----+
|Available        |     1824|   2520|  548160|  274080|    0|
+-----------------+---------+-------+--------+--------+-----+
|Utilization (%)  |        3|      1|       1|       4|    0|
+-----------------+---------+-------+--------+--------+-----+

+ Detail: 
    * Instance: 
    +-----------------------------------+-----------------------+---------+-------+------+------+-----+
    |              Instance             |         Module        | BRAM_18K| DSP48E|  FF  |  LUT | URAM|
    +-----------------------------------+-----------------------+---------+-------+------+------+-----+
    |grp_gram_in_silu_f32_49_s_fu_8628  |gram_in_silu_f32_49_s  |        0|     19|  3028|  4451|    0|
    |kan_top_fadd_32nsbkb_U59           |kan_top_fadd_32nsbkb   |        0|      0|   168|   434|    0|
    |kan_top_fadd_32nsdEe_U58           |kan_top_fadd_32nsdEe   |        0|      2|   205|   208|    0|
    |kan_top_faddfsub_cud_U57           |kan_top_faddfsub_cud   |        0|      2|   205|   208|    0|
    |kan_top_fdiv_32nsfYi_U62           |kan_top_fdiv_32nsfYi   |        0|      0|   459|   799|    0|
    |kan_top_fexp_32nshbi_U63           |kan_top_fexp_32nshbi   |        0|      7|   324|   905|    0|
    |kan_top_fmul_32nseOg_U60           |kan_top_fmul_32nseOg   |        0|      3|   143|   139|    0|
    |kan_top_fmul_32nseOg_U61           |kan_top_fmul_32nseOg   |        0|      3|   143|   139|    0|
    |kan_top_mux_325_3wdI_U65           |kan_top_mux_325_3wdI   |        0|      0|     0|    55|    0|
    |kan_top_mux_325_3wdI_U66           |kan_top_mux_325_3wdI   |        0|      0|     0|    55|    0|
    |kan_top_urem_4ns_vdy_U64           |kan_top_urem_4ns_vdy   |        0|      0|    58|    23|    0|
    +-----------------------------------+-----------------------+---------+-------+------+------+-----+
    |Total                              |                       |        0|     36|  4733|  7416|    0|
    +-----------------------------------+-----------------------+---------+-------+------+------+-----+

    * DSP48E: 
    N/A

    * Memory: 
    +---------------+----------------------+---------+---+----+-----+------+-----+------+-------------+
    |     Memory    |        Module        | BRAM_18K| FF| LUT| URAM| Words| Bits| Banks| W*Bits*Banks|
    +---------------+----------------------+---------+---+----+-----+------+-----+------+-------------+
    |c2_beta_U      |conv_stage_c2_beta    |        1|  0|   0|    0|    32|   32|     1|         1024|
    |c2_gamma_U     |conv_stage_c2_gamma   |        1|  0|   0|    0|    32|   32|     1|         1024|
    |c2_weight_0_U  |conv_stage_c2_weiqcK  |       11|  0|   0|    0|  4608|   32|     1|       147456|
    |c2_weight_1_U  |conv_stage_c2_weircU  |       11|  0|   0|    0|  4608|   32|     1|       147456|
    |c2_weight_2_U  |conv_stage_c2_weisc4  |       11|  0|   0|    0|  4608|   32|     1|       147456|
    |c2_weight_3_U  |conv_stage_c2_weitde  |       11|  0|   0|    0|  4608|   32|     1|       147456|
    |c2_weight_4_U  |conv_stage_c2_weiudo  |       11|  0|   0|    0|  4608|   32|     1|       147456|
    |v_map_U        |conv_stage_v_map      |        4|  0|   0|    0|  1568|   32|     1|        50176|
    |yb_U           |conv_stage_yb         |        1|  0|   0|    0|    49|   32|     1|         1568|
    +---------------+----------------------+---------+---+----+-----+------+-----+------+-------------+
    |Total          |                      |       62|  0|   0|    0| 24721|  288|     9|       791072|
    +---------------+----------------------+---------+---+----+-----+------+-----+------+-------------+

    * FIFO: 
    N/A

    * Expression: 
    +--------------------------+----------+-------+---+----+------------+------------+
    |       Variable Name      | Operation| DSP48E| FF| LUT| Bitwidth P0| Bitwidth P1|
    +--------------------------+----------+-------+---+----+------------+------------+
    |mul_ln33_fu_8936_p2       |     *    |      0|  0|  17|           5|           4|
    |add_ln21_fu_8780_p2       |     +    |      0|  0|  15|           6|           1|
    |add_ln30_fu_8885_p2       |     +    |      0|  0|  15|           8|           1|
    |add_ln34_fu_8984_p2       |     +    |      0|  0|  12|           4|           4|
    |add_ln35_fu_9002_p2       |     +    |      0|  0|  12|           4|           4|
    |add_ln37_1_fu_9079_p2     |     +    |      0|  0|  21|          13|          13|
    |add_ln37_fu_9043_p2       |     +    |      0|  0|  41|          34|          34|
    |add_ln53_1_fu_9253_p2     |     +    |      0|  0|  21|          12|          12|
    |add_ln53_fu_9226_p2       |     +    |      0|  0|  16|           9|           9|
    |add_ln67_2_fu_9409_p2     |     +    |      0|  0|  19|          12|          12|
    |add_ln67_3_fu_9403_p2     |     +    |      0|  0|  18|           6|          11|
    |add_ln67_fu_8925_p2       |     +    |      0|  0|  15|           7|           7|
    |add_ln76_2_fu_9576_p2     |     +    |      0|  0|  15|           1|           6|
    |add_ln78_2_fu_9630_p2     |     +    |      0|  0|  21|          12|          12|
    |add_ln78_3_fu_9560_p2     |     +    |      0|  0|  19|           7|          12|
    |add_ln78_fu_9603_p2       |     +    |      0|  0|  18|          11|          11|
    |d_fu_9123_p2              |     +    |      0|  0|  11|           1|           3|
    |edge_fu_9280_p2           |     +    |      0|  0|  21|          15|          15|
    |i_fu_8891_p2              |     +    |      0|  0|  15|           1|           5|
    |ix_fu_9011_p2             |     +    |      0|  0|  15|           2|           5|
    |iy_fu_8992_p2             |     +    |      0|  0|  15|           2|           5|
    |o_6_fu_8862_p2            |     +    |      0|  0|  15|           6|           1|
    |o_7_fu_9397_p2            |     +    |      0|  0|  15|           6|           1|
    |o_8_fu_9298_p2            |     +    |      0|  0|  15|           6|           1|
    |o_fu_9505_p2              |     +    |      0|  0|  15|           6|           1|
    |p_fu_9549_p2              |     +    |      0|  0|  15|           6|           1|
    |t_fu_9374_p2              |     +    |      0|  0|  12|           4|           1|
    |x_fu_9494_p2              |     +    |      0|  0|  11|           3|           1|
    |y_fu_8786_p2              |     +    |      0|  0|  11|           3|           1|
    |sub_ln37_1_fu_9073_p2     |     -    |      0|  0|  21|          13|          13|
    |sub_ln37_fu_8974_p2       |     -    |      0|  0|  17|          10|          10|
    |sub_ln53_1_fu_9274_p2     |     -    |      0|  0|  21|          15|          15|
    |sub_ln53_fu_9247_p2       |     -    |      0|  0|  21|          12|          12|
    |sub_ln67_2_fu_8838_p2     |     -    |      0|  0|  15|           7|           7|
    |sub_ln67_fu_8768_p2       |     -    |      0|  0|  15|           7|           7|
    |sub_ln78_2_fu_9624_p2     |     -    |      0|  0|  21|          12|          12|
    |sub_ln78_fu_9533_p2       |     -    |      0|  0|  17|          10|          10|
    |inb_fu_9029_p2            |    and   |      0|  0|   2|           1|           1|
    |icmp_ln21_fu_8774_p2      |   icmp   |      0|  0|  11|           6|           5|
    |icmp_ln23_fu_8792_p2      |   icmp   |      0|  0|   9|           3|           2|
    |icmp_ln25_fu_8856_p2      |   icmp   |      0|  0|  11|           6|           7|
    |icmp_ln30_fu_8879_p2      |   icmp   |      0|  0|  11|           8|           8|
    |icmp_ln32_fu_8897_p2      |   icmp   |      0|  0|   9|           4|           4|
    |icmp_ln35_fu_9107_p2      |   icmp   |      0|  0|   9|           3|           4|
    |icmp_ln36_1_fu_9023_p2    |   icmp   |      0|  0|   9|           4|           1|
    |icmp_ln36_2_fu_9117_p2    |   icmp   |      0|  0|   9|           2|           3|
    |icmp_ln36_fu_9017_p2      |   icmp   |      0|  0|   9|           4|           1|
    |icmp_ln51_fu_9208_p2      |   icmp   |      0|  0|  11|           6|           7|
    |icmp_ln65_fu_9391_p2      |   icmp   |      0|  0|  11|           6|           7|
    |icmp_ln72_fu_9499_p2      |   icmp   |      0|  0|  11|           6|           7|
    |icmp_ln76_2_fu_9582_p2    |   icmp   |      0|  0|  11|           6|           3|
    |icmp_ln76_fu_9543_p2      |   icmp   |      0|  0|  11|           6|           5|
    |b_3_10_fu_9157_p3         |  select  |      0|  0|  32|           1|          32|
    |b_3_9_fu_9151_p3          |  select  |      0|  0|  32|           1|          32|
    |grp_fu_8919_p0            |  select  |      0|  0|   4|           1|           1|
    |select_ln21_4_fu_8810_p3  |  select  |      0|  0|   3|           1|           3|
    |select_ln21_5_fu_8844_p3  |  select  |      0|  0|   7|           1|           7|
    |select_ln21_fu_8798_p3    |  select  |      0|  0|   3|           1|           1|
    |select_ln30_1_fu_8911_p3  |  select  |      0|  0|   5|           1|           5|
    |select_ln36_fu_9143_p3    |  select  |      0|  0|  32|           1|          30|
    |select_ln42_1_fu_9180_p3  |  select  |      0|  0|  32|           1|          32|
    |select_ln42_2_fu_9187_p3  |  select  |      0|  0|  32|           1|          32|
    |select_ln42_3_fu_9194_p3  |  select  |      0|  0|  30|           1|          30|
    |select_ln42_4_fu_9201_p3  |  select  |      0|  0|  32|           1|          32|
    |select_ln42_fu_9173_p3    |  select  |      0|  0|  32|           1|          32|
    |select_ln76_fu_9588_p3    |  select  |      0|  0|   6|           1|           6|
    |xv_fu_9090_p3             |  select  |      0|  0|  32|           1|          32|
    |ap_enable_pp1             |    xor   |      0|  0|   2|           1|           2|
    |ap_enable_pp3             |    xor   |      0|  0|   2|           1|           2|
    |ap_enable_reg_pp3_iter1   |    xor   |      0|  0|   2|           2|           1|
    |xor_ln16_fu_9132_p2       |    xor   |      0|  0|  33|          32|          33|
    +--------------------------+----------+-------+---+----+------------+------------+
    |Total                     |          |      0|  0|1126|         420|         690|
    +--------------------------+----------+-------+---+----+------------+------------+

    * Multiplexer: 
    +-------------------------------------+-----+-----------+-----+-----------+
    |                 Name                | LUT | Input Size| Bits| Total Bits|
    +-------------------------------------+-----+-----------+-----+-----------+
    |acc_0_2_reg_1144                     |    9|          2|   32|         64|
    |acc_0_5_reg_4856                     |    9|          2|   32|         64|
    |acc_0_6_reg_5284                     |    9|          2|   32|         64|
    |acc_10_2_reg_1034                    |    9|          2|   32|         64|
    |acc_10_5_reg_4736                    |    9|          2|   32|         64|
    |acc_10_6_reg_5164                    |    9|          2|   32|         64|
    |acc_11_2_reg_1023                    |    9|          2|   32|         64|
    |acc_11_5_reg_4724                    |    9|          2|   32|         64|
    |acc_11_6_reg_5152                    |    9|          2|   32|         64|
    |acc_12_2_reg_1012                    |    9|          2|   32|         64|
    |acc_12_5_reg_4712                    |    9|          2|   32|         64|
    |acc_12_6_reg_5140                    |    9|          2|   32|         64|
    |acc_13_2_reg_1001                    |    9|          2|   32|         64|
    |acc_13_5_reg_4700                    |    9|          2|   32|         64|
    |acc_13_6_reg_5128                    |    9|          2|   32|         64|
    |acc_14_2_reg_990                     |    9|          2|   32|         64|
    |acc_14_5_reg_4688                    |    9|          2|   32|         64|
    |acc_14_6_reg_5116                    |    9|          2|   32|         64|
    |acc_15_2_reg_979                     |    9|          2|   32|         64|
    |acc_15_5_reg_4676                    |    9|          2|   32|         64|
    |acc_15_6_reg_5104                    |    9|          2|   32|         64|
    |acc_16_2_reg_968                     |    9|          2|   32|         64|
    |acc_16_5_reg_4664                    |    9|          2|   32|         64|
    |acc_16_6_reg_5092                    |    9|          2|   32|         64|
    |acc_17_2_reg_957                     |    9|          2|   32|         64|
    |acc_17_5_reg_4652                    |    9|          2|   32|         64|
    |acc_17_6_reg_5080                    |    9|          2|   32|         64|
    |acc_18_2_reg_946                     |    9|          2|   32|         64|
    |acc_18_5_reg_4640                    |    9|          2|   32|         64|
    |acc_18_6_reg_5068                    |    9|          2|   32|         64|
    |acc_19_2_reg_935                     |    9|          2|   32|         64|
    |acc_19_5_reg_4628                    |    9|          2|   32|         64|
    |acc_19_6_reg_5056                    |    9|          2|   32|         64|
    |acc_1_2_reg_1133                     |    9|          2|   32|         64|
    |acc_1_5_reg_4844                     |    9|          2|   32|         64|
    |acc_1_6_reg_5272                     |    9|          2|   32|         64|
    |acc_20_2_reg_924                     |    9|          2|   32|         64|
    |acc_20_5_reg_4616                    |    9|          2|   32|         64|
    |acc_20_6_reg_5044                    |    9|          2|   32|         64|
    |acc_21_2_reg_913                     |    9|          2|   32|         64|
    |acc_21_5_reg_4604                    |    9|          2|   32|         64|
    |acc_21_6_reg_5032                    |    9|          2|   32|         64|
    |acc_22_2_reg_902                     |    9|          2|   32|         64|
    |acc_22_5_reg_4592                    |    9|          2|   32|         64|
    |acc_22_6_reg_5020                    |    9|          2|   32|         64|
    |acc_23_2_reg_891                     |    9|          2|   32|         64|
    |acc_23_5_reg_4580                    |    9|          2|   32|         64|
    |acc_23_6_reg_5008                    |    9|          2|   32|         64|
    |acc_24_2_reg_880                     |    9|          2|   32|         64|
    |acc_24_5_reg_4568                    |    9|          2|   32|         64|
    |acc_24_6_reg_4996                    |    9|          2|   32|         64|
    |acc_25_2_reg_869                     |    9|          2|   32|         64|
    |acc_25_5_reg_4556                    |    9|          2|   32|         64|
    |acc_25_6_reg_4984                    |    9|          2|   32|         64|
    |acc_26_2_reg_858                     |    9|          2|   32|         64|
    |acc_26_5_reg_4544                    |    9|          2|   32|         64|
    |acc_26_6_reg_4972                    |    9|          2|   32|         64|
    |acc_27_2_reg_847                     |    9|          2|   32|         64|
    |acc_27_5_reg_4532                    |    9|          2|   32|         64|
    |acc_27_6_reg_4960                    |    9|          2|   32|         64|
    |acc_28_2_reg_836                     |    9|          2|   32|         64|
    |acc_28_5_reg_4520                    |    9|          2|   32|         64|
    |acc_28_6_reg_4948                    |    9|          2|   32|         64|
    |acc_29_2_reg_825                     |    9|          2|   32|         64|
    |acc_29_5_reg_4508                    |    9|          2|   32|         64|
    |acc_29_6_reg_4936                    |    9|          2|   32|         64|
    |acc_2_2_reg_1122                     |    9|          2|   32|         64|
    |acc_2_5_reg_4832                     |    9|          2|   32|         64|
    |acc_2_6_reg_5260                     |    9|          2|   32|         64|
    |acc_30_2_reg_814                     |    9|          2|   32|         64|
    |acc_30_5_reg_4496                    |    9|          2|   32|         64|
    |acc_30_6_reg_4924                    |    9|          2|   32|         64|
    |acc_31_2_reg_803                     |    9|          2|   32|         64|
    |acc_31_5_reg_4484                    |    9|          2|   32|         64|
    |acc_31_6_reg_4912                    |    9|          2|   32|         64|
    |acc_3_2_reg_1111                     |    9|          2|   32|         64|
    |acc_3_5_reg_4820                     |    9|          2|   32|         64|
    |acc_3_6_reg_5248                     |    9|          2|   32|         64|
    |acc_4_2_reg_1100                     |    9|          2|   32|         64|
    |acc_4_5_reg_4808                     |    9|          2|   32|         64|
    |acc_4_6_reg_5236                     |    9|          2|   32|         64|
    |acc_5_2_reg_1089                     |    9|          2|   32|         64|
    |acc_5_5_reg_4796                     |    9|          2|   32|         64|
    |acc_5_6_reg_5224                     |    9|          2|   32|         64|
    |acc_6_2_reg_1078                     |    9|          2|   32|         64|
    |acc_6_5_reg_4784                     |    9|          2|   32|         64|
    |acc_6_6_reg_5212                     |    9|          2|   32|         64|
    |acc_7_2_reg_1067                     |    9|          2|   32|         64|
    |acc_7_5_reg_4772                     |    9|          2|   32|         64|
    |acc_7_6_reg_5200                     |    9|          2|   32|         64|
    |acc_8_2_reg_1056                     |    9|          2|   32|         64|
    |acc_8_5_reg_4760                     |    9|          2|   32|         64|
    |acc_8_6_reg_5188                     |    9|          2|   32|         64|
    |acc_9_2_reg_1045                     |    9|          2|   32|         64|
    |acc_9_5_reg_4748                     |    9|          2|   32|         64|
    |acc_9_6_reg_5176                     |    9|          2|   32|         64|
    |ap_NS_fsm                            |  405|         93|    1|         93|
    |ap_enable_reg_pp1_iter10             |    9|          2|    1|          2|
    |ap_enable_reg_pp1_iter11             |   15|          3|    1|          3|
    |ap_enable_reg_pp3_iter1              |   15|          3|    1|          3|
    |ap_phi_mux_acc_0_3_phi_fu_4363_p64   |   15|          3|   32|         96|
    |ap_phi_mux_acc_0_6_phi_fu_5288_p4    |    9|          2|   32|         64|
    |ap_phi_mux_acc_0_7_phi_fu_8462_p64   |   15|          3|   32|         96|
    |ap_phi_mux_acc_10_3_phi_fu_3333_p64  |   15|          3|   32|         96|
    |ap_phi_mux_acc_10_6_phi_fu_5168_p4   |    9|          2|   32|         64|
    |ap_phi_mux_acc_10_7_phi_fu_7442_p64  |   15|          3|   32|         96|
    |ap_phi_mux_acc_11_3_phi_fu_3230_p64  |   15|          3|   32|         96|
    |ap_phi_mux_acc_11_6_phi_fu_5156_p4   |    9|          2|   32|         64|
    |ap_phi_mux_acc_11_7_phi_fu_7340_p64  |   15|          3|   32|         96|
    |ap_phi_mux_acc_12_3_phi_fu_3127_p64  |   15|          3|   32|         96|
    |ap_phi_mux_acc_12_6_phi_fu_5144_p4   |    9|          2|   32|         64|
    |ap_phi_mux_acc_12_7_phi_fu_7238_p64  |   15|          3|   32|         96|
    |ap_phi_mux_acc_13_3_phi_fu_3024_p64  |   15|          3|   32|         96|
    |ap_phi_mux_acc_13_6_phi_fu_5132_p4   |    9|          2|   32|         64|
    |ap_phi_mux_acc_13_7_phi_fu_7136_p64  |   15|          3|   32|         96|
    |ap_phi_mux_acc_14_3_phi_fu_2921_p64  |   15|          3|   32|         96|
    |ap_phi_mux_acc_14_6_phi_fu_5120_p4   |    9|          2|   32|         64|
    |ap_phi_mux_acc_14_7_phi_fu_7034_p64  |   15|          3|   32|         96|
    |ap_phi_mux_acc_15_3_phi_fu_2818_p64  |   15|          3|   32|         96|
    |ap_phi_mux_acc_15_6_phi_fu_5108_p4   |    9|          2|   32|         64|
    |ap_phi_mux_acc_15_7_phi_fu_6932_p64  |   15|          3|   32|         96|
    |ap_phi_mux_acc_16_3_phi_fu_2715_p64  |   15|          3|   32|         96|
    |ap_phi_mux_acc_16_6_phi_fu_5096_p4   |    9|          2|   32|         64|
    |ap_phi_mux_acc_16_7_phi_fu_6830_p64  |   15|          3|   32|         96|
    |ap_phi_mux_acc_17_3_phi_fu_2612_p64  |   15|          3|   32|         96|
    |ap_phi_mux_acc_17_6_phi_fu_5084_p4   |    9|          2|   32|         64|
    |ap_phi_mux_acc_17_7_phi_fu_6728_p64  |   15|          3|   32|         96|
    |ap_phi_mux_acc_18_3_phi_fu_2509_p64  |   15|          3|   32|         96|
    |ap_phi_mux_acc_18_6_phi_fu_5072_p4   |    9|          2|   32|         64|
    |ap_phi_mux_acc_18_7_phi_fu_6626_p64  |   15|          3|   32|         96|
    |ap_phi_mux_acc_19_3_phi_fu_2406_p64  |   15|          3|   32|         96|
    |ap_phi_mux_acc_19_6_phi_fu_5060_p4   |    9|          2|   32|         64|
    |ap_phi_mux_acc_19_7_phi_fu_6524_p64  |   15|          3|   32|         96|
    |ap_phi_mux_acc_1_3_phi_fu_4260_p64   |   15|          3|   32|         96|
    |ap_phi_mux_acc_1_6_phi_fu_5276_p4    |    9|          2|   32|         64|
    |ap_phi_mux_acc_1_7_phi_fu_8360_p64   |   15|          3|   32|         96|
    |ap_phi_mux_acc_20_3_phi_fu_2303_p64  |   15|          3|   32|         96|
    |ap_phi_mux_acc_20_6_phi_fu_5048_p4   |    9|          2|   32|         64|
    |ap_phi_mux_acc_20_7_phi_fu_6422_p64  |   15|          3|   32|         96|
    |ap_phi_mux_acc_21_3_phi_fu_2200_p64  |   15|          3|   32|         96|
    |ap_phi_mux_acc_21_6_phi_fu_5036_p4   |    9|          2|   32|         64|
    |ap_phi_mux_acc_21_7_phi_fu_6320_p64  |   15|          3|   32|         96|
    |ap_phi_mux_acc_22_3_phi_fu_2097_p64  |   15|          3|   32|         96|
    |ap_phi_mux_acc_22_6_phi_fu_5024_p4   |    9|          2|   32|         64|
    |ap_phi_mux_acc_22_7_phi_fu_6218_p64  |   15|          3|   32|         96|
    |ap_phi_mux_acc_23_3_phi_fu_1994_p64  |   15|          3|   32|         96|
    |ap_phi_mux_acc_23_6_phi_fu_5012_p4   |    9|          2|   32|         64|
    |ap_phi_mux_acc_23_7_phi_fu_6116_p64  |   15|          3|   32|         96|
    |ap_phi_mux_acc_24_3_phi_fu_1891_p64  |   15|          3|   32|         96|
    |ap_phi_mux_acc_24_6_phi_fu_5000_p4   |    9|          2|   32|         64|
    |ap_phi_mux_acc_24_7_phi_fu_6014_p64  |   15|          3|   32|         96|
    |ap_phi_mux_acc_25_3_phi_fu_1788_p64  |   15|          3|   32|         96|
    |ap_phi_mux_acc_25_6_phi_fu_4988_p4   |    9|          2|   32|         64|
    |ap_phi_mux_acc_25_7_phi_fu_5912_p64  |   15|          3|   32|         96|
    |ap_phi_mux_acc_26_3_phi_fu_1685_p64  |   15|          3|   32|         96|
    |ap_phi_mux_acc_26_6_phi_fu_4976_p4   |    9|          2|   32|         64|
    |ap_phi_mux_acc_26_7_phi_fu_5810_p64  |   15|          3|   32|         96|
    |ap_phi_mux_acc_27_3_phi_fu_1582_p64  |   15|          3|   32|         96|
    |ap_phi_mux_acc_27_6_phi_fu_4964_p4   |    9|          2|   32|         64|
    |ap_phi_mux_acc_27_7_phi_fu_5708_p64  |   15|          3|   32|         96|
    |ap_phi_mux_acc_28_3_phi_fu_1479_p64  |   15|          3|   32|         96|
    |ap_phi_mux_acc_28_6_phi_fu_4952_p4   |    9|          2|   32|         64|
    |ap_phi_mux_acc_28_7_phi_fu_5606_p64  |   15|          3|   32|         96|
    |ap_phi_mux_acc_29_3_phi_fu_1376_p64  |   15|          3|   32|         96|
    |ap_phi_mux_acc_29_6_phi_fu_4940_p4   |    9|          2|   32|         64|
    |ap_phi_mux_acc_29_7_phi_fu_5504_p64  |   15|          3|   32|         96|
    |ap_phi_mux_acc_2_3_phi_fu_4157_p64   |   15|          3|   32|         96|
    |ap_phi_mux_acc_2_6_phi_fu_5264_p4    |    9|          2|   32|         64|
    |ap_phi_mux_acc_2_7_phi_fu_8258_p64   |   15|          3|   32|         96|
    |ap_phi_mux_acc_30_3_phi_fu_1273_p64  |   15|          3|   32|         96|
    |ap_phi_mux_acc_30_6_phi_fu_4928_p4   |    9|          2|   32|         64|
    |ap_phi_mux_acc_30_7_phi_fu_5402_p64  |   15|          3|   32|         96|
    |ap_phi_mux_acc_31_3_phi_fu_1170_p64  |   15|          3|   32|         96|
    |ap_phi_mux_acc_31_6_phi_fu_4916_p4   |    9|          2|   32|         64|
    |ap_phi_mux_acc_31_7_phi_fu_5300_p64  |   15|          3|   32|         96|
    |ap_phi_mux_acc_3_3_phi_fu_4054_p64   |   15|          3|   32|         96|
    |ap_phi_mux_acc_3_6_phi_fu_5252_p4    |    9|          2|   32|         64|
    |ap_phi_mux_acc_3_7_phi_fu_8156_p64   |   15|          3|   32|         96|
    |ap_phi_mux_acc_4_3_phi_fu_3951_p64   |   15|          3|   32|         96|
    |ap_phi_mux_acc_4_6_phi_fu_5240_p4    |    9|          2|   32|         64|
    |ap_phi_mux_acc_4_7_phi_fu_8054_p64   |   15|          3|   32|         96|
    |ap_phi_mux_acc_5_3_phi_fu_3848_p64   |   15|          3|   32|         96|
    |ap_phi_mux_acc_5_6_phi_fu_5228_p4    |    9|          2|   32|         64|
    |ap_phi_mux_acc_5_7_phi_fu_7952_p64   |   15|          3|   32|         96|
    |ap_phi_mux_acc_6_3_phi_fu_3745_p64   |   15|          3|   32|         96|
    |ap_phi_mux_acc_6_6_phi_fu_5216_p4    |    9|          2|   32|         64|
    |ap_phi_mux_acc_6_7_phi_fu_7850_p64   |   15|          3|   32|         96|
    |ap_phi_mux_acc_7_3_phi_fu_3642_p64   |   15|          3|   32|         96|
    |ap_phi_mux_acc_7_6_phi_fu_5204_p4    |    9|          2|   32|         64|
    |ap_phi_mux_acc_7_7_phi_fu_7748_p64   |   15|          3|   32|         96|
    |ap_phi_mux_acc_8_3_phi_fu_3539_p64   |   15|          3|   32|         96|
    |ap_phi_mux_acc_8_6_phi_fu_5192_p4    |    9|          2|   32|         64|
    |ap_phi_mux_acc_8_7_phi_fu_7646_p64   |   15|          3|   32|         96|
    |ap_phi_mux_acc_9_3_phi_fu_3436_p64   |   15|          3|   32|         96|
    |ap_phi_mux_acc_9_6_phi_fu_5180_p4    |    9|          2|   32|         64|
    |ap_phi_mux_acc_9_7_phi_fu_7544_p64   |   15|          3|   32|         96|
    |ap_phi_mux_o1_0_phi_fu_4904_p4       |    9|          2|    6|         12|
    |b_2_1_fu_228                         |    9|          2|   32|         64|
    |b_3_1_fu_232                         |    9|          2|   32|         64|
    |d_0_i_reg_4889                       |    9|          2|    3|          6|
    |empty_73_reg_4879                    |    9|          2|   32|         64|
    |grp_fu_8640_opcode                   |   15|          3|    2|          6|
    |grp_fu_8640_p0                       |   38|          7|   32|        224|
    |grp_fu_8640_p1                       |   38|          7|   32|        224|
    |grp_fu_8647_p0                       |   15|          3|   32|         96|
    |grp_fu_8647_p1                       |   15|          3|   32|         96|
    |grp_fu_8687_p0                       |   33|          6|   32|        192|
    |grp_fu_8687_p1                       |   38|          7|   32|        224|
    |grp_fu_8695_p0                       |   15|          3|   32|         96|
    |grp_fu_8695_p1                       |   15|          3|   32|         96|
    |grp_fu_8700_p0                       |   15|          3|   32|         96|
    |grp_fu_8700_p1                       |   15|          3|   32|         96|
    |grp_fu_8705_p1                       |   15|          3|   32|         96|
    |i_0_reg_4473                         |    9|          2|    5|         10|
    |indvar_flatten7_reg_386              |    9|          2|    6|         12|
    |indvar_flatten_reg_4462              |    9|          2|    8|         16|
    |o1_0_reg_4900                        |    9|          2|    6|         12|
    |o3_0_reg_8560                        |    9|          2|    6|         12|
    |o4_0_reg_8582                        |    9|          2|    6|         12|
    |o_0_reg_1155                         |    9|          2|    6|         12|
    |p_0_reg_8594                         |    9|          2|    6|         12|
    |phi_mul13_reg_8605                   |    9|          2|   12|         24|
    |phi_mul_reg_8571                     |    9|          2|   11|         22|
    |phi_urem_reg_8616                    |    9|          2|    6|         12|
    |t_0_reg_4868                         |    9|          2|    4|          8|
    |v_map_address0                       |   15|          3|   11|         33|
    |v_map_ce0                            |   15|          3|    1|          3|
    |x_0_reg_792                          |    9|          2|    3|          6|
    |y_0_reg_397                          |    9|          2|    3|          6|
    |yb_address0                          |   15|          3|    6|         18|
    |yb_ce0                               |   15|          3|    1|          3|
    |yb_we0                               |    9|          2|    1|          2|
    +-------------------------------------+-----+-----------+-----+-----------+
    |Total                                | 3063|        652| 6715|      16424|
    +-------------------------------------+-----+-----------+-----+-----------+

    * Register: 
    +------------------------------------------------+----+----+-----+-----------+
    |                      Name                      | FF | LUT| Bits| Const Bits|
    +------------------------------------------------+----+----+-----+-----------+
    |acc_0_1_reg_780                                 |  32|   0|   32|          0|
    |acc_0_2_reg_1144                                |  32|   0|   32|          0|
    |acc_0_5_reg_4856                                |  32|   0|   32|          0|
    |acc_0_6_reg_5284                                |  32|   0|   32|          0|
    |acc_10_1_reg_660                                |  32|   0|   32|          0|
    |acc_10_2_reg_1034                               |  32|   0|   32|          0|
    |acc_10_5_reg_4736                               |  32|   0|   32|          0|
    |acc_10_6_reg_5164                               |  32|   0|   32|          0|
    |acc_11_1_reg_648                                |  32|   0|   32|          0|
    |acc_11_2_reg_1023                               |  32|   0|   32|          0|
    |acc_11_5_reg_4724                               |  32|   0|   32|          0|
    |acc_11_6_reg_5152                               |  32|   0|   32|          0|
    |acc_12_1_reg_636                                |  32|   0|   32|          0|
    |acc_12_2_reg_1012                               |  32|   0|   32|          0|
    |acc_12_5_reg_4712                               |  32|   0|   32|          0|
    |acc_12_6_reg_5140                               |  32|   0|   32|          0|
    |acc_13_1_reg_624                                |  32|   0|   32|          0|
    |acc_13_2_reg_1001                               |  32|   0|   32|          0|
    |acc_13_5_reg_4700                               |  32|   0|   32|          0|
    |acc_13_6_reg_5128                               |  32|   0|   32|          0|
    |acc_14_1_reg_612                                |  32|   0|   32|          0|
    |acc_14_2_reg_990                                |  32|   0|   32|          0|
    |acc_14_5_reg_4688                               |  32|   0|   32|          0|
    |acc_14_6_reg_5116                               |  32|   0|   32|          0|
    |acc_15_1_reg_600                                |  32|   0|   32|          0|
    |acc_15_2_reg_979                                |  32|   0|   32|          0|
    |acc_15_5_reg_4676                               |  32|   0|   32|          0|
    |acc_15_6_reg_5104                               |  32|   0|   32|          0|
    |acc_16_1_reg_588                                |  32|   0|   32|          0|
    |acc_16_2_reg_968                                |  32|   0|   32|          0|
    |acc_16_5_reg_4664                               |  32|   0|   32|          0|
    |acc_16_6_reg_5092                               |  32|   0|   32|          0|
    |acc_17_1_reg_576                                |  32|   0|   32|          0|
    |acc_17_2_reg_957                                |  32|   0|   32|          0|
    |acc_17_5_reg_4652                               |  32|   0|   32|          0|
    |acc_17_6_reg_5080                               |  32|   0|   32|          0|
    |acc_18_1_reg_564                                |  32|   0|   32|          0|
    |acc_18_2_reg_946                                |  32|   0|   32|          0|
    |acc_18_5_reg_4640                               |  32|   0|   32|          0|
    |acc_18_6_reg_5068                               |  32|   0|   32|          0|
    |acc_19_1_reg_552                                |  32|   0|   32|          0|
    |acc_19_2_reg_935                                |  32|   0|   32|          0|
    |acc_19_5_reg_4628                               |  32|   0|   32|          0|
    |acc_19_6_reg_5056                               |  32|   0|   32|          0|
    |acc_1_1_reg_768                                 |  32|   0|   32|          0|
    |acc_1_2_reg_1133                                |  32|   0|   32|          0|
    |acc_1_5_reg_4844                                |  32|   0|   32|          0|
    |acc_1_6_reg_5272                                |  32|   0|   32|          0|
    |acc_20_1_reg_540                                |  32|   0|   32|          0|
    |acc_20_2_reg_924                                |  32|   0|   32|          0|
    |acc_20_5_reg_4616                               |  32|   0|   32|          0|
    |acc_20_6_reg_5044                               |  32|   0|   32|          0|
    |acc_21_1_reg_528                                |  32|   0|   32|          0|
    |acc_21_2_reg_913                                |  32|   0|   32|          0|
    |acc_21_5_reg_4604                               |  32|   0|   32|          0|
    |acc_21_6_reg_5032                               |  32|   0|   32|          0|
    |acc_22_1_reg_516                                |  32|   0|   32|          0|
    |acc_22_2_reg_902                                |  32|   0|   32|          0|
    |acc_22_5_reg_4592                               |  32|   0|   32|          0|
    |acc_22_6_reg_5020                               |  32|   0|   32|          0|
    |acc_23_1_reg_504                                |  32|   0|   32|          0|
    |acc_23_2_reg_891                                |  32|   0|   32|          0|
    |acc_23_5_reg_4580                               |  32|   0|   32|          0|
    |acc_23_6_reg_5008                               |  32|   0|   32|          0|
    |acc_24_1_reg_492                                |  32|   0|   32|          0|
    |acc_24_2_reg_880                                |  32|   0|   32|          0|
    |acc_24_5_reg_4568                               |  32|   0|   32|          0|
    |acc_24_6_reg_4996                               |  32|   0|   32|          0|
    |acc_25_1_reg_480                                |  32|   0|   32|          0|
    |acc_25_2_reg_869                                |  32|   0|   32|          0|
    |acc_25_5_reg_4556                               |  32|   0|   32|          0|
    |acc_25_6_reg_4984                               |  32|   0|   32|          0|
    |acc_26_1_reg_468                                |  32|   0|   32|          0|
    |acc_26_2_reg_858                                |  32|   0|   32|          0|
    |acc_26_5_reg_4544                               |  32|   0|   32|          0|
    |acc_26_6_reg_4972                               |  32|   0|   32|          0|
    |acc_27_1_reg_456                                |  32|   0|   32|          0|
    |acc_27_2_reg_847                                |  32|   0|   32|          0|
    |acc_27_5_reg_4532                               |  32|   0|   32|          0|
    |acc_27_6_reg_4960                               |  32|   0|   32|          0|
    |acc_28_1_reg_444                                |  32|   0|   32|          0|
    |acc_28_2_reg_836                                |  32|   0|   32|          0|
    |acc_28_5_reg_4520                               |  32|   0|   32|          0|
    |acc_28_6_reg_4948                               |  32|   0|   32|          0|
    |acc_29_1_reg_432                                |  32|   0|   32|          0|
    |acc_29_2_reg_825                                |  32|   0|   32|          0|
    |acc_29_5_reg_4508                               |  32|   0|   32|          0|
    |acc_29_6_reg_4936                               |  32|   0|   32|          0|
    |acc_2_1_reg_756                                 |  32|   0|   32|          0|
    |acc_2_2_reg_1122                                |  32|   0|   32|          0|
    |acc_2_5_reg_4832                                |  32|   0|   32|          0|
    |acc_2_6_reg_5260                                |  32|   0|   32|          0|
    |acc_30_1_reg_420                                |  32|   0|   32|          0|
    |acc_30_2_reg_814                                |  32|   0|   32|          0|
    |acc_30_5_reg_4496                               |  32|   0|   32|          0|
    |acc_30_6_reg_4924                               |  32|   0|   32|          0|
    |acc_31_1_reg_408                                |  32|   0|   32|          0|
    |acc_31_2_reg_803                                |  32|   0|   32|          0|
    |acc_31_5_reg_4484                               |  32|   0|   32|          0|
    |acc_31_6_reg_4912                               |  32|   0|   32|          0|
    |acc_3_1_reg_744                                 |  32|   0|   32|          0|
    |acc_3_2_reg_1111                                |  32|   0|   32|          0|
    |acc_3_5_reg_4820                                |  32|   0|   32|          0|
    |acc_3_6_reg_5248                                |  32|   0|   32|          0|
    |acc_4_1_reg_732                                 |  32|   0|   32|          0|
    |acc_4_2_reg_1100                                |  32|   0|   32|          0|
    |acc_4_5_reg_4808                                |  32|   0|   32|          0|
    |acc_4_6_reg_5236                                |  32|   0|   32|          0|
    |acc_5_1_reg_720                                 |  32|   0|   32|          0|
    |acc_5_2_reg_1089                                |  32|   0|   32|          0|
    |acc_5_5_reg_4796                                |  32|   0|   32|          0|
    |acc_5_6_reg_5224                                |  32|   0|   32|          0|
    |acc_6_1_reg_708                                 |  32|   0|   32|          0|
    |acc_6_2_reg_1078                                |  32|   0|   32|          0|
    |acc_6_5_reg_4784                                |  32|   0|   32|          0|
    |acc_6_6_reg_5212                                |  32|   0|   32|          0|
    |acc_7_1_reg_696                                 |  32|   0|   32|          0|
    |acc_7_2_reg_1067                                |  32|   0|   32|          0|
    |acc_7_5_reg_4772                                |  32|   0|   32|          0|
    |acc_7_6_reg_5200                                |  32|   0|   32|          0|
    |acc_8_1_reg_684                                 |  32|   0|   32|          0|
    |acc_8_2_reg_1056                                |  32|   0|   32|          0|
    |acc_8_5_reg_4760                                |  32|   0|   32|          0|
    |acc_8_6_reg_5188                                |  32|   0|   32|          0|
    |acc_9_1_reg_672                                 |  32|   0|   32|          0|
    |acc_9_2_reg_1045                                |  32|   0|   32|          0|
    |acc_9_5_reg_4748                                |  32|   0|   32|          0|
    |acc_9_6_reg_5176                                |  32|   0|   32|          0|
    |add_ln21_reg_9659                               |   6|   0|    6|          0|
    |add_ln30_reg_9710                               |   8|   0|    8|          0|
    |ap_CS_fsm                                       |  92|   0|   92|          0|
    |ap_enable_reg_pp1_iter0                         |   1|   0|    1|          0|
    |ap_enable_reg_pp1_iter1                         |   1|   0|    1|          0|
    |ap_enable_reg_pp1_iter10                        |   1|   0|    1|          0|
    |ap_enable_reg_pp1_iter11                        |   1|   0|    1|          0|
    |ap_enable_reg_pp1_iter2                         |   1|   0|    1|          0|
    |ap_enable_reg_pp1_iter3                         |   1|   0|    1|          0|
    |ap_enable_reg_pp1_iter4                         |   1|   0|    1|          0|
    |ap_enable_reg_pp1_iter5                         |   1|   0|    1|          0|
    |ap_enable_reg_pp1_iter6                         |   1|   0|    1|          0|
    |ap_enable_reg_pp1_iter7                         |   1|   0|    1|          0|
    |ap_enable_reg_pp1_iter8                         |   1|   0|    1|          0|
    |ap_enable_reg_pp1_iter9                         |   1|   0|    1|          0|
    |ap_enable_reg_pp3_iter0                         |   1|   0|    1|          0|
    |ap_enable_reg_pp3_iter1                         |   1|   0|    1|          0|
    |b_2_1_fu_228                                    |  32|   0|   32|          0|
    |b_2_reg_9808                                    |  32|   0|   32|          0|
    |b_3_1_fu_232                                    |  32|   0|   32|          0|
    |c2_beta_load_reg_9987                           |  32|   0|   32|          0|
    |c2_gamma_load_reg_9982                          |  32|   0|   32|          0|
    |c2_weight_2_load_reg_9886                       |  32|   0|   32|          0|
    |c2_weight_3_load_reg_9891                       |  32|   0|   32|          0|
    |c2_weight_4_load_reg_9896                       |  32|   0|   32|          0|
    |d_0_i_reg_4889                                  |   3|   0|    3|          0|
    |d_reg_9793                                      |   3|   0|    3|          0|
    |empty_73_reg_4879                               |  32|   0|   32|          0|
    |grp_gram_in_silu_f32_49_s_fu_8628_ap_start_reg  |   1|   0|    1|          0|
    |i_0_reg_4473                                    |   5|   0|    5|          0|
    |icmp_ln36_2_reg_9786                            |   1|   0|    1|          0|
    |icmp_ln51_reg_9842                              |   1|   0|    1|          0|
    |icmp_ln76_reg_9997                              |   1|   0|    1|          0|
    |inb_reg_9746                                    |   1|   0|    1|          0|
    |indvar_flatten7_reg_386                         |   6|   0|    6|          0|
    |indvar_flatten_reg_4462                         |   8|   0|    8|          0|
    |kx_reg_9741                                     |   4|   0|    4|          0|
    |o1_0_reg_4900                                   |   6|   0|    6|          0|
    |o3_0_reg_8560                                   |   6|   0|    6|          0|
    |o4_0_reg_8582                                   |   6|   0|    6|          0|
    |o_0_reg_1155                                    |   6|   0|    6|          0|
    |o_8_reg_9901                                    |   6|   0|    6|          0|
    |o_reg_9967                                      |   6|   0|    6|          0|
    |p_0_reg_8594                                    |   6|   0|    6|          0|
    |phi_mul13_reg_8605                              |  12|   0|   12|          0|
    |phi_mul_reg_8571                                |  11|   0|   11|          0|
    |phi_urem_reg_8616                               |   6|   0|    6|          0|
    |reg_8716                                        |  32|   0|   32|          0|
    |reg_8722                                        |  32|   0|   32|          0|
    |reg_8727                                        |  32|   0|   32|          0|
    |reg_8735                                        |  32|   0|   32|          0|
    |reg_8740                                        |  32|   0|   32|          0|
    |reg_8746                                        |  32|   0|   32|          0|
    |select_ln21_4_reg_9670                          |   3|   0|    3|          0|
    |select_ln21_5_reg_9680                          |   7|   0|    7|          0|
    |select_ln21_reg_9664                            |   3|   0|    3|          0|
    |select_ln30_1_reg_9722                          |   5|   0|    5|          0|
    |select_ln30_reg_9715                            |   4|   0|    4|          0|
    |select_ln42_1_reg_9821                          |  32|   0|   32|          0|
    |select_ln42_2_reg_9827                          |  32|   0|   32|          0|
    |select_ln42_3_reg_9832                          |   7|   0|   32|         25|
    |select_ln42_4_reg_9837                          |  32|   0|   32|          0|
    |select_ln42_reg_9815                            |  32|   0|   32|          0|
    |sext_ln65_reg_9730                              |  12|   0|   12|          0|
    |sext_ln78_reg_9992                              |  11|   0|   11|          0|
    |shl_ln34_mid2_reg_9675                          |   3|   0|    4|          1|
    |shl_ln4_reg_9701                                |   3|   0|    4|          1|
    |ss_2_reg_9921                                   |  32|   0|   32|          0|
    |ss_3_reg_9926                                   |  32|   0|   32|          0|
    |t_0_reg_4868                                    |   4|   0|    4|          0|
    |tmp_42_reg_9916                                 |  32|   0|   32|          0|
    |tmp_43_reg_9931                                 |  32|   0|   32|          0|
    |tmp_4_reg_10016                                 |   3|   0|    3|          0|
    |tmp_51_1_reg_9906                               |  32|   0|   32|          0|
    |tmp_51_3_reg_9911                               |  32|   0|   32|          0|
    |trunc_ln53_reg_9846                             |   5|   0|    5|          0|
    |udiv_ln2_reg_9735                               |   4|   0|    4|          0|
    |x_0_reg_792                                     |   3|   0|    3|          0|
    |xv_reg_9761                                     |  32|   0|   32|          0|
    |y_0_reg_397                                     |   3|   0|    3|          0|
    |zext_ln23_reg_9685                              |   3|   0|    7|          4|
    |zext_ln30_reg_9768                              |   5|   0|    9|          4|
    |zext_ln33_1_reg_9778                            |   4|   0|   15|         11|
    |zext_ln33_reg_9773                              |   4|   0|   12|          8|
    |icmp_ln51_reg_9842                              |  64|  32|    1|          0|
    |reg_8740                                        |  64|  32|   32|          0|
    |tmp_42_reg_9916                                 |  64|  32|   32|          0|
    |tmp_51_1_reg_9906                               |  64|  32|   32|          0|
    |tmp_51_3_reg_9911                               |  64|  32|   32|          0|
    |trunc_ln53_reg_9846                             |  64|  32|    5|          0|
    +------------------------------------------------+----+----+-----+-----------+
    |Total                                           |5633| 192| 5437|         54|
    +------------------------------------------------+----+----+-----+-----------+



================================================================
== Interface
================================================================
* Summary: 
+---------------+-----+-----+------------+--------------+--------------+
|   RTL Ports   | Dir | Bits|  Protocol  | Source Object|    C Type    |
+---------------+-----+-----+------------+--------------+--------------+
|ap_clk         |  in |    1| ap_ctrl_hs |  conv_stage  | return value |
|ap_rst         |  in |    1| ap_ctrl_hs |  conv_stage  | return value |
|ap_start       |  in |    1| ap_ctrl_hs |  conv_stage  | return value |
|ap_done        | out |    1| ap_ctrl_hs |  conv_stage  | return value |
|ap_idle        | out |    1| ap_ctrl_hs |  conv_stage  | return value |
|ap_ready       | out |    1| ap_ctrl_hs |  conv_stage  | return value |
|fout_address0  | out |   11|  ap_memory |     fout     |     array    |
|fout_ce0       | out |    1|  ap_memory |     fout     |     array    |
|fout_we0       | out |    1|  ap_memory |     fout     |     array    |
|fout_d0        | out |   32|  ap_memory |     fout     |     array    |
|f1_address0    | out |   12|  ap_memory |      f1      |     array    |
|f1_ce0         | out |    1|  ap_memory |      f1      |     array    |
|f1_q0          |  in |   32|  ap_memory |      f1      |     array    |
+---------------+-----+-----+------------+--------------+--------------+

