

================================================================
== Vivado HLS Report for 'gram_in_silu_f32'
================================================================
* Date:           Fri Jul 10 04:18:09 2026

* Version:        2019.1 (Build 2552052 on Fri May 24 15:28:33 MDT 2019)
* Project:        kagnconv_fp32
* Solution:       sol1
* Product family: zynquplus
* Target device:  xczu9eg-ffvb1156-2-e


================================================================
== Performance Estimates
================================================================
+ Timing (ns): 
    * Summary: 
    +--------+-------+----------+------------+
    |  Clock | Target| Estimated| Uncertainty|
    +--------+-------+----------+------------+
    |ap_clk  |   6.67|     5.694|        0.83|
    +--------+-------+----------+------------+

+ Latency (clock cycles): 
    * Summary: 
    +------+------+------+------+---------+
    |   Latency   |   Interval  | Pipeline|
    |  min |  max |  min |  max |   Type  |
    +------+------+------+------+---------+
    |  1866|  1866|  1866|  1866|   none  |
    +------+------+------+------+---------+

    + Detail: 
        * Instance: 
        N/A

        * Loop: 
        +-----------+-----+-----+----------+-----------+-----------+------+----------+
        |           |  Latency  | Iteration|  Initiation Interval  | Trip |          |
        | Loop Name | min | max |  Latency |  achieved |   target  | Count| Pipelined|
        +-----------+-----+-----+----------+-----------+-----------+------+----------+
        |- INF_SUM  |  785|  785|         6|          4|          1|   196|    yes   |
        |- INF_VAR  |  794|  794|        15|          4|          1|   196|    yes   |
        |- INF_OUT  |  238|  238|        44|          1|          1|   196|    yes   |
        +-----------+-----+-----+----------+-----------+-----------+------+----------+



================================================================
== Utilization Estimates
================================================================
* Summary: 
+-----------------+---------+-------+--------+--------+-----+
|       Name      | BRAM_18K| DSP48E|   FF   |   LUT  | URAM|
+-----------------+---------+-------+--------+--------+-----+
|DSP              |        -|      -|       -|       -|    -|
|Expression       |        -|      0|       0|     216|    -|
|FIFO             |        -|      -|       -|       -|    -|
|Instance         |        -|     19|    2199|    3551|    -|
|Memory           |        -|      -|       -|       -|    -|
|Multiplexer      |        -|      -|       -|     512|    -|
|Register         |        0|      -|     840|     192|    -|
+-----------------+---------+-------+--------+--------+-----+
|Total            |        0|     19|    3039|    4471|    0|
+-----------------+---------+-------+--------+--------+-----+
|Available        |     1824|   2520|  548160|  274080|    0|
+-----------------+---------+-------+--------+--------+-----+
|Utilization (%)  |        0|   ~0  |   ~0   |       1|    0|
+-----------------+---------+-------+--------+--------+-----+

+ Detail: 
    * Instance: 
    +-------------------------+----------------------+---------+-------+-----+-----+-----+
    |         Instance        |        Module        | BRAM_18K| DSP48E|  FF | LUT | URAM|
    +-------------------------+----------------------+---------+-------+-----+-----+-----+
    |kan_top_fadd_32nsbkb_U1  |kan_top_fadd_32nsbkb  |        0|      0|  168|  434|    0|
    |kan_top_fadd_32nsdEe_U3  |kan_top_fadd_32nsdEe  |        0|      2|  205|  208|    0|
    |kan_top_fadd_32nsdEe_U4  |kan_top_fadd_32nsdEe  |        0|      2|  205|  208|    0|
    |kan_top_faddfsub_cud_U2  |kan_top_faddfsub_cud  |        0|      2|  205|  208|    0|
    |kan_top_fdiv_32nsfYi_U7  |kan_top_fdiv_32nsfYi  |        0|      0|  459|  799|    0|
    |kan_top_fexp_32nshbi_U9  |kan_top_fexp_32nshbi  |        0|      7|  324|  905|    0|
    |kan_top_fmul_32nseOg_U5  |kan_top_fmul_32nseOg  |        0|      3|  143|  139|    0|
    |kan_top_fmul_32nseOg_U6  |kan_top_fmul_32nseOg  |        0|      3|  143|  139|    0|
    |kan_top_fsqrt_32ng8j_U8  |kan_top_fsqrt_32ng8j  |        0|      0|  347|  511|    0|
    +-------------------------+----------------------+---------+-------+-----+-----+-----+
    |Total                    |                      |        0|     19| 2199| 3551|    0|
    +-------------------------+----------------------+---------+-------+-----+-----+-----+

    * DSP48E: 
    N/A

    * Memory: 
    N/A

    * FIFO: 
    N/A

    * Expression: 
    +-------------------------+----------+-------+---+----+------------+------------+
    |      Variable Name      | Operation| DSP48E| FF| LUT| Bitwidth P0| Bitwidth P1|
    +-------------------------+----------+-------+---+----+------------+------------+
    |mul_ln76_fu_261_p2       |     *    |      0|  0|  40|           5|           8|
    |add_ln76_fu_283_p2       |     +    |      0|  0|  19|          12|          12|
    |add_ln83_fu_309_p2       |     +    |      0|  0|  19|          12|          12|
    |add_ln90_fu_335_p2       |     +    |      0|  0|  19|          12|          12|
    |p_3_fu_299_p2            |     +    |      0|  0|  15|           8|           1|
    |p_4_fu_325_p2            |     +    |      0|  0|  15|           8|           1|
    |p_fu_273_p2              |     +    |      0|  0|  15|           8|           1|
    |icmp_ln74_fu_267_p2      |   icmp   |      0|  0|  11|           8|           7|
    |icmp_ln81_fu_293_p2      |   icmp   |      0|  0|  11|           8|           7|
    |icmp_ln88_fu_319_p2      |   icmp   |      0|  0|  11|           8|           7|
    |ap_enable_pp0            |    xor   |      0|  0|   2|           1|           2|
    |ap_enable_pp1            |    xor   |      0|  0|   2|           1|           2|
    |ap_enable_pp2            |    xor   |      0|  0|   2|           1|           2|
    |ap_enable_reg_pp2_iter1  |    xor   |      0|  0|   2|           2|           1|
    |xor_ln16_fu_348_p2       |    xor   |      0|  0|  33|          32|          33|
    +-------------------------+----------+-------+---+----+------------+------------+
    |Total                    |          |      0|  0| 216|         126|         108|
    +-------------------------+----------+-------+---+----+------------+------------+

    * Multiplexer: 
    +-------------------------------+-----+-----------+-----+-----------+
    |              Name             | LUT | Input Size| Bits| Total Bits|
    +-------------------------------+-----+-----------+-----+-----------+
    |ap_NS_fsm                      |  245|         57|    1|         57|
    |ap_enable_reg_pp0_iter1        |    9|          2|    1|          2|
    |ap_enable_reg_pp1_iter3        |    9|          2|    1|          2|
    |ap_enable_reg_pp2_iter1        |    9|          2|    1|          2|
    |ap_enable_reg_pp2_iter43       |    9|          2|    1|          2|
    |ap_phi_mux_p1_0_phi_fu_161_p4  |    9|          2|    8|         16|
    |ap_phi_mux_p2_0_phi_fu_172_p4  |    9|          2|    8|         16|
    |ap_phi_mux_p_0_phi_fu_138_p4   |    9|          2|    8|         16|
    |grp_fu_180_p0                  |   15|          3|   32|         96|
    |grp_fu_180_p1                  |   15|          3|   32|         96|
    |grp_fu_185_opcode              |   15|          3|    2|          6|
    |grp_fu_185_p0                  |   15|          3|   32|         96|
    |grp_fu_185_p1                  |   15|          3|   32|         96|
    |grp_fu_200_p1                  |   15|          3|   32|         96|
    |grp_fu_208_p0                  |   27|          5|   32|        160|
    |grp_fu_208_p1                  |   21|          4|   32|        128|
    |p1_0_reg_157                   |    9|          2|    8|         16|
    |p2_0_reg_168                   |    9|          2|    8|         16|
    |p_0_reg_134                    |    9|          2|    8|         16|
    |pre_address0                   |   21|          4|   12|         48|
    |q_0_reg_145                    |    9|          2|   32|         64|
    |s_0_reg_122                    |    9|          2|   32|         64|
    +-------------------------------+-----+-----------+-----+-----------+
    |Total                          |  512|        112|  355|       1111|
    +-------------------------------+-----+-----------+-----+-----------+

    * Register: 
    +---------------------------------+----+----+-----+-----------+
    |               Name              | FF | LUT| Bits| Const Bits|
    +---------------------------------+----+----+-----+-----------+
    |ap_CS_fsm                        |  56|   0|   56|          0|
    |ap_enable_reg_pp0_iter0          |   1|   0|    1|          0|
    |ap_enable_reg_pp0_iter1          |   1|   0|    1|          0|
    |ap_enable_reg_pp1_iter0          |   1|   0|    1|          0|
    |ap_enable_reg_pp1_iter1          |   1|   0|    1|          0|
    |ap_enable_reg_pp1_iter2          |   1|   0|    1|          0|
    |ap_enable_reg_pp1_iter3          |   1|   0|    1|          0|
    |ap_enable_reg_pp2_iter0          |   1|   0|    1|          0|
    |ap_enable_reg_pp2_iter1          |   1|   0|    1|          0|
    |ap_enable_reg_pp2_iter10         |   1|   0|    1|          0|
    |ap_enable_reg_pp2_iter11         |   1|   0|    1|          0|
    |ap_enable_reg_pp2_iter12         |   1|   0|    1|          0|
    |ap_enable_reg_pp2_iter13         |   1|   0|    1|          0|
    |ap_enable_reg_pp2_iter14         |   1|   0|    1|          0|
    |ap_enable_reg_pp2_iter15         |   1|   0|    1|          0|
    |ap_enable_reg_pp2_iter16         |   1|   0|    1|          0|
    |ap_enable_reg_pp2_iter17         |   1|   0|    1|          0|
    |ap_enable_reg_pp2_iter18         |   1|   0|    1|          0|
    |ap_enable_reg_pp2_iter19         |   1|   0|    1|          0|
    |ap_enable_reg_pp2_iter2          |   1|   0|    1|          0|
    |ap_enable_reg_pp2_iter20         |   1|   0|    1|          0|
    |ap_enable_reg_pp2_iter21         |   1|   0|    1|          0|
    |ap_enable_reg_pp2_iter22         |   1|   0|    1|          0|
    |ap_enable_reg_pp2_iter23         |   1|   0|    1|          0|
    |ap_enable_reg_pp2_iter24         |   1|   0|    1|          0|
    |ap_enable_reg_pp2_iter25         |   1|   0|    1|          0|
    |ap_enable_reg_pp2_iter26         |   1|   0|    1|          0|
    |ap_enable_reg_pp2_iter27         |   1|   0|    1|          0|
    |ap_enable_reg_pp2_iter28         |   1|   0|    1|          0|
    |ap_enable_reg_pp2_iter29         |   1|   0|    1|          0|
    |ap_enable_reg_pp2_iter3          |   1|   0|    1|          0|
    |ap_enable_reg_pp2_iter30         |   1|   0|    1|          0|
    |ap_enable_reg_pp2_iter31         |   1|   0|    1|          0|
    |ap_enable_reg_pp2_iter32         |   1|   0|    1|          0|
    |ap_enable_reg_pp2_iter33         |   1|   0|    1|          0|
    |ap_enable_reg_pp2_iter34         |   1|   0|    1|          0|
    |ap_enable_reg_pp2_iter35         |   1|   0|    1|          0|
    |ap_enable_reg_pp2_iter36         |   1|   0|    1|          0|
    |ap_enable_reg_pp2_iter37         |   1|   0|    1|          0|
    |ap_enable_reg_pp2_iter38         |   1|   0|    1|          0|
    |ap_enable_reg_pp2_iter39         |   1|   0|    1|          0|
    |ap_enable_reg_pp2_iter4          |   1|   0|    1|          0|
    |ap_enable_reg_pp2_iter40         |   1|   0|    1|          0|
    |ap_enable_reg_pp2_iter41         |   1|   0|    1|          0|
    |ap_enable_reg_pp2_iter42         |   1|   0|    1|          0|
    |ap_enable_reg_pp2_iter43         |   1|   0|    1|          0|
    |ap_enable_reg_pp2_iter5          |   1|   0|    1|          0|
    |ap_enable_reg_pp2_iter6          |   1|   0|    1|          0|
    |ap_enable_reg_pp2_iter7          |   1|   0|    1|          0|
    |ap_enable_reg_pp2_iter8          |   1|   0|    1|          0|
    |ap_enable_reg_pp2_iter9          |   1|   0|    1|          0|
    |icmp_ln74_reg_381                |   1|   0|    1|          0|
    |icmp_ln74_reg_381_pp0_iter1_reg  |   1|   0|    1|          0|
    |icmp_ln81_reg_400                |   1|   0|    1|          0|
    |icmp_ln88_reg_419                |   1|   0|    1|          0|
    |mu_reg_395                       |  32|   0|   32|          0|
    |mul_ln76_reg_374                 |  10|   0|   12|          2|
    |p1_0_reg_157                     |   8|   0|    8|          0|
    |p2_0_reg_168                     |   8|   0|    8|          0|
    |p_0_reg_134                      |   8|   0|    8|          0|
    |p_3_reg_404                      |   8|   0|    8|          0|
    |p_4_reg_423                      |   8|   0|    8|          0|
    |p_reg_385                        |   8|   0|    8|          0|
    |q_0_reg_145                      |  32|   0|   32|          0|
    |reg_226                          |  32|   0|   32|          0|
    |reg_238                          |  32|   0|   32|          0|
    |reg_245                          |  32|   0|   32|          0|
    |reg_251                          |  32|   0|   32|          0|
    |s_0_reg_122                      |  32|   0|   32|          0|
    |tmp_27_reg_414                   |  32|   0|   32|          0|
    |tmp_31_reg_433                   |  32|   0|   32|          0|
    |tmp_32_reg_449                   |  32|   0|   32|          0|
    |tmp_33_reg_454                   |  32|   0|   32|          0|
    |tmp_34_reg_459                   |  32|   0|   32|          0|
    |y_reg_438                        |  32|   0|   32|          0|
    |icmp_ln81_reg_400                |  64|  32|    1|          0|
    |icmp_ln88_reg_419                |  64|  64|    1|          0|
    |p2_0_reg_168                     |  64|  64|    8|          0|
    |y_reg_438                        |  64|  32|   32|          0|
    +---------------------------------+----+----+-----+-----------+
    |Total                            | 840| 192|  628|          2|
    +---------------------------------+----+----+-----+-----------+



================================================================
== Interface
================================================================
* Summary: 
+----------------+-----+-----+------------+------------------+--------------+
|    RTL Ports   | Dir | Bits|  Protocol  |   Source Object  |    C Type    |
+----------------+-----+-----+------------+------------------+--------------+
|ap_clk          |  in |    1| ap_ctrl_hs | gram_in_silu_f32 | return value |
|ap_rst          |  in |    1| ap_ctrl_hs | gram_in_silu_f32 | return value |
|ap_start        |  in |    1| ap_ctrl_hs | gram_in_silu_f32 | return value |
|ap_done         | out |    1| ap_ctrl_hs | gram_in_silu_f32 | return value |
|ap_idle         | out |    1| ap_ctrl_hs | gram_in_silu_f32 | return value |
|ap_ready        | out |    1| ap_ctrl_hs | gram_in_silu_f32 | return value |
|pre_address0    | out |   12|  ap_memory |        pre       |     array    |
|pre_ce0         | out |    1|  ap_memory |        pre       |     array    |
|pre_q0          |  in |   32|  ap_memory |        pre       |     array    |
|pre_offset      |  in |    5|   ap_none  |    pre_offset    |    scalar    |
|gamma           |  in |   32|   ap_none  |       gamma      |    scalar    |
|beta            |  in |   32|   ap_none  |       beta       |    scalar    |
|out_r_address0  | out |    8|  ap_memory |       out_r      |     array    |
|out_r_ce0       | out |    1|  ap_memory |       out_r      |     array    |
|out_r_we0       | out |    1|  ap_memory |       out_r      |     array    |
|out_r_d0        | out |   32|  ap_memory |       out_r      |     array    |
+----------------+-----+-----+------------+------------------+--------------+

