

================================================================
== Vivado HLS Report for 'kan_top'
================================================================
* Date:           Fri Jul 10 04:18:15 2026

* Version:        2019.1 (Build 2552052 on Fri May 24 15:28:33 MDT 2019)
* Project:        kagnconv_fp32
* Solution:       sol1
* Product family: zynquplus
* Target device:  xczu9eg-ffvb1156-2-e


================================================================
== Performance Estimates
================================================================
+ Timing (ns): 
    * Summary: 
    +--------+-------+----------+------------+
    |  Clock | Target| Estimated| Uncertainty|
    +--------+-------+----------+------------+
    |ap_clk  |   6.67|    11.394|        0.83|
    +--------+-------+----------+------------+

+ Latency (clock cycles): 
    * Summary: 
    +---------+---------+---------+---------+---------+
    |      Latency      |      Interval     | Pipeline|
    |   min   |   max   |   min   |   max   |   Type  |
    +---------+---------+---------+---------+---------+
    |  1877859|  1877859|  1877859|  1877859|   none  |
    +---------+---------+---------+---------+---------+

    + Detail: 
        * Instance: 
        +-------------------------+--------------+---------+---------+---------+---------+---------+
        |                         |              |      Latency      |      Interval     | Pipeline|
        |         Instance        |    Module    |   min   |   max   |   min   |   max   |   Type  |
        +-------------------------+--------------+---------+---------+---------+---------+---------+
        |grp_conv_stage_fu_729    |conv_stage    |  1546632|  1546632|  1546632|  1546632|   none  |
        |grp_head_stage_fu_751    |head_stage    |     4873|     4873|     4873|     4873|   none  |
        |grp_conv_stage_1_fu_772  |conv_stage_1  |   324526|   324526|   324526|   324526|   none  |
        +-------------------------+--------------+---------+---------+---------+---------+---------+

        * Loop: 
        +----------+------+------+----------+-----------+-----------+------+----------+
        |          |   Latency   | Iteration|  Initiation Interval  | Trip |          |
        | Loop Name|  min |  max |  Latency |  achieved |   target  | Count| Pipelined|
        +----------+------+------+----------+-----------+-----------+------+----------+
        |- LOAD_L  |   784|   784|         2|          1|          1|   784|    yes   |
        |- POOL    |  1036|  1036|       262|         25|          1|    32|    yes   |
        +----------+------+------+----------+-----------+-----------+------+----------+



================================================================
== Utilization Estimates
================================================================
* Summary: 
+-----------------+---------+-------+--------+--------+-----+
|       Name      | BRAM_18K| DSP48E|   FF   |   LUT  | URAM|
+-----------------+---------+-------+--------+--------+-----+
|DSP              |        -|      -|       -|       -|    -|
|Expression       |        -|      -|       0|    1102|    -|
|FIFO             |        -|      -|       -|       -|    -|
|Instance         |       81|    109|   26503|   35636|    0|
|Memory           |       15|      -|       0|       0|    0|
|Multiplexer      |        -|      -|       -|     976|    -|
|Register         |        0|      -|    1918|      96|    -|
+-----------------+---------+-------+--------+--------+-----+
|Total            |       96|    109|   28421|   37810|    0|
+-----------------+---------+-------+--------+--------+-----+
|Available        |     1824|   2520|  548160|  274080|    0|
+-----------------+---------+-------+--------+--------+-----+
|Utilization (%)  |        5|      4|       5|      13|    0|
+-----------------+---------+-------+--------+--------+-----+

+ Detail: 
    * Instance: 
    +---------------------------+----------------------+---------+-------+-------+-------+-----+
    |          Instance         |        Module        | BRAM_18K| DSP48E|   FF  |  LUT  | URAM|
    +---------------------------+----------------------+---------+-------+-------+-------+-----+
    |grp_conv_stage_fu_729      |conv_stage            |       62|     36|  10366|  11797|    0|
    |grp_conv_stage_1_fu_772    |conv_stage_1          |       14|     36|   8333|  10657|    0|
    |grp_head_stage_fu_751      |head_stage            |        5|     33|   6935|  11967|    0|
    |kan_top_fadd_32nsdEe_U120  |kan_top_fadd_32nsdEe  |        0|      2|    205|    208|    0|
    |kan_top_fadd_32nsdEe_U121  |kan_top_fadd_32nsdEe  |        0|      2|    205|    208|    0|
    |kan_top_fdiv_32nsfYi_U122  |kan_top_fdiv_32nsfYi  |        0|      0|    459|    799|    0|
    +---------------------------+----------------------+---------+-------+-------+-------+-----+
    |Total                      |                      |       81|    109|  26503|  35636|    0|
    +---------------------------+----------------------+---------+-------+-------+-------+-----+

    * DSP48E: 
    N/A

    * Memory: 
    +--------+--------------+---------+---+----+-----+------+-----+------+-------------+
    | Memory |    Module    | BRAM_18K| FF| LUT| URAM| Words| Bits| Banks| W*Bits*Banks|
    +--------+--------------+---------+---+----+-----+------+-----+------+-------------+
    |f0_0_U  |kan_top_f0_0  |        2|  0|   0|    0|   784|   32|     1|        25088|
    |f1_U    |kan_top_f1    |        8|  0|   0|    0|  3136|   32|     1|       100352|
    |f2_U    |kan_top_f2    |        4|  0|   0|    0|  1568|   32|     1|        50176|
    |hx_U    |kan_top_hx    |        1|  0|   0|    0|    32|   32|     1|         1024|
    +--------+--------------+---------+---+----+-----+------+-----+------+-------------+
    |Total   |              |       15|  0|   0|    0|  5520|  128|     4|       176640|
    +--------+--------------+---------+---+----+-----+------+-----+------+-------------+

    * FIFO: 
    N/A

    * Expression: 
    +---------------------------+----------+-------+---+----+------------+------------+
    |       Variable Name       | Operation| DSP48E| FF| LUT| Bitwidth P0| Bitwidth P1|
    +---------------------------+----------+-------+---+----+------------+------------+
    |add_ln121_fu_969_p2        |     +    |      0|  0|  17|          10|           1|
    |add_ln124_1_fu_1094_p2     |     +    |      0|  0|  21|          11|          11|
    |add_ln124_fu_1045_p2       |     +    |      0|  0|  18|          11|          11|
    |add_ln138_10_fu_1237_p2    |     +    |      0|  0|  18|          11|           4|
    |add_ln138_11_fu_1248_p2    |     +    |      0|  0|  18|          11|           4|
    |add_ln138_12_fu_1259_p2    |     +    |      0|  0|  18|          11|           4|
    |add_ln138_13_fu_1270_p2    |     +    |      0|  0|  18|          11|           4|
    |add_ln138_14_fu_1281_p2    |     +    |      0|  0|  18|          11|           4|
    |add_ln138_15_fu_1292_p2    |     +    |      0|  0|  18|          11|           5|
    |add_ln138_16_fu_1303_p2    |     +    |      0|  0|  18|          11|           5|
    |add_ln138_17_fu_1314_p2    |     +    |      0|  0|  18|          11|           5|
    |add_ln138_18_fu_1325_p2    |     +    |      0|  0|  18|          11|           5|
    |add_ln138_19_fu_1336_p2    |     +    |      0|  0|  18|          11|           5|
    |add_ln138_1_fu_1132_p2     |     +    |      0|  0|  18|          11|           2|
    |add_ln138_20_fu_1347_p2    |     +    |      0|  0|  18|          11|           5|
    |add_ln138_21_fu_1358_p2    |     +    |      0|  0|  18|          11|           5|
    |add_ln138_22_fu_1369_p2    |     +    |      0|  0|  18|          11|           5|
    |add_ln138_23_fu_1380_p2    |     +    |      0|  0|  18|          11|           5|
    |add_ln138_24_fu_1391_p2    |     +    |      0|  0|  18|          11|           5|
    |add_ln138_25_fu_1402_p2    |     +    |      0|  0|  18|          11|           5|
    |add_ln138_26_fu_1413_p2    |     +    |      0|  0|  18|          11|           5|
    |add_ln138_27_fu_1424_p2    |     +    |      0|  0|  18|          11|           5|
    |add_ln138_28_fu_1435_p2    |     +    |      0|  0|  18|          11|           5|
    |add_ln138_29_fu_1446_p2    |     +    |      0|  0|  18|          11|           5|
    |add_ln138_2_fu_1143_p2     |     +    |      0|  0|  18|          11|           2|
    |add_ln138_30_fu_1457_p2    |     +    |      0|  0|  18|          11|           5|
    |add_ln138_31_fu_1468_p2    |     +    |      0|  0|  18|          11|           6|
    |add_ln138_32_fu_1479_p2    |     +    |      0|  0|  18|          11|           6|
    |add_ln138_33_fu_1490_p2    |     +    |      0|  0|  18|          11|           6|
    |add_ln138_34_fu_1501_p2    |     +    |      0|  0|  18|          11|           6|
    |add_ln138_35_fu_1512_p2    |     +    |      0|  0|  18|          11|           6|
    |add_ln138_36_fu_1523_p2    |     +    |      0|  0|  18|          11|           6|
    |add_ln138_37_fu_1534_p2    |     +    |      0|  0|  18|          11|           6|
    |add_ln138_38_fu_1545_p2    |     +    |      0|  0|  18|          11|           6|
    |add_ln138_39_fu_1556_p2    |     +    |      0|  0|  18|          11|           6|
    |add_ln138_3_fu_1154_p2     |     +    |      0|  0|  18|          11|           3|
    |add_ln138_40_fu_1567_p2    |     +    |      0|  0|  18|          11|           6|
    |add_ln138_41_fu_1578_p2    |     +    |      0|  0|  18|          11|           6|
    |add_ln138_42_fu_1589_p2    |     +    |      0|  0|  18|          11|           6|
    |add_ln138_43_fu_1600_p2    |     +    |      0|  0|  18|          11|           6|
    |add_ln138_44_fu_1611_p2    |     +    |      0|  0|  18|          11|           6|
    |add_ln138_45_fu_1622_p2    |     +    |      0|  0|  18|          11|           6|
    |add_ln138_46_fu_1633_p2    |     +    |      0|  0|  18|          11|           6|
    |add_ln138_47_fu_1644_p2    |     +    |      0|  0|  18|          11|           6|
    |add_ln138_48_fu_1176_p2    |     +    |      0|  0|  18|          11|           6|
    |add_ln138_4_fu_1165_p2     |     +    |      0|  0|  18|          11|           3|
    |add_ln138_5_fu_1182_p2     |     +    |      0|  0|  18|          11|           3|
    |add_ln138_6_fu_1193_p2     |     +    |      0|  0|  18|          11|           3|
    |add_ln138_7_fu_1204_p2     |     +    |      0|  0|  18|          11|           4|
    |add_ln138_8_fu_1215_p2     |     +    |      0|  0|  18|          11|           4|
    |add_ln138_9_fu_1226_p2     |     +    |      0|  0|  18|          11|           4|
    |add_ln138_fu_1121_p2       |     +    |      0|  0|  18|          11|           1|
    |o_fu_1115_p2               |     +    |      0|  0|  15|           6|           1|
    |x_fu_1060_p2               |     +    |      0|  0|  15|           5|           1|
    |y_fu_975_p2                |     +    |      0|  0|  15|           5|           1|
    |sub_ln124_1_fu_1019_p2     |     -    |      0|  0|  18|          11|          11|
    |sub_ln124_2_fu_1088_p2     |     -    |      0|  0|  21|          11|          11|
    |sub_ln124_fu_957_p2        |     -    |      0|  0|  18|          11|          11|
    |icmp_ln121_fu_963_p2       |   icmp   |      0|  0|  13|          10|           9|
    |icmp_ln122_fu_981_p2       |   icmp   |      0|  0|  11|           5|           4|
    |icmp_ln133_fu_1109_p2      |   icmp   |      0|  0|  11|           6|           7|
    |select_ln121_1_fu_1025_p3  |  select  |      0|  0|  11|           1|          11|
    |select_ln121_2_fu_1033_p3  |  select  |      0|  0|   5|           1|           5|
    |select_ln121_fu_987_p3     |  select  |      0|  0|   5|           1|           1|
    |ap_enable_pp0              |    xor   |      0|  0|   2|           1|           2|
    |ap_enable_pp1              |    xor   |      0|  0|   2|           1|           2|
    |ap_enable_reg_pp0_iter1    |    xor   |      0|  0|   2|           2|           1|
    +---------------------------+----------+-------+---+----+------------+------------+
    |Total                      |          |      0|  0|1102|         648|         338|
    +---------------------------+----------+-------+---+----+------------+------------+

    * Multiplexer: 
    +----------------------------------+-----+-----------+-----+-----------+
    |               Name               | LUT | Input Size| Bits| Total Bits|
    +----------------------------------+-----+-----------+-----+-----------+
    |ap_NS_fsm                         |  153|         34|    1|         34|
    |ap_enable_reg_pp0_iter1           |   15|          3|    1|          3|
    |ap_enable_reg_pp1_iter10          |    9|          2|    1|          2|
    |ap_phi_mux_o_0_phi_fu_709_p4      |    9|          2|    6|         12|
    |ap_phi_mux_phi_mul_phi_fu_721_p4  |    9|          2|   11|         22|
    |ap_phi_mux_y_0_phi_fu_687_p4      |    9|          2|    5|         10|
    |f0_0_address0                     |   15|          3|   10|         30|
    |f0_0_ce0                          |   15|          3|    1|          3|
    |f1_address0                       |   15|          3|   12|         36|
    |f1_ce0                            |   15|          3|    1|          3|
    |f1_we0                            |    9|          2|    1|          2|
    |f2_address0                       |  125|         27|   11|        297|
    |f2_address1                       |  117|         25|   11|        275|
    |f2_ce0                            |   15|          3|    1|          3|
    |f2_we0                            |    9|          2|    1|          2|
    |grp_fu_794_p0                     |   50|         11|   32|        352|
    |grp_fu_794_p1                     |  109|         23|   32|        736|
    |grp_fu_799_p0                     |   53|         12|   32|        384|
    |grp_fu_799_p1                     |  105|         22|   32|        704|
    |hx_address0                       |   15|          3|    5|         15|
    |hx_ce0                            |   15|          3|    1|          3|
    |indvar_flatten_reg_672            |    9|          2|   10|         20|
    |o_0_reg_705                       |    9|          2|    6|         12|
    |phi_mul_reg_717                   |    9|          2|   11|         22|
    |reg_808                           |    9|          2|   32|         64|
    |reg_820                           |    9|          2|   32|         64|
    |reg_838                           |    9|          2|   32|         64|
    |reg_868                           |    9|          2|   32|         64|
    |reg_880                           |    9|          2|   32|         64|
    |x_0_reg_694                       |    9|          2|    5|         10|
    |y_0_reg_683                       |    9|          2|    5|         10|
    +----------------------------------+-----+-----------+-----+-----------+
    |Total                             |  976|        210|  405|       3322|
    +----------------------------------+-----+-----------+-----+-----------+

    * Register: 
    +--------------------------------------+----+----+-----+-----------+
    |                 Name                 | FF | LUT| Bits| Const Bits|
    +--------------------------------------+----+----+-----+-----------+
    |add_ln138_47_reg_2074                 |  11|   0|   11|          0|
    |add_ln138_48_reg_1744                 |  11|   0|   11|          0|
    |ap_CS_fsm                             |  33|   0|   33|          0|
    |ap_enable_reg_pp0_iter0               |   1|   0|    1|          0|
    |ap_enable_reg_pp0_iter1               |   1|   0|    1|          0|
    |ap_enable_reg_pp1_iter0               |   1|   0|    1|          0|
    |ap_enable_reg_pp1_iter1               |   1|   0|    1|          0|
    |ap_enable_reg_pp1_iter10              |   1|   0|    1|          0|
    |ap_enable_reg_pp1_iter2               |   1|   0|    1|          0|
    |ap_enable_reg_pp1_iter3               |   1|   0|    1|          0|
    |ap_enable_reg_pp1_iter4               |   1|   0|    1|          0|
    |ap_enable_reg_pp1_iter5               |   1|   0|    1|          0|
    |ap_enable_reg_pp1_iter6               |   1|   0|    1|          0|
    |ap_enable_reg_pp1_iter7               |   1|   0|    1|          0|
    |ap_enable_reg_pp1_iter8               |   1|   0|    1|          0|
    |ap_enable_reg_pp1_iter9               |   1|   0|    1|          0|
    |f2_load_10_reg_1779                   |  32|   0|   32|          0|
    |f2_load_13_reg_1809                   |  32|   0|   32|          0|
    |f2_load_14_reg_1819                   |  32|   0|   32|          0|
    |f2_load_15_reg_1824                   |  32|   0|   32|          0|
    |f2_load_16_reg_1829                   |  32|   0|   32|          0|
    |f2_load_19_reg_1859                   |  32|   0|   32|          0|
    |f2_load_20_reg_1864                   |  32|   0|   32|          0|
    |f2_load_21_reg_1869                   |  32|   0|   32|          0|
    |f2_load_25_reg_1904                   |  32|   0|   32|          0|
    |f2_load_26_reg_1909                   |  32|   0|   32|          0|
    |f2_load_27_reg_1914                   |  32|   0|   32|          0|
    |f2_load_29_reg_1939                   |  32|   0|   32|          0|
    |f2_load_30_reg_1949                   |  32|   0|   32|          0|
    |f2_load_31_reg_1954                   |  32|   0|   32|          0|
    |f2_load_32_reg_1959                   |  32|   0|   32|          0|
    |f2_load_36_reg_1994                   |  32|   0|   32|          0|
    |f2_load_37_reg_1999                   |  32|   0|   32|          0|
    |f2_load_38_reg_2004                   |  32|   0|   32|          0|
    |f2_load_3_reg_1729                    |  32|   0|   32|          0|
    |f2_load_40_reg_2034                   |  32|   0|   32|          0|
    |f2_load_41_reg_2039                   |  32|   0|   32|          0|
    |f2_load_42_reg_2044                   |  32|   0|   32|          0|
    |f2_load_43_reg_2049                   |  32|   0|   32|          0|
    |f2_load_47_reg_2084                   |  32|   0|   32|          0|
    |f2_load_48_reg_2089                   |  32|   0|   32|          0|
    |f2_load_4_reg_1734                    |  32|   0|   32|          0|
    |f2_load_5_reg_1739                    |  32|   0|   32|          0|
    |f2_load_9_reg_1774                    |  32|   0|   32|          0|
    |grp_conv_stage_1_fu_772_ap_start_reg  |   1|   0|    1|          0|
    |grp_conv_stage_fu_729_ap_start_reg    |   1|   0|    1|          0|
    |grp_head_stage_fu_751_ap_start_reg    |   1|   0|    1|          0|
    |icmp_ln121_reg_1659                   |   1|   0|    1|          0|
    |icmp_ln133_reg_1690                   |   1|   0|    1|          0|
    |indvar_flatten_reg_672                |  10|   0|   10|          0|
    |o_0_reg_705                           |   6|   0|    6|          0|
    |o_reg_1694                            |   6|   0|    6|          0|
    |phi_mul_reg_717                       |  11|   0|   11|          0|
    |reg_808                               |  32|   0|   32|          0|
    |reg_815                               |  32|   0|   32|          0|
    |reg_820                               |  32|   0|   32|          0|
    |reg_826                               |  32|   0|   32|          0|
    |reg_832                               |  32|   0|   32|          0|
    |reg_838                               |  32|   0|   32|          0|
    |reg_845                               |  32|   0|   32|          0|
    |reg_851                               |  32|   0|   32|          0|
    |reg_856                               |  32|   0|   32|          0|
    |reg_862                               |  32|   0|   32|          0|
    |reg_868                               |  32|   0|   32|          0|
    |reg_875                               |  32|   0|   32|          0|
    |reg_880                               |  32|   0|   32|          0|
    |reg_886                               |  32|   0|   32|          0|
    |reg_892                               |  32|   0|   32|          0|
    |reg_898                               |  32|   0|   32|          0|
    |reg_903                               |  32|   0|   32|          0|
    |reg_909                               |  32|   0|   32|          0|
    |reg_915                               |  32|   0|   32|          0|
    |reg_921                               |  32|   0|   32|          0|
    |reg_927                               |  32|   0|   32|          0|
    |select_ln121_2_reg_1668               |   5|   0|    5|          0|
    |tmp_reg_2094                          |  32|   0|   32|          0|
    |x_0_reg_694                           |   5|   0|    5|          0|
    |y_0_reg_683                           |   5|   0|    5|          0|
    |zext_ln122_reg_1675                   |   5|   0|   11|          6|
    |icmp_ln133_reg_1690                   |  64|  32|    1|          0|
    |o_0_reg_705                           |  64|  32|    6|          0|
    |phi_mul_reg_717                       |  64|  32|   11|          0|
    +--------------------------------------+----+----+-----+-----------+
    |Total                                 |1918|  96| 1750|          6|
    +--------------------------------------+----+----+-----+-----------+



================================================================
== Interface
================================================================
* Summary: 
+----------------+-----+-----+------------+--------------+--------------+
|    RTL Ports   | Dir | Bits|  Protocol  | Source Object|    C Type    |
+----------------+-----+-----+------------+--------------+--------------+
|ap_clk          |  in |    1| ap_ctrl_hs |    kan_top   | return value |
|ap_rst          |  in |    1| ap_ctrl_hs |    kan_top   | return value |
|ap_start        |  in |    1| ap_ctrl_hs |    kan_top   | return value |
|ap_done         | out |    1| ap_ctrl_hs |    kan_top   | return value |
|ap_idle         | out |    1| ap_ctrl_hs |    kan_top   | return value |
|ap_ready        | out |    1| ap_ctrl_hs |    kan_top   | return value |
|in_r_address0   | out |   10|  ap_memory |     in_r     |     array    |
|in_r_ce0        | out |    1|  ap_memory |     in_r     |     array    |
|in_r_q0         |  in |   32|  ap_memory |     in_r     |     array    |
|out_r_address0  | out |    4|  ap_memory |     out_r    |     array    |
|out_r_ce0       | out |    1|  ap_memory |     out_r    |     array    |
|out_r_we0       | out |    1|  ap_memory |     out_r    |     array    |
|out_r_d0        | out |   32|  ap_memory |     out_r    |     array    |
+----------------+-----+-----+------------+--------------+--------------+

